INFO - 2025-06-17 01:30:07 --> Config Class Initialized
INFO - 2025-06-17 01:30:07 --> Hooks Class Initialized
DEBUG - 2025-06-17 01:30:07 --> UTF-8 Support Enabled
INFO - 2025-06-17 01:30:07 --> Utf8 Class Initialized
INFO - 2025-06-17 01:30:07 --> URI Class Initialized
DEBUG - 2025-06-17 01:30:07 --> No URI present. Default controller set.
INFO - 2025-06-17 01:30:07 --> Router Class Initialized
INFO - 2025-06-17 01:30:07 --> Output Class Initialized
INFO - 2025-06-17 01:30:07 --> Security Class Initialized
DEBUG - 2025-06-17 01:30:07 --> Global POST, GET and COOKIE data sanitized
INFO - 2025-06-17 01:30:07 --> Input Class Initialized
INFO - 2025-06-17 01:30:07 --> Language Class Initialized
INFO - 2025-06-17 01:30:07 --> Language Class Initialized
INFO - 2025-06-17 01:30:07 --> Config Class Initialized
INFO - 2025-06-17 01:30:07 --> Loader Class Initialized
INFO - 2025-06-17 01:30:07 --> Helper loaded: url_helper
INFO - 2025-06-17 01:30:07 --> Helper loaded: easyui_helper
INFO - 2025-06-17 01:30:07 --> Helper loaded: param_helper
INFO - 2025-06-17 01:30:07 --> Helper loaded: credential_helper
INFO - 2025-06-17 01:30:07 --> Helper loaded: template_helper
INFO - 2025-06-17 01:30:07 --> Helper loaded: rest_helper
INFO - 2025-06-17 01:30:07 --> Database Driver Class Initialized
DEBUG - 2025-06-17 01:30:07 --> Idgenerator class already loaded. Second attempt ignored.
INFO - 2025-06-17 01:30:07 --> Controller Class Initialized
DEBUG - 2025-06-17 01:30:07 --> File loaded: /apps/par-web/application/modules/app_auth/views/login_lte_template.php
DEBUG - 2025-06-17 01:30:07 --> File loaded: /apps/par-web/application/views/template_login_lte/header.php
DEBUG - 2025-06-17 01:30:07 --> File loaded: /apps/par-web/application/views/template_login_lte/contents.php
DEBUG - 2025-06-17 01:30:07 --> File loaded: /apps/par-web/application/views/template_login_lte/default.php
INFO - 2025-06-17 01:30:07 --> Final output sent to browser
DEBUG - 2025-06-17 01:30:07 --> Total execution time: 0.0067
INFO - 2025-06-17 03:09:00 --> Config Class Initialized
INFO - 2025-06-17 03:09:00 --> Hooks Class Initialized
DEBUG - 2025-06-17 03:09:00 --> UTF-8 Support Enabled
INFO - 2025-06-17 03:09:00 --> Utf8 Class Initialized
INFO - 2025-06-17 03:09:00 --> URI Class Initialized
DEBUG - 2025-06-17 03:09:00 --> No URI present. Default controller set.
INFO - 2025-06-17 03:09:00 --> Router Class Initialized
INFO - 2025-06-17 03:09:00 --> Output Class Initialized
INFO - 2025-06-17 03:09:00 --> Security Class Initialized
DEBUG - 2025-06-17 03:09:00 --> Global POST, GET and COOKIE data sanitized
INFO - 2025-06-17 03:09:00 --> Input Class Initialized
INFO - 2025-06-17 03:09:00 --> Language Class Initialized
INFO - 2025-06-17 03:09:00 --> Language Class Initialized
INFO - 2025-06-17 03:09:00 --> Config Class Initialized
INFO - 2025-06-17 03:09:00 --> Loader Class Initialized
INFO - 2025-06-17 03:09:00 --> Helper loaded: url_helper
INFO - 2025-06-17 03:09:00 --> Helper loaded: easyui_helper
INFO - 2025-06-17 03:09:00 --> Helper loaded: param_helper
INFO - 2025-06-17 03:09:00 --> Helper loaded: credential_helper
INFO - 2025-06-17 03:09:00 --> Helper loaded: template_helper
INFO - 2025-06-17 03:09:00 --> Helper loaded: rest_helper
INFO - 2025-06-17 03:09:00 --> Database Driver Class Initialized
DEBUG - 2025-06-17 03:09:00 --> Idgenerator class already loaded. Second attempt ignored.
INFO - 2025-06-17 03:09:00 --> Controller Class Initialized
DEBUG - 2025-06-17 03:09:00 --> File loaded: /apps/par-web/application/modules/app_auth/views/login_lte_template.php
DEBUG - 2025-06-17 03:09:00 --> File loaded: /apps/par-web/application/views/template_login_lte/header.php
DEBUG - 2025-06-17 03:09:00 --> File loaded: /apps/par-web/application/views/template_login_lte/contents.php
DEBUG - 2025-06-17 03:09:00 --> File loaded: /apps/par-web/application/views/template_login_lte/default.php
INFO - 2025-06-17 03:09:00 --> Final output sent to browser
DEBUG - 2025-06-17 03:09:00 --> Total execution time: 0.0070
INFO - 2025-06-17 05:14:06 --> Config Class Initialized
INFO - 2025-06-17 05:14:06 --> Hooks Class Initialized
DEBUG - 2025-06-17 05:14:06 --> UTF-8 Support Enabled
INFO - 2025-06-17 05:14:06 --> Utf8 Class Initialized
INFO - 2025-06-17 05:14:06 --> URI Class Initialized
DEBUG - 2025-06-17 05:14:06 --> No URI present. Default controller set.
INFO - 2025-06-17 05:14:06 --> Router Class Initialized
INFO - 2025-06-17 05:14:06 --> Output Class Initialized
INFO - 2025-06-17 05:14:06 --> Security Class Initialized
DEBUG - 2025-06-17 05:14:06 --> Global POST, GET and COOKIE data sanitized
INFO - 2025-06-17 05:14:06 --> Input Class Initialized
INFO - 2025-06-17 05:14:06 --> Language Class Initialized
INFO - 2025-06-17 05:14:06 --> Language Class Initialized
INFO - 2025-06-17 05:14:06 --> Config Class Initialized
INFO - 2025-06-17 05:14:06 --> Loader Class Initialized
INFO - 2025-06-17 05:14:06 --> Helper loaded: url_helper
INFO - 2025-06-17 05:14:06 --> Helper loaded: easyui_helper
INFO - 2025-06-17 05:14:06 --> Helper loaded: param_helper
INFO - 2025-06-17 05:14:06 --> Helper loaded: credential_helper
INFO - 2025-06-17 05:14:06 --> Helper loaded: template_helper
INFO - 2025-06-17 05:14:06 --> Helper loaded: rest_helper
INFO - 2025-06-17 05:14:06 --> Database Driver Class Initialized
DEBUG - 2025-06-17 05:14:06 --> Idgenerator class already loaded. Second attempt ignored.
INFO - 2025-06-17 05:14:06 --> Controller Class Initialized
DEBUG - 2025-06-17 05:14:06 --> File loaded: /apps/par-web/application/modules/app_auth/views/login_lte_template.php
DEBUG - 2025-06-17 05:14:06 --> File loaded: /apps/par-web/application/views/template_login_lte/header.php
DEBUG - 2025-06-17 05:14:06 --> File loaded: /apps/par-web/application/views/template_login_lte/contents.php
DEBUG - 2025-06-17 05:14:06 --> File loaded: /apps/par-web/application/views/template_login_lte/default.php
INFO - 2025-06-17 05:14:06 --> Final output sent to browser
DEBUG - 2025-06-17 05:14:06 --> Total execution time: 0.0039
INFO - 2025-06-17 06:44:14 --> Config Class Initialized
INFO - 2025-06-17 06:44:14 --> Hooks Class Initialized
DEBUG - 2025-06-17 06:44:14 --> UTF-8 Support Enabled
INFO - 2025-06-17 06:44:14 --> Utf8 Class Initialized
INFO - 2025-06-17 06:44:14 --> URI Class Initialized
DEBUG - 2025-06-17 06:44:14 --> No URI present. Default controller set.
INFO - 2025-06-17 06:44:14 --> Router Class Initialized
INFO - 2025-06-17 06:44:14 --> Output Class Initialized
INFO - 2025-06-17 06:44:14 --> Security Class Initialized
DEBUG - 2025-06-17 06:44:14 --> Global POST, GET and COOKIE data sanitized
INFO - 2025-06-17 06:44:14 --> Input Class Initialized
INFO - 2025-06-17 06:44:14 --> Language Class Initialized
INFO - 2025-06-17 06:44:14 --> Language Class Initialized
INFO - 2025-06-17 06:44:14 --> Config Class Initialized
INFO - 2025-06-17 06:44:14 --> Loader Class Initialized
INFO - 2025-06-17 06:44:14 --> Helper loaded: url_helper
INFO - 2025-06-17 06:44:14 --> Helper loaded: easyui_helper
INFO - 2025-06-17 06:44:14 --> Helper loaded: param_helper
INFO - 2025-06-17 06:44:14 --> Helper loaded: credential_helper
INFO - 2025-06-17 06:44:14 --> Helper loaded: template_helper
INFO - 2025-06-17 06:44:14 --> Helper loaded: rest_helper
INFO - 2025-06-17 06:44:14 --> Database Driver Class Initialized
DEBUG - 2025-06-17 06:44:14 --> Idgenerator class already loaded. Second attempt ignored.
INFO - 2025-06-17 06:44:14 --> Controller Class Initialized
DEBUG - 2025-06-17 06:44:14 --> File loaded: /apps/par-web/application/modules/app_auth/views/login_lte_template.php
DEBUG - 2025-06-17 06:44:14 --> File loaded: /apps/par-web/application/views/template_login_lte/header.php
DEBUG - 2025-06-17 06:44:14 --> File loaded: /apps/par-web/application/views/template_login_lte/contents.php
DEBUG - 2025-06-17 06:44:14 --> File loaded: /apps/par-web/application/views/template_login_lte/default.php
INFO - 2025-06-17 06:44:14 --> Final output sent to browser
DEBUG - 2025-06-17 06:44:14 --> Total execution time: 0.0036
INFO - 2025-06-17 06:44:16 --> Config Class Initialized
INFO - 2025-06-17 06:44:16 --> Hooks Class Initialized
DEBUG - 2025-06-17 06:44:16 --> UTF-8 Support Enabled
INFO - 2025-06-17 06:44:16 --> Utf8 Class Initialized
INFO - 2025-06-17 06:44:16 --> URI Class Initialized
INFO - 2025-06-17 06:44:16 --> Router Class Initialized
INFO - 2025-06-17 06:44:16 --> Output Class Initialized
INFO - 2025-06-17 06:44:16 --> Security Class Initialized
DEBUG - 2025-06-17 06:44:16 --> Global POST, GET and COOKIE data sanitized
INFO - 2025-06-17 06:44:16 --> Input Class Initialized
INFO - 2025-06-17 06:44:16 --> Language Class Initialized
ERROR - 2025-06-17 06:44:16 --> 404 Page Not Found: /index
INFO - 2025-06-17 07:37:35 --> Config Class Initialized
INFO - 2025-06-17 07:37:35 --> Hooks Class Initialized
DEBUG - 2025-06-17 07:37:35 --> UTF-8 Support Enabled
INFO - 2025-06-17 07:37:35 --> Utf8 Class Initialized
INFO - 2025-06-17 07:37:35 --> URI Class Initialized
INFO - 2025-06-17 07:37:35 --> Router Class Initialized
INFO - 2025-06-17 07:37:35 --> Output Class Initialized
INFO - 2025-06-17 07:37:35 --> Security Class Initialized
DEBUG - 2025-06-17 07:37:35 --> Global POST, GET and COOKIE data sanitized
INFO - 2025-06-17 07:37:35 --> Input Class Initialized
INFO - 2025-06-17 07:37:35 --> Language Class Initialized
ERROR - 2025-06-17 07:37:35 --> 404 Page Not Found: /index
INFO - 2025-06-17 07:37:36 --> Config Class Initialized
INFO - 2025-06-17 07:37:36 --> Hooks Class Initialized
DEBUG - 2025-06-17 07:37:36 --> UTF-8 Support Enabled
INFO - 2025-06-17 07:37:36 --> Utf8 Class Initialized
INFO - 2025-06-17 07:37:36 --> URI Class Initialized
INFO - 2025-06-17 07:37:36 --> Router Class Initialized
INFO - 2025-06-17 07:37:36 --> Output Class Initialized
INFO - 2025-06-17 07:37:36 --> Security Class Initialized
DEBUG - 2025-06-17 07:37:36 --> Global POST, GET and COOKIE data sanitized
INFO - 2025-06-17 07:37:36 --> Input Class Initialized
INFO - 2025-06-17 07:37:36 --> Language Class Initialized
ERROR - 2025-06-17 07:37:36 --> 404 Page Not Found: /index
INFO - 2025-06-17 07:37:36 --> Config Class Initialized
INFO - 2025-06-17 07:37:36 --> Hooks Class Initialized
DEBUG - 2025-06-17 07:37:36 --> UTF-8 Support Enabled
INFO - 2025-06-17 07:37:36 --> Utf8 Class Initialized
INFO - 2025-06-17 07:37:36 --> URI Class Initialized
INFO - 2025-06-17 07:37:36 --> Router Class Initialized
INFO - 2025-06-17 07:37:36 --> Output Class Initialized
INFO - 2025-06-17 07:37:36 --> Security Class Initialized
DEBUG - 2025-06-17 07:37:36 --> Global POST, GET and COOKIE data sanitized
INFO - 2025-06-17 07:37:36 --> Input Class Initialized
INFO - 2025-06-17 07:37:36 --> Language Class Initialized
ERROR - 2025-06-17 07:37:36 --> 404 Page Not Found: /index
INFO - 2025-06-17 07:37:36 --> Config Class Initialized
INFO - 2025-06-17 07:37:36 --> Hooks Class Initialized
DEBUG - 2025-06-17 07:37:36 --> UTF-8 Support Enabled
INFO - 2025-06-17 07:37:36 --> Utf8 Class Initialized
INFO - 2025-06-17 07:37:36 --> URI Class Initialized
INFO - 2025-06-17 07:37:36 --> Router Class Initialized
INFO - 2025-06-17 07:37:36 --> Output Class Initialized
INFO - 2025-06-17 07:37:36 --> Security Class Initialized
DEBUG - 2025-06-17 07:37:36 --> Global POST, GET and COOKIE data sanitized
INFO - 2025-06-17 07:37:36 --> Input Class Initialized
INFO - 2025-06-17 07:37:36 --> Language Class Initialized
ERROR - 2025-06-17 07:37:36 --> 404 Page Not Found: /index
INFO - 2025-06-17 07:37:36 --> Config Class Initialized
INFO - 2025-06-17 07:37:36 --> Hooks Class Initialized
DEBUG - 2025-06-17 07:37:36 --> UTF-8 Support Enabled
INFO - 2025-06-17 07:37:36 --> Utf8 Class Initialized
INFO - 2025-06-17 07:37:36 --> URI Class Initialized
INFO - 2025-06-17 07:37:36 --> Router Class Initialized
INFO - 2025-06-17 07:37:36 --> Output Class Initialized
INFO - 2025-06-17 07:37:36 --> Security Class Initialized
DEBUG - 2025-06-17 07:37:36 --> Global POST, GET and COOKIE data sanitized
INFO - 2025-06-17 07:37:36 --> Input Class Initialized
INFO - 2025-06-17 07:37:36 --> Language Class Initialized
ERROR - 2025-06-17 07:37:36 --> 404 Page Not Found: /index
INFO - 2025-06-17 07:37:36 --> Config Class Initialized
INFO - 2025-06-17 07:37:36 --> Hooks Class Initialized
DEBUG - 2025-06-17 07:37:36 --> UTF-8 Support Enabled
INFO - 2025-06-17 07:37:36 --> Utf8 Class Initialized
INFO - 2025-06-17 07:37:36 --> URI Class Initialized
INFO - 2025-06-17 07:37:36 --> Router Class Initialized
INFO - 2025-06-17 07:37:36 --> Output Class Initialized
INFO - 2025-06-17 07:37:36 --> Security Class Initialized
DEBUG - 2025-06-17 07:37:36 --> Global POST, GET and COOKIE data sanitized
INFO - 2025-06-17 07:37:36 --> Input Class Initialized
INFO - 2025-06-17 07:37:36 --> Language Class Initialized
ERROR - 2025-06-17 07:37:36 --> 404 Page Not Found: /index
INFO - 2025-06-17 07:37:36 --> Config Class Initialized
INFO - 2025-06-17 07:37:36 --> Hooks Class Initialized
DEBUG - 2025-06-17 07:37:36 --> UTF-8 Support Enabled
INFO - 2025-06-17 07:37:36 --> Utf8 Class Initialized
INFO - 2025-06-17 07:37:36 --> URI Class Initialized
INFO - 2025-06-17 07:37:36 --> Router Class Initialized
INFO - 2025-06-17 07:37:36 --> Output Class Initialized
INFO - 2025-06-17 07:37:36 --> Security Class Initialized
DEBUG - 2025-06-17 07:37:36 --> Global POST, GET and COOKIE data sanitized
INFO - 2025-06-17 07:37:36 --> Input Class Initialized
INFO - 2025-06-17 07:37:36 --> Language Class Initialized
ERROR - 2025-06-17 07:37:36 --> 404 Page Not Found: /index
INFO - 2025-06-17 07:37:36 --> Config Class Initialized
INFO - 2025-06-17 07:37:36 --> Hooks Class Initialized
DEBUG - 2025-06-17 07:37:36 --> UTF-8 Support Enabled
INFO - 2025-06-17 07:37:36 --> Utf8 Class Initialized
INFO - 2025-06-17 07:37:36 --> URI Class Initialized
INFO - 2025-06-17 07:37:36 --> Router Class Initialized
INFO - 2025-06-17 07:37:36 --> Output Class Initialized
INFO - 2025-06-17 07:37:36 --> Security Class Initialized
DEBUG - 2025-06-17 07:37:36 --> Global POST, GET and COOKIE data sanitized
INFO - 2025-06-17 07:37:36 --> Input Class Initialized
INFO - 2025-06-17 07:37:36 --> Language Class Initialized
ERROR - 2025-06-17 07:37:36 --> 404 Page Not Found: /index
INFO - 2025-06-17 07:37:37 --> Config Class Initialized
INFO - 2025-06-17 07:37:37 --> Hooks Class Initialized
DEBUG - 2025-06-17 07:37:37 --> UTF-8 Support Enabled
INFO - 2025-06-17 07:37:37 --> Utf8 Class Initialized
INFO - 2025-06-17 07:37:37 --> URI Class Initialized
INFO - 2025-06-17 07:37:37 --> Router Class Initialized
INFO - 2025-06-17 07:37:37 --> Output Class Initialized
INFO - 2025-06-17 07:37:37 --> Security Class Initialized
DEBUG - 2025-06-17 07:37:37 --> Global POST, GET and COOKIE data sanitized
INFO - 2025-06-17 07:37:37 --> Input Class Initialized
INFO - 2025-06-17 07:37:37 --> Language Class Initialized
ERROR - 2025-06-17 07:37:37 --> 404 Page Not Found: /index
INFO - 2025-06-17 07:37:37 --> Config Class Initialized
INFO - 2025-06-17 07:37:37 --> Hooks Class Initialized
DEBUG - 2025-06-17 07:37:37 --> UTF-8 Support Enabled
INFO - 2025-06-17 07:37:37 --> Utf8 Class Initialized
INFO - 2025-06-17 07:37:37 --> URI Class Initialized
INFO - 2025-06-17 07:37:37 --> Router Class Initialized
INFO - 2025-06-17 07:37:37 --> Output Class Initialized
INFO - 2025-06-17 07:37:37 --> Security Class Initialized
DEBUG - 2025-06-17 07:37:37 --> Global POST, GET and COOKIE data sanitized
INFO - 2025-06-17 07:37:37 --> Input Class Initialized
INFO - 2025-06-17 07:37:37 --> Language Class Initialized
ERROR - 2025-06-17 07:37:37 --> 404 Page Not Found: /index
INFO - 2025-06-17 07:37:37 --> Config Class Initialized
INFO - 2025-06-17 07:37:37 --> Hooks Class Initialized
DEBUG - 2025-06-17 07:37:37 --> UTF-8 Support Enabled
INFO - 2025-06-17 07:37:37 --> Utf8 Class Initialized
INFO - 2025-06-17 07:37:37 --> URI Class Initialized
INFO - 2025-06-17 07:37:37 --> Router Class Initialized
INFO - 2025-06-17 07:37:37 --> Output Class Initialized
INFO - 2025-06-17 07:37:37 --> Security Class Initialized
DEBUG - 2025-06-17 07:37:37 --> Global POST, GET and COOKIE data sanitized
INFO - 2025-06-17 07:37:37 --> Input Class Initialized
INFO - 2025-06-17 07:37:37 --> Language Class Initialized
ERROR - 2025-06-17 07:37:37 --> 404 Page Not Found: /index
INFO - 2025-06-17 07:37:37 --> Config Class Initialized
INFO - 2025-06-17 07:37:37 --> Hooks Class Initialized
DEBUG - 2025-06-17 07:37:37 --> UTF-8 Support Enabled
INFO - 2025-06-17 07:37:37 --> Utf8 Class Initialized
INFO - 2025-06-17 07:37:37 --> URI Class Initialized
INFO - 2025-06-17 07:37:37 --> Router Class Initialized
INFO - 2025-06-17 07:37:37 --> Output Class Initialized
INFO - 2025-06-17 07:37:37 --> Security Class Initialized
DEBUG - 2025-06-17 07:37:37 --> Global POST, GET and COOKIE data sanitized
INFO - 2025-06-17 07:37:37 --> Input Class Initialized
INFO - 2025-06-17 07:37:37 --> Language Class Initialized
ERROR - 2025-06-17 07:37:37 --> 404 Page Not Found: /index
INFO - 2025-06-17 07:37:37 --> Config Class Initialized
INFO - 2025-06-17 07:37:37 --> Hooks Class Initialized
DEBUG - 2025-06-17 07:37:37 --> UTF-8 Support Enabled
INFO - 2025-06-17 07:37:37 --> Utf8 Class Initialized
INFO - 2025-06-17 07:37:37 --> URI Class Initialized
INFO - 2025-06-17 07:37:37 --> Router Class Initialized
INFO - 2025-06-17 07:37:37 --> Output Class Initialized
INFO - 2025-06-17 07:37:37 --> Security Class Initialized
DEBUG - 2025-06-17 07:37:37 --> Global POST, GET and COOKIE data sanitized
INFO - 2025-06-17 07:37:37 --> Input Class Initialized
INFO - 2025-06-17 07:37:37 --> Language Class Initialized
ERROR - 2025-06-17 07:37:37 --> 404 Page Not Found: /index
INFO - 2025-06-17 07:37:37 --> Config Class Initialized
INFO - 2025-06-17 07:37:37 --> Hooks Class Initialized
DEBUG - 2025-06-17 07:37:37 --> UTF-8 Support Enabled
INFO - 2025-06-17 07:37:37 --> Utf8 Class Initialized
INFO - 2025-06-17 07:37:37 --> URI Class Initialized
INFO - 2025-06-17 07:37:37 --> Router Class Initialized
INFO - 2025-06-17 07:37:37 --> Output Class Initialized
INFO - 2025-06-17 07:37:37 --> Security Class Initialized
DEBUG - 2025-06-17 07:37:37 --> Global POST, GET and COOKIE data sanitized
INFO - 2025-06-17 07:37:37 --> Input Class Initialized
INFO - 2025-06-17 07:37:37 --> Language Class Initialized
ERROR - 2025-06-17 07:37:37 --> 404 Page Not Found: /index
INFO - 2025-06-17 07:37:37 --> Config Class Initialized
INFO - 2025-06-17 07:37:37 --> Hooks Class Initialized
DEBUG - 2025-06-17 07:37:37 --> UTF-8 Support Enabled
INFO - 2025-06-17 07:37:37 --> Utf8 Class Initialized
INFO - 2025-06-17 07:37:37 --> URI Class Initialized
INFO - 2025-06-17 07:37:37 --> Router Class Initialized
INFO - 2025-06-17 07:37:37 --> Output Class Initialized
INFO - 2025-06-17 07:37:37 --> Security Class Initialized
DEBUG - 2025-06-17 07:37:37 --> Global POST, GET and COOKIE data sanitized
INFO - 2025-06-17 07:37:37 --> Input Class Initialized
INFO - 2025-06-17 07:37:37 --> Language Class Initialized
ERROR - 2025-06-17 07:37:37 --> 404 Page Not Found: /index
INFO - 2025-06-17 07:37:37 --> Config Class Initialized
INFO - 2025-06-17 07:37:37 --> Hooks Class Initialized
DEBUG - 2025-06-17 07:37:37 --> UTF-8 Support Enabled
INFO - 2025-06-17 07:37:37 --> Utf8 Class Initialized
INFO - 2025-06-17 07:37:37 --> URI Class Initialized
INFO - 2025-06-17 07:37:37 --> Router Class Initialized
INFO - 2025-06-17 07:37:37 --> Output Class Initialized
INFO - 2025-06-17 07:37:37 --> Security Class Initialized
DEBUG - 2025-06-17 07:37:37 --> Global POST, GET and COOKIE data sanitized
INFO - 2025-06-17 07:37:37 --> Input Class Initialized
INFO - 2025-06-17 07:37:37 --> Language Class Initialized
ERROR - 2025-06-17 07:37:37 --> 404 Page Not Found: /index
INFO - 2025-06-17 07:37:38 --> Config Class Initialized
INFO - 2025-06-17 07:37:38 --> Hooks Class Initialized
DEBUG - 2025-06-17 07:37:38 --> UTF-8 Support Enabled
INFO - 2025-06-17 07:37:38 --> Utf8 Class Initialized
INFO - 2025-06-17 07:37:38 --> URI Class Initialized
INFO - 2025-06-17 07:37:38 --> Router Class Initialized
INFO - 2025-06-17 07:37:38 --> Output Class Initialized
INFO - 2025-06-17 07:37:38 --> Security Class Initialized
DEBUG - 2025-06-17 07:37:38 --> Global POST, GET and COOKIE data sanitized
INFO - 2025-06-17 07:37:38 --> Input Class Initialized
INFO - 2025-06-17 07:37:38 --> Language Class Initialized
ERROR - 2025-06-17 07:37:38 --> 404 Page Not Found: /index
INFO - 2025-06-17 07:37:38 --> Config Class Initialized
INFO - 2025-06-17 07:37:38 --> Hooks Class Initialized
DEBUG - 2025-06-17 07:37:38 --> UTF-8 Support Enabled
INFO - 2025-06-17 07:37:38 --> Utf8 Class Initialized
INFO - 2025-06-17 07:37:38 --> URI Class Initialized
INFO - 2025-06-17 07:37:38 --> Router Class Initialized
INFO - 2025-06-17 07:37:38 --> Output Class Initialized
INFO - 2025-06-17 07:37:38 --> Security Class Initialized
DEBUG - 2025-06-17 07:37:38 --> Global POST, GET and COOKIE data sanitized
INFO - 2025-06-17 07:37:38 --> Input Class Initialized
INFO - 2025-06-17 07:37:38 --> Language Class Initialized
ERROR - 2025-06-17 07:37:38 --> 404 Page Not Found: Home/user
INFO - 2025-06-17 07:37:38 --> Config Class Initialized
INFO - 2025-06-17 07:37:38 --> Hooks Class Initialized
DEBUG - 2025-06-17 07:37:38 --> UTF-8 Support Enabled
INFO - 2025-06-17 07:37:38 --> Utf8 Class Initialized
INFO - 2025-06-17 07:37:38 --> URI Class Initialized
INFO - 2025-06-17 07:37:38 --> Router Class Initialized
INFO - 2025-06-17 07:37:38 --> Output Class Initialized
INFO - 2025-06-17 07:37:38 --> Security Class Initialized
DEBUG - 2025-06-17 07:37:38 --> Global POST, GET and COOKIE data sanitized
INFO - 2025-06-17 07:37:38 --> Input Class Initialized
INFO - 2025-06-17 07:37:38 --> Language Class Initialized
ERROR - 2025-06-17 07:37:38 --> 404 Page Not Found: /index
INFO - 2025-06-17 07:37:38 --> Config Class Initialized
INFO - 2025-06-17 07:37:38 --> Hooks Class Initialized
DEBUG - 2025-06-17 07:37:38 --> UTF-8 Support Enabled
INFO - 2025-06-17 07:37:38 --> Utf8 Class Initialized
INFO - 2025-06-17 07:37:38 --> URI Class Initialized
INFO - 2025-06-17 07:37:38 --> Router Class Initialized
INFO - 2025-06-17 07:37:38 --> Output Class Initialized
INFO - 2025-06-17 07:37:38 --> Security Class Initialized
DEBUG - 2025-06-17 07:37:38 --> Global POST, GET and COOKIE data sanitized
INFO - 2025-06-17 07:37:38 --> Input Class Initialized
INFO - 2025-06-17 07:37:38 --> Language Class Initialized
ERROR - 2025-06-17 07:37:38 --> 404 Page Not Found: /index
INFO - 2025-06-17 07:37:38 --> Config Class Initialized
INFO - 2025-06-17 07:37:38 --> Hooks Class Initialized
DEBUG - 2025-06-17 07:37:38 --> UTF-8 Support Enabled
INFO - 2025-06-17 07:37:38 --> Utf8 Class Initialized
INFO - 2025-06-17 07:37:38 --> URI Class Initialized
INFO - 2025-06-17 07:37:38 --> Router Class Initialized
INFO - 2025-06-17 07:37:38 --> Output Class Initialized
INFO - 2025-06-17 07:37:38 --> Security Class Initialized
DEBUG - 2025-06-17 07:37:38 --> Global POST, GET and COOKIE data sanitized
INFO - 2025-06-17 07:37:38 --> Input Class Initialized
INFO - 2025-06-17 07:37:38 --> Language Class Initialized
ERROR - 2025-06-17 07:37:38 --> 404 Page Not Found: /index
INFO - 2025-06-17 07:37:39 --> Config Class Initialized
INFO - 2025-06-17 07:37:39 --> Hooks Class Initialized
DEBUG - 2025-06-17 07:37:39 --> UTF-8 Support Enabled
INFO - 2025-06-17 07:37:39 --> Utf8 Class Initialized
INFO - 2025-06-17 07:37:39 --> URI Class Initialized
INFO - 2025-06-17 07:37:39 --> Router Class Initialized
INFO - 2025-06-17 07:37:39 --> Output Class Initialized
INFO - 2025-06-17 07:37:39 --> Security Class Initialized
DEBUG - 2025-06-17 07:37:39 --> Global POST, GET and COOKIE data sanitized
INFO - 2025-06-17 07:37:39 --> Input Class Initialized
INFO - 2025-06-17 07:37:39 --> Language Class Initialized
ERROR - 2025-06-17 07:37:39 --> 404 Page Not Found: /index
INFO - 2025-06-17 07:37:39 --> Config Class Initialized
INFO - 2025-06-17 07:37:39 --> Hooks Class Initialized
DEBUG - 2025-06-17 07:37:39 --> UTF-8 Support Enabled
INFO - 2025-06-17 07:37:39 --> Utf8 Class Initialized
INFO - 2025-06-17 07:37:39 --> URI Class Initialized
INFO - 2025-06-17 07:37:39 --> Router Class Initialized
INFO - 2025-06-17 07:37:39 --> Output Class Initialized
INFO - 2025-06-17 07:37:39 --> Security Class Initialized
DEBUG - 2025-06-17 07:37:39 --> Global POST, GET and COOKIE data sanitized
INFO - 2025-06-17 07:37:39 --> Input Class Initialized
INFO - 2025-06-17 07:37:39 --> Language Class Initialized
ERROR - 2025-06-17 07:37:39 --> 404 Page Not Found: /index
INFO - 2025-06-17 07:37:39 --> Config Class Initialized
INFO - 2025-06-17 07:37:39 --> Hooks Class Initialized
DEBUG - 2025-06-17 07:37:39 --> UTF-8 Support Enabled
INFO - 2025-06-17 07:37:39 --> Utf8 Class Initialized
INFO - 2025-06-17 07:37:39 --> URI Class Initialized
INFO - 2025-06-17 07:37:39 --> Router Class Initialized
INFO - 2025-06-17 07:37:39 --> Output Class Initialized
INFO - 2025-06-17 07:37:39 --> Security Class Initialized
DEBUG - 2025-06-17 07:37:39 --> Global POST, GET and COOKIE data sanitized
INFO - 2025-06-17 07:37:39 --> Input Class Initialized
INFO - 2025-06-17 07:37:39 --> Language Class Initialized
ERROR - 2025-06-17 07:37:39 --> 404 Page Not Found: /index
INFO - 2025-06-17 07:37:39 --> Config Class Initialized
INFO - 2025-06-17 07:37:39 --> Hooks Class Initialized
DEBUG - 2025-06-17 07:37:39 --> UTF-8 Support Enabled
INFO - 2025-06-17 07:37:39 --> Utf8 Class Initialized
INFO - 2025-06-17 07:37:39 --> URI Class Initialized
INFO - 2025-06-17 07:37:39 --> Router Class Initialized
INFO - 2025-06-17 07:37:39 --> Output Class Initialized
INFO - 2025-06-17 07:37:39 --> Security Class Initialized
DEBUG - 2025-06-17 07:37:39 --> Global POST, GET and COOKIE data sanitized
INFO - 2025-06-17 07:37:39 --> Input Class Initialized
INFO - 2025-06-17 07:37:39 --> Language Class Initialized
ERROR - 2025-06-17 07:37:39 --> 404 Page Not Found: /index
INFO - 2025-06-17 07:37:39 --> Config Class Initialized
INFO - 2025-06-17 07:37:39 --> Hooks Class Initialized
DEBUG - 2025-06-17 07:37:39 --> UTF-8 Support Enabled
INFO - 2025-06-17 07:37:39 --> Utf8 Class Initialized
INFO - 2025-06-17 07:37:39 --> URI Class Initialized
INFO - 2025-06-17 07:37:39 --> Router Class Initialized
INFO - 2025-06-17 07:37:39 --> Output Class Initialized
INFO - 2025-06-17 07:37:39 --> Security Class Initialized
DEBUG - 2025-06-17 07:37:39 --> Global POST, GET and COOKIE data sanitized
INFO - 2025-06-17 07:37:39 --> Input Class Initialized
INFO - 2025-06-17 07:37:39 --> Language Class Initialized
ERROR - 2025-06-17 07:37:39 --> 404 Page Not Found: /index
INFO - 2025-06-17 07:37:39 --> Config Class Initialized
INFO - 2025-06-17 07:37:39 --> Hooks Class Initialized
DEBUG - 2025-06-17 07:37:39 --> UTF-8 Support Enabled
INFO - 2025-06-17 07:37:39 --> Utf8 Class Initialized
INFO - 2025-06-17 07:37:39 --> URI Class Initialized
INFO - 2025-06-17 07:37:39 --> Router Class Initialized
INFO - 2025-06-17 07:37:39 --> Output Class Initialized
INFO - 2025-06-17 07:37:39 --> Security Class Initialized
DEBUG - 2025-06-17 07:37:39 --> Global POST, GET and COOKIE data sanitized
INFO - 2025-06-17 07:37:39 --> Input Class Initialized
INFO - 2025-06-17 07:37:39 --> Language Class Initialized
ERROR - 2025-06-17 07:37:39 --> 404 Page Not Found: /index
INFO - 2025-06-17 07:37:39 --> Config Class Initialized
INFO - 2025-06-17 07:37:39 --> Hooks Class Initialized
DEBUG - 2025-06-17 07:37:39 --> UTF-8 Support Enabled
INFO - 2025-06-17 07:37:39 --> Utf8 Class Initialized
INFO - 2025-06-17 07:37:39 --> URI Class Initialized
INFO - 2025-06-17 07:37:39 --> Router Class Initialized
INFO - 2025-06-17 07:37:39 --> Output Class Initialized
INFO - 2025-06-17 07:37:39 --> Security Class Initialized
DEBUG - 2025-06-17 07:37:39 --> Global POST, GET and COOKIE data sanitized
INFO - 2025-06-17 07:37:39 --> Input Class Initialized
INFO - 2025-06-17 07:37:39 --> Language Class Initialized
ERROR - 2025-06-17 07:37:39 --> 404 Page Not Found: /index
INFO - 2025-06-17 07:37:39 --> Config Class Initialized
INFO - 2025-06-17 07:37:39 --> Hooks Class Initialized
DEBUG - 2025-06-17 07:37:39 --> UTF-8 Support Enabled
INFO - 2025-06-17 07:37:39 --> Utf8 Class Initialized
INFO - 2025-06-17 07:37:39 --> URI Class Initialized
INFO - 2025-06-17 07:37:39 --> Router Class Initialized
INFO - 2025-06-17 07:37:39 --> Output Class Initialized
INFO - 2025-06-17 07:37:39 --> Security Class Initialized
DEBUG - 2025-06-17 07:37:39 --> Global POST, GET and COOKIE data sanitized
INFO - 2025-06-17 07:37:39 --> Input Class Initialized
INFO - 2025-06-17 07:37:39 --> Language Class Initialized
ERROR - 2025-06-17 07:37:39 --> 404 Page Not Found: /index
INFO - 2025-06-17 07:37:39 --> Config Class Initialized
INFO - 2025-06-17 07:37:39 --> Hooks Class Initialized
DEBUG - 2025-06-17 07:37:39 --> UTF-8 Support Enabled
INFO - 2025-06-17 07:37:39 --> Utf8 Class Initialized
INFO - 2025-06-17 07:37:39 --> URI Class Initialized
INFO - 2025-06-17 07:37:39 --> Router Class Initialized
INFO - 2025-06-17 07:37:39 --> Output Class Initialized
INFO - 2025-06-17 07:37:39 --> Security Class Initialized
DEBUG - 2025-06-17 07:37:39 --> Global POST, GET and COOKIE data sanitized
INFO - 2025-06-17 07:37:39 --> Input Class Initialized
INFO - 2025-06-17 07:37:39 --> Language Class Initialized
ERROR - 2025-06-17 07:37:39 --> 404 Page Not Found: /index
INFO - 2025-06-17 07:37:40 --> Config Class Initialized
INFO - 2025-06-17 07:37:40 --> Hooks Class Initialized
DEBUG - 2025-06-17 07:37:40 --> UTF-8 Support Enabled
INFO - 2025-06-17 07:37:40 --> Utf8 Class Initialized
INFO - 2025-06-17 07:37:40 --> URI Class Initialized
INFO - 2025-06-17 07:37:40 --> Router Class Initialized
INFO - 2025-06-17 07:37:40 --> Output Class Initialized
INFO - 2025-06-17 07:37:40 --> Security Class Initialized
DEBUG - 2025-06-17 07:37:40 --> Global POST, GET and COOKIE data sanitized
INFO - 2025-06-17 07:37:40 --> Input Class Initialized
INFO - 2025-06-17 07:37:40 --> Language Class Initialized
ERROR - 2025-06-17 07:37:40 --> 404 Page Not Found: /index
INFO - 2025-06-17 07:37:40 --> Config Class Initialized
INFO - 2025-06-17 07:37:40 --> Hooks Class Initialized
DEBUG - 2025-06-17 07:37:40 --> UTF-8 Support Enabled
INFO - 2025-06-17 07:37:40 --> Utf8 Class Initialized
INFO - 2025-06-17 07:37:40 --> URI Class Initialized
INFO - 2025-06-17 07:37:40 --> Router Class Initialized
INFO - 2025-06-17 07:37:40 --> Output Class Initialized
INFO - 2025-06-17 07:37:40 --> Security Class Initialized
DEBUG - 2025-06-17 07:37:40 --> Global POST, GET and COOKIE data sanitized
INFO - 2025-06-17 07:37:40 --> Input Class Initialized
INFO - 2025-06-17 07:37:40 --> Language Class Initialized
ERROR - 2025-06-17 07:37:40 --> 404 Page Not Found: /index
INFO - 2025-06-17 07:37:40 --> Config Class Initialized
INFO - 2025-06-17 07:37:40 --> Hooks Class Initialized
DEBUG - 2025-06-17 07:37:40 --> UTF-8 Support Enabled
INFO - 2025-06-17 07:37:40 --> Utf8 Class Initialized
INFO - 2025-06-17 07:37:40 --> URI Class Initialized
INFO - 2025-06-17 07:37:40 --> Router Class Initialized
INFO - 2025-06-17 07:37:40 --> Output Class Initialized
INFO - 2025-06-17 07:37:40 --> Security Class Initialized
DEBUG - 2025-06-17 07:37:40 --> Global POST, GET and COOKIE data sanitized
INFO - 2025-06-17 07:37:40 --> Input Class Initialized
INFO - 2025-06-17 07:37:40 --> Language Class Initialized
ERROR - 2025-06-17 07:37:40 --> 404 Page Not Found: /index
INFO - 2025-06-17 07:37:40 --> Config Class Initialized
INFO - 2025-06-17 07:37:40 --> Hooks Class Initialized
DEBUG - 2025-06-17 07:37:40 --> UTF-8 Support Enabled
INFO - 2025-06-17 07:37:40 --> Utf8 Class Initialized
INFO - 2025-06-17 07:37:40 --> URI Class Initialized
INFO - 2025-06-17 07:37:40 --> Router Class Initialized
INFO - 2025-06-17 07:37:40 --> Output Class Initialized
INFO - 2025-06-17 07:37:40 --> Security Class Initialized
DEBUG - 2025-06-17 07:37:40 --> Global POST, GET and COOKIE data sanitized
INFO - 2025-06-17 07:37:40 --> Input Class Initialized
INFO - 2025-06-17 07:37:40 --> Language Class Initialized
ERROR - 2025-06-17 07:37:40 --> 404 Page Not Found: /index
INFO - 2025-06-17 07:37:40 --> Config Class Initialized
INFO - 2025-06-17 07:37:40 --> Hooks Class Initialized
DEBUG - 2025-06-17 07:37:40 --> UTF-8 Support Enabled
INFO - 2025-06-17 07:37:40 --> Utf8 Class Initialized
INFO - 2025-06-17 07:37:40 --> URI Class Initialized
DEBUG - 2025-06-17 07:37:40 --> No URI present. Default controller set.
INFO - 2025-06-17 07:37:40 --> Router Class Initialized
INFO - 2025-06-17 07:37:40 --> Output Class Initialized
INFO - 2025-06-17 07:37:40 --> Security Class Initialized
DEBUG - 2025-06-17 07:37:40 --> Global POST, GET and COOKIE data sanitized
INFO - 2025-06-17 07:37:40 --> Input Class Initialized
INFO - 2025-06-17 07:37:40 --> Language Class Initialized
INFO - 2025-06-17 07:37:40 --> Language Class Initialized
INFO - 2025-06-17 07:37:40 --> Config Class Initialized
INFO - 2025-06-17 07:37:40 --> Loader Class Initialized
INFO - 2025-06-17 07:37:40 --> Helper loaded: url_helper
INFO - 2025-06-17 07:37:40 --> Helper loaded: easyui_helper
INFO - 2025-06-17 07:37:40 --> Helper loaded: param_helper
INFO - 2025-06-17 07:37:40 --> Helper loaded: credential_helper
INFO - 2025-06-17 07:37:40 --> Helper loaded: template_helper
INFO - 2025-06-17 07:37:40 --> Helper loaded: rest_helper
INFO - 2025-06-17 07:37:40 --> Database Driver Class Initialized
DEBUG - 2025-06-17 07:37:40 --> Idgenerator class already loaded. Second attempt ignored.
INFO - 2025-06-17 07:37:40 --> Controller Class Initialized
DEBUG - 2025-06-17 07:37:40 --> File loaded: /apps/par-web/application/modules/app_auth/views/login_lte_template.php
DEBUG - 2025-06-17 07:37:40 --> File loaded: /apps/par-web/application/views/template_login_lte/header.php
DEBUG - 2025-06-17 07:37:40 --> File loaded: /apps/par-web/application/views/template_login_lte/contents.php
DEBUG - 2025-06-17 07:37:40 --> File loaded: /apps/par-web/application/views/template_login_lte/default.php
INFO - 2025-06-17 07:37:40 --> Final output sent to browser
DEBUG - 2025-06-17 07:37:40 --> Total execution time: 0.0326
INFO - 2025-06-17 07:37:41 --> Config Class Initialized
INFO - 2025-06-17 07:37:41 --> Hooks Class Initialized
DEBUG - 2025-06-17 07:37:41 --> UTF-8 Support Enabled
INFO - 2025-06-17 07:37:41 --> Utf8 Class Initialized
INFO - 2025-06-17 07:37:41 --> URI Class Initialized
INFO - 2025-06-17 07:37:41 --> Router Class Initialized
INFO - 2025-06-17 07:37:41 --> Output Class Initialized
INFO - 2025-06-17 07:37:41 --> Security Class Initialized
DEBUG - 2025-06-17 07:37:41 --> Global POST, GET and COOKIE data sanitized
INFO - 2025-06-17 07:37:41 --> Input Class Initialized
INFO - 2025-06-17 07:37:41 --> Language Class Initialized
ERROR - 2025-06-17 07:37:41 --> 404 Page Not Found: /index
INFO - 2025-06-17 07:37:41 --> Config Class Initialized
INFO - 2025-06-17 07:37:41 --> Hooks Class Initialized
DEBUG - 2025-06-17 07:37:41 --> UTF-8 Support Enabled
INFO - 2025-06-17 07:37:41 --> Utf8 Class Initialized
INFO - 2025-06-17 07:37:41 --> URI Class Initialized
INFO - 2025-06-17 07:37:41 --> Router Class Initialized
INFO - 2025-06-17 07:37:41 --> Output Class Initialized
INFO - 2025-06-17 07:37:41 --> Security Class Initialized
DEBUG - 2025-06-17 07:37:41 --> Global POST, GET and COOKIE data sanitized
INFO - 2025-06-17 07:37:41 --> Input Class Initialized
INFO - 2025-06-17 07:37:41 --> Language Class Initialized
ERROR - 2025-06-17 07:37:41 --> 404 Page Not Found: /index
INFO - 2025-06-17 07:37:41 --> Config Class Initialized
INFO - 2025-06-17 07:37:41 --> Hooks Class Initialized
DEBUG - 2025-06-17 07:37:41 --> UTF-8 Support Enabled
INFO - 2025-06-17 07:37:41 --> Utf8 Class Initialized
INFO - 2025-06-17 07:37:41 --> URI Class Initialized
INFO - 2025-06-17 07:37:41 --> Router Class Initialized
INFO - 2025-06-17 07:37:41 --> Output Class Initialized
INFO - 2025-06-17 07:37:41 --> Security Class Initialized
DEBUG - 2025-06-17 07:37:41 --> Global POST, GET and COOKIE data sanitized
INFO - 2025-06-17 07:37:41 --> Input Class Initialized
INFO - 2025-06-17 07:37:41 --> Language Class Initialized
ERROR - 2025-06-17 07:37:41 --> 404 Page Not Found: /index
INFO - 2025-06-17 07:37:41 --> Config Class Initialized
INFO - 2025-06-17 07:37:41 --> Hooks Class Initialized
DEBUG - 2025-06-17 07:37:41 --> UTF-8 Support Enabled
INFO - 2025-06-17 07:37:41 --> Utf8 Class Initialized
INFO - 2025-06-17 07:37:41 --> URI Class Initialized
INFO - 2025-06-17 07:37:41 --> Router Class Initialized
INFO - 2025-06-17 07:37:41 --> Output Class Initialized
INFO - 2025-06-17 07:37:41 --> Security Class Initialized
DEBUG - 2025-06-17 07:37:41 --> Global POST, GET and COOKIE data sanitized
INFO - 2025-06-17 07:37:41 --> Input Class Initialized
INFO - 2025-06-17 07:37:41 --> Language Class Initialized
ERROR - 2025-06-17 07:37:41 --> 404 Page Not Found: /index
INFO - 2025-06-17 07:37:41 --> Config Class Initialized
INFO - 2025-06-17 07:37:41 --> Hooks Class Initialized
DEBUG - 2025-06-17 07:37:41 --> UTF-8 Support Enabled
INFO - 2025-06-17 07:37:41 --> Utf8 Class Initialized
INFO - 2025-06-17 07:37:41 --> URI Class Initialized
INFO - 2025-06-17 07:37:41 --> Router Class Initialized
INFO - 2025-06-17 07:37:41 --> Output Class Initialized
INFO - 2025-06-17 07:37:41 --> Security Class Initialized
DEBUG - 2025-06-17 07:37:41 --> Global POST, GET and COOKIE data sanitized
INFO - 2025-06-17 07:37:41 --> Input Class Initialized
INFO - 2025-06-17 07:37:41 --> Language Class Initialized
ERROR - 2025-06-17 07:37:41 --> 404 Page Not Found: /index
INFO - 2025-06-17 07:37:41 --> Config Class Initialized
INFO - 2025-06-17 07:37:41 --> Hooks Class Initialized
DEBUG - 2025-06-17 07:37:41 --> UTF-8 Support Enabled
INFO - 2025-06-17 07:37:41 --> Utf8 Class Initialized
INFO - 2025-06-17 07:37:41 --> URI Class Initialized
INFO - 2025-06-17 07:37:41 --> Router Class Initialized
INFO - 2025-06-17 07:37:41 --> Output Class Initialized
INFO - 2025-06-17 07:37:41 --> Security Class Initialized
DEBUG - 2025-06-17 07:37:41 --> Global POST, GET and COOKIE data sanitized
INFO - 2025-06-17 07:37:41 --> Input Class Initialized
INFO - 2025-06-17 07:37:41 --> Language Class Initialized
ERROR - 2025-06-17 07:37:41 --> 404 Page Not Found: /index
INFO - 2025-06-17 07:37:41 --> Config Class Initialized
INFO - 2025-06-17 07:37:41 --> Hooks Class Initialized
DEBUG - 2025-06-17 07:37:41 --> UTF-8 Support Enabled
INFO - 2025-06-17 07:37:41 --> Utf8 Class Initialized
INFO - 2025-06-17 07:37:41 --> URI Class Initialized
INFO - 2025-06-17 07:37:41 --> Router Class Initialized
INFO - 2025-06-17 07:37:41 --> Output Class Initialized
INFO - 2025-06-17 07:37:41 --> Security Class Initialized
DEBUG - 2025-06-17 07:37:41 --> Global POST, GET and COOKIE data sanitized
INFO - 2025-06-17 07:37:41 --> Input Class Initialized
INFO - 2025-06-17 07:37:41 --> Language Class Initialized
ERROR - 2025-06-17 07:37:41 --> 404 Page Not Found: /index
INFO - 2025-06-17 07:37:41 --> Config Class Initialized
INFO - 2025-06-17 07:37:41 --> Hooks Class Initialized
DEBUG - 2025-06-17 07:37:41 --> UTF-8 Support Enabled
INFO - 2025-06-17 07:37:41 --> Utf8 Class Initialized
INFO - 2025-06-17 07:37:41 --> URI Class Initialized
INFO - 2025-06-17 07:37:41 --> Router Class Initialized
INFO - 2025-06-17 07:37:41 --> Output Class Initialized
INFO - 2025-06-17 07:37:41 --> Security Class Initialized
DEBUG - 2025-06-17 07:37:41 --> Global POST, GET and COOKIE data sanitized
INFO - 2025-06-17 07:37:41 --> Input Class Initialized
INFO - 2025-06-17 07:37:41 --> Language Class Initialized
ERROR - 2025-06-17 07:37:41 --> 404 Page Not Found: /index
INFO - 2025-06-17 07:37:42 --> Config Class Initialized
INFO - 2025-06-17 07:37:42 --> Hooks Class Initialized
DEBUG - 2025-06-17 07:37:42 --> UTF-8 Support Enabled
INFO - 2025-06-17 07:37:42 --> Utf8 Class Initialized
INFO - 2025-06-17 07:37:42 --> URI Class Initialized
INFO - 2025-06-17 07:37:42 --> Router Class Initialized
INFO - 2025-06-17 07:37:42 --> Output Class Initialized
INFO - 2025-06-17 07:37:42 --> Security Class Initialized
DEBUG - 2025-06-17 07:37:42 --> Global POST, GET and COOKIE data sanitized
INFO - 2025-06-17 07:37:42 --> Input Class Initialized
INFO - 2025-06-17 07:37:42 --> Language Class Initialized
ERROR - 2025-06-17 07:37:42 --> 404 Page Not Found: /index
INFO - 2025-06-17 07:37:42 --> Config Class Initialized
INFO - 2025-06-17 07:37:42 --> Hooks Class Initialized
DEBUG - 2025-06-17 07:37:42 --> UTF-8 Support Enabled
INFO - 2025-06-17 07:37:42 --> Utf8 Class Initialized
INFO - 2025-06-17 07:37:42 --> URI Class Initialized
INFO - 2025-06-17 07:37:42 --> Router Class Initialized
INFO - 2025-06-17 07:37:42 --> Output Class Initialized
INFO - 2025-06-17 07:37:42 --> Security Class Initialized
DEBUG - 2025-06-17 07:37:42 --> Global POST, GET and COOKIE data sanitized
INFO - 2025-06-17 07:37:42 --> Input Class Initialized
INFO - 2025-06-17 07:37:42 --> Language Class Initialized
ERROR - 2025-06-17 07:37:42 --> 404 Page Not Found: /index
INFO - 2025-06-17 07:37:42 --> Config Class Initialized
INFO - 2025-06-17 07:37:42 --> Hooks Class Initialized
DEBUG - 2025-06-17 07:37:42 --> UTF-8 Support Enabled
INFO - 2025-06-17 07:37:42 --> Utf8 Class Initialized
INFO - 2025-06-17 07:37:42 --> URI Class Initialized
INFO - 2025-06-17 07:37:42 --> Router Class Initialized
INFO - 2025-06-17 07:37:42 --> Output Class Initialized
INFO - 2025-06-17 07:37:42 --> Security Class Initialized
DEBUG - 2025-06-17 07:37:42 --> Global POST, GET and COOKIE data sanitized
INFO - 2025-06-17 07:37:42 --> Input Class Initialized
INFO - 2025-06-17 07:37:42 --> Language Class Initialized
ERROR - 2025-06-17 07:37:42 --> 404 Page Not Found: /index
INFO - 2025-06-17 07:37:42 --> Config Class Initialized
INFO - 2025-06-17 07:37:42 --> Hooks Class Initialized
DEBUG - 2025-06-17 07:37:42 --> UTF-8 Support Enabled
INFO - 2025-06-17 07:37:42 --> Utf8 Class Initialized
INFO - 2025-06-17 07:37:42 --> URI Class Initialized
INFO - 2025-06-17 07:37:42 --> Router Class Initialized
INFO - 2025-06-17 07:37:42 --> Output Class Initialized
INFO - 2025-06-17 07:37:42 --> Security Class Initialized
DEBUG - 2025-06-17 07:37:42 --> Global POST, GET and COOKIE data sanitized
INFO - 2025-06-17 07:37:42 --> Input Class Initialized
INFO - 2025-06-17 07:37:42 --> Language Class Initialized
ERROR - 2025-06-17 07:37:42 --> 404 Page Not Found: /index
INFO - 2025-06-17 12:54:55 --> Config Class Initialized
INFO - 2025-06-17 12:54:55 --> Hooks Class Initialized
DEBUG - 2025-06-17 12:54:55 --> UTF-8 Support Enabled
INFO - 2025-06-17 12:54:55 --> Utf8 Class Initialized
INFO - 2025-06-17 12:54:55 --> URI Class Initialized
INFO - 2025-06-17 12:54:55 --> Router Class Initialized
INFO - 2025-06-17 12:54:55 --> Output Class Initialized
INFO - 2025-06-17 12:54:55 --> Security Class Initialized
DEBUG - 2025-06-17 12:54:55 --> Global POST, GET and COOKIE data sanitized
INFO - 2025-06-17 12:54:55 --> Input Class Initialized
INFO - 2025-06-17 12:54:55 --> Language Class Initialized
INFO - 2025-06-17 12:54:55 --> Language Class Initialized
INFO - 2025-06-17 12:54:55 --> Config Class Initialized
INFO - 2025-06-17 12:54:55 --> Loader Class Initialized
INFO - 2025-06-17 12:54:55 --> Helper loaded: url_helper
INFO - 2025-06-17 12:54:55 --> Helper loaded: easyui_helper
INFO - 2025-06-17 12:54:55 --> Helper loaded: param_helper
INFO - 2025-06-17 12:54:55 --> Helper loaded: credential_helper
INFO - 2025-06-17 12:54:55 --> Helper loaded: template_helper
INFO - 2025-06-17 12:54:55 --> Helper loaded: rest_helper
INFO - 2025-06-17 12:54:55 --> Database Driver Class Initialized
DEBUG - 2025-06-17 12:54:55 --> Idgenerator class already loaded. Second attempt ignored.
INFO - 2025-06-17 12:54:55 --> Controller Class Initialized
INFO - 2025-06-17 12:54:55 --> Model Class Initialized
DEBUG - 2025-06-17 12:54:55 --> File loaded: /apps/par-web/application/modules/api_v1/models/Api_v1_model.php
INFO - 2025-06-17 12:54:55 --> Model Class Initialized
INFO - 2025-06-17 12:54:59 --> Final output sent to browser
DEBUG - 2025-06-17 12:54:59 --> Total execution time: 3.7848
INFO - 2025-06-17 12:55:00 --> Config Class Initialized
INFO - 2025-06-17 12:55:00 --> Hooks Class Initialized
DEBUG - 2025-06-17 12:55:00 --> UTF-8 Support Enabled
INFO - 2025-06-17 12:55:00 --> Utf8 Class Initialized
INFO - 2025-06-17 12:55:00 --> URI Class Initialized
INFO - 2025-06-17 12:55:00 --> Router Class Initialized
INFO - 2025-06-17 12:55:00 --> Output Class Initialized
INFO - 2025-06-17 12:55:00 --> Security Class Initialized
DEBUG - 2025-06-17 12:55:00 --> Global POST, GET and COOKIE data sanitized
INFO - 2025-06-17 12:55:00 --> Input Class Initialized
INFO - 2025-06-17 12:55:00 --> Language Class Initialized
ERROR - 2025-06-17 12:55:00 --> 404 Page Not Found: /index
INFO - 2025-06-17 12:55:12 --> Config Class Initialized
INFO - 2025-06-17 12:55:12 --> Hooks Class Initialized
DEBUG - 2025-06-17 12:55:12 --> UTF-8 Support Enabled
INFO - 2025-06-17 12:55:12 --> Utf8 Class Initialized
INFO - 2025-06-17 12:55:12 --> URI Class Initialized
DEBUG - 2025-06-17 12:55:12 --> No URI present. Default controller set.
INFO - 2025-06-17 12:55:12 --> Router Class Initialized
INFO - 2025-06-17 12:55:12 --> Output Class Initialized
INFO - 2025-06-17 12:55:12 --> Security Class Initialized
DEBUG - 2025-06-17 12:55:12 --> Global POST, GET and COOKIE data sanitized
INFO - 2025-06-17 12:55:12 --> Input Class Initialized
INFO - 2025-06-17 12:55:12 --> Language Class Initialized
INFO - 2025-06-17 12:55:12 --> Language Class Initialized
INFO - 2025-06-17 12:55:12 --> Config Class Initialized
INFO - 2025-06-17 12:55:12 --> Loader Class Initialized
INFO - 2025-06-17 12:55:12 --> Helper loaded: url_helper
INFO - 2025-06-17 12:55:12 --> Helper loaded: easyui_helper
INFO - 2025-06-17 12:55:12 --> Helper loaded: param_helper
INFO - 2025-06-17 12:55:12 --> Helper loaded: credential_helper
INFO - 2025-06-17 12:55:12 --> Helper loaded: template_helper
INFO - 2025-06-17 12:55:12 --> Helper loaded: rest_helper
INFO - 2025-06-17 12:55:12 --> Database Driver Class Initialized
DEBUG - 2025-06-17 12:55:12 --> Idgenerator class already loaded. Second attempt ignored.
INFO - 2025-06-17 12:55:12 --> Controller Class Initialized
DEBUG - 2025-06-17 12:55:12 --> File loaded: /apps/par-web/application/modules/app_auth/views/login_lte_template.php
DEBUG - 2025-06-17 12:55:12 --> File loaded: /apps/par-web/application/views/template_login_lte/header.php
DEBUG - 2025-06-17 12:55:12 --> File loaded: /apps/par-web/application/views/template_login_lte/contents.php
DEBUG - 2025-06-17 12:55:12 --> File loaded: /apps/par-web/application/views/template_login_lte/default.php
INFO - 2025-06-17 12:55:12 --> Final output sent to browser
DEBUG - 2025-06-17 12:55:12 --> Total execution time: 0.0086
INFO - 2025-06-17 12:55:17 --> Config Class Initialized
INFO - 2025-06-17 12:55:17 --> Hooks Class Initialized
DEBUG - 2025-06-17 12:55:17 --> UTF-8 Support Enabled
INFO - 2025-06-17 12:55:17 --> Utf8 Class Initialized
INFO - 2025-06-17 12:55:17 --> URI Class Initialized
INFO - 2025-06-17 12:55:17 --> Router Class Initialized
INFO - 2025-06-17 12:55:17 --> Output Class Initialized
INFO - 2025-06-17 12:55:17 --> Security Class Initialized
DEBUG - 2025-06-17 12:55:17 --> Global POST, GET and COOKIE data sanitized
INFO - 2025-06-17 12:55:17 --> Input Class Initialized
INFO - 2025-06-17 12:55:17 --> Language Class Initialized
INFO - 2025-06-17 12:55:17 --> Language Class Initialized
INFO - 2025-06-17 12:55:17 --> Config Class Initialized
INFO - 2025-06-17 12:55:17 --> Loader Class Initialized
INFO - 2025-06-17 12:55:17 --> Helper loaded: url_helper
INFO - 2025-06-17 12:55:17 --> Helper loaded: easyui_helper
INFO - 2025-06-17 12:55:17 --> Helper loaded: param_helper
INFO - 2025-06-17 12:55:17 --> Helper loaded: credential_helper
INFO - 2025-06-17 12:55:17 --> Helper loaded: template_helper
INFO - 2025-06-17 12:55:17 --> Helper loaded: rest_helper
INFO - 2025-06-17 12:55:17 --> Database Driver Class Initialized
DEBUG - 2025-06-17 12:55:17 --> Idgenerator class already loaded. Second attempt ignored.
INFO - 2025-06-17 12:55:17 --> Controller Class Initialized
INFO - 2025-06-17 12:55:17 --> Final output sent to browser
DEBUG - 2025-06-17 12:55:17 --> Total execution time: 0.0204
INFO - 2025-06-17 12:55:17 --> Config Class Initialized
INFO - 2025-06-17 12:55:17 --> Hooks Class Initialized
DEBUG - 2025-06-17 12:55:17 --> UTF-8 Support Enabled
INFO - 2025-06-17 12:55:17 --> Utf8 Class Initialized
INFO - 2025-06-17 12:55:17 --> URI Class Initialized
INFO - 2025-06-17 12:55:17 --> Router Class Initialized
INFO - 2025-06-17 12:55:17 --> Output Class Initialized
INFO - 2025-06-17 12:55:17 --> Security Class Initialized
DEBUG - 2025-06-17 12:55:17 --> Global POST, GET and COOKIE data sanitized
INFO - 2025-06-17 12:55:17 --> Input Class Initialized
INFO - 2025-06-17 12:55:17 --> Language Class Initialized
INFO - 2025-06-17 12:55:17 --> Language Class Initialized
INFO - 2025-06-17 12:55:17 --> Config Class Initialized
INFO - 2025-06-17 12:55:17 --> Loader Class Initialized
INFO - 2025-06-17 12:55:17 --> Helper loaded: url_helper
INFO - 2025-06-17 12:55:17 --> Helper loaded: easyui_helper
INFO - 2025-06-17 12:55:17 --> Helper loaded: param_helper
INFO - 2025-06-17 12:55:17 --> Helper loaded: credential_helper
INFO - 2025-06-17 12:55:17 --> Helper loaded: template_helper
INFO - 2025-06-17 12:55:17 --> Helper loaded: rest_helper
INFO - 2025-06-17 12:55:17 --> Database Driver Class Initialized
DEBUG - 2025-06-17 12:55:17 --> Idgenerator class already loaded. Second attempt ignored.
INFO - 2025-06-17 12:55:17 --> Controller Class Initialized
INFO - 2025-06-17 12:55:17 --> Model Class Initialized
DEBUG - 2025-06-17 12:55:17 --> File loaded: /apps/par-web/application/modules/app_dashboard/models/App_dashboard_model.php
INFO - 2025-06-17 12:55:17 --> Model Class Initialized
DEBUG - 2025-06-17 12:55:17 --> File loaded: /apps/par-web/application/modules/app_dashboard/views/content.php
DEBUG - 2025-06-17 12:55:17 --> File loaded: /apps/par-web/application/views/templates/header.php
DEBUG - 2025-06-17 12:55:17 --> File loaded: /apps/par-web/application/views/templates/toolbar.php
DEBUG - 2025-06-17 12:55:17 --> File loaded: /apps/par-web/application/views/templates/sidebar.php
DEBUG - 2025-06-17 12:55:17 --> File loaded: /apps/par-web/application/views/templates/contents.php
DEBUG - 2025-06-17 12:55:17 --> File loaded: /apps/par-web/application/views/templates/content_footer.php
DEBUG - 2025-06-17 12:55:17 --> File loaded: /apps/par-web/application/views/templates/footer.php
DEBUG - 2025-06-17 12:55:17 --> File loaded: /apps/par-web/application/views/templates/default.php
INFO - 2025-06-17 12:55:17 --> Final output sent to browser
DEBUG - 2025-06-17 12:55:17 --> Total execution time: 0.0409
INFO - 2025-06-17 12:55:20 --> Config Class Initialized
INFO - 2025-06-17 12:55:20 --> Hooks Class Initialized
DEBUG - 2025-06-17 12:55:20 --> UTF-8 Support Enabled
INFO - 2025-06-17 12:55:20 --> Utf8 Class Initialized
INFO - 2025-06-17 12:55:20 --> URI Class Initialized
INFO - 2025-06-17 12:55:20 --> Router Class Initialized
INFO - 2025-06-17 12:55:20 --> Output Class Initialized
INFO - 2025-06-17 12:55:20 --> Security Class Initialized
DEBUG - 2025-06-17 12:55:20 --> Global POST, GET and COOKIE data sanitized
INFO - 2025-06-17 12:55:20 --> Input Class Initialized
INFO - 2025-06-17 12:55:20 --> Language Class Initialized
INFO - 2025-06-17 12:55:20 --> Language Class Initialized
INFO - 2025-06-17 12:55:20 --> Config Class Initialized
INFO - 2025-06-17 12:55:20 --> Loader Class Initialized
INFO - 2025-06-17 12:55:20 --> Helper loaded: url_helper
INFO - 2025-06-17 12:55:20 --> Helper loaded: easyui_helper
INFO - 2025-06-17 12:55:20 --> Helper loaded: param_helper
INFO - 2025-06-17 12:55:20 --> Helper loaded: credential_helper
INFO - 2025-06-17 12:55:20 --> Helper loaded: template_helper
INFO - 2025-06-17 12:55:20 --> Helper loaded: rest_helper
INFO - 2025-06-17 12:55:20 --> Database Driver Class Initialized
DEBUG - 2025-06-17 12:55:20 --> Idgenerator class already loaded. Second attempt ignored.
INFO - 2025-06-17 12:55:20 --> Controller Class Initialized
INFO - 2025-06-17 12:55:20 --> Model Class Initialized
DEBUG - 2025-06-17 12:55:20 --> File loaded: /apps/par-web/application/modules/app_dashboard/models/App_dashboard_model.php
INFO - 2025-06-17 12:55:20 --> Model Class Initialized
INFO - 2025-06-17 12:55:20 --> Final output sent to browser
DEBUG - 2025-06-17 12:55:20 --> Total execution time: 0.0108
INFO - 2025-06-17 12:55:20 --> Config Class Initialized
INFO - 2025-06-17 12:55:20 --> Hooks Class Initialized
DEBUG - 2025-06-17 12:55:20 --> UTF-8 Support Enabled
INFO - 2025-06-17 12:55:20 --> Utf8 Class Initialized
INFO - 2025-06-17 12:55:20 --> URI Class Initialized
INFO - 2025-06-17 12:55:20 --> Router Class Initialized
INFO - 2025-06-17 12:55:20 --> Output Class Initialized
INFO - 2025-06-17 12:55:20 --> Security Class Initialized
DEBUG - 2025-06-17 12:55:20 --> Global POST, GET and COOKIE data sanitized
INFO - 2025-06-17 12:55:20 --> Input Class Initialized
INFO - 2025-06-17 12:55:20 --> Language Class Initialized
INFO - 2025-06-17 12:55:20 --> Language Class Initialized
INFO - 2025-06-17 12:55:20 --> Config Class Initialized
INFO - 2025-06-17 12:55:20 --> Loader Class Initialized
INFO - 2025-06-17 12:55:20 --> Helper loaded: url_helper
INFO - 2025-06-17 12:55:20 --> Helper loaded: easyui_helper
INFO - 2025-06-17 12:55:20 --> Helper loaded: param_helper
INFO - 2025-06-17 12:55:20 --> Helper loaded: credential_helper
INFO - 2025-06-17 12:55:20 --> Helper loaded: template_helper
INFO - 2025-06-17 12:55:20 --> Helper loaded: rest_helper
INFO - 2025-06-17 12:55:20 --> Database Driver Class Initialized
DEBUG - 2025-06-17 12:55:20 --> Idgenerator class already loaded. Second attempt ignored.
INFO - 2025-06-17 12:55:20 --> Controller Class Initialized
INFO - 2025-06-17 12:55:20 --> Model Class Initialized
DEBUG - 2025-06-17 12:55:20 --> File loaded: /apps/par-web/application/modules/api_v1/models/Api_v1_model.php
INFO - 2025-06-17 12:55:20 --> Model Class Initialized
INFO - 2025-06-17 12:55:20 --> Final output sent to browser
DEBUG - 2025-06-17 12:55:20 --> Total execution time: 0.0040
INFO - 2025-06-17 12:55:34 --> Config Class Initialized
INFO - 2025-06-17 12:55:34 --> Hooks Class Initialized
DEBUG - 2025-06-17 12:55:34 --> UTF-8 Support Enabled
INFO - 2025-06-17 12:55:34 --> Utf8 Class Initialized
INFO - 2025-06-17 12:55:34 --> URI Class Initialized
INFO - 2025-06-17 12:55:34 --> Router Class Initialized
INFO - 2025-06-17 12:55:34 --> Output Class Initialized
INFO - 2025-06-17 12:55:34 --> Security Class Initialized
DEBUG - 2025-06-17 12:55:34 --> Global POST, GET and COOKIE data sanitized
INFO - 2025-06-17 12:55:34 --> Input Class Initialized
INFO - 2025-06-17 12:55:34 --> Language Class Initialized
INFO - 2025-06-17 12:55:34 --> Language Class Initialized
INFO - 2025-06-17 12:55:34 --> Config Class Initialized
INFO - 2025-06-17 12:55:34 --> Loader Class Initialized
INFO - 2025-06-17 12:55:34 --> Helper loaded: url_helper
INFO - 2025-06-17 12:55:34 --> Helper loaded: easyui_helper
INFO - 2025-06-17 12:55:34 --> Helper loaded: param_helper
INFO - 2025-06-17 12:55:34 --> Helper loaded: credential_helper
INFO - 2025-06-17 12:55:34 --> Helper loaded: template_helper
INFO - 2025-06-17 12:55:34 --> Helper loaded: rest_helper
INFO - 2025-06-17 12:55:34 --> Database Driver Class Initialized
DEBUG - 2025-06-17 12:55:34 --> Idgenerator class already loaded. Second attempt ignored.
INFO - 2025-06-17 12:55:34 --> Controller Class Initialized
INFO - 2025-06-17 12:55:34 --> Model Class Initialized
DEBUG - 2025-06-17 12:55:34 --> File loaded: /apps/par-web/application/modules/ref_product/models/Product_model.php
INFO - 2025-06-17 12:55:34 --> Model Class Initialized
DEBUG - 2025-06-17 12:55:34 --> File loaded: /apps/par-web/application/modules/ref_product/views/content.php
DEBUG - 2025-06-17 12:55:34 --> File loaded: /apps/par-web/application/views/templates/header.php
DEBUG - 2025-06-17 12:55:34 --> File loaded: /apps/par-web/application/views/templates/toolbar.php
DEBUG - 2025-06-17 12:55:34 --> File loaded: /apps/par-web/application/views/templates/sidebar.php
DEBUG - 2025-06-17 12:55:34 --> File loaded: /apps/par-web/application/views/templates/contents.php
DEBUG - 2025-06-17 12:55:34 --> File loaded: /apps/par-web/application/views/templates/content_footer.php
DEBUG - 2025-06-17 12:55:34 --> File loaded: /apps/par-web/application/views/templates/footer.php
DEBUG - 2025-06-17 12:55:34 --> File loaded: /apps/par-web/application/views/templates/default.php
INFO - 2025-06-17 12:55:34 --> Final output sent to browser
DEBUG - 2025-06-17 12:55:34 --> Total execution time: 0.0151
INFO - 2025-06-17 12:55:34 --> Config Class Initialized
INFO - 2025-06-17 12:55:34 --> Hooks Class Initialized
DEBUG - 2025-06-17 12:55:34 --> UTF-8 Support Enabled
INFO - 2025-06-17 12:55:34 --> Utf8 Class Initialized
INFO - 2025-06-17 12:55:34 --> URI Class Initialized
INFO - 2025-06-17 12:55:34 --> Router Class Initialized
INFO - 2025-06-17 12:55:34 --> Output Class Initialized
INFO - 2025-06-17 12:55:34 --> Security Class Initialized
DEBUG - 2025-06-17 12:55:34 --> Global POST, GET and COOKIE data sanitized
INFO - 2025-06-17 12:55:34 --> Input Class Initialized
INFO - 2025-06-17 12:55:34 --> Language Class Initialized
INFO - 2025-06-17 12:55:34 --> Language Class Initialized
INFO - 2025-06-17 12:55:34 --> Config Class Initialized
INFO - 2025-06-17 12:55:34 --> Loader Class Initialized
INFO - 2025-06-17 12:55:34 --> Helper loaded: url_helper
INFO - 2025-06-17 12:55:34 --> Helper loaded: easyui_helper
INFO - 2025-06-17 12:55:34 --> Helper loaded: param_helper
INFO - 2025-06-17 12:55:34 --> Helper loaded: credential_helper
INFO - 2025-06-17 12:55:34 --> Helper loaded: template_helper
INFO - 2025-06-17 12:55:34 --> Helper loaded: rest_helper
INFO - 2025-06-17 12:55:34 --> Database Driver Class Initialized
DEBUG - 2025-06-17 12:55:34 --> Idgenerator class already loaded. Second attempt ignored.
INFO - 2025-06-17 12:55:34 --> Controller Class Initialized
INFO - 2025-06-17 12:55:34 --> Model Class Initialized
DEBUG - 2025-06-17 12:55:34 --> File loaded: /apps/par-web/application/modules/ref_product/models/Product_model.php
INFO - 2025-06-17 12:55:34 --> Model Class Initialized
INFO - 2025-06-17 12:55:34 --> Final output sent to browser
DEBUG - 2025-06-17 12:55:34 --> Total execution time: 0.0096
INFO - 2025-06-17 23:52:54 --> Config Class Initialized
INFO - 2025-06-17 23:52:54 --> Hooks Class Initialized
DEBUG - 2025-06-17 23:52:54 --> UTF-8 Support Enabled
INFO - 2025-06-17 23:52:54 --> Utf8 Class Initialized
INFO - 2025-06-17 23:52:54 --> URI Class Initialized
DEBUG - 2025-06-17 23:52:54 --> No URI present. Default controller set.
INFO - 2025-06-17 23:52:54 --> Router Class Initialized
INFO - 2025-06-17 23:52:54 --> Output Class Initialized
INFO - 2025-06-17 23:52:54 --> Security Class Initialized
DEBUG - 2025-06-17 23:52:54 --> Global POST, GET and COOKIE data sanitized
INFO - 2025-06-17 23:52:54 --> Input Class Initialized
INFO - 2025-06-17 23:52:54 --> Language Class Initialized
INFO - 2025-06-17 23:52:54 --> Language Class Initialized
INFO - 2025-06-17 23:52:54 --> Config Class Initialized
INFO - 2025-06-17 23:52:54 --> Loader Class Initialized
INFO - 2025-06-17 23:52:54 --> Helper loaded: url_helper
INFO - 2025-06-17 23:52:54 --> Helper loaded: easyui_helper
INFO - 2025-06-17 23:52:54 --> Helper loaded: param_helper
INFO - 2025-06-17 23:52:54 --> Helper loaded: credential_helper
INFO - 2025-06-17 23:52:54 --> Helper loaded: template_helper
INFO - 2025-06-17 23:52:54 --> Helper loaded: rest_helper
INFO - 2025-06-17 23:52:54 --> Database Driver Class Initialized
DEBUG - 2025-06-17 23:52:54 --> Idgenerator class already loaded. Second attempt ignored.
INFO - 2025-06-17 23:52:54 --> Controller Class Initialized
DEBUG - 2025-06-17 23:52:54 --> File loaded: /apps/par-web/application/modules/app_auth/views/login_lte_template.php
DEBUG - 2025-06-17 23:52:54 --> File loaded: /apps/par-web/application/views/template_login_lte/header.php
DEBUG - 2025-06-17 23:52:54 --> File loaded: /apps/par-web/application/views/template_login_lte/contents.php
DEBUG - 2025-06-17 23:52:54 --> File loaded: /apps/par-web/application/views/template_login_lte/default.php
INFO - 2025-06-17 23:52:54 --> Final output sent to browser
DEBUG - 2025-06-17 23:52:54 --> Total execution time: 0.0317
