INFO - 2025-05-13 03:46:16 --> Config Class Initialized
INFO - 2025-05-13 03:46:16 --> Hooks Class Initialized
DEBUG - 2025-05-13 03:46:16 --> UTF-8 Support Enabled
INFO - 2025-05-13 03:46:16 --> Utf8 Class Initialized
INFO - 2025-05-13 03:46:16 --> URI Class Initialized
INFO - 2025-05-13 03:46:16 --> Router Class Initialized
INFO - 2025-05-13 03:46:16 --> Output Class Initialized
INFO - 2025-05-13 03:46:16 --> Security Class Initialized
DEBUG - 2025-05-13 03:46:16 --> Global POST, GET and COOKIE data sanitized
INFO - 2025-05-13 03:46:16 --> Input Class Initialized
INFO - 2025-05-13 03:46:16 --> Language Class Initialized
ERROR - 2025-05-13 03:46:16 --> 404 Page Not Found: /index
INFO - 2025-05-13 03:46:17 --> Config Class Initialized
INFO - 2025-05-13 03:46:17 --> Hooks Class Initialized
DEBUG - 2025-05-13 03:46:17 --> UTF-8 Support Enabled
INFO - 2025-05-13 03:46:17 --> Utf8 Class Initialized
INFO - 2025-05-13 03:46:17 --> URI Class Initialized
DEBUG - 2025-05-13 03:46:17 --> No URI present. Default controller set.
INFO - 2025-05-13 03:46:17 --> Router Class Initialized
INFO - 2025-05-13 03:46:17 --> Output Class Initialized
INFO - 2025-05-13 03:46:17 --> Security Class Initialized
DEBUG - 2025-05-13 03:46:17 --> Global POST, GET and COOKIE data sanitized
INFO - 2025-05-13 03:46:17 --> Input Class Initialized
INFO - 2025-05-13 03:46:17 --> Language Class Initialized
INFO - 2025-05-13 03:46:17 --> Language Class Initialized
INFO - 2025-05-13 03:46:17 --> Config Class Initialized
INFO - 2025-05-13 03:46:17 --> Loader Class Initialized
INFO - 2025-05-13 03:46:17 --> Helper loaded: url_helper
INFO - 2025-05-13 03:46:17 --> Helper loaded: easyui_helper
INFO - 2025-05-13 03:46:17 --> Helper loaded: param_helper
INFO - 2025-05-13 03:46:17 --> Helper loaded: credential_helper
INFO - 2025-05-13 03:46:17 --> Helper loaded: template_helper
INFO - 2025-05-13 03:46:17 --> Helper loaded: rest_helper
INFO - 2025-05-13 03:46:17 --> Database Driver Class Initialized
DEBUG - 2025-05-13 03:46:17 --> Idgenerator class already loaded. Second attempt ignored.
INFO - 2025-05-13 03:46:17 --> Controller Class Initialized
DEBUG - 2025-05-13 03:46:17 --> File loaded: /apps/web-drc/application/modules/app_auth/views/login_lte_template.php
DEBUG - 2025-05-13 03:46:17 --> File loaded: /apps/web-drc/application/views/template_login_lte/header.php
DEBUG - 2025-05-13 03:46:17 --> File loaded: /apps/web-drc/application/views/template_login_lte/contents.php
DEBUG - 2025-05-13 03:46:17 --> File loaded: /apps/web-drc/application/views/template_login_lte/default.php
INFO - 2025-05-13 03:46:17 --> Final output sent to browser
DEBUG - 2025-05-13 03:46:17 --> Total execution time: 0.0302
INFO - 2025-05-13 14:05:06 --> Config Class Initialized
INFO - 2025-05-13 14:05:06 --> Hooks Class Initialized
DEBUG - 2025-05-13 14:05:06 --> UTF-8 Support Enabled
INFO - 2025-05-13 14:05:06 --> Utf8 Class Initialized
INFO - 2025-05-13 14:05:06 --> URI Class Initialized
DEBUG - 2025-05-13 14:05:06 --> No URI present. Default controller set.
INFO - 2025-05-13 14:05:06 --> Router Class Initialized
INFO - 2025-05-13 14:05:06 --> Output Class Initialized
INFO - 2025-05-13 14:05:06 --> Security Class Initialized
DEBUG - 2025-05-13 14:05:06 --> Global POST, GET and COOKIE data sanitized
INFO - 2025-05-13 14:05:06 --> Input Class Initialized
INFO - 2025-05-13 14:05:06 --> Language Class Initialized
INFO - 2025-05-13 14:05:06 --> Language Class Initialized
INFO - 2025-05-13 14:05:06 --> Config Class Initialized
INFO - 2025-05-13 14:05:06 --> Loader Class Initialized
INFO - 2025-05-13 14:05:06 --> Helper loaded: url_helper
INFO - 2025-05-13 14:05:06 --> Helper loaded: easyui_helper
INFO - 2025-05-13 14:05:06 --> Helper loaded: param_helper
INFO - 2025-05-13 14:05:06 --> Helper loaded: credential_helper
INFO - 2025-05-13 14:05:06 --> Helper loaded: template_helper
INFO - 2025-05-13 14:05:06 --> Helper loaded: rest_helper
INFO - 2025-05-13 14:05:06 --> Database Driver Class Initialized
DEBUG - 2025-05-13 14:05:06 --> Idgenerator class already loaded. Second attempt ignored.
INFO - 2025-05-13 14:05:06 --> Controller Class Initialized
DEBUG - 2025-05-13 14:05:06 --> File loaded: /apps/web-drc/application/modules/app_auth/views/login_lte_template.php
DEBUG - 2025-05-13 14:05:06 --> File loaded: /apps/web-drc/application/views/template_login_lte/header.php
DEBUG - 2025-05-13 14:05:06 --> File loaded: /apps/web-drc/application/views/template_login_lte/contents.php
DEBUG - 2025-05-13 14:05:06 --> File loaded: /apps/web-drc/application/views/template_login_lte/default.php
INFO - 2025-05-13 14:05:06 --> Final output sent to browser
DEBUG - 2025-05-13 14:05:06 --> Total execution time: 0.0824
INFO - 2025-05-13 14:11:37 --> Config Class Initialized
INFO - 2025-05-13 14:11:37 --> Hooks Class Initialized
DEBUG - 2025-05-13 14:11:37 --> UTF-8 Support Enabled
INFO - 2025-05-13 14:11:37 --> Utf8 Class Initialized
INFO - 2025-05-13 14:11:37 --> URI Class Initialized
DEBUG - 2025-05-13 14:11:37 --> No URI present. Default controller set.
INFO - 2025-05-13 14:11:37 --> Router Class Initialized
INFO - 2025-05-13 14:11:37 --> Output Class Initialized
INFO - 2025-05-13 14:11:37 --> Security Class Initialized
DEBUG - 2025-05-13 14:11:37 --> Global POST, GET and COOKIE data sanitized
INFO - 2025-05-13 14:11:37 --> Input Class Initialized
INFO - 2025-05-13 14:11:37 --> Language Class Initialized
INFO - 2025-05-13 14:11:37 --> Language Class Initialized
INFO - 2025-05-13 14:11:37 --> Config Class Initialized
INFO - 2025-05-13 14:11:37 --> Loader Class Initialized
INFO - 2025-05-13 14:11:37 --> Helper loaded: url_helper
INFO - 2025-05-13 14:11:37 --> Helper loaded: easyui_helper
INFO - 2025-05-13 14:11:37 --> Helper loaded: param_helper
INFO - 2025-05-13 14:11:37 --> Helper loaded: credential_helper
INFO - 2025-05-13 14:11:37 --> Helper loaded: template_helper
INFO - 2025-05-13 14:11:37 --> Helper loaded: rest_helper
INFO - 2025-05-13 14:11:37 --> Database Driver Class Initialized
DEBUG - 2025-05-13 14:11:37 --> Idgenerator class already loaded. Second attempt ignored.
INFO - 2025-05-13 14:11:37 --> Controller Class Initialized
DEBUG - 2025-05-13 14:11:37 --> File loaded: /apps/web-drc/application/modules/app_auth/views/login_lte_template.php
DEBUG - 2025-05-13 14:11:37 --> File loaded: /apps/web-drc/application/views/template_login_lte/header.php
DEBUG - 2025-05-13 14:11:37 --> File loaded: /apps/web-drc/application/views/template_login_lte/contents.php
DEBUG - 2025-05-13 14:11:37 --> File loaded: /apps/web-drc/application/views/template_login_lte/default.php
INFO - 2025-05-13 14:11:37 --> Final output sent to browser
DEBUG - 2025-05-13 14:11:37 --> Total execution time: 0.0055
