INFO - 2025-03-06 12:32:53 --> Config Class Initialized
INFO - 2025-03-06 12:32:53 --> Hooks Class Initialized
DEBUG - 2025-03-06 12:32:53 --> UTF-8 Support Enabled
INFO - 2025-03-06 12:32:53 --> Utf8 Class Initialized
INFO - 2025-03-06 12:32:53 --> URI Class Initialized
DEBUG - 2025-03-06 12:32:53 --> No URI present. Default controller set.
INFO - 2025-03-06 12:32:53 --> Router Class Initialized
INFO - 2025-03-06 12:32:53 --> Output Class Initialized
INFO - 2025-03-06 12:32:53 --> Security Class Initialized
DEBUG - 2025-03-06 12:32:53 --> Global POST, GET and COOKIE data sanitized
INFO - 2025-03-06 12:32:53 --> Input Class Initialized
INFO - 2025-03-06 12:32:53 --> Language Class Initialized
INFO - 2025-03-06 12:32:53 --> Language Class Initialized
INFO - 2025-03-06 12:32:53 --> Config Class Initialized
INFO - 2025-03-06 12:32:53 --> Loader Class Initialized
INFO - 2025-03-06 12:32:53 --> Helper loaded: url_helper
INFO - 2025-03-06 12:32:53 --> Helper loaded: easyui_helper
INFO - 2025-03-06 12:32:53 --> Helper loaded: param_helper
INFO - 2025-03-06 12:32:53 --> Helper loaded: credential_helper
INFO - 2025-03-06 12:32:53 --> Helper loaded: template_helper
INFO - 2025-03-06 12:32:53 --> Helper loaded: rest_helper
INFO - 2025-03-06 12:32:53 --> Database Driver Class Initialized
DEBUG - 2025-03-06 12:32:53 --> Idgenerator class already loaded. Second attempt ignored.
INFO - 2025-03-06 12:32:53 --> Controller Class Initialized
DEBUG - 2025-03-06 12:32:53 --> File loaded: /apps/web-drc/application/modules/app_auth/views/login_lte_template.php
DEBUG - 2025-03-06 12:32:53 --> File loaded: /apps/web-drc/application/views/template_login_lte/header.php
DEBUG - 2025-03-06 12:32:53 --> File loaded: /apps/web-drc/application/views/template_login_lte/contents.php
DEBUG - 2025-03-06 12:32:53 --> File loaded: /apps/web-drc/application/views/template_login_lte/default.php
INFO - 2025-03-06 12:32:53 --> Final output sent to browser
DEBUG - 2025-03-06 12:32:53 --> Total execution time: 0.0730
INFO - 2025-03-06 18:36:18 --> Config Class Initialized
INFO - 2025-03-06 18:36:18 --> Hooks Class Initialized
DEBUG - 2025-03-06 18:36:18 --> UTF-8 Support Enabled
INFO - 2025-03-06 18:36:18 --> Utf8 Class Initialized
INFO - 2025-03-06 18:36:18 --> URI Class Initialized
DEBUG - 2025-03-06 18:36:18 --> No URI present. Default controller set.
INFO - 2025-03-06 18:36:18 --> Router Class Initialized
INFO - 2025-03-06 18:36:18 --> Output Class Initialized
INFO - 2025-03-06 18:36:18 --> Security Class Initialized
DEBUG - 2025-03-06 18:36:18 --> Global POST, GET and COOKIE data sanitized
INFO - 2025-03-06 18:36:18 --> Input Class Initialized
INFO - 2025-03-06 18:36:18 --> Language Class Initialized
INFO - 2025-03-06 18:36:18 --> Language Class Initialized
INFO - 2025-03-06 18:36:18 --> Config Class Initialized
INFO - 2025-03-06 18:36:18 --> Loader Class Initialized
INFO - 2025-03-06 18:36:18 --> Helper loaded: url_helper
INFO - 2025-03-06 18:36:18 --> Helper loaded: easyui_helper
INFO - 2025-03-06 18:36:18 --> Helper loaded: param_helper
INFO - 2025-03-06 18:36:18 --> Helper loaded: credential_helper
INFO - 2025-03-06 18:36:18 --> Helper loaded: template_helper
INFO - 2025-03-06 18:36:18 --> Helper loaded: rest_helper
INFO - 2025-03-06 18:36:18 --> Database Driver Class Initialized
DEBUG - 2025-03-06 18:36:18 --> Idgenerator class already loaded. Second attempt ignored.
INFO - 2025-03-06 18:36:18 --> Controller Class Initialized
DEBUG - 2025-03-06 18:36:18 --> File loaded: /apps/web-drc/application/modules/app_auth/views/login_lte_template.php
DEBUG - 2025-03-06 18:36:18 --> File loaded: /apps/web-drc/application/views/template_login_lte/header.php
DEBUG - 2025-03-06 18:36:18 --> File loaded: /apps/web-drc/application/views/template_login_lte/contents.php
DEBUG - 2025-03-06 18:36:18 --> File loaded: /apps/web-drc/application/views/template_login_lte/default.php
INFO - 2025-03-06 18:36:18 --> Final output sent to browser
DEBUG - 2025-03-06 18:36:18 --> Total execution time: 0.0431
