INFO - 2025-04-26 04:26:24 --> Config Class Initialized
INFO - 2025-04-26 04:26:24 --> Hooks Class Initialized
DEBUG - 2025-04-26 04:26:24 --> UTF-8 Support Enabled
INFO - 2025-04-26 04:26:24 --> Utf8 Class Initialized
INFO - 2025-04-26 04:26:24 --> URI Class Initialized
DEBUG - 2025-04-26 04:26:24 --> No URI present. Default controller set.
INFO - 2025-04-26 04:26:24 --> Router Class Initialized
INFO - 2025-04-26 04:26:24 --> Output Class Initialized
INFO - 2025-04-26 04:26:24 --> Security Class Initialized
DEBUG - 2025-04-26 04:26:24 --> Global POST, GET and COOKIE data sanitized
INFO - 2025-04-26 04:26:24 --> Input Class Initialized
INFO - 2025-04-26 04:26:24 --> Language Class Initialized
INFO - 2025-04-26 04:26:24 --> Language Class Initialized
INFO - 2025-04-26 04:26:24 --> Config Class Initialized
INFO - 2025-04-26 04:26:24 --> Loader Class Initialized
INFO - 2025-04-26 04:26:24 --> Helper loaded: url_helper
INFO - 2025-04-26 04:26:24 --> Helper loaded: easyui_helper
INFO - 2025-04-26 04:26:24 --> Helper loaded: param_helper
INFO - 2025-04-26 04:26:24 --> Helper loaded: credential_helper
INFO - 2025-04-26 04:26:24 --> Helper loaded: template_helper
INFO - 2025-04-26 04:26:24 --> Helper loaded: rest_helper
INFO - 2025-04-26 04:26:24 --> Database Driver Class Initialized
DEBUG - 2025-04-26 04:26:24 --> Idgenerator class already loaded. Second attempt ignored.
INFO - 2025-04-26 04:26:24 --> Controller Class Initialized
DEBUG - 2025-04-26 04:26:24 --> File loaded: /apps/web-drc/application/modules/app_auth/views/login_lte_template.php
DEBUG - 2025-04-26 04:26:24 --> File loaded: /apps/web-drc/application/views/template_login_lte/header.php
DEBUG - 2025-04-26 04:26:24 --> File loaded: /apps/web-drc/application/views/template_login_lte/contents.php
DEBUG - 2025-04-26 04:26:24 --> File loaded: /apps/web-drc/application/views/template_login_lte/default.php
INFO - 2025-04-26 04:26:24 --> Final output sent to browser
DEBUG - 2025-04-26 04:26:24 --> Total execution time: 0.0606
INFO - 2025-04-26 13:14:28 --> Config Class Initialized
INFO - 2025-04-26 13:14:28 --> Hooks Class Initialized
DEBUG - 2025-04-26 13:14:28 --> UTF-8 Support Enabled
INFO - 2025-04-26 13:14:28 --> Utf8 Class Initialized
INFO - 2025-04-26 13:14:28 --> URI Class Initialized
DEBUG - 2025-04-26 13:14:28 --> No URI present. Default controller set.
INFO - 2025-04-26 13:14:28 --> Router Class Initialized
INFO - 2025-04-26 13:14:28 --> Output Class Initialized
INFO - 2025-04-26 13:14:28 --> Security Class Initialized
DEBUG - 2025-04-26 13:14:28 --> Global POST, GET and COOKIE data sanitized
INFO - 2025-04-26 13:14:28 --> Input Class Initialized
INFO - 2025-04-26 13:14:28 --> Language Class Initialized
INFO - 2025-04-26 13:14:28 --> Language Class Initialized
INFO - 2025-04-26 13:14:28 --> Config Class Initialized
INFO - 2025-04-26 13:14:28 --> Loader Class Initialized
INFO - 2025-04-26 13:14:28 --> Helper loaded: url_helper
INFO - 2025-04-26 13:14:28 --> Helper loaded: easyui_helper
INFO - 2025-04-26 13:14:28 --> Helper loaded: param_helper
INFO - 2025-04-26 13:14:28 --> Helper loaded: credential_helper
INFO - 2025-04-26 13:14:28 --> Helper loaded: template_helper
INFO - 2025-04-26 13:14:28 --> Helper loaded: rest_helper
INFO - 2025-04-26 13:14:28 --> Database Driver Class Initialized
DEBUG - 2025-04-26 13:14:28 --> Idgenerator class already loaded. Second attempt ignored.
INFO - 2025-04-26 13:14:28 --> Controller Class Initialized
DEBUG - 2025-04-26 13:14:28 --> File loaded: /apps/web-drc/application/modules/app_auth/views/login_lte_template.php
DEBUG - 2025-04-26 13:14:28 --> File loaded: /apps/web-drc/application/views/template_login_lte/header.php
DEBUG - 2025-04-26 13:14:28 --> File loaded: /apps/web-drc/application/views/template_login_lte/contents.php
DEBUG - 2025-04-26 13:14:28 --> File loaded: /apps/web-drc/application/views/template_login_lte/default.php
INFO - 2025-04-26 13:14:28 --> Final output sent to browser
DEBUG - 2025-04-26 13:14:28 --> Total execution time: 0.1205
INFO - 2025-04-26 13:14:30 --> Config Class Initialized
INFO - 2025-04-26 13:14:30 --> Hooks Class Initialized
DEBUG - 2025-04-26 13:14:30 --> UTF-8 Support Enabled
INFO - 2025-04-26 13:14:30 --> Utf8 Class Initialized
INFO - 2025-04-26 13:14:30 --> URI Class Initialized
INFO - 2025-04-26 13:14:30 --> Router Class Initialized
INFO - 2025-04-26 13:14:30 --> Output Class Initialized
INFO - 2025-04-26 13:14:30 --> Security Class Initialized
DEBUG - 2025-04-26 13:14:30 --> Global POST, GET and COOKIE data sanitized
INFO - 2025-04-26 13:14:30 --> Input Class Initialized
INFO - 2025-04-26 13:14:30 --> Language Class Initialized
ERROR - 2025-04-26 13:14:30 --> 404 Page Not Found: /index
