INFO - 2025-03-01 05:32:51 --> Config Class Initialized
INFO - 2025-03-01 05:32:51 --> Hooks Class Initialized
DEBUG - 2025-03-01 05:32:51 --> UTF-8 Support Enabled
INFO - 2025-03-01 05:32:51 --> Utf8 Class Initialized
INFO - 2025-03-01 05:32:51 --> URI Class Initialized
INFO - 2025-03-01 05:32:51 --> Router Class Initialized
INFO - 2025-03-01 05:32:51 --> Output Class Initialized
INFO - 2025-03-01 05:32:51 --> Security Class Initialized
DEBUG - 2025-03-01 05:32:51 --> Global POST, GET and COOKIE data sanitized
INFO - 2025-03-01 05:32:51 --> Input Class Initialized
INFO - 2025-03-01 05:32:51 --> Language Class Initialized
INFO - 2025-03-01 05:32:51 --> Language Class Initialized
INFO - 2025-03-01 05:32:51 --> Config Class Initialized
INFO - 2025-03-01 05:32:51 --> Loader Class Initialized
INFO - 2025-03-01 05:32:51 --> Helper loaded: url_helper
INFO - 2025-03-01 05:32:51 --> Helper loaded: easyui_helper
INFO - 2025-03-01 05:32:51 --> Helper loaded: param_helper
INFO - 2025-03-01 05:32:51 --> Helper loaded: credential_helper
INFO - 2025-03-01 05:32:51 --> Helper loaded: template_helper
INFO - 2025-03-01 05:32:51 --> Helper loaded: rest_helper
INFO - 2025-03-01 05:32:51 --> Database Driver Class Initialized
DEBUG - 2025-03-01 05:32:51 --> Idgenerator class already loaded. Second attempt ignored.
INFO - 2025-03-01 05:32:51 --> Controller Class Initialized
INFO - 2025-03-01 05:32:51 --> Model Class Initialized
DEBUG - 2025-03-01 05:32:51 --> File loaded: /apps/web-drc/application/modules/api_v1/models/Api_v1_model.php
INFO - 2025-03-01 05:32:51 --> Model Class Initialized
ERROR - 2025-03-01 05:32:52 --> Query error: Duplicate entry '2025-03-01-GSKMD34-54795-PN01' for key 'PRIMARY' - Invalid query: insert into t_sales_crc(periode,salesmanid,customerid,productid,brandid,harga,price)
							select '2025-03-01',a.salesmanid, a.customerid, c.productid, d.brandid, d.h_ritel, ifnull(e.price,0)
							from t_sales_rrk a join m_customer_ob b on a.customerid = b.customerid and a.salesmanid=b.salesmanid
							join m_customer mc on b.customerid = mc.customerid
							join mapping_sku_active c on mc.classid = c.idaccount
							join m_product d on c.productid = d.productid
							left join t_stock_all_outlet e on a.salesmanid=e.salesmanid and a.customerid = e.customerid 
							and d.productid=e.productid and e.tahun=date_format('2025-03-01','%Y') and e.bulan=date_format('2025-03-01','%m')
						where a.periode='2025-03-01' and a.customerid not in (select distinct customerid from mapping_sku_active_last3months);
						
INFO - 2025-03-01 05:32:56 --> Final output sent to browser
DEBUG - 2025-03-01 05:32:56 --> Total execution time: 4.7246
INFO - 2025-03-01 07:59:55 --> Config Class Initialized
INFO - 2025-03-01 07:59:55 --> Hooks Class Initialized
DEBUG - 2025-03-01 07:59:55 --> UTF-8 Support Enabled
INFO - 2025-03-01 07:59:55 --> Utf8 Class Initialized
INFO - 2025-03-01 07:59:55 --> URI Class Initialized
DEBUG - 2025-03-01 07:59:55 --> No URI present. Default controller set.
INFO - 2025-03-01 07:59:55 --> Router Class Initialized
INFO - 2025-03-01 07:59:55 --> Output Class Initialized
INFO - 2025-03-01 07:59:55 --> Security Class Initialized
DEBUG - 2025-03-01 07:59:55 --> Global POST, GET and COOKIE data sanitized
INFO - 2025-03-01 07:59:55 --> Input Class Initialized
INFO - 2025-03-01 07:59:55 --> Language Class Initialized
INFO - 2025-03-01 07:59:55 --> Language Class Initialized
INFO - 2025-03-01 07:59:55 --> Config Class Initialized
INFO - 2025-03-01 07:59:55 --> Loader Class Initialized
INFO - 2025-03-01 07:59:55 --> Helper loaded: url_helper
INFO - 2025-03-01 07:59:55 --> Helper loaded: easyui_helper
INFO - 2025-03-01 07:59:55 --> Helper loaded: param_helper
INFO - 2025-03-01 07:59:55 --> Helper loaded: credential_helper
INFO - 2025-03-01 07:59:55 --> Helper loaded: template_helper
INFO - 2025-03-01 07:59:55 --> Helper loaded: rest_helper
INFO - 2025-03-01 07:59:55 --> Database Driver Class Initialized
DEBUG - 2025-03-01 07:59:55 --> Idgenerator class already loaded. Second attempt ignored.
INFO - 2025-03-01 07:59:55 --> Controller Class Initialized
DEBUG - 2025-03-01 07:59:55 --> File loaded: /apps/web-drc/application/modules/app_auth/views/login_lte_template.php
DEBUG - 2025-03-01 07:59:55 --> File loaded: /apps/web-drc/application/views/template_login_lte/header.php
DEBUG - 2025-03-01 07:59:55 --> File loaded: /apps/web-drc/application/views/template_login_lte/contents.php
DEBUG - 2025-03-01 07:59:55 --> File loaded: /apps/web-drc/application/views/template_login_lte/default.php
INFO - 2025-03-01 07:59:55 --> Final output sent to browser
DEBUG - 2025-03-01 07:59:55 --> Total execution time: 0.0304
INFO - 2025-03-01 09:34:13 --> Config Class Initialized
INFO - 2025-03-01 09:34:13 --> Hooks Class Initialized
DEBUG - 2025-03-01 09:34:13 --> UTF-8 Support Enabled
INFO - 2025-03-01 09:34:13 --> Utf8 Class Initialized
INFO - 2025-03-01 09:34:13 --> URI Class Initialized
DEBUG - 2025-03-01 09:34:13 --> No URI present. Default controller set.
INFO - 2025-03-01 09:34:13 --> Router Class Initialized
INFO - 2025-03-01 09:34:13 --> Output Class Initialized
INFO - 2025-03-01 09:34:13 --> Security Class Initialized
DEBUG - 2025-03-01 09:34:13 --> Global POST, GET and COOKIE data sanitized
INFO - 2025-03-01 09:34:13 --> Input Class Initialized
INFO - 2025-03-01 09:34:13 --> Language Class Initialized
INFO - 2025-03-01 09:34:13 --> Language Class Initialized
INFO - 2025-03-01 09:34:13 --> Config Class Initialized
INFO - 2025-03-01 09:34:13 --> Loader Class Initialized
INFO - 2025-03-01 09:34:13 --> Helper loaded: url_helper
INFO - 2025-03-01 09:34:13 --> Helper loaded: easyui_helper
INFO - 2025-03-01 09:34:13 --> Helper loaded: param_helper
INFO - 2025-03-01 09:34:13 --> Helper loaded: credential_helper
INFO - 2025-03-01 09:34:13 --> Helper loaded: template_helper
INFO - 2025-03-01 09:34:13 --> Helper loaded: rest_helper
INFO - 2025-03-01 09:34:13 --> Database Driver Class Initialized
DEBUG - 2025-03-01 09:34:13 --> Idgenerator class already loaded. Second attempt ignored.
INFO - 2025-03-01 09:34:13 --> Controller Class Initialized
DEBUG - 2025-03-01 09:34:13 --> File loaded: /apps/web-drc/application/modules/app_auth/views/login_lte_template.php
DEBUG - 2025-03-01 09:34:13 --> File loaded: /apps/web-drc/application/views/template_login_lte/header.php
DEBUG - 2025-03-01 09:34:13 --> File loaded: /apps/web-drc/application/views/template_login_lte/contents.php
DEBUG - 2025-03-01 09:34:13 --> File loaded: /apps/web-drc/application/views/template_login_lte/default.php
INFO - 2025-03-01 09:34:13 --> Final output sent to browser
DEBUG - 2025-03-01 09:34:13 --> Total execution time: 0.0037
INFO - 2025-03-01 09:34:14 --> Config Class Initialized
INFO - 2025-03-01 09:34:14 --> Hooks Class Initialized
DEBUG - 2025-03-01 09:34:14 --> UTF-8 Support Enabled
INFO - 2025-03-01 09:34:14 --> Utf8 Class Initialized
INFO - 2025-03-01 09:34:14 --> URI Class Initialized
INFO - 2025-03-01 09:34:14 --> Router Class Initialized
INFO - 2025-03-01 09:34:14 --> Output Class Initialized
INFO - 2025-03-01 09:34:14 --> Security Class Initialized
DEBUG - 2025-03-01 09:34:14 --> Global POST, GET and COOKIE data sanitized
INFO - 2025-03-01 09:34:14 --> Input Class Initialized
INFO - 2025-03-01 09:34:14 --> Language Class Initialized
ERROR - 2025-03-01 09:34:14 --> 404 Page Not Found: /index
INFO - 2025-03-01 12:28:55 --> Config Class Initialized
INFO - 2025-03-01 12:28:55 --> Hooks Class Initialized
DEBUG - 2025-03-01 12:28:55 --> UTF-8 Support Enabled
INFO - 2025-03-01 12:28:55 --> Utf8 Class Initialized
INFO - 2025-03-01 12:28:55 --> URI Class Initialized
DEBUG - 2025-03-01 12:28:56 --> No URI present. Default controller set.
INFO - 2025-03-01 12:28:56 --> Router Class Initialized
INFO - 2025-03-01 12:28:56 --> Output Class Initialized
INFO - 2025-03-01 12:28:56 --> Security Class Initialized
DEBUG - 2025-03-01 12:28:56 --> Global POST, GET and COOKIE data sanitized
INFO - 2025-03-01 12:28:56 --> Input Class Initialized
INFO - 2025-03-01 12:28:56 --> Language Class Initialized
INFO - 2025-03-01 12:28:56 --> Language Class Initialized
INFO - 2025-03-01 12:28:56 --> Config Class Initialized
INFO - 2025-03-01 12:28:56 --> Loader Class Initialized
INFO - 2025-03-01 12:28:56 --> Helper loaded: url_helper
INFO - 2025-03-01 12:28:56 --> Helper loaded: easyui_helper
INFO - 2025-03-01 12:28:56 --> Helper loaded: param_helper
INFO - 2025-03-01 12:28:56 --> Helper loaded: credential_helper
INFO - 2025-03-01 12:28:56 --> Helper loaded: template_helper
INFO - 2025-03-01 12:28:56 --> Helper loaded: rest_helper
INFO - 2025-03-01 12:28:56 --> Database Driver Class Initialized
DEBUG - 2025-03-01 12:28:56 --> Idgenerator class already loaded. Second attempt ignored.
INFO - 2025-03-01 12:28:56 --> Controller Class Initialized
DEBUG - 2025-03-01 12:28:56 --> File loaded: /apps/web-drc/application/modules/app_auth/views/login_lte_template.php
DEBUG - 2025-03-01 12:28:56 --> File loaded: /apps/web-drc/application/views/template_login_lte/header.php
DEBUG - 2025-03-01 12:28:56 --> File loaded: /apps/web-drc/application/views/template_login_lte/contents.php
DEBUG - 2025-03-01 12:28:56 --> File loaded: /apps/web-drc/application/views/template_login_lte/default.php
INFO - 2025-03-01 12:28:56 --> Final output sent to browser
DEBUG - 2025-03-01 12:28:56 --> Total execution time: 0.0224
INFO - 2025-03-01 21:27:10 --> Config Class Initialized
INFO - 2025-03-01 21:27:10 --> Hooks Class Initialized
DEBUG - 2025-03-01 21:27:10 --> UTF-8 Support Enabled
INFO - 2025-03-01 21:27:10 --> Utf8 Class Initialized
INFO - 2025-03-01 21:27:10 --> URI Class Initialized
DEBUG - 2025-03-01 21:27:10 --> No URI present. Default controller set.
INFO - 2025-03-01 21:27:10 --> Router Class Initialized
INFO - 2025-03-01 21:27:10 --> Output Class Initialized
INFO - 2025-03-01 21:27:10 --> Security Class Initialized
DEBUG - 2025-03-01 21:27:10 --> Global POST, GET and COOKIE data sanitized
INFO - 2025-03-01 21:27:10 --> Input Class Initialized
INFO - 2025-03-01 21:27:10 --> Language Class Initialized
INFO - 2025-03-01 21:27:10 --> Language Class Initialized
INFO - 2025-03-01 21:27:10 --> Config Class Initialized
INFO - 2025-03-01 21:27:10 --> Loader Class Initialized
INFO - 2025-03-01 21:27:10 --> Helper loaded: url_helper
INFO - 2025-03-01 21:27:10 --> Helper loaded: easyui_helper
INFO - 2025-03-01 21:27:10 --> Helper loaded: param_helper
INFO - 2025-03-01 21:27:10 --> Helper loaded: credential_helper
INFO - 2025-03-01 21:27:10 --> Helper loaded: template_helper
INFO - 2025-03-01 21:27:10 --> Helper loaded: rest_helper
INFO - 2025-03-01 21:27:10 --> Database Driver Class Initialized
DEBUG - 2025-03-01 21:27:10 --> Idgenerator class already loaded. Second attempt ignored.
INFO - 2025-03-01 21:27:10 --> Controller Class Initialized
DEBUG - 2025-03-01 21:27:10 --> File loaded: /apps/web-drc/application/modules/app_auth/views/login_lte_template.php
DEBUG - 2025-03-01 21:27:10 --> File loaded: /apps/web-drc/application/views/template_login_lte/header.php
DEBUG - 2025-03-01 21:27:10 --> File loaded: /apps/web-drc/application/views/template_login_lte/contents.php
DEBUG - 2025-03-01 21:27:10 --> File loaded: /apps/web-drc/application/views/template_login_lte/default.php
INFO - 2025-03-01 21:27:10 --> Final output sent to browser
DEBUG - 2025-03-01 21:27:10 --> Total execution time: 0.0418
