INFO - 2025-03-08 00:20:33 --> Config Class Initialized
INFO - 2025-03-08 00:20:33 --> Hooks Class Initialized
DEBUG - 2025-03-08 00:20:33 --> UTF-8 Support Enabled
INFO - 2025-03-08 00:20:33 --> Utf8 Class Initialized
INFO - 2025-03-08 00:20:33 --> URI Class Initialized
INFO - 2025-03-08 00:20:33 --> Router Class Initialized
INFO - 2025-03-08 00:20:33 --> Output Class Initialized
INFO - 2025-03-08 00:20:33 --> Security Class Initialized
DEBUG - 2025-03-08 00:20:33 --> Global POST, GET and COOKIE data sanitized
INFO - 2025-03-08 00:20:33 --> Input Class Initialized
INFO - 2025-03-08 00:20:33 --> Language Class Initialized
INFO - 2025-03-08 00:20:33 --> Language Class Initialized
INFO - 2025-03-08 00:20:33 --> Config Class Initialized
INFO - 2025-03-08 00:20:33 --> Loader Class Initialized
INFO - 2025-03-08 00:20:33 --> Helper loaded: url_helper
INFO - 2025-03-08 00:20:33 --> Helper loaded: easyui_helper
INFO - 2025-03-08 00:20:33 --> Helper loaded: param_helper
INFO - 2025-03-08 00:20:33 --> Helper loaded: credential_helper
INFO - 2025-03-08 00:20:33 --> Helper loaded: template_helper
INFO - 2025-03-08 00:20:33 --> Helper loaded: rest_helper
INFO - 2025-03-08 00:20:33 --> Database Driver Class Initialized
DEBUG - 2025-03-08 00:20:33 --> Idgenerator class already loaded. Second attempt ignored.
INFO - 2025-03-08 00:20:33 --> Controller Class Initialized
INFO - 2025-03-08 00:20:33 --> Model Class Initialized
DEBUG - 2025-03-08 00:20:33 --> File loaded: /apps/web-drc/application/modules/api_v1/models/Api_v1_model.php
INFO - 2025-03-08 00:20:33 --> Model Class Initialized
ERROR - 2025-03-08 00:20:43 --> Query error: Duplicate entry '2025-03-08-GSKMD34-54795-PN01' for key 'PRIMARY' - Invalid query: insert into t_sales_crc(periode,salesmanid,customerid,productid,brandid,harga,price)
							select '2025-03-08',a.salesmanid, a.customerid, c.productid, d.brandid, d.h_ritel, ifnull(e.price,0)
							from t_sales_rrk a join m_customer_ob b on a.customerid = b.customerid and a.salesmanid=b.salesmanid
							join m_customer mc on b.customerid = mc.customerid
							join mapping_sku_active c on mc.classid = c.idaccount
							join m_product d on c.productid = d.productid
							left join t_stock_all_outlet e on a.salesmanid=e.salesmanid and a.customerid = e.customerid 
							and d.productid=e.productid and e.tahun=date_format('2025-03-08','%Y') and e.bulan=date_format('2025-03-08','%m')
						where a.periode='2025-03-08' and a.customerid not in (select distinct customerid from mapping_sku_active_last3months);
						
INFO - 2025-03-08 00:20:47 --> Final output sent to browser
DEBUG - 2025-03-08 00:20:47 --> Total execution time: 13.8655
INFO - 2025-03-08 00:20:47 --> Config Class Initialized
INFO - 2025-03-08 00:20:47 --> Hooks Class Initialized
DEBUG - 2025-03-08 00:20:47 --> UTF-8 Support Enabled
INFO - 2025-03-08 00:20:47 --> Utf8 Class Initialized
INFO - 2025-03-08 00:20:47 --> URI Class Initialized
INFO - 2025-03-08 00:20:47 --> Router Class Initialized
INFO - 2025-03-08 00:20:47 --> Output Class Initialized
INFO - 2025-03-08 00:20:47 --> Security Class Initialized
DEBUG - 2025-03-08 00:20:47 --> Global POST, GET and COOKIE data sanitized
INFO - 2025-03-08 00:20:47 --> Input Class Initialized
INFO - 2025-03-08 00:20:47 --> Language Class Initialized
ERROR - 2025-03-08 00:20:47 --> 404 Page Not Found: /index
