INFO - 2025-05-14 01:47:33 --> Config Class Initialized
INFO - 2025-05-14 01:47:33 --> Hooks Class Initialized
DEBUG - 2025-05-14 01:47:33 --> UTF-8 Support Enabled
INFO - 2025-05-14 01:47:33 --> Utf8 Class Initialized
INFO - 2025-05-14 01:47:33 --> URI Class Initialized
DEBUG - 2025-05-14 01:47:33 --> No URI present. Default controller set.
INFO - 2025-05-14 01:47:33 --> Router Class Initialized
INFO - 2025-05-14 01:47:33 --> Output Class Initialized
INFO - 2025-05-14 01:47:33 --> Security Class Initialized
DEBUG - 2025-05-14 01:47:33 --> Global POST, GET and COOKIE data sanitized
INFO - 2025-05-14 01:47:33 --> Input Class Initialized
INFO - 2025-05-14 01:47:33 --> Language Class Initialized
INFO - 2025-05-14 01:47:33 --> Language Class Initialized
INFO - 2025-05-14 01:47:33 --> Config Class Initialized
INFO - 2025-05-14 01:47:33 --> Loader Class Initialized
INFO - 2025-05-14 01:47:33 --> Helper loaded: url_helper
INFO - 2025-05-14 01:47:33 --> Helper loaded: easyui_helper
INFO - 2025-05-14 01:47:33 --> Helper loaded: param_helper
INFO - 2025-05-14 01:47:33 --> Helper loaded: credential_helper
INFO - 2025-05-14 01:47:33 --> Helper loaded: template_helper
INFO - 2025-05-14 01:47:33 --> Helper loaded: rest_helper
INFO - 2025-05-14 01:47:33 --> Database Driver Class Initialized
DEBUG - 2025-05-14 01:47:33 --> Idgenerator class already loaded. Second attempt ignored.
INFO - 2025-05-14 01:47:33 --> Controller Class Initialized
DEBUG - 2025-05-14 01:47:33 --> File loaded: /apps/web-drc/application/modules/app_auth/views/login_lte_template.php
DEBUG - 2025-05-14 01:47:33 --> File loaded: /apps/web-drc/application/views/template_login_lte/header.php
DEBUG - 2025-05-14 01:47:33 --> File loaded: /apps/web-drc/application/views/template_login_lte/contents.php
DEBUG - 2025-05-14 01:47:33 --> File loaded: /apps/web-drc/application/views/template_login_lte/default.php
INFO - 2025-05-14 01:47:33 --> Final output sent to browser
DEBUG - 2025-05-14 01:47:33 --> Total execution time: 0.0502
INFO - 2025-05-14 01:47:34 --> Config Class Initialized
INFO - 2025-05-14 01:47:34 --> Hooks Class Initialized
DEBUG - 2025-05-14 01:47:34 --> UTF-8 Support Enabled
INFO - 2025-05-14 01:47:34 --> Utf8 Class Initialized
INFO - 2025-05-14 01:47:34 --> URI Class Initialized
INFO - 2025-05-14 01:47:34 --> Router Class Initialized
INFO - 2025-05-14 01:47:34 --> Output Class Initialized
INFO - 2025-05-14 01:47:34 --> Security Class Initialized
DEBUG - 2025-05-14 01:47:34 --> Global POST, GET and COOKIE data sanitized
INFO - 2025-05-14 01:47:34 --> Input Class Initialized
INFO - 2025-05-14 01:47:34 --> Language Class Initialized
ERROR - 2025-05-14 01:47:34 --> 404 Page Not Found: /index
INFO - 2025-05-14 05:45:25 --> Config Class Initialized
INFO - 2025-05-14 05:45:25 --> Hooks Class Initialized
DEBUG - 2025-05-14 05:45:25 --> UTF-8 Support Enabled
INFO - 2025-05-14 05:45:25 --> Utf8 Class Initialized
INFO - 2025-05-14 05:45:25 --> URI Class Initialized
DEBUG - 2025-05-14 05:45:25 --> No URI present. Default controller set.
INFO - 2025-05-14 05:45:25 --> Router Class Initialized
INFO - 2025-05-14 05:45:25 --> Output Class Initialized
INFO - 2025-05-14 05:45:25 --> Security Class Initialized
DEBUG - 2025-05-14 05:45:25 --> Global POST, GET and COOKIE data sanitized
INFO - 2025-05-14 05:45:25 --> Input Class Initialized
INFO - 2025-05-14 05:45:25 --> Language Class Initialized
INFO - 2025-05-14 05:45:25 --> Language Class Initialized
INFO - 2025-05-14 05:45:25 --> Config Class Initialized
INFO - 2025-05-14 05:45:25 --> Loader Class Initialized
INFO - 2025-05-14 05:45:25 --> Helper loaded: url_helper
INFO - 2025-05-14 05:45:25 --> Helper loaded: easyui_helper
INFO - 2025-05-14 05:45:25 --> Helper loaded: param_helper
INFO - 2025-05-14 05:45:25 --> Helper loaded: credential_helper
INFO - 2025-05-14 05:45:25 --> Helper loaded: template_helper
INFO - 2025-05-14 05:45:25 --> Helper loaded: rest_helper
INFO - 2025-05-14 05:45:25 --> Database Driver Class Initialized
DEBUG - 2025-05-14 05:45:25 --> Idgenerator class already loaded. Second attempt ignored.
INFO - 2025-05-14 05:45:25 --> Controller Class Initialized
DEBUG - 2025-05-14 05:45:25 --> File loaded: /apps/web-drc/application/modules/app_auth/views/login_lte_template.php
DEBUG - 2025-05-14 05:45:25 --> File loaded: /apps/web-drc/application/views/template_login_lte/header.php
DEBUG - 2025-05-14 05:45:25 --> File loaded: /apps/web-drc/application/views/template_login_lte/contents.php
DEBUG - 2025-05-14 05:45:25 --> File loaded: /apps/web-drc/application/views/template_login_lte/default.php
INFO - 2025-05-14 05:45:25 --> Final output sent to browser
DEBUG - 2025-05-14 05:45:25 --> Total execution time: 0.0119
INFO - 2025-05-14 05:45:31 --> Config Class Initialized
INFO - 2025-05-14 05:45:31 --> Hooks Class Initialized
DEBUG - 2025-05-14 05:45:31 --> UTF-8 Support Enabled
INFO - 2025-05-14 05:45:31 --> Utf8 Class Initialized
INFO - 2025-05-14 05:45:31 --> URI Class Initialized
DEBUG - 2025-05-14 05:45:31 --> No URI present. Default controller set.
INFO - 2025-05-14 05:45:31 --> Router Class Initialized
INFO - 2025-05-14 05:45:31 --> Output Class Initialized
INFO - 2025-05-14 05:45:31 --> Security Class Initialized
DEBUG - 2025-05-14 05:45:31 --> Global POST, GET and COOKIE data sanitized
INFO - 2025-05-14 05:45:31 --> Input Class Initialized
INFO - 2025-05-14 05:45:31 --> Language Class Initialized
INFO - 2025-05-14 05:45:31 --> Language Class Initialized
INFO - 2025-05-14 05:45:31 --> Config Class Initialized
INFO - 2025-05-14 05:45:31 --> Loader Class Initialized
INFO - 2025-05-14 05:45:31 --> Helper loaded: url_helper
INFO - 2025-05-14 05:45:31 --> Helper loaded: easyui_helper
INFO - 2025-05-14 05:45:31 --> Helper loaded: param_helper
INFO - 2025-05-14 05:45:31 --> Helper loaded: credential_helper
INFO - 2025-05-14 05:45:31 --> Helper loaded: template_helper
INFO - 2025-05-14 05:45:31 --> Helper loaded: rest_helper
INFO - 2025-05-14 05:45:31 --> Database Driver Class Initialized
DEBUG - 2025-05-14 05:45:31 --> Idgenerator class already loaded. Second attempt ignored.
INFO - 2025-05-14 05:45:31 --> Controller Class Initialized
DEBUG - 2025-05-14 05:45:31 --> File loaded: /apps/web-drc/application/modules/app_auth/views/login_lte_template.php
DEBUG - 2025-05-14 05:45:31 --> File loaded: /apps/web-drc/application/views/template_login_lte/header.php
DEBUG - 2025-05-14 05:45:31 --> File loaded: /apps/web-drc/application/views/template_login_lte/contents.php
DEBUG - 2025-05-14 05:45:31 --> File loaded: /apps/web-drc/application/views/template_login_lte/default.php
INFO - 2025-05-14 05:45:31 --> Final output sent to browser
DEBUG - 2025-05-14 05:45:31 --> Total execution time: 0.0081
INFO - 2025-05-14 08:32:34 --> Config Class Initialized
INFO - 2025-05-14 08:32:34 --> Hooks Class Initialized
DEBUG - 2025-05-14 08:32:34 --> UTF-8 Support Enabled
INFO - 2025-05-14 08:32:34 --> Utf8 Class Initialized
INFO - 2025-05-14 08:32:34 --> URI Class Initialized
DEBUG - 2025-05-14 08:32:34 --> No URI present. Default controller set.
INFO - 2025-05-14 08:32:34 --> Router Class Initialized
INFO - 2025-05-14 08:32:34 --> Output Class Initialized
INFO - 2025-05-14 08:32:34 --> Security Class Initialized
DEBUG - 2025-05-14 08:32:34 --> Global POST, GET and COOKIE data sanitized
INFO - 2025-05-14 08:32:34 --> Input Class Initialized
INFO - 2025-05-14 08:32:34 --> Language Class Initialized
INFO - 2025-05-14 08:32:34 --> Language Class Initialized
INFO - 2025-05-14 08:32:34 --> Config Class Initialized
INFO - 2025-05-14 08:32:34 --> Loader Class Initialized
INFO - 2025-05-14 08:32:34 --> Helper loaded: url_helper
INFO - 2025-05-14 08:32:34 --> Helper loaded: easyui_helper
INFO - 2025-05-14 08:32:34 --> Helper loaded: param_helper
INFO - 2025-05-14 08:32:34 --> Helper loaded: credential_helper
INFO - 2025-05-14 08:32:34 --> Helper loaded: template_helper
INFO - 2025-05-14 08:32:34 --> Helper loaded: rest_helper
INFO - 2025-05-14 08:32:34 --> Database Driver Class Initialized
DEBUG - 2025-05-14 08:32:34 --> Idgenerator class already loaded. Second attempt ignored.
INFO - 2025-05-14 08:32:34 --> Controller Class Initialized
DEBUG - 2025-05-14 08:32:34 --> File loaded: /apps/web-drc/application/modules/app_auth/views/login_lte_template.php
DEBUG - 2025-05-14 08:32:34 --> File loaded: /apps/web-drc/application/views/template_login_lte/header.php
DEBUG - 2025-05-14 08:32:34 --> File loaded: /apps/web-drc/application/views/template_login_lte/contents.php
DEBUG - 2025-05-14 08:32:34 --> File loaded: /apps/web-drc/application/views/template_login_lte/default.php
INFO - 2025-05-14 08:32:34 --> Final output sent to browser
DEBUG - 2025-05-14 08:32:34 --> Total execution time: 0.0619
INFO - 2025-05-14 08:32:39 --> Config Class Initialized
INFO - 2025-05-14 08:32:39 --> Hooks Class Initialized
DEBUG - 2025-05-14 08:32:39 --> UTF-8 Support Enabled
INFO - 2025-05-14 08:32:39 --> Utf8 Class Initialized
INFO - 2025-05-14 08:32:39 --> URI Class Initialized
INFO - 2025-05-14 08:32:39 --> Router Class Initialized
INFO - 2025-05-14 08:32:39 --> Output Class Initialized
INFO - 2025-05-14 08:32:39 --> Security Class Initialized
DEBUG - 2025-05-14 08:32:39 --> Global POST, GET and COOKIE data sanitized
INFO - 2025-05-14 08:32:39 --> Input Class Initialized
INFO - 2025-05-14 08:32:39 --> Language Class Initialized
ERROR - 2025-05-14 08:32:39 --> 404 Page Not Found: /index
INFO - 2025-05-14 14:35:51 --> Config Class Initialized
INFO - 2025-05-14 14:35:51 --> Hooks Class Initialized
DEBUG - 2025-05-14 14:35:51 --> UTF-8 Support Enabled
INFO - 2025-05-14 14:35:51 --> Utf8 Class Initialized
INFO - 2025-05-14 14:35:51 --> URI Class Initialized
DEBUG - 2025-05-14 14:35:51 --> No URI present. Default controller set.
INFO - 2025-05-14 14:35:51 --> Router Class Initialized
INFO - 2025-05-14 14:35:51 --> Output Class Initialized
INFO - 2025-05-14 14:35:51 --> Security Class Initialized
DEBUG - 2025-05-14 14:35:51 --> Global POST, GET and COOKIE data sanitized
INFO - 2025-05-14 14:35:51 --> Input Class Initialized
INFO - 2025-05-14 14:35:51 --> Language Class Initialized
INFO - 2025-05-14 14:35:51 --> Language Class Initialized
INFO - 2025-05-14 14:35:51 --> Config Class Initialized
INFO - 2025-05-14 14:35:51 --> Loader Class Initialized
INFO - 2025-05-14 14:35:51 --> Helper loaded: url_helper
INFO - 2025-05-14 14:35:51 --> Helper loaded: easyui_helper
INFO - 2025-05-14 14:35:51 --> Helper loaded: param_helper
INFO - 2025-05-14 14:35:51 --> Helper loaded: credential_helper
INFO - 2025-05-14 14:35:51 --> Helper loaded: template_helper
INFO - 2025-05-14 14:35:51 --> Helper loaded: rest_helper
INFO - 2025-05-14 14:35:51 --> Database Driver Class Initialized
DEBUG - 2025-05-14 14:35:51 --> Idgenerator class already loaded. Second attempt ignored.
INFO - 2025-05-14 14:35:51 --> Controller Class Initialized
DEBUG - 2025-05-14 14:35:51 --> File loaded: /apps/web-drc/application/modules/app_auth/views/login_lte_template.php
DEBUG - 2025-05-14 14:35:51 --> File loaded: /apps/web-drc/application/views/template_login_lte/header.php
DEBUG - 2025-05-14 14:35:51 --> File loaded: /apps/web-drc/application/views/template_login_lte/contents.php
DEBUG - 2025-05-14 14:35:51 --> File loaded: /apps/web-drc/application/views/template_login_lte/default.php
INFO - 2025-05-14 14:35:51 --> Final output sent to browser
DEBUG - 2025-05-14 14:35:51 --> Total execution time: 0.0507
INFO - 2025-05-14 14:35:52 --> Config Class Initialized
INFO - 2025-05-14 14:35:52 --> Hooks Class Initialized
DEBUG - 2025-05-14 14:35:52 --> UTF-8 Support Enabled
INFO - 2025-05-14 14:35:52 --> Utf8 Class Initialized
INFO - 2025-05-14 14:35:52 --> URI Class Initialized
DEBUG - 2025-05-14 14:35:52 --> No URI present. Default controller set.
INFO - 2025-05-14 14:35:52 --> Router Class Initialized
INFO - 2025-05-14 14:35:52 --> Output Class Initialized
INFO - 2025-05-14 14:35:52 --> Security Class Initialized
DEBUG - 2025-05-14 14:35:52 --> Global POST, GET and COOKIE data sanitized
INFO - 2025-05-14 14:35:52 --> Input Class Initialized
INFO - 2025-05-14 14:35:52 --> Language Class Initialized
INFO - 2025-05-14 14:35:52 --> Language Class Initialized
INFO - 2025-05-14 14:35:52 --> Config Class Initialized
INFO - 2025-05-14 14:35:52 --> Loader Class Initialized
INFO - 2025-05-14 14:35:52 --> Helper loaded: url_helper
INFO - 2025-05-14 14:35:52 --> Helper loaded: easyui_helper
INFO - 2025-05-14 14:35:52 --> Helper loaded: param_helper
INFO - 2025-05-14 14:35:52 --> Helper loaded: credential_helper
INFO - 2025-05-14 14:35:52 --> Helper loaded: template_helper
INFO - 2025-05-14 14:35:52 --> Helper loaded: rest_helper
INFO - 2025-05-14 14:35:52 --> Database Driver Class Initialized
DEBUG - 2025-05-14 14:35:52 --> Idgenerator class already loaded. Second attempt ignored.
INFO - 2025-05-14 14:35:52 --> Controller Class Initialized
DEBUG - 2025-05-14 14:35:52 --> File loaded: /apps/web-drc/application/modules/app_auth/views/login_lte_template.php
DEBUG - 2025-05-14 14:35:52 --> File loaded: /apps/web-drc/application/views/template_login_lte/header.php
DEBUG - 2025-05-14 14:35:52 --> File loaded: /apps/web-drc/application/views/template_login_lte/contents.php
DEBUG - 2025-05-14 14:35:52 --> File loaded: /apps/web-drc/application/views/template_login_lte/default.php
INFO - 2025-05-14 14:35:52 --> Final output sent to browser
DEBUG - 2025-05-14 14:35:52 --> Total execution time: 0.0035
