INFO - 2025-02-12 06:24:45 --> Config Class Initialized
INFO - 2025-02-12 06:24:45 --> Hooks Class Initialized
DEBUG - 2025-02-12 06:24:45 --> UTF-8 Support Enabled
INFO - 2025-02-12 06:24:45 --> Utf8 Class Initialized
INFO - 2025-02-12 06:24:45 --> URI Class Initialized
INFO - 2025-02-12 06:24:45 --> Router Class Initialized
INFO - 2025-02-12 06:24:45 --> Output Class Initialized
INFO - 2025-02-12 06:24:45 --> Security Class Initialized
DEBUG - 2025-02-12 06:24:45 --> Global POST, GET and COOKIE data sanitized
INFO - 2025-02-12 06:24:45 --> Input Class Initialized
INFO - 2025-02-12 06:24:45 --> Language Class Initialized
ERROR - 2025-02-12 06:24:45 --> 404 Page Not Found: /index
INFO - 2025-02-12 06:24:46 --> Config Class Initialized
INFO - 2025-02-12 06:24:46 --> Hooks Class Initialized
DEBUG - 2025-02-12 06:24:46 --> UTF-8 Support Enabled
INFO - 2025-02-12 06:24:46 --> Utf8 Class Initialized
INFO - 2025-02-12 06:24:46 --> URI Class Initialized
DEBUG - 2025-02-12 06:24:46 --> No URI present. Default controller set.
INFO - 2025-02-12 06:24:46 --> Router Class Initialized
INFO - 2025-02-12 06:24:46 --> Output Class Initialized
INFO - 2025-02-12 06:24:46 --> Security Class Initialized
DEBUG - 2025-02-12 06:24:46 --> Global POST, GET and COOKIE data sanitized
INFO - 2025-02-12 06:24:46 --> Input Class Initialized
INFO - 2025-02-12 06:24:46 --> Language Class Initialized
INFO - 2025-02-12 06:24:46 --> Language Class Initialized
INFO - 2025-02-12 06:24:46 --> Config Class Initialized
INFO - 2025-02-12 06:24:46 --> Loader Class Initialized
INFO - 2025-02-12 06:24:46 --> Helper loaded: url_helper
INFO - 2025-02-12 06:24:46 --> Helper loaded: easyui_helper
INFO - 2025-02-12 06:24:46 --> Helper loaded: param_helper
INFO - 2025-02-12 06:24:46 --> Helper loaded: credential_helper
INFO - 2025-02-12 06:24:46 --> Helper loaded: template_helper
INFO - 2025-02-12 06:24:46 --> Helper loaded: rest_helper
INFO - 2025-02-12 06:24:46 --> Database Driver Class Initialized
DEBUG - 2025-02-12 06:24:46 --> Idgenerator class already loaded. Second attempt ignored.
INFO - 2025-02-12 06:24:46 --> Controller Class Initialized
DEBUG - 2025-02-12 06:24:46 --> File loaded: /apps/web-drc/application/modules/app_auth/views/login_lte_template.php
DEBUG - 2025-02-12 06:24:46 --> File loaded: /apps/web-drc/application/views/template_login_lte/header.php
DEBUG - 2025-02-12 06:24:46 --> File loaded: /apps/web-drc/application/views/template_login_lte/contents.php
DEBUG - 2025-02-12 06:24:46 --> File loaded: /apps/web-drc/application/views/template_login_lte/default.php
INFO - 2025-02-12 06:24:46 --> Final output sent to browser
DEBUG - 2025-02-12 06:24:46 --> Total execution time: 0.0434
INFO - 2025-02-12 19:45:38 --> Config Class Initialized
INFO - 2025-02-12 19:45:38 --> Hooks Class Initialized
DEBUG - 2025-02-12 19:45:38 --> UTF-8 Support Enabled
INFO - 2025-02-12 19:45:38 --> Utf8 Class Initialized
INFO - 2025-02-12 19:45:38 --> URI Class Initialized
INFO - 2025-02-12 19:45:38 --> Router Class Initialized
INFO - 2025-02-12 19:45:38 --> Output Class Initialized
INFO - 2025-02-12 19:45:38 --> Security Class Initialized
DEBUG - 2025-02-12 19:45:38 --> Global POST, GET and COOKIE data sanitized
INFO - 2025-02-12 19:45:38 --> Input Class Initialized
INFO - 2025-02-12 19:45:38 --> Language Class Initialized
INFO - 2025-02-12 19:45:38 --> Language Class Initialized
INFO - 2025-02-12 19:45:38 --> Config Class Initialized
INFO - 2025-02-12 19:45:38 --> Loader Class Initialized
INFO - 2025-02-12 19:45:38 --> Helper loaded: url_helper
INFO - 2025-02-12 19:45:38 --> Helper loaded: easyui_helper
INFO - 2025-02-12 19:45:38 --> Helper loaded: param_helper
INFO - 2025-02-12 19:45:38 --> Helper loaded: credential_helper
INFO - 2025-02-12 19:45:38 --> Helper loaded: template_helper
INFO - 2025-02-12 19:45:38 --> Helper loaded: rest_helper
INFO - 2025-02-12 19:45:38 --> Database Driver Class Initialized
DEBUG - 2025-02-12 19:45:38 --> Idgenerator class already loaded. Second attempt ignored.
INFO - 2025-02-12 19:45:38 --> Controller Class Initialized
INFO - 2025-02-12 19:45:38 --> Final output sent to browser
DEBUG - 2025-02-12 19:45:38 --> Total execution time: 0.1101
INFO - 2025-02-12 19:45:38 --> Config Class Initialized
INFO - 2025-02-12 19:45:38 --> Hooks Class Initialized
DEBUG - 2025-02-12 19:45:38 --> UTF-8 Support Enabled
INFO - 2025-02-12 19:45:38 --> Utf8 Class Initialized
INFO - 2025-02-12 19:45:38 --> URI Class Initialized
INFO - 2025-02-12 19:45:38 --> Router Class Initialized
INFO - 2025-02-12 19:45:38 --> Output Class Initialized
INFO - 2025-02-12 19:45:38 --> Security Class Initialized
DEBUG - 2025-02-12 19:45:38 --> Global POST, GET and COOKIE data sanitized
INFO - 2025-02-12 19:45:38 --> Input Class Initialized
INFO - 2025-02-12 19:45:38 --> Language Class Initialized
INFO - 2025-02-12 19:45:38 --> Language Class Initialized
INFO - 2025-02-12 19:45:38 --> Config Class Initialized
INFO - 2025-02-12 19:45:38 --> Loader Class Initialized
INFO - 2025-02-12 19:45:38 --> Helper loaded: url_helper
INFO - 2025-02-12 19:45:38 --> Helper loaded: easyui_helper
INFO - 2025-02-12 19:45:38 --> Helper loaded: param_helper
INFO - 2025-02-12 19:45:38 --> Helper loaded: credential_helper
INFO - 2025-02-12 19:45:38 --> Helper loaded: template_helper
INFO - 2025-02-12 19:45:38 --> Helper loaded: rest_helper
INFO - 2025-02-12 19:45:38 --> Database Driver Class Initialized
DEBUG - 2025-02-12 19:45:38 --> Idgenerator class already loaded. Second attempt ignored.
INFO - 2025-02-12 19:45:38 --> Controller Class Initialized
INFO - 2025-02-12 19:45:38 --> Model Class Initialized
DEBUG - 2025-02-12 19:45:38 --> File loaded: /apps/web-drc/application/modules/app_dashboard/models/App_dashboard_model.php
INFO - 2025-02-12 19:45:38 --> Model Class Initialized
DEBUG - 2025-02-12 19:45:38 --> File loaded: /apps/web-drc/application/modules/app_dashboard/views/content.php
DEBUG - 2025-02-12 19:45:38 --> File loaded: /apps/web-drc/application/views/templates/header.php
DEBUG - 2025-02-12 19:45:38 --> File loaded: /apps/web-drc/application/views/templates/toolbar.php
DEBUG - 2025-02-12 19:45:38 --> File loaded: /apps/web-drc/application/views/templates/sidebar.php
DEBUG - 2025-02-12 19:45:38 --> File loaded: /apps/web-drc/application/views/templates/contents.php
DEBUG - 2025-02-12 19:45:38 --> File loaded: /apps/web-drc/application/views/templates/content_footer.php
DEBUG - 2025-02-12 19:45:38 --> File loaded: /apps/web-drc/application/views/templates/footer.php
DEBUG - 2025-02-12 19:45:38 --> File loaded: /apps/web-drc/application/views/templates/default.php
INFO - 2025-02-12 19:45:38 --> Final output sent to browser
DEBUG - 2025-02-12 19:45:38 --> Total execution time: 0.0506
INFO - 2025-02-12 19:45:39 --> Config Class Initialized
INFO - 2025-02-12 19:45:39 --> Hooks Class Initialized
DEBUG - 2025-02-12 19:45:39 --> UTF-8 Support Enabled
INFO - 2025-02-12 19:45:39 --> Utf8 Class Initialized
INFO - 2025-02-12 19:45:39 --> URI Class Initialized
INFO - 2025-02-12 19:45:39 --> Router Class Initialized
INFO - 2025-02-12 19:45:39 --> Output Class Initialized
INFO - 2025-02-12 19:45:39 --> Security Class Initialized
DEBUG - 2025-02-12 19:45:39 --> Global POST, GET and COOKIE data sanitized
INFO - 2025-02-12 19:45:39 --> Input Class Initialized
INFO - 2025-02-12 19:45:39 --> Language Class Initialized
INFO - 2025-02-12 19:45:39 --> Language Class Initialized
INFO - 2025-02-12 19:45:39 --> Config Class Initialized
INFO - 2025-02-12 19:45:39 --> Loader Class Initialized
INFO - 2025-02-12 19:45:39 --> Helper loaded: url_helper
INFO - 2025-02-12 19:45:39 --> Helper loaded: easyui_helper
INFO - 2025-02-12 19:45:39 --> Helper loaded: param_helper
INFO - 2025-02-12 19:45:39 --> Helper loaded: credential_helper
INFO - 2025-02-12 19:45:39 --> Helper loaded: template_helper
INFO - 2025-02-12 19:45:39 --> Helper loaded: rest_helper
INFO - 2025-02-12 19:45:39 --> Database Driver Class Initialized
DEBUG - 2025-02-12 19:45:39 --> Idgenerator class already loaded. Second attempt ignored.
INFO - 2025-02-12 19:45:39 --> Controller Class Initialized
INFO - 2025-02-12 19:45:39 --> Model Class Initialized
DEBUG - 2025-02-12 19:45:39 --> File loaded: /apps/web-drc/application/modules/app_dashboard/models/App_dashboard_model.php
INFO - 2025-02-12 19:45:39 --> Model Class Initialized
INFO - 2025-02-12 19:45:39 --> Final output sent to browser
DEBUG - 2025-02-12 19:45:39 --> Total execution time: 0.0566
INFO - 2025-02-12 19:45:39 --> Config Class Initialized
INFO - 2025-02-12 19:45:39 --> Hooks Class Initialized
DEBUG - 2025-02-12 19:45:39 --> UTF-8 Support Enabled
INFO - 2025-02-12 19:45:39 --> Utf8 Class Initialized
INFO - 2025-02-12 19:45:39 --> URI Class Initialized
INFO - 2025-02-12 19:45:39 --> Router Class Initialized
INFO - 2025-02-12 19:45:39 --> Output Class Initialized
INFO - 2025-02-12 19:45:39 --> Security Class Initialized
DEBUG - 2025-02-12 19:45:39 --> Global POST, GET and COOKIE data sanitized
INFO - 2025-02-12 19:45:39 --> Input Class Initialized
INFO - 2025-02-12 19:45:39 --> Language Class Initialized
INFO - 2025-02-12 19:45:40 --> Language Class Initialized
INFO - 2025-02-12 19:45:40 --> Config Class Initialized
INFO - 2025-02-12 19:45:40 --> Loader Class Initialized
INFO - 2025-02-12 19:45:40 --> Helper loaded: url_helper
INFO - 2025-02-12 19:45:40 --> Helper loaded: easyui_helper
INFO - 2025-02-12 19:45:40 --> Helper loaded: param_helper
INFO - 2025-02-12 19:45:40 --> Helper loaded: credential_helper
INFO - 2025-02-12 19:45:40 --> Helper loaded: template_helper
INFO - 2025-02-12 19:45:40 --> Helper loaded: rest_helper
INFO - 2025-02-12 19:45:40 --> Database Driver Class Initialized
DEBUG - 2025-02-12 19:45:40 --> Idgenerator class already loaded. Second attempt ignored.
INFO - 2025-02-12 19:45:40 --> Controller Class Initialized
INFO - 2025-02-12 19:45:40 --> Model Class Initialized
DEBUG - 2025-02-12 19:45:40 --> File loaded: /apps/web-drc/application/modules/api_v1/models/Api_v1_model.php
INFO - 2025-02-12 19:45:40 --> Model Class Initialized
INFO - 2025-02-12 19:45:40 --> Final output sent to browser
DEBUG - 2025-02-12 19:45:40 --> Total execution time: 0.0317
INFO - 2025-02-12 19:45:48 --> Config Class Initialized
INFO - 2025-02-12 19:45:48 --> Hooks Class Initialized
DEBUG - 2025-02-12 19:45:48 --> UTF-8 Support Enabled
INFO - 2025-02-12 19:45:48 --> Utf8 Class Initialized
INFO - 2025-02-12 19:45:48 --> URI Class Initialized
INFO - 2025-02-12 19:45:48 --> Router Class Initialized
INFO - 2025-02-12 19:45:48 --> Output Class Initialized
INFO - 2025-02-12 19:45:48 --> Security Class Initialized
DEBUG - 2025-02-12 19:45:48 --> Global POST, GET and COOKIE data sanitized
INFO - 2025-02-12 19:45:48 --> Input Class Initialized
INFO - 2025-02-12 19:45:48 --> Language Class Initialized
INFO - 2025-02-12 19:45:48 --> Language Class Initialized
INFO - 2025-02-12 19:45:48 --> Config Class Initialized
INFO - 2025-02-12 19:45:48 --> Loader Class Initialized
INFO - 2025-02-12 19:45:48 --> Helper loaded: url_helper
INFO - 2025-02-12 19:45:48 --> Helper loaded: easyui_helper
INFO - 2025-02-12 19:45:48 --> Helper loaded: param_helper
INFO - 2025-02-12 19:45:48 --> Helper loaded: credential_helper
INFO - 2025-02-12 19:45:48 --> Helper loaded: template_helper
INFO - 2025-02-12 19:45:48 --> Helper loaded: rest_helper
INFO - 2025-02-12 19:45:48 --> Database Driver Class Initialized
DEBUG - 2025-02-12 19:45:48 --> Idgenerator class already loaded. Second attempt ignored.
INFO - 2025-02-12 19:45:48 --> Controller Class Initialized
INFO - 2025-02-12 19:45:48 --> Model Class Initialized
DEBUG - 2025-02-12 19:45:48 --> File loaded: /apps/web-drc/application/modules/app_dashboard/models/App_dashboard_model.php
INFO - 2025-02-12 19:45:48 --> Model Class Initialized
INFO - 2025-02-12 19:45:48 --> Final output sent to browser
DEBUG - 2025-02-12 19:45:48 --> Total execution time: 0.1120
INFO - 2025-02-12 19:45:55 --> Config Class Initialized
INFO - 2025-02-12 19:45:55 --> Hooks Class Initialized
DEBUG - 2025-02-12 19:45:55 --> UTF-8 Support Enabled
INFO - 2025-02-12 19:45:55 --> Utf8 Class Initialized
INFO - 2025-02-12 19:45:55 --> URI Class Initialized
INFO - 2025-02-12 19:45:55 --> Router Class Initialized
INFO - 2025-02-12 19:45:55 --> Output Class Initialized
INFO - 2025-02-12 19:45:55 --> Security Class Initialized
DEBUG - 2025-02-12 19:45:55 --> Global POST, GET and COOKIE data sanitized
INFO - 2025-02-12 19:45:55 --> Input Class Initialized
INFO - 2025-02-12 19:45:55 --> Language Class Initialized
INFO - 2025-02-12 19:45:55 --> Language Class Initialized
INFO - 2025-02-12 19:45:55 --> Config Class Initialized
INFO - 2025-02-12 19:45:55 --> Loader Class Initialized
INFO - 2025-02-12 19:45:55 --> Helper loaded: url_helper
INFO - 2025-02-12 19:45:55 --> Helper loaded: easyui_helper
INFO - 2025-02-12 19:45:55 --> Helper loaded: param_helper
INFO - 2025-02-12 19:45:55 --> Helper loaded: credential_helper
INFO - 2025-02-12 19:45:55 --> Helper loaded: template_helper
INFO - 2025-02-12 19:45:55 --> Helper loaded: rest_helper
INFO - 2025-02-12 19:45:55 --> Database Driver Class Initialized
DEBUG - 2025-02-12 19:45:55 --> Idgenerator class already loaded. Second attempt ignored.
INFO - 2025-02-12 19:45:55 --> Controller Class Initialized
INFO - 2025-02-12 19:45:55 --> Model Class Initialized
DEBUG - 2025-02-12 19:45:55 --> File loaded: /apps/web-drc/application/modules/app_dashboard/models/App_dashboard_model.php
INFO - 2025-02-12 19:45:55 --> Model Class Initialized
INFO - 2025-02-12 19:45:56 --> Final output sent to browser
DEBUG - 2025-02-12 19:45:56 --> Total execution time: 0.5975
INFO - 2025-02-12 19:46:04 --> Config Class Initialized
INFO - 2025-02-12 19:46:04 --> Hooks Class Initialized
DEBUG - 2025-02-12 19:46:04 --> UTF-8 Support Enabled
INFO - 2025-02-12 19:46:04 --> Utf8 Class Initialized
INFO - 2025-02-12 19:46:04 --> URI Class Initialized
INFO - 2025-02-12 19:46:04 --> Router Class Initialized
INFO - 2025-02-12 19:46:04 --> Output Class Initialized
INFO - 2025-02-12 19:46:04 --> Security Class Initialized
DEBUG - 2025-02-12 19:46:04 --> Global POST, GET and COOKIE data sanitized
INFO - 2025-02-12 19:46:04 --> Input Class Initialized
INFO - 2025-02-12 19:46:04 --> Language Class Initialized
ERROR - 2025-02-12 19:46:04 --> 404 Page Not Found: /index
INFO - 2025-02-12 19:46:08 --> Config Class Initialized
INFO - 2025-02-12 19:46:08 --> Hooks Class Initialized
DEBUG - 2025-02-12 19:46:08 --> UTF-8 Support Enabled
INFO - 2025-02-12 19:46:08 --> Utf8 Class Initialized
INFO - 2025-02-12 19:46:08 --> URI Class Initialized
INFO - 2025-02-12 19:46:08 --> Router Class Initialized
INFO - 2025-02-12 19:46:08 --> Output Class Initialized
INFO - 2025-02-12 19:46:08 --> Security Class Initialized
DEBUG - 2025-02-12 19:46:08 --> Global POST, GET and COOKIE data sanitized
INFO - 2025-02-12 19:46:08 --> Input Class Initialized
INFO - 2025-02-12 19:46:08 --> Language Class Initialized
INFO - 2025-02-12 19:46:08 --> Language Class Initialized
INFO - 2025-02-12 19:46:08 --> Config Class Initialized
INFO - 2025-02-12 19:46:08 --> Loader Class Initialized
INFO - 2025-02-12 19:46:08 --> Helper loaded: url_helper
INFO - 2025-02-12 19:46:08 --> Helper loaded: easyui_helper
INFO - 2025-02-12 19:46:08 --> Helper loaded: param_helper
INFO - 2025-02-12 19:46:08 --> Helper loaded: credential_helper
INFO - 2025-02-12 19:46:08 --> Helper loaded: template_helper
INFO - 2025-02-12 19:46:08 --> Helper loaded: rest_helper
INFO - 2025-02-12 19:46:08 --> Database Driver Class Initialized
DEBUG - 2025-02-12 19:46:08 --> Idgenerator class already loaded. Second attempt ignored.
INFO - 2025-02-12 19:46:08 --> Controller Class Initialized
INFO - 2025-02-12 19:46:08 --> Model Class Initialized
DEBUG - 2025-02-12 19:46:08 --> File loaded: /apps/web-drc/application/modules/app_dashboard/models/App_dashboard_model.php
INFO - 2025-02-12 19:46:08 --> Model Class Initialized
DEBUG - 2025-02-12 19:46:08 --> File loaded: /apps/web-drc/application/modules/app_dashboard/views/content.php
DEBUG - 2025-02-12 19:46:08 --> File loaded: /apps/web-drc/application/views/templates/header.php
DEBUG - 2025-02-12 19:46:08 --> File loaded: /apps/web-drc/application/views/templates/toolbar.php
DEBUG - 2025-02-12 19:46:08 --> File loaded: /apps/web-drc/application/views/templates/sidebar.php
DEBUG - 2025-02-12 19:46:08 --> File loaded: /apps/web-drc/application/views/templates/contents.php
DEBUG - 2025-02-12 19:46:08 --> File loaded: /apps/web-drc/application/views/templates/content_footer.php
DEBUG - 2025-02-12 19:46:08 --> File loaded: /apps/web-drc/application/views/templates/footer.php
DEBUG - 2025-02-12 19:46:08 --> File loaded: /apps/web-drc/application/views/templates/default.php
INFO - 2025-02-12 19:46:08 --> Final output sent to browser
DEBUG - 2025-02-12 19:46:08 --> Total execution time: 0.0291
INFO - 2025-02-12 19:46:09 --> Config Class Initialized
INFO - 2025-02-12 19:46:09 --> Hooks Class Initialized
DEBUG - 2025-02-12 19:46:09 --> UTF-8 Support Enabled
INFO - 2025-02-12 19:46:09 --> Utf8 Class Initialized
INFO - 2025-02-12 19:46:09 --> URI Class Initialized
INFO - 2025-02-12 19:46:09 --> Router Class Initialized
INFO - 2025-02-12 19:46:09 --> Output Class Initialized
INFO - 2025-02-12 19:46:09 --> Security Class Initialized
DEBUG - 2025-02-12 19:46:09 --> Global POST, GET and COOKIE data sanitized
INFO - 2025-02-12 19:46:09 --> Input Class Initialized
INFO - 2025-02-12 19:46:09 --> Language Class Initialized
ERROR - 2025-02-12 19:46:09 --> 404 Page Not Found: /index
INFO - 2025-02-12 19:46:09 --> Config Class Initialized
INFO - 2025-02-12 19:46:09 --> Hooks Class Initialized
DEBUG - 2025-02-12 19:46:09 --> UTF-8 Support Enabled
INFO - 2025-02-12 19:46:09 --> Utf8 Class Initialized
INFO - 2025-02-12 19:46:09 --> URI Class Initialized
INFO - 2025-02-12 19:46:09 --> Router Class Initialized
INFO - 2025-02-12 19:46:09 --> Output Class Initialized
INFO - 2025-02-12 19:46:09 --> Security Class Initialized
DEBUG - 2025-02-12 19:46:09 --> Global POST, GET and COOKIE data sanitized
INFO - 2025-02-12 19:46:09 --> Input Class Initialized
INFO - 2025-02-12 19:46:09 --> Language Class Initialized
INFO - 2025-02-12 19:46:09 --> Language Class Initialized
INFO - 2025-02-12 19:46:09 --> Config Class Initialized
INFO - 2025-02-12 19:46:09 --> Loader Class Initialized
INFO - 2025-02-12 19:46:09 --> Helper loaded: url_helper
INFO - 2025-02-12 19:46:09 --> Helper loaded: easyui_helper
INFO - 2025-02-12 19:46:09 --> Helper loaded: param_helper
INFO - 2025-02-12 19:46:09 --> Helper loaded: credential_helper
INFO - 2025-02-12 19:46:09 --> Helper loaded: template_helper
INFO - 2025-02-12 19:46:09 --> Helper loaded: rest_helper
INFO - 2025-02-12 19:46:09 --> Database Driver Class Initialized
DEBUG - 2025-02-12 19:46:09 --> Idgenerator class already loaded. Second attempt ignored.
INFO - 2025-02-12 19:46:09 --> Controller Class Initialized
INFO - 2025-02-12 19:46:09 --> Model Class Initialized
DEBUG - 2025-02-12 19:46:09 --> File loaded: /apps/web-drc/application/modules/app_dashboard/models/App_dashboard_model.php
INFO - 2025-02-12 19:46:09 --> Model Class Initialized
INFO - 2025-02-12 19:46:09 --> Final output sent to browser
DEBUG - 2025-02-12 19:46:09 --> Total execution time: 0.0163
INFO - 2025-02-12 19:46:09 --> Config Class Initialized
INFO - 2025-02-12 19:46:09 --> Hooks Class Initialized
DEBUG - 2025-02-12 19:46:09 --> UTF-8 Support Enabled
INFO - 2025-02-12 19:46:09 --> Utf8 Class Initialized
INFO - 2025-02-12 19:46:09 --> URI Class Initialized
INFO - 2025-02-12 19:46:09 --> Router Class Initialized
INFO - 2025-02-12 19:46:09 --> Output Class Initialized
INFO - 2025-02-12 19:46:09 --> Security Class Initialized
DEBUG - 2025-02-12 19:46:09 --> Global POST, GET and COOKIE data sanitized
INFO - 2025-02-12 19:46:09 --> Input Class Initialized
INFO - 2025-02-12 19:46:09 --> Language Class Initialized
INFO - 2025-02-12 19:46:09 --> Language Class Initialized
INFO - 2025-02-12 19:46:09 --> Config Class Initialized
INFO - 2025-02-12 19:46:09 --> Loader Class Initialized
INFO - 2025-02-12 19:46:09 --> Helper loaded: url_helper
INFO - 2025-02-12 19:46:09 --> Helper loaded: easyui_helper
INFO - 2025-02-12 19:46:09 --> Helper loaded: param_helper
INFO - 2025-02-12 19:46:09 --> Helper loaded: credential_helper
INFO - 2025-02-12 19:46:09 --> Helper loaded: template_helper
INFO - 2025-02-12 19:46:09 --> Helper loaded: rest_helper
INFO - 2025-02-12 19:46:09 --> Database Driver Class Initialized
DEBUG - 2025-02-12 19:46:09 --> Idgenerator class already loaded. Second attempt ignored.
INFO - 2025-02-12 19:46:09 --> Controller Class Initialized
INFO - 2025-02-12 19:46:09 --> Model Class Initialized
DEBUG - 2025-02-12 19:46:09 --> File loaded: /apps/web-drc/application/modules/api_v1/models/Api_v1_model.php
INFO - 2025-02-12 19:46:09 --> Model Class Initialized
INFO - 2025-02-12 19:46:09 --> Final output sent to browser
DEBUG - 2025-02-12 19:46:09 --> Total execution time: 0.0044
INFO - 2025-02-12 19:46:15 --> Config Class Initialized
INFO - 2025-02-12 19:46:15 --> Hooks Class Initialized
DEBUG - 2025-02-12 19:46:15 --> UTF-8 Support Enabled
INFO - 2025-02-12 19:46:15 --> Utf8 Class Initialized
INFO - 2025-02-12 19:46:15 --> URI Class Initialized
INFO - 2025-02-12 19:46:15 --> Router Class Initialized
INFO - 2025-02-12 19:46:15 --> Output Class Initialized
INFO - 2025-02-12 19:46:15 --> Security Class Initialized
DEBUG - 2025-02-12 19:46:15 --> Global POST, GET and COOKIE data sanitized
INFO - 2025-02-12 19:46:15 --> Input Class Initialized
INFO - 2025-02-12 19:46:15 --> Language Class Initialized
INFO - 2025-02-12 19:46:15 --> Language Class Initialized
INFO - 2025-02-12 19:46:15 --> Config Class Initialized
INFO - 2025-02-12 19:46:15 --> Loader Class Initialized
INFO - 2025-02-12 19:46:15 --> Helper loaded: url_helper
INFO - 2025-02-12 19:46:15 --> Helper loaded: easyui_helper
INFO - 2025-02-12 19:46:15 --> Helper loaded: param_helper
INFO - 2025-02-12 19:46:15 --> Helper loaded: credential_helper
INFO - 2025-02-12 19:46:15 --> Helper loaded: template_helper
INFO - 2025-02-12 19:46:15 --> Helper loaded: rest_helper
INFO - 2025-02-12 19:46:15 --> Database Driver Class Initialized
DEBUG - 2025-02-12 19:46:15 --> Idgenerator class already loaded. Second attempt ignored.
INFO - 2025-02-12 19:46:15 --> Controller Class Initialized
INFO - 2025-02-12 19:46:15 --> Model Class Initialized
DEBUG - 2025-02-12 19:46:15 --> File loaded: /apps/web-drc/application/modules/app_dashboard/models/App_dashboard_model.php
INFO - 2025-02-12 19:46:15 --> Model Class Initialized
INFO - 2025-02-12 19:46:15 --> Final output sent to browser
DEBUG - 2025-02-12 19:46:15 --> Total execution time: 0.0706
INFO - 2025-02-12 19:46:18 --> Config Class Initialized
INFO - 2025-02-12 19:46:18 --> Hooks Class Initialized
DEBUG - 2025-02-12 19:46:18 --> UTF-8 Support Enabled
INFO - 2025-02-12 19:46:18 --> Utf8 Class Initialized
INFO - 2025-02-12 19:46:18 --> URI Class Initialized
INFO - 2025-02-12 19:46:18 --> Router Class Initialized
INFO - 2025-02-12 19:46:18 --> Output Class Initialized
INFO - 2025-02-12 19:46:18 --> Security Class Initialized
DEBUG - 2025-02-12 19:46:18 --> Global POST, GET and COOKIE data sanitized
INFO - 2025-02-12 19:46:18 --> Input Class Initialized
INFO - 2025-02-12 19:46:18 --> Language Class Initialized
INFO - 2025-02-12 19:46:18 --> Language Class Initialized
INFO - 2025-02-12 19:46:18 --> Config Class Initialized
INFO - 2025-02-12 19:46:18 --> Loader Class Initialized
INFO - 2025-02-12 19:46:18 --> Helper loaded: url_helper
INFO - 2025-02-12 19:46:18 --> Helper loaded: easyui_helper
INFO - 2025-02-12 19:46:18 --> Helper loaded: param_helper
INFO - 2025-02-12 19:46:18 --> Helper loaded: credential_helper
INFO - 2025-02-12 19:46:18 --> Helper loaded: template_helper
INFO - 2025-02-12 19:46:18 --> Helper loaded: rest_helper
INFO - 2025-02-12 19:46:18 --> Database Driver Class Initialized
DEBUG - 2025-02-12 19:46:18 --> Idgenerator class already loaded. Second attempt ignored.
INFO - 2025-02-12 19:46:18 --> Controller Class Initialized
INFO - 2025-02-12 19:46:18 --> Model Class Initialized
DEBUG - 2025-02-12 19:46:18 --> File loaded: /apps/web-drc/application/modules/app_dashboard/models/App_dashboard_model.php
INFO - 2025-02-12 19:46:18 --> Model Class Initialized
INFO - 2025-02-12 19:46:19 --> Final output sent to browser
DEBUG - 2025-02-12 19:46:19 --> Total execution time: 0.3796
INFO - 2025-02-12 20:08:58 --> Config Class Initialized
INFO - 2025-02-12 20:08:58 --> Hooks Class Initialized
DEBUG - 2025-02-12 20:08:58 --> UTF-8 Support Enabled
INFO - 2025-02-12 20:08:58 --> Utf8 Class Initialized
INFO - 2025-02-12 20:08:58 --> URI Class Initialized
INFO - 2025-02-12 20:08:58 --> Router Class Initialized
INFO - 2025-02-12 20:08:58 --> Output Class Initialized
INFO - 2025-02-12 20:08:58 --> Security Class Initialized
DEBUG - 2025-02-12 20:08:58 --> Global POST, GET and COOKIE data sanitized
INFO - 2025-02-12 20:08:58 --> Input Class Initialized
INFO - 2025-02-12 20:08:58 --> Language Class Initialized
INFO - 2025-02-12 20:08:58 --> Language Class Initialized
INFO - 2025-02-12 20:08:58 --> Config Class Initialized
INFO - 2025-02-12 20:08:58 --> Loader Class Initialized
INFO - 2025-02-12 20:08:58 --> Helper loaded: url_helper
INFO - 2025-02-12 20:08:58 --> Helper loaded: easyui_helper
INFO - 2025-02-12 20:08:58 --> Helper loaded: param_helper
INFO - 2025-02-12 20:08:58 --> Helper loaded: credential_helper
INFO - 2025-02-12 20:08:58 --> Helper loaded: template_helper
INFO - 2025-02-12 20:08:58 --> Helper loaded: rest_helper
INFO - 2025-02-12 20:08:58 --> Database Driver Class Initialized
DEBUG - 2025-02-12 20:08:58 --> Idgenerator class already loaded. Second attempt ignored.
INFO - 2025-02-12 20:08:58 --> Controller Class Initialized
INFO - 2025-02-12 20:08:58 --> Model Class Initialized
DEBUG - 2025-02-12 20:08:58 --> File loaded: /apps/web-drc/application/modules/app_dashboard/models/App_dashboard_model.php
INFO - 2025-02-12 20:08:58 --> Model Class Initialized
DEBUG - 2025-02-12 20:08:58 --> File loaded: /apps/web-drc/application/modules/app_dashboard/views/content.php
DEBUG - 2025-02-12 20:08:58 --> File loaded: /apps/web-drc/application/views/templates/header.php
DEBUG - 2025-02-12 20:08:58 --> File loaded: /apps/web-drc/application/views/templates/toolbar.php
DEBUG - 2025-02-12 20:08:58 --> File loaded: /apps/web-drc/application/views/templates/sidebar.php
DEBUG - 2025-02-12 20:08:58 --> File loaded: /apps/web-drc/application/views/templates/contents.php
DEBUG - 2025-02-12 20:08:58 --> File loaded: /apps/web-drc/application/views/templates/content_footer.php
DEBUG - 2025-02-12 20:08:58 --> File loaded: /apps/web-drc/application/views/templates/footer.php
DEBUG - 2025-02-12 20:08:58 --> File loaded: /apps/web-drc/application/views/templates/default.php
INFO - 2025-02-12 20:08:58 --> Final output sent to browser
DEBUG - 2025-02-12 20:08:58 --> Total execution time: 0.0153
INFO - 2025-02-12 20:08:58 --> Config Class Initialized
INFO - 2025-02-12 20:08:58 --> Hooks Class Initialized
DEBUG - 2025-02-12 20:08:58 --> UTF-8 Support Enabled
INFO - 2025-02-12 20:08:58 --> Utf8 Class Initialized
INFO - 2025-02-12 20:08:58 --> URI Class Initialized
INFO - 2025-02-12 20:08:58 --> Router Class Initialized
INFO - 2025-02-12 20:08:58 --> Output Class Initialized
INFO - 2025-02-12 20:08:58 --> Security Class Initialized
DEBUG - 2025-02-12 20:08:58 --> Global POST, GET and COOKIE data sanitized
INFO - 2025-02-12 20:08:58 --> Input Class Initialized
INFO - 2025-02-12 20:08:58 --> Language Class Initialized
ERROR - 2025-02-12 20:08:58 --> 404 Page Not Found: /index
INFO - 2025-02-12 20:08:58 --> Config Class Initialized
INFO - 2025-02-12 20:08:58 --> Hooks Class Initialized
DEBUG - 2025-02-12 20:08:58 --> UTF-8 Support Enabled
INFO - 2025-02-12 20:08:58 --> Utf8 Class Initialized
INFO - 2025-02-12 20:08:58 --> URI Class Initialized
INFO - 2025-02-12 20:08:58 --> Router Class Initialized
INFO - 2025-02-12 20:08:58 --> Output Class Initialized
INFO - 2025-02-12 20:08:58 --> Security Class Initialized
DEBUG - 2025-02-12 20:08:58 --> Global POST, GET and COOKIE data sanitized
INFO - 2025-02-12 20:08:58 --> Input Class Initialized
INFO - 2025-02-12 20:08:58 --> Language Class Initialized
INFO - 2025-02-12 20:08:58 --> Language Class Initialized
INFO - 2025-02-12 20:08:58 --> Config Class Initialized
INFO - 2025-02-12 20:08:58 --> Loader Class Initialized
INFO - 2025-02-12 20:08:58 --> Helper loaded: url_helper
INFO - 2025-02-12 20:08:58 --> Helper loaded: easyui_helper
INFO - 2025-02-12 20:08:58 --> Helper loaded: param_helper
INFO - 2025-02-12 20:08:58 --> Helper loaded: credential_helper
INFO - 2025-02-12 20:08:58 --> Helper loaded: template_helper
INFO - 2025-02-12 20:08:58 --> Helper loaded: rest_helper
INFO - 2025-02-12 20:08:58 --> Database Driver Class Initialized
DEBUG - 2025-02-12 20:08:58 --> Idgenerator class already loaded. Second attempt ignored.
INFO - 2025-02-12 20:08:58 --> Controller Class Initialized
INFO - 2025-02-12 20:08:58 --> Model Class Initialized
DEBUG - 2025-02-12 20:08:58 --> File loaded: /apps/web-drc/application/modules/app_dashboard/models/App_dashboard_model.php
INFO - 2025-02-12 20:08:58 --> Model Class Initialized
INFO - 2025-02-12 20:08:58 --> Final output sent to browser
DEBUG - 2025-02-12 20:08:58 --> Total execution time: 0.0065
INFO - 2025-02-12 20:08:58 --> Config Class Initialized
INFO - 2025-02-12 20:08:58 --> Hooks Class Initialized
DEBUG - 2025-02-12 20:08:58 --> UTF-8 Support Enabled
INFO - 2025-02-12 20:08:58 --> Utf8 Class Initialized
INFO - 2025-02-12 20:08:58 --> URI Class Initialized
INFO - 2025-02-12 20:08:58 --> Router Class Initialized
INFO - 2025-02-12 20:08:58 --> Output Class Initialized
INFO - 2025-02-12 20:08:58 --> Security Class Initialized
DEBUG - 2025-02-12 20:08:58 --> Global POST, GET and COOKIE data sanitized
INFO - 2025-02-12 20:08:58 --> Input Class Initialized
INFO - 2025-02-12 20:08:58 --> Language Class Initialized
INFO - 2025-02-12 20:08:58 --> Language Class Initialized
INFO - 2025-02-12 20:08:58 --> Config Class Initialized
INFO - 2025-02-12 20:08:58 --> Loader Class Initialized
INFO - 2025-02-12 20:08:58 --> Helper loaded: url_helper
INFO - 2025-02-12 20:08:58 --> Helper loaded: easyui_helper
INFO - 2025-02-12 20:08:58 --> Helper loaded: param_helper
INFO - 2025-02-12 20:08:58 --> Helper loaded: credential_helper
INFO - 2025-02-12 20:08:58 --> Helper loaded: template_helper
INFO - 2025-02-12 20:08:58 --> Helper loaded: rest_helper
INFO - 2025-02-12 20:08:58 --> Database Driver Class Initialized
DEBUG - 2025-02-12 20:08:58 --> Idgenerator class already loaded. Second attempt ignored.
INFO - 2025-02-12 20:08:58 --> Controller Class Initialized
INFO - 2025-02-12 20:08:58 --> Model Class Initialized
DEBUG - 2025-02-12 20:08:58 --> File loaded: /apps/web-drc/application/modules/api_v1/models/Api_v1_model.php
INFO - 2025-02-12 20:08:58 --> Model Class Initialized
INFO - 2025-02-12 20:08:58 --> Final output sent to browser
DEBUG - 2025-02-12 20:08:58 --> Total execution time: 0.0037
INFO - 2025-02-12 20:09:05 --> Config Class Initialized
INFO - 2025-02-12 20:09:05 --> Hooks Class Initialized
DEBUG - 2025-02-12 20:09:05 --> UTF-8 Support Enabled
INFO - 2025-02-12 20:09:05 --> Utf8 Class Initialized
INFO - 2025-02-12 20:09:05 --> URI Class Initialized
INFO - 2025-02-12 20:09:05 --> Router Class Initialized
INFO - 2025-02-12 20:09:05 --> Output Class Initialized
INFO - 2025-02-12 20:09:05 --> Security Class Initialized
DEBUG - 2025-02-12 20:09:05 --> Global POST, GET and COOKIE data sanitized
INFO - 2025-02-12 20:09:05 --> Input Class Initialized
INFO - 2025-02-12 20:09:05 --> Language Class Initialized
INFO - 2025-02-12 20:09:05 --> Language Class Initialized
INFO - 2025-02-12 20:09:05 --> Config Class Initialized
INFO - 2025-02-12 20:09:05 --> Loader Class Initialized
INFO - 2025-02-12 20:09:05 --> Helper loaded: url_helper
INFO - 2025-02-12 20:09:05 --> Helper loaded: easyui_helper
INFO - 2025-02-12 20:09:05 --> Helper loaded: param_helper
INFO - 2025-02-12 20:09:05 --> Helper loaded: credential_helper
INFO - 2025-02-12 20:09:05 --> Helper loaded: template_helper
INFO - 2025-02-12 20:09:05 --> Helper loaded: rest_helper
INFO - 2025-02-12 20:09:05 --> Database Driver Class Initialized
DEBUG - 2025-02-12 20:09:05 --> Idgenerator class already loaded. Second attempt ignored.
INFO - 2025-02-12 20:09:05 --> Controller Class Initialized
INFO - 2025-02-12 20:09:05 --> Model Class Initialized
DEBUG - 2025-02-12 20:09:05 --> File loaded: /apps/web-drc/application/modules/app_dashboard/models/App_dashboard_model.php
INFO - 2025-02-12 20:09:05 --> Model Class Initialized
INFO - 2025-02-12 20:09:05 --> Final output sent to browser
DEBUG - 2025-02-12 20:09:05 --> Total execution time: 0.0950
INFO - 2025-02-12 20:09:17 --> Config Class Initialized
INFO - 2025-02-12 20:09:17 --> Hooks Class Initialized
DEBUG - 2025-02-12 20:09:17 --> UTF-8 Support Enabled
INFO - 2025-02-12 20:09:17 --> Utf8 Class Initialized
INFO - 2025-02-12 20:09:17 --> URI Class Initialized
INFO - 2025-02-12 20:09:17 --> Router Class Initialized
INFO - 2025-02-12 20:09:17 --> Output Class Initialized
INFO - 2025-02-12 20:09:17 --> Security Class Initialized
DEBUG - 2025-02-12 20:09:17 --> Global POST, GET and COOKIE data sanitized
INFO - 2025-02-12 20:09:17 --> Input Class Initialized
INFO - 2025-02-12 20:09:17 --> Language Class Initialized
INFO - 2025-02-12 20:09:17 --> Language Class Initialized
INFO - 2025-02-12 20:09:17 --> Config Class Initialized
INFO - 2025-02-12 20:09:17 --> Loader Class Initialized
INFO - 2025-02-12 20:09:17 --> Helper loaded: url_helper
INFO - 2025-02-12 20:09:17 --> Helper loaded: easyui_helper
INFO - 2025-02-12 20:09:17 --> Helper loaded: param_helper
INFO - 2025-02-12 20:09:17 --> Helper loaded: credential_helper
INFO - 2025-02-12 20:09:17 --> Helper loaded: template_helper
INFO - 2025-02-12 20:09:17 --> Helper loaded: rest_helper
INFO - 2025-02-12 20:09:17 --> Database Driver Class Initialized
DEBUG - 2025-02-12 20:09:17 --> Idgenerator class already loaded. Second attempt ignored.
INFO - 2025-02-12 20:09:17 --> Controller Class Initialized
INFO - 2025-02-12 20:09:17 --> Model Class Initialized
DEBUG - 2025-02-12 20:09:17 --> File loaded: /apps/web-drc/application/modules/app_dashboard/models/App_dashboard_model.php
INFO - 2025-02-12 20:09:17 --> Model Class Initialized
INFO - 2025-02-12 20:09:18 --> Final output sent to browser
DEBUG - 2025-02-12 20:09:18 --> Total execution time: 0.4932
INFO - 2025-02-12 20:09:42 --> Config Class Initialized
INFO - 2025-02-12 20:09:42 --> Hooks Class Initialized
DEBUG - 2025-02-12 20:09:42 --> UTF-8 Support Enabled
INFO - 2025-02-12 20:09:42 --> Utf8 Class Initialized
INFO - 2025-02-12 20:09:42 --> URI Class Initialized
INFO - 2025-02-12 20:09:42 --> Router Class Initialized
INFO - 2025-02-12 20:09:42 --> Output Class Initialized
INFO - 2025-02-12 20:09:42 --> Security Class Initialized
DEBUG - 2025-02-12 20:09:42 --> Global POST, GET and COOKIE data sanitized
INFO - 2025-02-12 20:09:42 --> Input Class Initialized
INFO - 2025-02-12 20:09:42 --> Language Class Initialized
INFO - 2025-02-12 20:09:42 --> Language Class Initialized
INFO - 2025-02-12 20:09:42 --> Config Class Initialized
INFO - 2025-02-12 20:09:42 --> Loader Class Initialized
INFO - 2025-02-12 20:09:42 --> Helper loaded: url_helper
INFO - 2025-02-12 20:09:42 --> Helper loaded: easyui_helper
INFO - 2025-02-12 20:09:42 --> Helper loaded: param_helper
INFO - 2025-02-12 20:09:42 --> Helper loaded: credential_helper
INFO - 2025-02-12 20:09:42 --> Helper loaded: template_helper
INFO - 2025-02-12 20:09:42 --> Helper loaded: rest_helper
INFO - 2025-02-12 20:09:42 --> Database Driver Class Initialized
DEBUG - 2025-02-12 20:09:42 --> Idgenerator class already loaded. Second attempt ignored.
INFO - 2025-02-12 20:09:42 --> Controller Class Initialized
INFO - 2025-02-12 20:09:42 --> Model Class Initialized
DEBUG - 2025-02-12 20:09:42 --> File loaded: /apps/web-drc/application/modules/drc_dashboard/models/Drc_dashboard_model.php
INFO - 2025-02-12 20:09:42 --> Model Class Initialized
DEBUG - 2025-02-12 20:09:42 --> File loaded: /apps/web-drc/application/modules/drc_dashboard/views/form.php
DEBUG - 2025-02-12 20:09:42 --> File loaded: /apps/web-drc/application/views/templates/header.php
DEBUG - 2025-02-12 20:09:42 --> File loaded: /apps/web-drc/application/views/templates/toolbar.php
DEBUG - 2025-02-12 20:09:42 --> File loaded: /apps/web-drc/application/views/templates/sidebar.php
DEBUG - 2025-02-12 20:09:42 --> File loaded: /apps/web-drc/application/views/templates/contents.php
DEBUG - 2025-02-12 20:09:42 --> File loaded: /apps/web-drc/application/views/templates/content_footer.php
DEBUG - 2025-02-12 20:09:42 --> File loaded: /apps/web-drc/application/views/templates/footer.php
DEBUG - 2025-02-12 20:09:42 --> File loaded: /apps/web-drc/application/views/templates/default.php
INFO - 2025-02-12 20:09:42 --> Final output sent to browser
DEBUG - 2025-02-12 20:09:42 --> Total execution time: 0.0601
INFO - 2025-02-12 20:09:45 --> Config Class Initialized
INFO - 2025-02-12 20:09:45 --> Hooks Class Initialized
DEBUG - 2025-02-12 20:09:45 --> UTF-8 Support Enabled
INFO - 2025-02-12 20:09:45 --> Utf8 Class Initialized
INFO - 2025-02-12 20:09:45 --> URI Class Initialized
INFO - 2025-02-12 20:09:45 --> Router Class Initialized
INFO - 2025-02-12 20:09:45 --> Output Class Initialized
INFO - 2025-02-12 20:09:45 --> Security Class Initialized
DEBUG - 2025-02-12 20:09:45 --> Global POST, GET and COOKIE data sanitized
INFO - 2025-02-12 20:09:45 --> Input Class Initialized
INFO - 2025-02-12 20:09:45 --> Language Class Initialized
INFO - 2025-02-12 20:09:45 --> Language Class Initialized
INFO - 2025-02-12 20:09:45 --> Config Class Initialized
INFO - 2025-02-12 20:09:45 --> Loader Class Initialized
INFO - 2025-02-12 20:09:45 --> Helper loaded: url_helper
INFO - 2025-02-12 20:09:45 --> Helper loaded: easyui_helper
INFO - 2025-02-12 20:09:45 --> Helper loaded: param_helper
INFO - 2025-02-12 20:09:45 --> Helper loaded: credential_helper
INFO - 2025-02-12 20:09:45 --> Helper loaded: template_helper
INFO - 2025-02-12 20:09:45 --> Helper loaded: rest_helper
INFO - 2025-02-12 20:09:45 --> Database Driver Class Initialized
DEBUG - 2025-02-12 20:09:45 --> Idgenerator class already loaded. Second attempt ignored.
INFO - 2025-02-12 20:09:45 --> Controller Class Initialized
INFO - 2025-02-12 20:09:45 --> Model Class Initialized
DEBUG - 2025-02-12 20:09:45 --> File loaded: /apps/web-drc/application/modules/drc_dashboard/models/Drc_dashboard_model.php
INFO - 2025-02-12 20:09:45 --> Model Class Initialized
DEBUG - 2025-02-12 20:09:45 --> File loaded: /apps/web-drc/application/modules/drc_dashboard/views/form.php
DEBUG - 2025-02-12 20:09:45 --> File loaded: /apps/web-drc/application/views/templates/header.php
DEBUG - 2025-02-12 20:09:45 --> File loaded: /apps/web-drc/application/views/templates/toolbar.php
DEBUG - 2025-02-12 20:09:45 --> File loaded: /apps/web-drc/application/views/templates/sidebar.php
DEBUG - 2025-02-12 20:09:45 --> File loaded: /apps/web-drc/application/views/templates/contents.php
DEBUG - 2025-02-12 20:09:45 --> File loaded: /apps/web-drc/application/views/templates/content_footer.php
DEBUG - 2025-02-12 20:09:45 --> File loaded: /apps/web-drc/application/views/templates/footer.php
DEBUG - 2025-02-12 20:09:45 --> File loaded: /apps/web-drc/application/views/templates/default.php
INFO - 2025-02-12 20:09:45 --> Final output sent to browser
DEBUG - 2025-02-12 20:09:45 --> Total execution time: 0.0073
INFO - 2025-02-12 20:09:48 --> Config Class Initialized
INFO - 2025-02-12 20:09:48 --> Hooks Class Initialized
DEBUG - 2025-02-12 20:09:48 --> UTF-8 Support Enabled
INFO - 2025-02-12 20:09:48 --> Utf8 Class Initialized
INFO - 2025-02-12 20:09:48 --> URI Class Initialized
INFO - 2025-02-12 20:09:48 --> Router Class Initialized
INFO - 2025-02-12 20:09:48 --> Output Class Initialized
INFO - 2025-02-12 20:09:48 --> Security Class Initialized
DEBUG - 2025-02-12 20:09:48 --> Global POST, GET and COOKIE data sanitized
INFO - 2025-02-12 20:09:48 --> Input Class Initialized
INFO - 2025-02-12 20:09:48 --> Language Class Initialized
INFO - 2025-02-12 20:09:48 --> Language Class Initialized
INFO - 2025-02-12 20:09:48 --> Config Class Initialized
INFO - 2025-02-12 20:09:48 --> Loader Class Initialized
INFO - 2025-02-12 20:09:48 --> Helper loaded: url_helper
INFO - 2025-02-12 20:09:48 --> Helper loaded: easyui_helper
INFO - 2025-02-12 20:09:48 --> Helper loaded: param_helper
INFO - 2025-02-12 20:09:48 --> Helper loaded: credential_helper
INFO - 2025-02-12 20:09:48 --> Helper loaded: template_helper
INFO - 2025-02-12 20:09:48 --> Helper loaded: rest_helper
INFO - 2025-02-12 20:09:48 --> Database Driver Class Initialized
DEBUG - 2025-02-12 20:09:48 --> Idgenerator class already loaded. Second attempt ignored.
INFO - 2025-02-12 20:09:48 --> Controller Class Initialized
INFO - 2025-02-12 20:09:48 --> Model Class Initialized
DEBUG - 2025-02-12 20:09:48 --> File loaded: /apps/web-drc/application/modules/app_dashboard/models/App_dashboard_model.php
INFO - 2025-02-12 20:09:48 --> Model Class Initialized
DEBUG - 2025-02-12 20:09:48 --> File loaded: /apps/web-drc/application/modules/app_dashboard/views/content.php
DEBUG - 2025-02-12 20:09:48 --> File loaded: /apps/web-drc/application/views/templates/header.php
DEBUG - 2025-02-12 20:09:48 --> File loaded: /apps/web-drc/application/views/templates/toolbar.php
DEBUG - 2025-02-12 20:09:48 --> File loaded: /apps/web-drc/application/views/templates/sidebar.php
DEBUG - 2025-02-12 20:09:48 --> File loaded: /apps/web-drc/application/views/templates/contents.php
DEBUG - 2025-02-12 20:09:48 --> File loaded: /apps/web-drc/application/views/templates/content_footer.php
DEBUG - 2025-02-12 20:09:48 --> File loaded: /apps/web-drc/application/views/templates/footer.php
DEBUG - 2025-02-12 20:09:48 --> File loaded: /apps/web-drc/application/views/templates/default.php
INFO - 2025-02-12 20:09:48 --> Final output sent to browser
DEBUG - 2025-02-12 20:09:48 --> Total execution time: 0.0081
INFO - 2025-02-12 20:09:48 --> Config Class Initialized
INFO - 2025-02-12 20:09:48 --> Hooks Class Initialized
DEBUG - 2025-02-12 20:09:48 --> UTF-8 Support Enabled
INFO - 2025-02-12 20:09:48 --> Utf8 Class Initialized
INFO - 2025-02-12 20:09:48 --> URI Class Initialized
INFO - 2025-02-12 20:09:48 --> Router Class Initialized
INFO - 2025-02-12 20:09:48 --> Output Class Initialized
INFO - 2025-02-12 20:09:48 --> Security Class Initialized
DEBUG - 2025-02-12 20:09:48 --> Global POST, GET and COOKIE data sanitized
INFO - 2025-02-12 20:09:48 --> Input Class Initialized
INFO - 2025-02-12 20:09:48 --> Language Class Initialized
INFO - 2025-02-12 20:09:48 --> Language Class Initialized
INFO - 2025-02-12 20:09:48 --> Config Class Initialized
INFO - 2025-02-12 20:09:48 --> Loader Class Initialized
INFO - 2025-02-12 20:09:48 --> Helper loaded: url_helper
INFO - 2025-02-12 20:09:48 --> Helper loaded: easyui_helper
INFO - 2025-02-12 20:09:48 --> Helper loaded: param_helper
INFO - 2025-02-12 20:09:48 --> Helper loaded: credential_helper
INFO - 2025-02-12 20:09:48 --> Helper loaded: template_helper
INFO - 2025-02-12 20:09:48 --> Helper loaded: rest_helper
INFO - 2025-02-12 20:09:48 --> Database Driver Class Initialized
DEBUG - 2025-02-12 20:09:48 --> Idgenerator class already loaded. Second attempt ignored.
INFO - 2025-02-12 20:09:48 --> Controller Class Initialized
INFO - 2025-02-12 20:09:48 --> Model Class Initialized
DEBUG - 2025-02-12 20:09:48 --> File loaded: /apps/web-drc/application/modules/app_dashboard/models/App_dashboard_model.php
INFO - 2025-02-12 20:09:48 --> Model Class Initialized
INFO - 2025-02-12 20:09:48 --> Final output sent to browser
DEBUG - 2025-02-12 20:09:48 --> Total execution time: 0.0051
INFO - 2025-02-12 20:09:48 --> Config Class Initialized
INFO - 2025-02-12 20:09:48 --> Hooks Class Initialized
DEBUG - 2025-02-12 20:09:48 --> UTF-8 Support Enabled
INFO - 2025-02-12 20:09:48 --> Utf8 Class Initialized
INFO - 2025-02-12 20:09:48 --> URI Class Initialized
INFO - 2025-02-12 20:09:48 --> Router Class Initialized
INFO - 2025-02-12 20:09:48 --> Output Class Initialized
INFO - 2025-02-12 20:09:48 --> Security Class Initialized
DEBUG - 2025-02-12 20:09:48 --> Global POST, GET and COOKIE data sanitized
INFO - 2025-02-12 20:09:48 --> Input Class Initialized
INFO - 2025-02-12 20:09:48 --> Language Class Initialized
INFO - 2025-02-12 20:09:48 --> Language Class Initialized
INFO - 2025-02-12 20:09:48 --> Config Class Initialized
INFO - 2025-02-12 20:09:48 --> Loader Class Initialized
INFO - 2025-02-12 20:09:48 --> Helper loaded: url_helper
INFO - 2025-02-12 20:09:48 --> Helper loaded: easyui_helper
INFO - 2025-02-12 20:09:48 --> Helper loaded: param_helper
INFO - 2025-02-12 20:09:48 --> Helper loaded: credential_helper
INFO - 2025-02-12 20:09:48 --> Helper loaded: template_helper
INFO - 2025-02-12 20:09:48 --> Helper loaded: rest_helper
INFO - 2025-02-12 20:09:48 --> Database Driver Class Initialized
DEBUG - 2025-02-12 20:09:48 --> Idgenerator class already loaded. Second attempt ignored.
INFO - 2025-02-12 20:09:48 --> Controller Class Initialized
INFO - 2025-02-12 20:09:48 --> Model Class Initialized
DEBUG - 2025-02-12 20:09:48 --> File loaded: /apps/web-drc/application/modules/api_v1/models/Api_v1_model.php
INFO - 2025-02-12 20:09:48 --> Model Class Initialized
INFO - 2025-02-12 20:09:48 --> Final output sent to browser
DEBUG - 2025-02-12 20:09:48 --> Total execution time: 0.0036
INFO - 2025-02-12 20:09:51 --> Config Class Initialized
INFO - 2025-02-12 20:09:51 --> Hooks Class Initialized
DEBUG - 2025-02-12 20:09:51 --> UTF-8 Support Enabled
INFO - 2025-02-12 20:09:51 --> Utf8 Class Initialized
INFO - 2025-02-12 20:09:51 --> URI Class Initialized
INFO - 2025-02-12 20:09:51 --> Router Class Initialized
INFO - 2025-02-12 20:09:51 --> Output Class Initialized
INFO - 2025-02-12 20:09:51 --> Security Class Initialized
DEBUG - 2025-02-12 20:09:51 --> Global POST, GET and COOKIE data sanitized
INFO - 2025-02-12 20:09:51 --> Input Class Initialized
INFO - 2025-02-12 20:09:51 --> Language Class Initialized
INFO - 2025-02-12 20:09:51 --> Language Class Initialized
INFO - 2025-02-12 20:09:51 --> Config Class Initialized
INFO - 2025-02-12 20:09:51 --> Loader Class Initialized
INFO - 2025-02-12 20:09:51 --> Helper loaded: url_helper
INFO - 2025-02-12 20:09:51 --> Helper loaded: easyui_helper
INFO - 2025-02-12 20:09:51 --> Helper loaded: param_helper
INFO - 2025-02-12 20:09:51 --> Helper loaded: credential_helper
INFO - 2025-02-12 20:09:51 --> Helper loaded: template_helper
INFO - 2025-02-12 20:09:51 --> Helper loaded: rest_helper
INFO - 2025-02-12 20:09:51 --> Database Driver Class Initialized
DEBUG - 2025-02-12 20:09:51 --> Idgenerator class already loaded. Second attempt ignored.
INFO - 2025-02-12 20:09:51 --> Controller Class Initialized
INFO - 2025-02-12 20:09:51 --> Model Class Initialized
DEBUG - 2025-02-12 20:09:51 --> File loaded: /apps/web-drc/application/modules/app_dashboard/models/App_dashboard_model.php
INFO - 2025-02-12 20:09:51 --> Model Class Initialized
INFO - 2025-02-12 20:09:51 --> Final output sent to browser
DEBUG - 2025-02-12 20:09:51 --> Total execution time: 0.0050
INFO - 2025-02-12 20:09:54 --> Config Class Initialized
INFO - 2025-02-12 20:09:54 --> Hooks Class Initialized
DEBUG - 2025-02-12 20:09:54 --> UTF-8 Support Enabled
INFO - 2025-02-12 20:09:54 --> Utf8 Class Initialized
INFO - 2025-02-12 20:09:54 --> URI Class Initialized
INFO - 2025-02-12 20:09:54 --> Router Class Initialized
INFO - 2025-02-12 20:09:54 --> Output Class Initialized
INFO - 2025-02-12 20:09:54 --> Security Class Initialized
DEBUG - 2025-02-12 20:09:54 --> Global POST, GET and COOKIE data sanitized
INFO - 2025-02-12 20:09:54 --> Input Class Initialized
INFO - 2025-02-12 20:09:54 --> Language Class Initialized
INFO - 2025-02-12 20:09:54 --> Language Class Initialized
INFO - 2025-02-12 20:09:54 --> Config Class Initialized
INFO - 2025-02-12 20:09:54 --> Loader Class Initialized
INFO - 2025-02-12 20:09:54 --> Helper loaded: url_helper
INFO - 2025-02-12 20:09:54 --> Helper loaded: easyui_helper
INFO - 2025-02-12 20:09:54 --> Helper loaded: param_helper
INFO - 2025-02-12 20:09:54 --> Helper loaded: credential_helper
INFO - 2025-02-12 20:09:54 --> Helper loaded: template_helper
INFO - 2025-02-12 20:09:54 --> Helper loaded: rest_helper
INFO - 2025-02-12 20:09:54 --> Database Driver Class Initialized
DEBUG - 2025-02-12 20:09:54 --> Idgenerator class already loaded. Second attempt ignored.
INFO - 2025-02-12 20:09:54 --> Controller Class Initialized
INFO - 2025-02-12 20:09:54 --> Model Class Initialized
DEBUG - 2025-02-12 20:09:54 --> File loaded: /apps/web-drc/application/modules/app_dashboard/models/App_dashboard_model.php
INFO - 2025-02-12 20:09:54 --> Model Class Initialized
INFO - 2025-02-12 20:09:54 --> Final output sent to browser
DEBUG - 2025-02-12 20:09:54 --> Total execution time: 0.0507
INFO - 2025-02-12 20:09:56 --> Config Class Initialized
INFO - 2025-02-12 20:09:56 --> Hooks Class Initialized
DEBUG - 2025-02-12 20:09:56 --> UTF-8 Support Enabled
INFO - 2025-02-12 20:09:56 --> Utf8 Class Initialized
INFO - 2025-02-12 20:09:56 --> URI Class Initialized
INFO - 2025-02-12 20:09:56 --> Router Class Initialized
INFO - 2025-02-12 20:09:56 --> Output Class Initialized
INFO - 2025-02-12 20:09:56 --> Security Class Initialized
DEBUG - 2025-02-12 20:09:56 --> Global POST, GET and COOKIE data sanitized
INFO - 2025-02-12 20:09:56 --> Input Class Initialized
INFO - 2025-02-12 20:09:56 --> Language Class Initialized
INFO - 2025-02-12 20:09:56 --> Language Class Initialized
INFO - 2025-02-12 20:09:56 --> Config Class Initialized
INFO - 2025-02-12 20:09:56 --> Loader Class Initialized
INFO - 2025-02-12 20:09:56 --> Helper loaded: url_helper
INFO - 2025-02-12 20:09:56 --> Helper loaded: easyui_helper
INFO - 2025-02-12 20:09:56 --> Helper loaded: param_helper
INFO - 2025-02-12 20:09:56 --> Helper loaded: credential_helper
INFO - 2025-02-12 20:09:56 --> Helper loaded: template_helper
INFO - 2025-02-12 20:09:56 --> Helper loaded: rest_helper
INFO - 2025-02-12 20:09:56 --> Database Driver Class Initialized
DEBUG - 2025-02-12 20:09:56 --> Idgenerator class already loaded. Second attempt ignored.
INFO - 2025-02-12 20:09:56 --> Controller Class Initialized
INFO - 2025-02-12 20:09:56 --> Model Class Initialized
DEBUG - 2025-02-12 20:09:56 --> File loaded: /apps/web-drc/application/modules/app_dashboard/models/App_dashboard_model.php
INFO - 2025-02-12 20:09:56 --> Model Class Initialized
INFO - 2025-02-12 20:09:56 --> Final output sent to browser
DEBUG - 2025-02-12 20:09:56 --> Total execution time: 0.3538
INFO - 2025-02-12 20:12:50 --> Config Class Initialized
INFO - 2025-02-12 20:12:50 --> Hooks Class Initialized
DEBUG - 2025-02-12 20:12:50 --> UTF-8 Support Enabled
INFO - 2025-02-12 20:12:50 --> Utf8 Class Initialized
INFO - 2025-02-12 20:12:50 --> URI Class Initialized
INFO - 2025-02-12 20:12:50 --> Router Class Initialized
INFO - 2025-02-12 20:12:50 --> Output Class Initialized
INFO - 2025-02-12 20:12:50 --> Security Class Initialized
DEBUG - 2025-02-12 20:12:50 --> Global POST, GET and COOKIE data sanitized
INFO - 2025-02-12 20:12:50 --> Input Class Initialized
INFO - 2025-02-12 20:12:50 --> Language Class Initialized
INFO - 2025-02-12 20:12:50 --> Language Class Initialized
INFO - 2025-02-12 20:12:50 --> Config Class Initialized
INFO - 2025-02-12 20:12:50 --> Loader Class Initialized
INFO - 2025-02-12 20:12:50 --> Helper loaded: url_helper
INFO - 2025-02-12 20:12:50 --> Helper loaded: easyui_helper
INFO - 2025-02-12 20:12:50 --> Helper loaded: param_helper
INFO - 2025-02-12 20:12:50 --> Helper loaded: credential_helper
INFO - 2025-02-12 20:12:50 --> Helper loaded: template_helper
INFO - 2025-02-12 20:12:50 --> Helper loaded: rest_helper
INFO - 2025-02-12 20:12:50 --> Database Driver Class Initialized
DEBUG - 2025-02-12 20:12:50 --> Idgenerator class already loaded. Second attempt ignored.
INFO - 2025-02-12 20:12:50 --> Controller Class Initialized
INFO - 2025-02-12 20:12:50 --> Model Class Initialized
DEBUG - 2025-02-12 20:12:50 --> File loaded: /apps/web-drc/application/modules/app_dashboard/models/App_dashboard_model.php
INFO - 2025-02-12 20:12:50 --> Model Class Initialized
INFO - 2025-02-12 20:12:50 --> Final output sent to browser
DEBUG - 2025-02-12 20:12:50 --> Total execution time: 0.0681
INFO - 2025-02-12 20:12:52 --> Config Class Initialized
INFO - 2025-02-12 20:12:52 --> Hooks Class Initialized
DEBUG - 2025-02-12 20:12:52 --> UTF-8 Support Enabled
INFO - 2025-02-12 20:12:52 --> Utf8 Class Initialized
INFO - 2025-02-12 20:12:52 --> URI Class Initialized
INFO - 2025-02-12 20:12:52 --> Router Class Initialized
INFO - 2025-02-12 20:12:52 --> Output Class Initialized
INFO - 2025-02-12 20:12:52 --> Security Class Initialized
DEBUG - 2025-02-12 20:12:52 --> Global POST, GET and COOKIE data sanitized
INFO - 2025-02-12 20:12:52 --> Input Class Initialized
INFO - 2025-02-12 20:12:52 --> Language Class Initialized
INFO - 2025-02-12 20:12:52 --> Language Class Initialized
INFO - 2025-02-12 20:12:52 --> Config Class Initialized
INFO - 2025-02-12 20:12:52 --> Loader Class Initialized
INFO - 2025-02-12 20:12:52 --> Helper loaded: url_helper
INFO - 2025-02-12 20:12:52 --> Helper loaded: easyui_helper
INFO - 2025-02-12 20:12:52 --> Helper loaded: param_helper
INFO - 2025-02-12 20:12:52 --> Helper loaded: credential_helper
INFO - 2025-02-12 20:12:52 --> Helper loaded: template_helper
INFO - 2025-02-12 20:12:52 --> Helper loaded: rest_helper
INFO - 2025-02-12 20:12:52 --> Database Driver Class Initialized
DEBUG - 2025-02-12 20:12:52 --> Idgenerator class already loaded. Second attempt ignored.
INFO - 2025-02-12 20:12:52 --> Controller Class Initialized
INFO - 2025-02-12 20:12:52 --> Model Class Initialized
DEBUG - 2025-02-12 20:12:52 --> File loaded: /apps/web-drc/application/modules/app_dashboard/models/App_dashboard_model.php
INFO - 2025-02-12 20:12:52 --> Model Class Initialized
INFO - 2025-02-12 20:12:53 --> Final output sent to browser
DEBUG - 2025-02-12 20:12:53 --> Total execution time: 0.3084
