INFO - 2025-04-10 00:54:22 --> Config Class Initialized
INFO - 2025-04-10 00:54:22 --> Hooks Class Initialized
DEBUG - 2025-04-10 00:54:22 --> UTF-8 Support Enabled
INFO - 2025-04-10 00:54:22 --> Utf8 Class Initialized
INFO - 2025-04-10 00:54:22 --> URI Class Initialized
DEBUG - 2025-04-10 00:54:23 --> No URI present. Default controller set.
INFO - 2025-04-10 00:54:23 --> Router Class Initialized
INFO - 2025-04-10 00:54:23 --> Output Class Initialized
INFO - 2025-04-10 00:54:23 --> Security Class Initialized
DEBUG - 2025-04-10 00:54:23 --> Global POST, GET and COOKIE data sanitized
INFO - 2025-04-10 00:54:23 --> Input Class Initialized
INFO - 2025-04-10 00:54:23 --> Language Class Initialized
INFO - 2025-04-10 00:54:23 --> Language Class Initialized
INFO - 2025-04-10 00:54:23 --> Config Class Initialized
INFO - 2025-04-10 00:54:23 --> Loader Class Initialized
INFO - 2025-04-10 00:54:23 --> Helper loaded: url_helper
INFO - 2025-04-10 00:54:23 --> Helper loaded: easyui_helper
INFO - 2025-04-10 00:54:23 --> Helper loaded: param_helper
INFO - 2025-04-10 00:54:23 --> Helper loaded: credential_helper
INFO - 2025-04-10 00:54:23 --> Helper loaded: template_helper
INFO - 2025-04-10 00:54:23 --> Helper loaded: rest_helper
INFO - 2025-04-10 00:54:23 --> Database Driver Class Initialized
DEBUG - 2025-04-10 00:54:23 --> Idgenerator class already loaded. Second attempt ignored.
INFO - 2025-04-10 00:54:23 --> Controller Class Initialized
DEBUG - 2025-04-10 00:54:23 --> File loaded: /apps/web-drc/application/modules/app_auth/views/login_lte_template.php
DEBUG - 2025-04-10 00:54:23 --> File loaded: /apps/web-drc/application/views/template_login_lte/header.php
DEBUG - 2025-04-10 00:54:23 --> File loaded: /apps/web-drc/application/views/template_login_lte/contents.php
DEBUG - 2025-04-10 00:54:23 --> File loaded: /apps/web-drc/application/views/template_login_lte/default.php
INFO - 2025-04-10 00:54:23 --> Final output sent to browser
DEBUG - 2025-04-10 00:54:23 --> Total execution time: 0.1016
INFO - 2025-04-10 10:37:59 --> Config Class Initialized
INFO - 2025-04-10 10:37:59 --> Hooks Class Initialized
DEBUG - 2025-04-10 10:37:59 --> UTF-8 Support Enabled
INFO - 2025-04-10 10:37:59 --> Utf8 Class Initialized
INFO - 2025-04-10 10:37:59 --> URI Class Initialized
DEBUG - 2025-04-10 10:37:59 --> No URI present. Default controller set.
INFO - 2025-04-10 10:37:59 --> Router Class Initialized
INFO - 2025-04-10 10:37:59 --> Output Class Initialized
INFO - 2025-04-10 10:37:59 --> Security Class Initialized
DEBUG - 2025-04-10 10:37:59 --> Global POST, GET and COOKIE data sanitized
INFO - 2025-04-10 10:37:59 --> Input Class Initialized
INFO - 2025-04-10 10:37:59 --> Language Class Initialized
INFO - 2025-04-10 10:37:59 --> Language Class Initialized
INFO - 2025-04-10 10:37:59 --> Config Class Initialized
INFO - 2025-04-10 10:37:59 --> Loader Class Initialized
INFO - 2025-04-10 10:37:59 --> Helper loaded: url_helper
INFO - 2025-04-10 10:37:59 --> Helper loaded: easyui_helper
INFO - 2025-04-10 10:37:59 --> Helper loaded: param_helper
INFO - 2025-04-10 10:37:59 --> Helper loaded: credential_helper
INFO - 2025-04-10 10:37:59 --> Helper loaded: template_helper
INFO - 2025-04-10 10:37:59 --> Helper loaded: rest_helper
INFO - 2025-04-10 10:37:59 --> Database Driver Class Initialized
DEBUG - 2025-04-10 10:37:59 --> Idgenerator class already loaded. Second attempt ignored.
INFO - 2025-04-10 10:37:59 --> Controller Class Initialized
DEBUG - 2025-04-10 10:37:59 --> File loaded: /apps/web-drc/application/modules/app_auth/views/login_lte_template.php
DEBUG - 2025-04-10 10:37:59 --> File loaded: /apps/web-drc/application/views/template_login_lte/header.php
DEBUG - 2025-04-10 10:37:59 --> File loaded: /apps/web-drc/application/views/template_login_lte/contents.php
DEBUG - 2025-04-10 10:37:59 --> File loaded: /apps/web-drc/application/views/template_login_lte/default.php
INFO - 2025-04-10 10:37:59 --> Final output sent to browser
DEBUG - 2025-04-10 10:37:59 --> Total execution time: 0.0734
INFO - 2025-04-10 19:07:21 --> Config Class Initialized
INFO - 2025-04-10 19:07:21 --> Hooks Class Initialized
DEBUG - 2025-04-10 19:07:21 --> UTF-8 Support Enabled
INFO - 2025-04-10 19:07:21 --> Utf8 Class Initialized
INFO - 2025-04-10 19:07:21 --> URI Class Initialized
DEBUG - 2025-04-10 19:07:21 --> No URI present. Default controller set.
INFO - 2025-04-10 19:07:21 --> Router Class Initialized
INFO - 2025-04-10 19:07:21 --> Output Class Initialized
INFO - 2025-04-10 19:07:21 --> Security Class Initialized
DEBUG - 2025-04-10 19:07:21 --> Global POST, GET and COOKIE data sanitized
INFO - 2025-04-10 19:07:21 --> Input Class Initialized
INFO - 2025-04-10 19:07:21 --> Language Class Initialized
INFO - 2025-04-10 19:07:21 --> Language Class Initialized
INFO - 2025-04-10 19:07:21 --> Config Class Initialized
INFO - 2025-04-10 19:07:21 --> Loader Class Initialized
INFO - 2025-04-10 19:07:21 --> Helper loaded: url_helper
INFO - 2025-04-10 19:07:21 --> Helper loaded: easyui_helper
INFO - 2025-04-10 19:07:21 --> Helper loaded: param_helper
INFO - 2025-04-10 19:07:21 --> Helper loaded: credential_helper
INFO - 2025-04-10 19:07:21 --> Helper loaded: template_helper
INFO - 2025-04-10 19:07:21 --> Helper loaded: rest_helper
INFO - 2025-04-10 19:07:21 --> Database Driver Class Initialized
DEBUG - 2025-04-10 19:07:21 --> Idgenerator class already loaded. Second attempt ignored.
INFO - 2025-04-10 19:07:21 --> Controller Class Initialized
DEBUG - 2025-04-10 19:07:21 --> File loaded: /apps/web-drc/application/modules/app_auth/views/login_lte_template.php
DEBUG - 2025-04-10 19:07:21 --> File loaded: /apps/web-drc/application/views/template_login_lte/header.php
DEBUG - 2025-04-10 19:07:21 --> File loaded: /apps/web-drc/application/views/template_login_lte/contents.php
DEBUG - 2025-04-10 19:07:21 --> File loaded: /apps/web-drc/application/views/template_login_lte/default.php
INFO - 2025-04-10 19:07:21 --> Final output sent to browser
DEBUG - 2025-04-10 19:07:21 --> Total execution time: 0.0574
