INFO - 2025-03-05 00:11:32 --> Config Class Initialized
INFO - 2025-03-05 00:11:32 --> Hooks Class Initialized
DEBUG - 2025-03-05 00:11:32 --> UTF-8 Support Enabled
INFO - 2025-03-05 00:11:32 --> Utf8 Class Initialized
INFO - 2025-03-05 00:11:32 --> URI Class Initialized
DEBUG - 2025-03-05 00:11:32 --> No URI present. Default controller set.
INFO - 2025-03-05 00:11:32 --> Router Class Initialized
INFO - 2025-03-05 00:11:32 --> Output Class Initialized
INFO - 2025-03-05 00:11:32 --> Security Class Initialized
DEBUG - 2025-03-05 00:11:32 --> Global POST, GET and COOKIE data sanitized
INFO - 2025-03-05 00:11:32 --> Input Class Initialized
INFO - 2025-03-05 00:11:32 --> Language Class Initialized
INFO - 2025-03-05 00:11:32 --> Language Class Initialized
INFO - 2025-03-05 00:11:32 --> Config Class Initialized
INFO - 2025-03-05 00:11:32 --> Loader Class Initialized
INFO - 2025-03-05 00:11:32 --> Helper loaded: url_helper
INFO - 2025-03-05 00:11:32 --> Helper loaded: easyui_helper
INFO - 2025-03-05 00:11:32 --> Helper loaded: param_helper
INFO - 2025-03-05 00:11:32 --> Helper loaded: credential_helper
INFO - 2025-03-05 00:11:32 --> Helper loaded: template_helper
INFO - 2025-03-05 00:11:32 --> Helper loaded: rest_helper
INFO - 2025-03-05 00:11:32 --> Database Driver Class Initialized
DEBUG - 2025-03-05 00:11:32 --> Idgenerator class already loaded. Second attempt ignored.
INFO - 2025-03-05 00:11:32 --> Controller Class Initialized
DEBUG - 2025-03-05 00:11:32 --> File loaded: /apps/web-drc/application/modules/app_auth/views/login_lte_template.php
DEBUG - 2025-03-05 00:11:32 --> File loaded: /apps/web-drc/application/views/template_login_lte/header.php
DEBUG - 2025-03-05 00:11:32 --> File loaded: /apps/web-drc/application/views/template_login_lte/contents.php
DEBUG - 2025-03-05 00:11:32 --> File loaded: /apps/web-drc/application/views/template_login_lte/default.php
INFO - 2025-03-05 00:11:32 --> Final output sent to browser
DEBUG - 2025-03-05 00:11:32 --> Total execution time: 0.0734
INFO - 2025-03-05 23:30:04 --> Config Class Initialized
INFO - 2025-03-05 23:30:04 --> Hooks Class Initialized
DEBUG - 2025-03-05 23:30:04 --> UTF-8 Support Enabled
INFO - 2025-03-05 23:30:04 --> Utf8 Class Initialized
INFO - 2025-03-05 23:30:04 --> URI Class Initialized
DEBUG - 2025-03-05 23:30:04 --> No URI present. Default controller set.
INFO - 2025-03-05 23:30:04 --> Router Class Initialized
INFO - 2025-03-05 23:30:04 --> Output Class Initialized
INFO - 2025-03-05 23:30:04 --> Security Class Initialized
DEBUG - 2025-03-05 23:30:04 --> Global POST, GET and COOKIE data sanitized
INFO - 2025-03-05 23:30:04 --> Input Class Initialized
INFO - 2025-03-05 23:30:04 --> Language Class Initialized
INFO - 2025-03-05 23:30:04 --> Language Class Initialized
INFO - 2025-03-05 23:30:04 --> Config Class Initialized
INFO - 2025-03-05 23:30:04 --> Loader Class Initialized
INFO - 2025-03-05 23:30:04 --> Helper loaded: url_helper
INFO - 2025-03-05 23:30:04 --> Helper loaded: easyui_helper
INFO - 2025-03-05 23:30:04 --> Helper loaded: param_helper
INFO - 2025-03-05 23:30:04 --> Helper loaded: credential_helper
INFO - 2025-03-05 23:30:04 --> Helper loaded: template_helper
INFO - 2025-03-05 23:30:04 --> Helper loaded: rest_helper
INFO - 2025-03-05 23:30:04 --> Database Driver Class Initialized
DEBUG - 2025-03-05 23:30:04 --> Idgenerator class already loaded. Second attempt ignored.
INFO - 2025-03-05 23:30:04 --> Controller Class Initialized
DEBUG - 2025-03-05 23:30:04 --> File loaded: /apps/web-drc/application/modules/app_auth/views/login_lte_template.php
DEBUG - 2025-03-05 23:30:04 --> File loaded: /apps/web-drc/application/views/template_login_lte/header.php
DEBUG - 2025-03-05 23:30:04 --> File loaded: /apps/web-drc/application/views/template_login_lte/contents.php
DEBUG - 2025-03-05 23:30:04 --> File loaded: /apps/web-drc/application/views/template_login_lte/default.php
INFO - 2025-03-05 23:30:04 --> Final output sent to browser
DEBUG - 2025-03-05 23:30:04 --> Total execution time: 0.0863
