INFO - 2025-01-16 09:05:56 --> Config Class Initialized
INFO - 2025-01-16 09:05:56 --> Hooks Class Initialized
DEBUG - 2025-01-16 09:05:56 --> UTF-8 Support Enabled
INFO - 2025-01-16 09:05:56 --> Utf8 Class Initialized
INFO - 2025-01-16 09:05:56 --> URI Class Initialized
DEBUG - 2025-01-16 09:05:56 --> No URI present. Default controller set.
INFO - 2025-01-16 09:05:56 --> Router Class Initialized
INFO - 2025-01-16 09:05:56 --> Output Class Initialized
INFO - 2025-01-16 09:05:56 --> Security Class Initialized
DEBUG - 2025-01-16 09:05:56 --> Global POST, GET and COOKIE data sanitized
INFO - 2025-01-16 09:05:56 --> Input Class Initialized
INFO - 2025-01-16 09:05:56 --> Language Class Initialized
INFO - 2025-01-16 09:05:56 --> Language Class Initialized
INFO - 2025-01-16 09:05:56 --> Config Class Initialized
INFO - 2025-01-16 09:05:56 --> Loader Class Initialized
INFO - 2025-01-16 09:05:56 --> Helper loaded: url_helper
INFO - 2025-01-16 09:05:56 --> Helper loaded: easyui_helper
INFO - 2025-01-16 09:05:56 --> Helper loaded: param_helper
INFO - 2025-01-16 09:05:56 --> Helper loaded: credential_helper
INFO - 2025-01-16 09:05:56 --> Helper loaded: template_helper
INFO - 2025-01-16 09:05:56 --> Helper loaded: rest_helper
INFO - 2025-01-16 09:05:57 --> Database Driver Class Initialized
DEBUG - 2025-01-16 09:05:57 --> Idgenerator class already loaded. Second attempt ignored.
INFO - 2025-01-16 09:05:57 --> Controller Class Initialized
DEBUG - 2025-01-16 09:05:57 --> File loaded: /apps/web-drc/application/modules/app_auth/views/login_lte_template.php
DEBUG - 2025-01-16 09:05:57 --> File loaded: /apps/web-drc/application/views/template_login_lte/header.php
DEBUG - 2025-01-16 09:05:57 --> File loaded: /apps/web-drc/application/views/template_login_lte/contents.php
DEBUG - 2025-01-16 09:05:57 --> File loaded: /apps/web-drc/application/views/template_login_lte/default.php
INFO - 2025-01-16 09:05:57 --> Final output sent to browser
DEBUG - 2025-01-16 09:05:57 --> Total execution time: 0.0774
INFO - 2025-01-16 09:05:58 --> Config Class Initialized
INFO - 2025-01-16 09:05:58 --> Hooks Class Initialized
DEBUG - 2025-01-16 09:05:58 --> UTF-8 Support Enabled
INFO - 2025-01-16 09:05:58 --> Utf8 Class Initialized
INFO - 2025-01-16 09:05:58 --> URI Class Initialized
INFO - 2025-01-16 09:05:58 --> Router Class Initialized
INFO - 2025-01-16 09:05:58 --> Output Class Initialized
INFO - 2025-01-16 09:05:58 --> Security Class Initialized
DEBUG - 2025-01-16 09:05:58 --> Global POST, GET and COOKIE data sanitized
INFO - 2025-01-16 09:05:58 --> Input Class Initialized
INFO - 2025-01-16 09:05:58 --> Language Class Initialized
ERROR - 2025-01-16 09:05:58 --> 404 Page Not Found: /index
INFO - 2025-01-16 09:05:58 --> Config Class Initialized
INFO - 2025-01-16 09:05:58 --> Hooks Class Initialized
DEBUG - 2025-01-16 09:05:58 --> UTF-8 Support Enabled
INFO - 2025-01-16 09:05:58 --> Utf8 Class Initialized
INFO - 2025-01-16 09:05:58 --> URI Class Initialized
DEBUG - 2025-01-16 09:05:58 --> No URI present. Default controller set.
INFO - 2025-01-16 09:05:58 --> Router Class Initialized
INFO - 2025-01-16 09:05:58 --> Output Class Initialized
INFO - 2025-01-16 09:05:58 --> Security Class Initialized
DEBUG - 2025-01-16 09:05:58 --> Global POST, GET and COOKIE data sanitized
INFO - 2025-01-16 09:05:58 --> Input Class Initialized
INFO - 2025-01-16 09:05:58 --> Language Class Initialized
INFO - 2025-01-16 09:05:58 --> Language Class Initialized
INFO - 2025-01-16 09:05:58 --> Config Class Initialized
INFO - 2025-01-16 09:05:58 --> Loader Class Initialized
INFO - 2025-01-16 09:05:58 --> Helper loaded: url_helper
INFO - 2025-01-16 09:05:58 --> Helper loaded: easyui_helper
INFO - 2025-01-16 09:05:58 --> Helper loaded: param_helper
INFO - 2025-01-16 09:05:58 --> Helper loaded: credential_helper
INFO - 2025-01-16 09:05:58 --> Helper loaded: template_helper
INFO - 2025-01-16 09:05:58 --> Helper loaded: rest_helper
INFO - 2025-01-16 09:05:58 --> Database Driver Class Initialized
DEBUG - 2025-01-16 09:05:58 --> Idgenerator class already loaded. Second attempt ignored.
INFO - 2025-01-16 09:05:58 --> Controller Class Initialized
DEBUG - 2025-01-16 09:05:58 --> File loaded: /apps/web-drc/application/modules/app_auth/views/login_lte_template.php
DEBUG - 2025-01-16 09:05:58 --> File loaded: /apps/web-drc/application/views/template_login_lte/header.php
DEBUG - 2025-01-16 09:05:58 --> File loaded: /apps/web-drc/application/views/template_login_lte/contents.php
DEBUG - 2025-01-16 09:05:58 --> File loaded: /apps/web-drc/application/views/template_login_lte/default.php
INFO - 2025-01-16 09:05:58 --> Final output sent to browser
DEBUG - 2025-01-16 09:05:58 --> Total execution time: 0.0033
INFO - 2025-01-16 09:05:59 --> Config Class Initialized
INFO - 2025-01-16 09:05:59 --> Hooks Class Initialized
DEBUG - 2025-01-16 09:05:59 --> UTF-8 Support Enabled
INFO - 2025-01-16 09:05:59 --> Utf8 Class Initialized
INFO - 2025-01-16 09:05:59 --> URI Class Initialized
INFO - 2025-01-16 09:05:59 --> Router Class Initialized
INFO - 2025-01-16 09:05:59 --> Output Class Initialized
INFO - 2025-01-16 09:05:59 --> Security Class Initialized
DEBUG - 2025-01-16 09:05:59 --> Global POST, GET and COOKIE data sanitized
INFO - 2025-01-16 09:05:59 --> Input Class Initialized
INFO - 2025-01-16 09:05:59 --> Language Class Initialized
ERROR - 2025-01-16 09:05:59 --> 404 Page Not Found: /index
INFO - 2025-01-16 12:11:17 --> Config Class Initialized
INFO - 2025-01-16 12:11:17 --> Hooks Class Initialized
DEBUG - 2025-01-16 12:11:17 --> UTF-8 Support Enabled
INFO - 2025-01-16 12:11:17 --> Utf8 Class Initialized
INFO - 2025-01-16 12:11:17 --> URI Class Initialized
DEBUG - 2025-01-16 12:11:17 --> No URI present. Default controller set.
INFO - 2025-01-16 12:11:17 --> Router Class Initialized
INFO - 2025-01-16 12:11:17 --> Output Class Initialized
INFO - 2025-01-16 12:11:17 --> Security Class Initialized
DEBUG - 2025-01-16 12:11:17 --> Global POST, GET and COOKIE data sanitized
INFO - 2025-01-16 12:11:17 --> Input Class Initialized
INFO - 2025-01-16 12:11:17 --> Language Class Initialized
INFO - 2025-01-16 12:11:17 --> Language Class Initialized
INFO - 2025-01-16 12:11:17 --> Config Class Initialized
INFO - 2025-01-16 12:11:17 --> Loader Class Initialized
INFO - 2025-01-16 12:11:17 --> Helper loaded: url_helper
INFO - 2025-01-16 12:11:17 --> Helper loaded: easyui_helper
INFO - 2025-01-16 12:11:17 --> Helper loaded: param_helper
INFO - 2025-01-16 12:11:17 --> Helper loaded: credential_helper
INFO - 2025-01-16 12:11:17 --> Helper loaded: template_helper
INFO - 2025-01-16 12:11:17 --> Helper loaded: rest_helper
INFO - 2025-01-16 12:11:17 --> Database Driver Class Initialized
DEBUG - 2025-01-16 12:11:17 --> Idgenerator class already loaded. Second attempt ignored.
INFO - 2025-01-16 12:11:17 --> Controller Class Initialized
DEBUG - 2025-01-16 12:11:17 --> File loaded: /apps/web-drc/application/modules/app_auth/views/login_lte_template.php
DEBUG - 2025-01-16 12:11:17 --> File loaded: /apps/web-drc/application/views/template_login_lte/header.php
DEBUG - 2025-01-16 12:11:17 --> File loaded: /apps/web-drc/application/views/template_login_lte/contents.php
DEBUG - 2025-01-16 12:11:17 --> File loaded: /apps/web-drc/application/views/template_login_lte/default.php
INFO - 2025-01-16 12:11:17 --> Final output sent to browser
DEBUG - 2025-01-16 12:11:17 --> Total execution time: 0.0218
INFO - 2025-01-16 12:11:17 --> Config Class Initialized
INFO - 2025-01-16 12:11:17 --> Hooks Class Initialized
DEBUG - 2025-01-16 12:11:17 --> UTF-8 Support Enabled
INFO - 2025-01-16 12:11:17 --> Utf8 Class Initialized
INFO - 2025-01-16 12:11:17 --> URI Class Initialized
INFO - 2025-01-16 12:11:17 --> Router Class Initialized
INFO - 2025-01-16 12:11:17 --> Output Class Initialized
INFO - 2025-01-16 12:11:17 --> Security Class Initialized
DEBUG - 2025-01-16 12:11:17 --> Global POST, GET and COOKIE data sanitized
INFO - 2025-01-16 12:11:17 --> Input Class Initialized
INFO - 2025-01-16 12:11:17 --> Language Class Initialized
ERROR - 2025-01-16 12:11:17 --> 404 Page Not Found: /index
INFO - 2025-01-16 12:11:17 --> Config Class Initialized
INFO - 2025-01-16 12:11:17 --> Hooks Class Initialized
DEBUG - 2025-01-16 12:11:17 --> UTF-8 Support Enabled
INFO - 2025-01-16 12:11:17 --> Utf8 Class Initialized
INFO - 2025-01-16 12:11:17 --> URI Class Initialized
INFO - 2025-01-16 12:11:17 --> Router Class Initialized
INFO - 2025-01-16 12:11:17 --> Output Class Initialized
INFO - 2025-01-16 12:11:17 --> Security Class Initialized
DEBUG - 2025-01-16 12:11:17 --> Global POST, GET and COOKIE data sanitized
INFO - 2025-01-16 12:11:17 --> Input Class Initialized
INFO - 2025-01-16 12:11:17 --> Language Class Initialized
ERROR - 2025-01-16 12:11:17 --> 404 Page Not Found: /index
INFO - 2025-01-16 12:11:19 --> Config Class Initialized
INFO - 2025-01-16 12:11:19 --> Hooks Class Initialized
DEBUG - 2025-01-16 12:11:19 --> UTF-8 Support Enabled
INFO - 2025-01-16 12:11:19 --> Utf8 Class Initialized
INFO - 2025-01-16 12:11:19 --> URI Class Initialized
INFO - 2025-01-16 12:11:19 --> Router Class Initialized
INFO - 2025-01-16 12:11:19 --> Output Class Initialized
INFO - 2025-01-16 12:11:19 --> Security Class Initialized
DEBUG - 2025-01-16 12:11:19 --> Global POST, GET and COOKIE data sanitized
INFO - 2025-01-16 12:11:19 --> Input Class Initialized
INFO - 2025-01-16 12:11:19 --> Language Class Initialized
INFO - 2025-01-16 12:11:19 --> Language Class Initialized
INFO - 2025-01-16 12:11:19 --> Config Class Initialized
INFO - 2025-01-16 12:11:19 --> Loader Class Initialized
INFO - 2025-01-16 12:11:19 --> Helper loaded: url_helper
INFO - 2025-01-16 12:11:19 --> Helper loaded: easyui_helper
INFO - 2025-01-16 12:11:19 --> Helper loaded: param_helper
INFO - 2025-01-16 12:11:19 --> Helper loaded: credential_helper
INFO - 2025-01-16 12:11:19 --> Helper loaded: template_helper
INFO - 2025-01-16 12:11:19 --> Helper loaded: rest_helper
INFO - 2025-01-16 12:11:19 --> Database Driver Class Initialized
DEBUG - 2025-01-16 12:11:19 --> Idgenerator class already loaded. Second attempt ignored.
INFO - 2025-01-16 12:11:19 --> Controller Class Initialized
INFO - 2025-01-16 12:11:19 --> Final output sent to browser
DEBUG - 2025-01-16 12:11:19 --> Total execution time: 0.0286
INFO - 2025-01-16 12:11:19 --> Config Class Initialized
INFO - 2025-01-16 12:11:19 --> Hooks Class Initialized
DEBUG - 2025-01-16 12:11:19 --> UTF-8 Support Enabled
INFO - 2025-01-16 12:11:19 --> Utf8 Class Initialized
INFO - 2025-01-16 12:11:19 --> URI Class Initialized
INFO - 2025-01-16 12:11:19 --> Router Class Initialized
INFO - 2025-01-16 12:11:19 --> Output Class Initialized
INFO - 2025-01-16 12:11:19 --> Security Class Initialized
DEBUG - 2025-01-16 12:11:19 --> Global POST, GET and COOKIE data sanitized
INFO - 2025-01-16 12:11:19 --> Input Class Initialized
INFO - 2025-01-16 12:11:19 --> Language Class Initialized
INFO - 2025-01-16 12:11:19 --> Language Class Initialized
INFO - 2025-01-16 12:11:19 --> Config Class Initialized
INFO - 2025-01-16 12:11:19 --> Loader Class Initialized
INFO - 2025-01-16 12:11:19 --> Helper loaded: url_helper
INFO - 2025-01-16 12:11:19 --> Helper loaded: easyui_helper
INFO - 2025-01-16 12:11:19 --> Helper loaded: param_helper
INFO - 2025-01-16 12:11:19 --> Helper loaded: credential_helper
INFO - 2025-01-16 12:11:19 --> Helper loaded: template_helper
INFO - 2025-01-16 12:11:19 --> Helper loaded: rest_helper
INFO - 2025-01-16 12:11:19 --> Database Driver Class Initialized
DEBUG - 2025-01-16 12:11:19 --> Idgenerator class already loaded. Second attempt ignored.
INFO - 2025-01-16 12:11:19 --> Controller Class Initialized
INFO - 2025-01-16 12:11:19 --> Model Class Initialized
DEBUG - 2025-01-16 12:11:19 --> File loaded: /apps/web-drc/application/modules/app_dashboard/models/App_dashboard_model.php
INFO - 2025-01-16 12:11:19 --> Model Class Initialized
DEBUG - 2025-01-16 12:11:19 --> File loaded: /apps/web-drc/application/modules/app_dashboard/views/content.php
DEBUG - 2025-01-16 12:11:19 --> File loaded: /apps/web-drc/application/views/templates/header.php
DEBUG - 2025-01-16 12:11:19 --> File loaded: /apps/web-drc/application/views/templates/toolbar.php
DEBUG - 2025-01-16 12:11:20 --> File loaded: /apps/web-drc/application/views/templates/sidebar.php
DEBUG - 2025-01-16 12:11:20 --> File loaded: /apps/web-drc/application/views/templates/contents.php
DEBUG - 2025-01-16 12:11:20 --> File loaded: /apps/web-drc/application/views/templates/content_footer.php
DEBUG - 2025-01-16 12:11:20 --> File loaded: /apps/web-drc/application/views/templates/footer.php
DEBUG - 2025-01-16 12:11:20 --> File loaded: /apps/web-drc/application/views/templates/default.php
INFO - 2025-01-16 12:11:20 --> Final output sent to browser
DEBUG - 2025-01-16 12:11:20 --> Total execution time: 0.0678
INFO - 2025-01-16 12:11:20 --> Config Class Initialized
INFO - 2025-01-16 12:11:20 --> Hooks Class Initialized
DEBUG - 2025-01-16 12:11:20 --> UTF-8 Support Enabled
INFO - 2025-01-16 12:11:20 --> Utf8 Class Initialized
INFO - 2025-01-16 12:11:20 --> URI Class Initialized
INFO - 2025-01-16 12:11:20 --> Router Class Initialized
INFO - 2025-01-16 12:11:20 --> Output Class Initialized
INFO - 2025-01-16 12:11:20 --> Security Class Initialized
DEBUG - 2025-01-16 12:11:20 --> Global POST, GET and COOKIE data sanitized
INFO - 2025-01-16 12:11:20 --> Input Class Initialized
INFO - 2025-01-16 12:11:20 --> Language Class Initialized
ERROR - 2025-01-16 12:11:20 --> 404 Page Not Found: /index
INFO - 2025-01-16 12:11:20 --> Config Class Initialized
INFO - 2025-01-16 12:11:20 --> Hooks Class Initialized
DEBUG - 2025-01-16 12:11:20 --> UTF-8 Support Enabled
INFO - 2025-01-16 12:11:20 --> Utf8 Class Initialized
INFO - 2025-01-16 12:11:20 --> URI Class Initialized
INFO - 2025-01-16 12:11:20 --> Router Class Initialized
INFO - 2025-01-16 12:11:20 --> Output Class Initialized
INFO - 2025-01-16 12:11:20 --> Security Class Initialized
DEBUG - 2025-01-16 12:11:20 --> Global POST, GET and COOKIE data sanitized
INFO - 2025-01-16 12:11:20 --> Input Class Initialized
INFO - 2025-01-16 12:11:20 --> Language Class Initialized
INFO - 2025-01-16 12:11:20 --> Language Class Initialized
INFO - 2025-01-16 12:11:20 --> Config Class Initialized
INFO - 2025-01-16 12:11:20 --> Loader Class Initialized
INFO - 2025-01-16 12:11:20 --> Helper loaded: url_helper
INFO - 2025-01-16 12:11:20 --> Helper loaded: easyui_helper
INFO - 2025-01-16 12:11:20 --> Helper loaded: param_helper
INFO - 2025-01-16 12:11:20 --> Helper loaded: credential_helper
INFO - 2025-01-16 12:11:20 --> Helper loaded: template_helper
INFO - 2025-01-16 12:11:20 --> Helper loaded: rest_helper
INFO - 2025-01-16 12:11:20 --> Database Driver Class Initialized
DEBUG - 2025-01-16 12:11:20 --> Idgenerator class already loaded. Second attempt ignored.
INFO - 2025-01-16 12:11:20 --> Controller Class Initialized
INFO - 2025-01-16 12:11:20 --> Model Class Initialized
DEBUG - 2025-01-16 12:11:20 --> File loaded: /apps/web-drc/application/modules/app_dashboard/models/App_dashboard_model.php
INFO - 2025-01-16 12:11:20 --> Model Class Initialized
INFO - 2025-01-16 12:11:20 --> Final output sent to browser
DEBUG - 2025-01-16 12:11:20 --> Total execution time: 0.0298
INFO - 2025-01-16 12:11:20 --> Config Class Initialized
INFO - 2025-01-16 12:11:20 --> Hooks Class Initialized
DEBUG - 2025-01-16 12:11:20 --> UTF-8 Support Enabled
INFO - 2025-01-16 12:11:20 --> Utf8 Class Initialized
INFO - 2025-01-16 12:11:20 --> URI Class Initialized
INFO - 2025-01-16 12:11:20 --> Router Class Initialized
INFO - 2025-01-16 12:11:20 --> Output Class Initialized
INFO - 2025-01-16 12:11:20 --> Security Class Initialized
DEBUG - 2025-01-16 12:11:20 --> Global POST, GET and COOKIE data sanitized
INFO - 2025-01-16 12:11:20 --> Input Class Initialized
INFO - 2025-01-16 12:11:20 --> Language Class Initialized
INFO - 2025-01-16 12:11:20 --> Language Class Initialized
INFO - 2025-01-16 12:11:20 --> Config Class Initialized
INFO - 2025-01-16 12:11:20 --> Loader Class Initialized
INFO - 2025-01-16 12:11:20 --> Helper loaded: url_helper
INFO - 2025-01-16 12:11:20 --> Helper loaded: easyui_helper
INFO - 2025-01-16 12:11:20 --> Helper loaded: param_helper
INFO - 2025-01-16 12:11:20 --> Helper loaded: credential_helper
INFO - 2025-01-16 12:11:20 --> Helper loaded: template_helper
INFO - 2025-01-16 12:11:20 --> Helper loaded: rest_helper
INFO - 2025-01-16 12:11:20 --> Database Driver Class Initialized
DEBUG - 2025-01-16 12:11:20 --> Idgenerator class already loaded. Second attempt ignored.
INFO - 2025-01-16 12:11:20 --> Controller Class Initialized
INFO - 2025-01-16 12:11:20 --> Model Class Initialized
DEBUG - 2025-01-16 12:11:20 --> File loaded: /apps/web-drc/application/modules/api_v1/models/Api_v1_model.php
INFO - 2025-01-16 12:11:20 --> Model Class Initialized
INFO - 2025-01-16 12:11:20 --> Final output sent to browser
DEBUG - 2025-01-16 12:11:20 --> Total execution time: 0.0205
INFO - 2025-01-16 12:11:27 --> Config Class Initialized
INFO - 2025-01-16 12:11:27 --> Hooks Class Initialized
DEBUG - 2025-01-16 12:11:27 --> UTF-8 Support Enabled
INFO - 2025-01-16 12:11:27 --> Utf8 Class Initialized
INFO - 2025-01-16 12:11:27 --> URI Class Initialized
INFO - 2025-01-16 12:11:27 --> Router Class Initialized
INFO - 2025-01-16 12:11:27 --> Output Class Initialized
INFO - 2025-01-16 12:11:27 --> Security Class Initialized
DEBUG - 2025-01-16 12:11:27 --> Global POST, GET and COOKIE data sanitized
INFO - 2025-01-16 12:11:27 --> Input Class Initialized
INFO - 2025-01-16 12:11:27 --> Language Class Initialized
INFO - 2025-01-16 12:11:27 --> Language Class Initialized
INFO - 2025-01-16 12:11:27 --> Config Class Initialized
INFO - 2025-01-16 12:11:27 --> Loader Class Initialized
INFO - 2025-01-16 12:11:27 --> Helper loaded: url_helper
INFO - 2025-01-16 12:11:27 --> Helper loaded: easyui_helper
INFO - 2025-01-16 12:11:27 --> Helper loaded: param_helper
INFO - 2025-01-16 12:11:27 --> Helper loaded: credential_helper
INFO - 2025-01-16 12:11:27 --> Helper loaded: template_helper
INFO - 2025-01-16 12:11:27 --> Helper loaded: rest_helper
INFO - 2025-01-16 12:11:27 --> Database Driver Class Initialized
DEBUG - 2025-01-16 12:11:27 --> Idgenerator class already loaded. Second attempt ignored.
INFO - 2025-01-16 12:11:27 --> Controller Class Initialized
INFO - 2025-01-16 12:11:27 --> Model Class Initialized
DEBUG - 2025-01-16 12:11:27 --> File loaded: /apps/web-drc/application/modules/app_dashboard/models/App_dashboard_model.php
INFO - 2025-01-16 12:11:27 --> Model Class Initialized
INFO - 2025-01-16 12:11:27 --> Final output sent to browser
DEBUG - 2025-01-16 12:11:27 --> Total execution time: 0.1793
INFO - 2025-01-16 12:11:31 --> Config Class Initialized
INFO - 2025-01-16 12:11:31 --> Hooks Class Initialized
DEBUG - 2025-01-16 12:11:31 --> UTF-8 Support Enabled
INFO - 2025-01-16 12:11:31 --> Utf8 Class Initialized
INFO - 2025-01-16 12:11:31 --> URI Class Initialized
INFO - 2025-01-16 12:11:31 --> Router Class Initialized
INFO - 2025-01-16 12:11:31 --> Output Class Initialized
INFO - 2025-01-16 12:11:31 --> Security Class Initialized
DEBUG - 2025-01-16 12:11:31 --> Global POST, GET and COOKIE data sanitized
INFO - 2025-01-16 12:11:31 --> Input Class Initialized
INFO - 2025-01-16 12:11:31 --> Language Class Initialized
INFO - 2025-01-16 12:11:31 --> Language Class Initialized
INFO - 2025-01-16 12:11:31 --> Config Class Initialized
INFO - 2025-01-16 12:11:31 --> Loader Class Initialized
INFO - 2025-01-16 12:11:31 --> Helper loaded: url_helper
INFO - 2025-01-16 12:11:31 --> Helper loaded: easyui_helper
INFO - 2025-01-16 12:11:31 --> Helper loaded: param_helper
INFO - 2025-01-16 12:11:31 --> Helper loaded: credential_helper
INFO - 2025-01-16 12:11:31 --> Helper loaded: template_helper
INFO - 2025-01-16 12:11:31 --> Helper loaded: rest_helper
INFO - 2025-01-16 12:11:31 --> Database Driver Class Initialized
DEBUG - 2025-01-16 12:11:31 --> Idgenerator class already loaded. Second attempt ignored.
INFO - 2025-01-16 12:11:31 --> Controller Class Initialized
INFO - 2025-01-16 12:11:31 --> Model Class Initialized
DEBUG - 2025-01-16 12:11:31 --> File loaded: /apps/web-drc/application/modules/app_dashboard/models/App_dashboard_model.php
INFO - 2025-01-16 12:11:31 --> Model Class Initialized
INFO - 2025-01-16 12:11:31 --> Final output sent to browser
DEBUG - 2025-01-16 12:11:31 --> Total execution time: 0.6429
INFO - 2025-01-16 12:11:43 --> Config Class Initialized
INFO - 2025-01-16 12:11:43 --> Hooks Class Initialized
DEBUG - 2025-01-16 12:11:43 --> UTF-8 Support Enabled
INFO - 2025-01-16 12:11:43 --> Utf8 Class Initialized
INFO - 2025-01-16 12:11:43 --> URI Class Initialized
INFO - 2025-01-16 12:11:43 --> Router Class Initialized
INFO - 2025-01-16 12:11:43 --> Output Class Initialized
INFO - 2025-01-16 12:11:43 --> Security Class Initialized
DEBUG - 2025-01-16 12:11:43 --> Global POST, GET and COOKIE data sanitized
INFO - 2025-01-16 12:11:43 --> Input Class Initialized
INFO - 2025-01-16 12:11:43 --> Language Class Initialized
INFO - 2025-01-16 12:11:43 --> Language Class Initialized
INFO - 2025-01-16 12:11:43 --> Config Class Initialized
INFO - 2025-01-16 12:11:43 --> Loader Class Initialized
INFO - 2025-01-16 12:11:43 --> Helper loaded: url_helper
INFO - 2025-01-16 12:11:43 --> Helper loaded: easyui_helper
INFO - 2025-01-16 12:11:43 --> Helper loaded: param_helper
INFO - 2025-01-16 12:11:43 --> Helper loaded: credential_helper
INFO - 2025-01-16 12:11:43 --> Helper loaded: template_helper
INFO - 2025-01-16 12:11:43 --> Helper loaded: rest_helper
INFO - 2025-01-16 12:11:43 --> Database Driver Class Initialized
DEBUG - 2025-01-16 12:11:43 --> Idgenerator class already loaded. Second attempt ignored.
INFO - 2025-01-16 12:11:43 --> Controller Class Initialized
INFO - 2025-01-16 12:11:43 --> Model Class Initialized
DEBUG - 2025-01-16 12:11:43 --> File loaded: /apps/web-drc/application/modules/app_dashboard/models/App_dashboard_model.php
INFO - 2025-01-16 12:11:43 --> Model Class Initialized
INFO - 2025-01-16 12:11:43 --> Final output sent to browser
DEBUG - 2025-01-16 12:11:43 --> Total execution time: 0.1292
INFO - 2025-01-16 12:11:44 --> Config Class Initialized
INFO - 2025-01-16 12:11:44 --> Hooks Class Initialized
DEBUG - 2025-01-16 12:11:44 --> UTF-8 Support Enabled
INFO - 2025-01-16 12:11:44 --> Utf8 Class Initialized
INFO - 2025-01-16 12:11:44 --> URI Class Initialized
INFO - 2025-01-16 12:11:44 --> Router Class Initialized
INFO - 2025-01-16 12:11:44 --> Output Class Initialized
INFO - 2025-01-16 12:11:44 --> Security Class Initialized
DEBUG - 2025-01-16 12:11:44 --> Global POST, GET and COOKIE data sanitized
INFO - 2025-01-16 12:11:44 --> Input Class Initialized
INFO - 2025-01-16 12:11:44 --> Language Class Initialized
INFO - 2025-01-16 12:11:44 --> Language Class Initialized
INFO - 2025-01-16 12:11:44 --> Config Class Initialized
INFO - 2025-01-16 12:11:44 --> Loader Class Initialized
INFO - 2025-01-16 12:11:44 --> Helper loaded: url_helper
INFO - 2025-01-16 12:11:44 --> Helper loaded: easyui_helper
INFO - 2025-01-16 12:11:44 --> Helper loaded: param_helper
INFO - 2025-01-16 12:11:44 --> Helper loaded: credential_helper
INFO - 2025-01-16 12:11:44 --> Helper loaded: template_helper
INFO - 2025-01-16 12:11:44 --> Helper loaded: rest_helper
INFO - 2025-01-16 12:11:44 --> Database Driver Class Initialized
DEBUG - 2025-01-16 12:11:44 --> Idgenerator class already loaded. Second attempt ignored.
INFO - 2025-01-16 12:11:44 --> Controller Class Initialized
INFO - 2025-01-16 12:11:44 --> Model Class Initialized
DEBUG - 2025-01-16 12:11:44 --> File loaded: /apps/web-drc/application/modules/app_dashboard/models/App_dashboard_model.php
INFO - 2025-01-16 12:11:44 --> Model Class Initialized
INFO - 2025-01-16 12:11:45 --> Final output sent to browser
DEBUG - 2025-01-16 12:11:45 --> Total execution time: 0.1505
INFO - 2025-01-16 12:11:45 --> Config Class Initialized
INFO - 2025-01-16 12:11:45 --> Hooks Class Initialized
DEBUG - 2025-01-16 12:11:45 --> UTF-8 Support Enabled
INFO - 2025-01-16 12:11:45 --> Utf8 Class Initialized
INFO - 2025-01-16 12:11:45 --> URI Class Initialized
INFO - 2025-01-16 12:11:45 --> Router Class Initialized
INFO - 2025-01-16 12:11:45 --> Output Class Initialized
INFO - 2025-01-16 12:11:45 --> Security Class Initialized
DEBUG - 2025-01-16 12:11:45 --> Global POST, GET and COOKIE data sanitized
INFO - 2025-01-16 12:11:45 --> Input Class Initialized
INFO - 2025-01-16 12:11:45 --> Language Class Initialized
INFO - 2025-01-16 12:11:45 --> Language Class Initialized
INFO - 2025-01-16 12:11:45 --> Config Class Initialized
INFO - 2025-01-16 12:11:45 --> Loader Class Initialized
INFO - 2025-01-16 12:11:45 --> Helper loaded: url_helper
INFO - 2025-01-16 12:11:45 --> Helper loaded: easyui_helper
INFO - 2025-01-16 12:11:45 --> Helper loaded: param_helper
INFO - 2025-01-16 12:11:45 --> Helper loaded: credential_helper
INFO - 2025-01-16 12:11:45 --> Helper loaded: template_helper
INFO - 2025-01-16 12:11:45 --> Helper loaded: rest_helper
INFO - 2025-01-16 12:11:45 --> Database Driver Class Initialized
DEBUG - 2025-01-16 12:11:45 --> Idgenerator class already loaded. Second attempt ignored.
INFO - 2025-01-16 12:11:45 --> Controller Class Initialized
INFO - 2025-01-16 12:11:45 --> Model Class Initialized
DEBUG - 2025-01-16 12:11:45 --> File loaded: /apps/web-drc/application/modules/app_dashboard/models/App_dashboard_model.php
INFO - 2025-01-16 12:11:45 --> Model Class Initialized
INFO - 2025-01-16 12:11:46 --> Final output sent to browser
DEBUG - 2025-01-16 12:11:46 --> Total execution time: 0.1405
INFO - 2025-01-16 12:11:47 --> Config Class Initialized
INFO - 2025-01-16 12:11:47 --> Hooks Class Initialized
DEBUG - 2025-01-16 12:11:47 --> UTF-8 Support Enabled
INFO - 2025-01-16 12:11:47 --> Utf8 Class Initialized
INFO - 2025-01-16 12:11:47 --> URI Class Initialized
INFO - 2025-01-16 12:11:47 --> Router Class Initialized
INFO - 2025-01-16 12:11:47 --> Output Class Initialized
INFO - 2025-01-16 12:11:47 --> Security Class Initialized
DEBUG - 2025-01-16 12:11:47 --> Global POST, GET and COOKIE data sanitized
INFO - 2025-01-16 12:11:47 --> Input Class Initialized
INFO - 2025-01-16 12:11:47 --> Language Class Initialized
INFO - 2025-01-16 12:11:47 --> Language Class Initialized
INFO - 2025-01-16 12:11:47 --> Config Class Initialized
INFO - 2025-01-16 12:11:47 --> Loader Class Initialized
INFO - 2025-01-16 12:11:47 --> Helper loaded: url_helper
INFO - 2025-01-16 12:11:47 --> Helper loaded: easyui_helper
INFO - 2025-01-16 12:11:47 --> Helper loaded: param_helper
INFO - 2025-01-16 12:11:47 --> Helper loaded: credential_helper
INFO - 2025-01-16 12:11:47 --> Helper loaded: template_helper
INFO - 2025-01-16 12:11:47 --> Helper loaded: rest_helper
INFO - 2025-01-16 12:11:47 --> Database Driver Class Initialized
DEBUG - 2025-01-16 12:11:47 --> Idgenerator class already loaded. Second attempt ignored.
INFO - 2025-01-16 12:11:47 --> Controller Class Initialized
INFO - 2025-01-16 12:11:47 --> Model Class Initialized
DEBUG - 2025-01-16 12:11:47 --> File loaded: /apps/web-drc/application/modules/app_dashboard/models/App_dashboard_model.php
INFO - 2025-01-16 12:11:47 --> Model Class Initialized
INFO - 2025-01-16 12:11:47 --> Final output sent to browser
DEBUG - 2025-01-16 12:11:47 --> Total execution time: 0.1288
INFO - 2025-01-16 12:11:48 --> Config Class Initialized
INFO - 2025-01-16 12:11:48 --> Hooks Class Initialized
DEBUG - 2025-01-16 12:11:48 --> UTF-8 Support Enabled
INFO - 2025-01-16 12:11:48 --> Utf8 Class Initialized
INFO - 2025-01-16 12:11:48 --> URI Class Initialized
INFO - 2025-01-16 12:11:48 --> Router Class Initialized
INFO - 2025-01-16 12:11:48 --> Output Class Initialized
INFO - 2025-01-16 12:11:48 --> Security Class Initialized
DEBUG - 2025-01-16 12:11:48 --> Global POST, GET and COOKIE data sanitized
INFO - 2025-01-16 12:11:48 --> Input Class Initialized
INFO - 2025-01-16 12:11:48 --> Language Class Initialized
INFO - 2025-01-16 12:11:48 --> Language Class Initialized
INFO - 2025-01-16 12:11:48 --> Config Class Initialized
INFO - 2025-01-16 12:11:48 --> Loader Class Initialized
INFO - 2025-01-16 12:11:48 --> Helper loaded: url_helper
INFO - 2025-01-16 12:11:48 --> Helper loaded: easyui_helper
INFO - 2025-01-16 12:11:48 --> Helper loaded: param_helper
INFO - 2025-01-16 12:11:48 --> Helper loaded: credential_helper
INFO - 2025-01-16 12:11:48 --> Helper loaded: template_helper
INFO - 2025-01-16 12:11:48 --> Helper loaded: rest_helper
INFO - 2025-01-16 12:11:48 --> Database Driver Class Initialized
DEBUG - 2025-01-16 12:11:48 --> Idgenerator class already loaded. Second attempt ignored.
INFO - 2025-01-16 12:11:48 --> Controller Class Initialized
INFO - 2025-01-16 12:11:48 --> Model Class Initialized
DEBUG - 2025-01-16 12:11:48 --> File loaded: /apps/web-drc/application/modules/app_dashboard/models/App_dashboard_model.php
INFO - 2025-01-16 12:11:48 --> Model Class Initialized
INFO - 2025-01-16 12:11:48 --> Final output sent to browser
DEBUG - 2025-01-16 12:11:48 --> Total execution time: 0.1643
INFO - 2025-01-16 12:11:49 --> Config Class Initialized
INFO - 2025-01-16 12:11:49 --> Hooks Class Initialized
DEBUG - 2025-01-16 12:11:49 --> UTF-8 Support Enabled
INFO - 2025-01-16 12:11:49 --> Utf8 Class Initialized
INFO - 2025-01-16 12:11:49 --> URI Class Initialized
INFO - 2025-01-16 12:11:49 --> Router Class Initialized
INFO - 2025-01-16 12:11:49 --> Output Class Initialized
INFO - 2025-01-16 12:11:49 --> Security Class Initialized
DEBUG - 2025-01-16 12:11:49 --> Global POST, GET and COOKIE data sanitized
INFO - 2025-01-16 12:11:49 --> Input Class Initialized
INFO - 2025-01-16 12:11:49 --> Language Class Initialized
INFO - 2025-01-16 12:11:49 --> Language Class Initialized
INFO - 2025-01-16 12:11:49 --> Config Class Initialized
INFO - 2025-01-16 12:11:49 --> Loader Class Initialized
INFO - 2025-01-16 12:11:49 --> Helper loaded: url_helper
INFO - 2025-01-16 12:11:49 --> Helper loaded: easyui_helper
INFO - 2025-01-16 12:11:49 --> Helper loaded: param_helper
INFO - 2025-01-16 12:11:49 --> Helper loaded: credential_helper
INFO - 2025-01-16 12:11:49 --> Helper loaded: template_helper
INFO - 2025-01-16 12:11:49 --> Helper loaded: rest_helper
INFO - 2025-01-16 12:11:49 --> Database Driver Class Initialized
DEBUG - 2025-01-16 12:11:49 --> Idgenerator class already loaded. Second attempt ignored.
INFO - 2025-01-16 12:11:49 --> Controller Class Initialized
INFO - 2025-01-16 12:11:49 --> Model Class Initialized
DEBUG - 2025-01-16 12:11:49 --> File loaded: /apps/web-drc/application/modules/app_dashboard/models/App_dashboard_model.php
INFO - 2025-01-16 12:11:49 --> Model Class Initialized
INFO - 2025-01-16 12:11:49 --> Final output sent to browser
DEBUG - 2025-01-16 12:11:49 --> Total execution time: 0.1342
INFO - 2025-01-16 12:11:50 --> Config Class Initialized
INFO - 2025-01-16 12:11:50 --> Hooks Class Initialized
DEBUG - 2025-01-16 12:11:50 --> UTF-8 Support Enabled
INFO - 2025-01-16 12:11:50 --> Utf8 Class Initialized
INFO - 2025-01-16 12:11:50 --> URI Class Initialized
INFO - 2025-01-16 12:11:50 --> Router Class Initialized
INFO - 2025-01-16 12:11:50 --> Output Class Initialized
INFO - 2025-01-16 12:11:50 --> Security Class Initialized
DEBUG - 2025-01-16 12:11:50 --> Global POST, GET and COOKIE data sanitized
INFO - 2025-01-16 12:11:50 --> Input Class Initialized
INFO - 2025-01-16 12:11:50 --> Language Class Initialized
INFO - 2025-01-16 12:11:50 --> Language Class Initialized
INFO - 2025-01-16 12:11:50 --> Config Class Initialized
INFO - 2025-01-16 12:11:50 --> Loader Class Initialized
INFO - 2025-01-16 12:11:50 --> Helper loaded: url_helper
INFO - 2025-01-16 12:11:50 --> Helper loaded: easyui_helper
INFO - 2025-01-16 12:11:50 --> Helper loaded: param_helper
INFO - 2025-01-16 12:11:50 --> Helper loaded: credential_helper
INFO - 2025-01-16 12:11:50 --> Helper loaded: template_helper
INFO - 2025-01-16 12:11:50 --> Helper loaded: rest_helper
INFO - 2025-01-16 12:11:50 --> Database Driver Class Initialized
DEBUG - 2025-01-16 12:11:50 --> Idgenerator class already loaded. Second attempt ignored.
INFO - 2025-01-16 12:11:50 --> Controller Class Initialized
INFO - 2025-01-16 12:11:50 --> Model Class Initialized
DEBUG - 2025-01-16 12:11:50 --> File loaded: /apps/web-drc/application/modules/app_dashboard/models/App_dashboard_model.php
INFO - 2025-01-16 12:11:50 --> Model Class Initialized
INFO - 2025-01-16 12:11:50 --> Final output sent to browser
DEBUG - 2025-01-16 12:11:50 --> Total execution time: 0.1337
INFO - 2025-01-16 12:11:51 --> Config Class Initialized
INFO - 2025-01-16 12:11:51 --> Hooks Class Initialized
DEBUG - 2025-01-16 12:11:51 --> UTF-8 Support Enabled
INFO - 2025-01-16 12:11:51 --> Utf8 Class Initialized
INFO - 2025-01-16 12:11:51 --> URI Class Initialized
INFO - 2025-01-16 12:11:51 --> Router Class Initialized
INFO - 2025-01-16 12:11:51 --> Output Class Initialized
INFO - 2025-01-16 12:11:51 --> Security Class Initialized
DEBUG - 2025-01-16 12:11:51 --> Global POST, GET and COOKIE data sanitized
INFO - 2025-01-16 12:11:51 --> Input Class Initialized
INFO - 2025-01-16 12:11:51 --> Language Class Initialized
INFO - 2025-01-16 12:11:51 --> Language Class Initialized
INFO - 2025-01-16 12:11:51 --> Config Class Initialized
INFO - 2025-01-16 12:11:51 --> Loader Class Initialized
INFO - 2025-01-16 12:11:51 --> Helper loaded: url_helper
INFO - 2025-01-16 12:11:51 --> Helper loaded: easyui_helper
INFO - 2025-01-16 12:11:51 --> Helper loaded: param_helper
INFO - 2025-01-16 12:11:51 --> Helper loaded: credential_helper
INFO - 2025-01-16 12:11:51 --> Helper loaded: template_helper
INFO - 2025-01-16 12:11:51 --> Helper loaded: rest_helper
INFO - 2025-01-16 12:11:51 --> Database Driver Class Initialized
DEBUG - 2025-01-16 12:11:51 --> Idgenerator class already loaded. Second attempt ignored.
INFO - 2025-01-16 12:11:51 --> Controller Class Initialized
INFO - 2025-01-16 12:11:51 --> Model Class Initialized
DEBUG - 2025-01-16 12:11:51 --> File loaded: /apps/web-drc/application/modules/app_dashboard/models/App_dashboard_model.php
INFO - 2025-01-16 12:11:51 --> Model Class Initialized
INFO - 2025-01-16 12:11:51 --> Final output sent to browser
DEBUG - 2025-01-16 12:11:51 --> Total execution time: 0.1342
INFO - 2025-01-16 12:11:51 --> Config Class Initialized
INFO - 2025-01-16 12:11:51 --> Hooks Class Initialized
DEBUG - 2025-01-16 12:11:51 --> UTF-8 Support Enabled
INFO - 2025-01-16 12:11:51 --> Utf8 Class Initialized
INFO - 2025-01-16 12:11:51 --> URI Class Initialized
INFO - 2025-01-16 12:11:51 --> Router Class Initialized
INFO - 2025-01-16 12:11:51 --> Output Class Initialized
INFO - 2025-01-16 12:11:51 --> Security Class Initialized
DEBUG - 2025-01-16 12:11:51 --> Global POST, GET and COOKIE data sanitized
INFO - 2025-01-16 12:11:51 --> Input Class Initialized
INFO - 2025-01-16 12:11:51 --> Language Class Initialized
INFO - 2025-01-16 12:11:51 --> Language Class Initialized
INFO - 2025-01-16 12:11:51 --> Config Class Initialized
INFO - 2025-01-16 12:11:51 --> Loader Class Initialized
INFO - 2025-01-16 12:11:51 --> Helper loaded: url_helper
INFO - 2025-01-16 12:11:51 --> Helper loaded: easyui_helper
INFO - 2025-01-16 12:11:51 --> Helper loaded: param_helper
INFO - 2025-01-16 12:11:51 --> Helper loaded: credential_helper
INFO - 2025-01-16 12:11:51 --> Helper loaded: template_helper
INFO - 2025-01-16 12:11:51 --> Helper loaded: rest_helper
INFO - 2025-01-16 12:11:51 --> Database Driver Class Initialized
DEBUG - 2025-01-16 12:11:51 --> Idgenerator class already loaded. Second attempt ignored.
INFO - 2025-01-16 12:11:51 --> Controller Class Initialized
INFO - 2025-01-16 12:11:51 --> Model Class Initialized
DEBUG - 2025-01-16 12:11:51 --> File loaded: /apps/web-drc/application/modules/app_dashboard/models/App_dashboard_model.php
INFO - 2025-01-16 12:11:51 --> Model Class Initialized
INFO - 2025-01-16 12:11:52 --> Final output sent to browser
DEBUG - 2025-01-16 12:11:52 --> Total execution time: 0.1470
INFO - 2025-01-16 12:11:53 --> Config Class Initialized
INFO - 2025-01-16 12:11:53 --> Hooks Class Initialized
DEBUG - 2025-01-16 12:11:53 --> UTF-8 Support Enabled
INFO - 2025-01-16 12:11:53 --> Utf8 Class Initialized
INFO - 2025-01-16 12:11:53 --> URI Class Initialized
INFO - 2025-01-16 12:11:53 --> Router Class Initialized
INFO - 2025-01-16 12:11:53 --> Output Class Initialized
INFO - 2025-01-16 12:11:53 --> Security Class Initialized
DEBUG - 2025-01-16 12:11:53 --> Global POST, GET and COOKIE data sanitized
INFO - 2025-01-16 12:11:53 --> Input Class Initialized
INFO - 2025-01-16 12:11:53 --> Language Class Initialized
INFO - 2025-01-16 12:11:53 --> Language Class Initialized
INFO - 2025-01-16 12:11:53 --> Config Class Initialized
INFO - 2025-01-16 12:11:53 --> Loader Class Initialized
INFO - 2025-01-16 12:11:53 --> Helper loaded: url_helper
INFO - 2025-01-16 12:11:53 --> Helper loaded: easyui_helper
INFO - 2025-01-16 12:11:53 --> Helper loaded: param_helper
INFO - 2025-01-16 12:11:53 --> Helper loaded: credential_helper
INFO - 2025-01-16 12:11:53 --> Helper loaded: template_helper
INFO - 2025-01-16 12:11:53 --> Helper loaded: rest_helper
INFO - 2025-01-16 12:11:53 --> Database Driver Class Initialized
DEBUG - 2025-01-16 12:11:53 --> Idgenerator class already loaded. Second attempt ignored.
INFO - 2025-01-16 12:11:53 --> Controller Class Initialized
INFO - 2025-01-16 12:11:53 --> Model Class Initialized
DEBUG - 2025-01-16 12:11:53 --> File loaded: /apps/web-drc/application/modules/app_dashboard/models/App_dashboard_model.php
INFO - 2025-01-16 12:11:53 --> Model Class Initialized
INFO - 2025-01-16 12:11:53 --> Final output sent to browser
DEBUG - 2025-01-16 12:11:53 --> Total execution time: 0.1537
INFO - 2025-01-16 12:12:24 --> Config Class Initialized
INFO - 2025-01-16 12:12:24 --> Hooks Class Initialized
DEBUG - 2025-01-16 12:12:24 --> UTF-8 Support Enabled
INFO - 2025-01-16 12:12:24 --> Utf8 Class Initialized
INFO - 2025-01-16 12:12:24 --> URI Class Initialized
INFO - 2025-01-16 12:12:24 --> Router Class Initialized
INFO - 2025-01-16 12:12:24 --> Output Class Initialized
INFO - 2025-01-16 12:12:24 --> Security Class Initialized
DEBUG - 2025-01-16 12:12:24 --> Global POST, GET and COOKIE data sanitized
INFO - 2025-01-16 12:12:24 --> Input Class Initialized
INFO - 2025-01-16 12:12:24 --> Language Class Initialized
INFO - 2025-01-16 12:12:24 --> Language Class Initialized
INFO - 2025-01-16 12:12:24 --> Config Class Initialized
INFO - 2025-01-16 12:12:24 --> Loader Class Initialized
INFO - 2025-01-16 12:12:24 --> Helper loaded: url_helper
INFO - 2025-01-16 12:12:24 --> Helper loaded: easyui_helper
INFO - 2025-01-16 12:12:24 --> Helper loaded: param_helper
INFO - 2025-01-16 12:12:24 --> Helper loaded: credential_helper
INFO - 2025-01-16 12:12:24 --> Helper loaded: template_helper
INFO - 2025-01-16 12:12:24 --> Helper loaded: rest_helper
INFO - 2025-01-16 12:12:24 --> Database Driver Class Initialized
DEBUG - 2025-01-16 12:12:24 --> Idgenerator class already loaded. Second attempt ignored.
INFO - 2025-01-16 12:12:24 --> Controller Class Initialized
INFO - 2025-01-16 12:12:24 --> Model Class Initialized
DEBUG - 2025-01-16 12:12:24 --> File loaded: /apps/web-drc/application/modules/app_dashboard/models/App_dashboard_model.php
INFO - 2025-01-16 12:12:24 --> Model Class Initialized
INFO - 2025-01-16 12:12:24 --> Final output sent to browser
DEBUG - 2025-01-16 12:12:24 --> Total execution time: 0.1295
INFO - 2025-01-16 12:12:25 --> Config Class Initialized
INFO - 2025-01-16 12:12:25 --> Hooks Class Initialized
DEBUG - 2025-01-16 12:12:25 --> UTF-8 Support Enabled
INFO - 2025-01-16 12:12:25 --> Utf8 Class Initialized
INFO - 2025-01-16 12:12:25 --> URI Class Initialized
INFO - 2025-01-16 12:12:25 --> Router Class Initialized
INFO - 2025-01-16 12:12:25 --> Output Class Initialized
INFO - 2025-01-16 12:12:25 --> Security Class Initialized
DEBUG - 2025-01-16 12:12:25 --> Global POST, GET and COOKIE data sanitized
INFO - 2025-01-16 12:12:25 --> Input Class Initialized
INFO - 2025-01-16 12:12:25 --> Language Class Initialized
INFO - 2025-01-16 12:12:25 --> Language Class Initialized
INFO - 2025-01-16 12:12:25 --> Config Class Initialized
INFO - 2025-01-16 12:12:25 --> Loader Class Initialized
INFO - 2025-01-16 12:12:25 --> Helper loaded: url_helper
INFO - 2025-01-16 12:12:25 --> Helper loaded: easyui_helper
INFO - 2025-01-16 12:12:25 --> Helper loaded: param_helper
INFO - 2025-01-16 12:12:25 --> Helper loaded: credential_helper
INFO - 2025-01-16 12:12:25 --> Helper loaded: template_helper
INFO - 2025-01-16 12:12:25 --> Helper loaded: rest_helper
INFO - 2025-01-16 12:12:25 --> Database Driver Class Initialized
DEBUG - 2025-01-16 12:12:25 --> Idgenerator class already loaded. Second attempt ignored.
INFO - 2025-01-16 12:12:25 --> Controller Class Initialized
INFO - 2025-01-16 12:12:25 --> Model Class Initialized
DEBUG - 2025-01-16 12:12:25 --> File loaded: /apps/web-drc/application/modules/app_dashboard/models/App_dashboard_model.php
INFO - 2025-01-16 12:12:25 --> Model Class Initialized
INFO - 2025-01-16 12:12:25 --> Final output sent to browser
DEBUG - 2025-01-16 12:12:25 --> Total execution time: 0.1438
INFO - 2025-01-16 12:12:26 --> Config Class Initialized
INFO - 2025-01-16 12:12:26 --> Hooks Class Initialized
DEBUG - 2025-01-16 12:12:26 --> UTF-8 Support Enabled
INFO - 2025-01-16 12:12:26 --> Utf8 Class Initialized
INFO - 2025-01-16 12:12:26 --> URI Class Initialized
INFO - 2025-01-16 12:12:26 --> Router Class Initialized
INFO - 2025-01-16 12:12:26 --> Output Class Initialized
INFO - 2025-01-16 12:12:26 --> Security Class Initialized
DEBUG - 2025-01-16 12:12:26 --> Global POST, GET and COOKIE data sanitized
INFO - 2025-01-16 12:12:26 --> Input Class Initialized
INFO - 2025-01-16 12:12:26 --> Language Class Initialized
INFO - 2025-01-16 12:12:26 --> Language Class Initialized
INFO - 2025-01-16 12:12:26 --> Config Class Initialized
INFO - 2025-01-16 12:12:26 --> Loader Class Initialized
INFO - 2025-01-16 12:12:26 --> Helper loaded: url_helper
INFO - 2025-01-16 12:12:26 --> Helper loaded: easyui_helper
INFO - 2025-01-16 12:12:26 --> Helper loaded: param_helper
INFO - 2025-01-16 12:12:26 --> Helper loaded: credential_helper
INFO - 2025-01-16 12:12:26 --> Helper loaded: template_helper
INFO - 2025-01-16 12:12:26 --> Helper loaded: rest_helper
INFO - 2025-01-16 12:12:26 --> Database Driver Class Initialized
DEBUG - 2025-01-16 12:12:26 --> Idgenerator class already loaded. Second attempt ignored.
INFO - 2025-01-16 12:12:26 --> Controller Class Initialized
INFO - 2025-01-16 12:12:26 --> Model Class Initialized
DEBUG - 2025-01-16 12:12:26 --> File loaded: /apps/web-drc/application/modules/app_dashboard/models/App_dashboard_model.php
INFO - 2025-01-16 12:12:26 --> Model Class Initialized
INFO - 2025-01-16 12:12:26 --> Final output sent to browser
DEBUG - 2025-01-16 12:12:26 --> Total execution time: 0.1819
INFO - 2025-01-16 12:12:27 --> Config Class Initialized
INFO - 2025-01-16 12:12:27 --> Hooks Class Initialized
DEBUG - 2025-01-16 12:12:27 --> UTF-8 Support Enabled
INFO - 2025-01-16 12:12:27 --> Utf8 Class Initialized
INFO - 2025-01-16 12:12:27 --> URI Class Initialized
INFO - 2025-01-16 12:12:27 --> Router Class Initialized
INFO - 2025-01-16 12:12:27 --> Output Class Initialized
INFO - 2025-01-16 12:12:27 --> Security Class Initialized
DEBUG - 2025-01-16 12:12:27 --> Global POST, GET and COOKIE data sanitized
INFO - 2025-01-16 12:12:27 --> Input Class Initialized
INFO - 2025-01-16 12:12:27 --> Language Class Initialized
INFO - 2025-01-16 12:12:27 --> Language Class Initialized
INFO - 2025-01-16 12:12:27 --> Config Class Initialized
INFO - 2025-01-16 12:12:27 --> Loader Class Initialized
INFO - 2025-01-16 12:12:27 --> Helper loaded: url_helper
INFO - 2025-01-16 12:12:27 --> Helper loaded: easyui_helper
INFO - 2025-01-16 12:12:27 --> Helper loaded: param_helper
INFO - 2025-01-16 12:12:27 --> Helper loaded: credential_helper
INFO - 2025-01-16 12:12:27 --> Helper loaded: template_helper
INFO - 2025-01-16 12:12:27 --> Helper loaded: rest_helper
INFO - 2025-01-16 12:12:27 --> Database Driver Class Initialized
DEBUG - 2025-01-16 12:12:27 --> Idgenerator class already loaded. Second attempt ignored.
INFO - 2025-01-16 12:12:27 --> Controller Class Initialized
INFO - 2025-01-16 12:12:27 --> Model Class Initialized
DEBUG - 2025-01-16 12:12:27 --> File loaded: /apps/web-drc/application/modules/app_dashboard/models/App_dashboard_model.php
INFO - 2025-01-16 12:12:27 --> Model Class Initialized
INFO - 2025-01-16 12:12:27 --> Final output sent to browser
DEBUG - 2025-01-16 12:12:27 --> Total execution time: 0.1655
INFO - 2025-01-16 12:12:27 --> Config Class Initialized
INFO - 2025-01-16 12:12:27 --> Hooks Class Initialized
DEBUG - 2025-01-16 12:12:27 --> UTF-8 Support Enabled
INFO - 2025-01-16 12:12:27 --> Utf8 Class Initialized
INFO - 2025-01-16 12:12:27 --> URI Class Initialized
INFO - 2025-01-16 12:12:27 --> Router Class Initialized
INFO - 2025-01-16 12:12:27 --> Output Class Initialized
INFO - 2025-01-16 12:12:27 --> Security Class Initialized
DEBUG - 2025-01-16 12:12:27 --> Global POST, GET and COOKIE data sanitized
INFO - 2025-01-16 12:12:27 --> Input Class Initialized
INFO - 2025-01-16 12:12:27 --> Language Class Initialized
INFO - 2025-01-16 12:12:27 --> Language Class Initialized
INFO - 2025-01-16 12:12:27 --> Config Class Initialized
INFO - 2025-01-16 12:12:27 --> Loader Class Initialized
INFO - 2025-01-16 12:12:27 --> Helper loaded: url_helper
INFO - 2025-01-16 12:12:27 --> Helper loaded: easyui_helper
INFO - 2025-01-16 12:12:27 --> Helper loaded: param_helper
INFO - 2025-01-16 12:12:27 --> Helper loaded: credential_helper
INFO - 2025-01-16 12:12:27 --> Helper loaded: template_helper
INFO - 2025-01-16 12:12:27 --> Helper loaded: rest_helper
INFO - 2025-01-16 12:12:27 --> Database Driver Class Initialized
DEBUG - 2025-01-16 12:12:27 --> Idgenerator class already loaded. Second attempt ignored.
INFO - 2025-01-16 12:12:27 --> Controller Class Initialized
INFO - 2025-01-16 12:12:27 --> Model Class Initialized
DEBUG - 2025-01-16 12:12:27 --> File loaded: /apps/web-drc/application/modules/app_dashboard/models/App_dashboard_model.php
INFO - 2025-01-16 12:12:27 --> Model Class Initialized
INFO - 2025-01-16 12:12:27 --> Final output sent to browser
DEBUG - 2025-01-16 12:12:27 --> Total execution time: 0.1528
INFO - 2025-01-16 12:12:27 --> Config Class Initialized
INFO - 2025-01-16 12:12:27 --> Hooks Class Initialized
DEBUG - 2025-01-16 12:12:27 --> UTF-8 Support Enabled
INFO - 2025-01-16 12:12:27 --> Utf8 Class Initialized
INFO - 2025-01-16 12:12:27 --> URI Class Initialized
INFO - 2025-01-16 12:12:27 --> Router Class Initialized
INFO - 2025-01-16 12:12:27 --> Output Class Initialized
INFO - 2025-01-16 12:12:27 --> Security Class Initialized
DEBUG - 2025-01-16 12:12:27 --> Global POST, GET and COOKIE data sanitized
INFO - 2025-01-16 12:12:27 --> Input Class Initialized
INFO - 2025-01-16 12:12:27 --> Language Class Initialized
INFO - 2025-01-16 12:12:27 --> Language Class Initialized
INFO - 2025-01-16 12:12:27 --> Config Class Initialized
INFO - 2025-01-16 12:12:27 --> Loader Class Initialized
INFO - 2025-01-16 12:12:27 --> Helper loaded: url_helper
INFO - 2025-01-16 12:12:27 --> Helper loaded: easyui_helper
INFO - 2025-01-16 12:12:27 --> Helper loaded: param_helper
INFO - 2025-01-16 12:12:27 --> Helper loaded: credential_helper
INFO - 2025-01-16 12:12:27 --> Helper loaded: template_helper
INFO - 2025-01-16 12:12:27 --> Helper loaded: rest_helper
INFO - 2025-01-16 12:12:27 --> Database Driver Class Initialized
DEBUG - 2025-01-16 12:12:27 --> Idgenerator class already loaded. Second attempt ignored.
INFO - 2025-01-16 12:12:27 --> Controller Class Initialized
INFO - 2025-01-16 12:12:27 --> Model Class Initialized
DEBUG - 2025-01-16 12:12:27 --> File loaded: /apps/web-drc/application/modules/app_dashboard/models/App_dashboard_model.php
INFO - 2025-01-16 12:12:27 --> Model Class Initialized
INFO - 2025-01-16 12:12:28 --> Final output sent to browser
DEBUG - 2025-01-16 12:12:28 --> Total execution time: 0.1710
INFO - 2025-01-16 12:12:28 --> Config Class Initialized
INFO - 2025-01-16 12:12:28 --> Hooks Class Initialized
DEBUG - 2025-01-16 12:12:28 --> UTF-8 Support Enabled
INFO - 2025-01-16 12:12:28 --> Utf8 Class Initialized
INFO - 2025-01-16 12:12:28 --> URI Class Initialized
INFO - 2025-01-16 12:12:28 --> Router Class Initialized
INFO - 2025-01-16 12:12:28 --> Output Class Initialized
INFO - 2025-01-16 12:12:28 --> Security Class Initialized
DEBUG - 2025-01-16 12:12:28 --> Global POST, GET and COOKIE data sanitized
INFO - 2025-01-16 12:12:28 --> Input Class Initialized
INFO - 2025-01-16 12:12:28 --> Language Class Initialized
INFO - 2025-01-16 12:12:28 --> Language Class Initialized
INFO - 2025-01-16 12:12:28 --> Config Class Initialized
INFO - 2025-01-16 12:12:28 --> Loader Class Initialized
INFO - 2025-01-16 12:12:28 --> Helper loaded: url_helper
INFO - 2025-01-16 12:12:28 --> Helper loaded: easyui_helper
INFO - 2025-01-16 12:12:28 --> Helper loaded: param_helper
INFO - 2025-01-16 12:12:28 --> Helper loaded: credential_helper
INFO - 2025-01-16 12:12:28 --> Helper loaded: template_helper
INFO - 2025-01-16 12:12:28 --> Helper loaded: rest_helper
INFO - 2025-01-16 12:12:28 --> Database Driver Class Initialized
DEBUG - 2025-01-16 12:12:28 --> Idgenerator class already loaded. Second attempt ignored.
INFO - 2025-01-16 12:12:28 --> Controller Class Initialized
INFO - 2025-01-16 12:12:28 --> Model Class Initialized
DEBUG - 2025-01-16 12:12:28 --> File loaded: /apps/web-drc/application/modules/app_dashboard/models/App_dashboard_model.php
INFO - 2025-01-16 12:12:28 --> Model Class Initialized
INFO - 2025-01-16 12:12:28 --> Final output sent to browser
DEBUG - 2025-01-16 12:12:28 --> Total execution time: 0.1621
INFO - 2025-01-16 12:12:28 --> Config Class Initialized
INFO - 2025-01-16 12:12:28 --> Hooks Class Initialized
DEBUG - 2025-01-16 12:12:28 --> UTF-8 Support Enabled
INFO - 2025-01-16 12:12:28 --> Utf8 Class Initialized
INFO - 2025-01-16 12:12:28 --> URI Class Initialized
INFO - 2025-01-16 12:12:28 --> Router Class Initialized
INFO - 2025-01-16 12:12:28 --> Output Class Initialized
INFO - 2025-01-16 12:12:28 --> Security Class Initialized
DEBUG - 2025-01-16 12:12:28 --> Global POST, GET and COOKIE data sanitized
INFO - 2025-01-16 12:12:28 --> Input Class Initialized
INFO - 2025-01-16 12:12:28 --> Language Class Initialized
INFO - 2025-01-16 12:12:28 --> Language Class Initialized
INFO - 2025-01-16 12:12:28 --> Config Class Initialized
INFO - 2025-01-16 12:12:28 --> Loader Class Initialized
INFO - 2025-01-16 12:12:28 --> Helper loaded: url_helper
INFO - 2025-01-16 12:12:28 --> Helper loaded: easyui_helper
INFO - 2025-01-16 12:12:28 --> Helper loaded: param_helper
INFO - 2025-01-16 12:12:28 --> Helper loaded: credential_helper
INFO - 2025-01-16 12:12:28 --> Helper loaded: template_helper
INFO - 2025-01-16 12:12:28 --> Helper loaded: rest_helper
INFO - 2025-01-16 12:12:28 --> Database Driver Class Initialized
DEBUG - 2025-01-16 12:12:28 --> Idgenerator class already loaded. Second attempt ignored.
INFO - 2025-01-16 12:12:28 --> Controller Class Initialized
INFO - 2025-01-16 12:12:28 --> Model Class Initialized
DEBUG - 2025-01-16 12:12:28 --> File loaded: /apps/web-drc/application/modules/app_dashboard/models/App_dashboard_model.php
INFO - 2025-01-16 12:12:28 --> Model Class Initialized
INFO - 2025-01-16 12:12:28 --> Final output sent to browser
DEBUG - 2025-01-16 12:12:28 --> Total execution time: 0.1138
INFO - 2025-01-16 12:12:28 --> Config Class Initialized
INFO - 2025-01-16 12:12:28 --> Hooks Class Initialized
DEBUG - 2025-01-16 12:12:28 --> UTF-8 Support Enabled
INFO - 2025-01-16 12:12:28 --> Utf8 Class Initialized
INFO - 2025-01-16 12:12:28 --> URI Class Initialized
INFO - 2025-01-16 12:12:28 --> Router Class Initialized
INFO - 2025-01-16 12:12:28 --> Output Class Initialized
INFO - 2025-01-16 12:12:28 --> Security Class Initialized
DEBUG - 2025-01-16 12:12:28 --> Global POST, GET and COOKIE data sanitized
INFO - 2025-01-16 12:12:28 --> Input Class Initialized
INFO - 2025-01-16 12:12:28 --> Language Class Initialized
INFO - 2025-01-16 12:12:28 --> Language Class Initialized
INFO - 2025-01-16 12:12:28 --> Config Class Initialized
INFO - 2025-01-16 12:12:28 --> Loader Class Initialized
INFO - 2025-01-16 12:12:28 --> Helper loaded: url_helper
INFO - 2025-01-16 12:12:28 --> Helper loaded: easyui_helper
INFO - 2025-01-16 12:12:28 --> Helper loaded: param_helper
INFO - 2025-01-16 12:12:28 --> Helper loaded: credential_helper
INFO - 2025-01-16 12:12:28 --> Helper loaded: template_helper
INFO - 2025-01-16 12:12:28 --> Helper loaded: rest_helper
INFO - 2025-01-16 12:12:28 --> Database Driver Class Initialized
DEBUG - 2025-01-16 12:12:28 --> Idgenerator class already loaded. Second attempt ignored.
INFO - 2025-01-16 12:12:28 --> Controller Class Initialized
INFO - 2025-01-16 12:12:28 --> Model Class Initialized
DEBUG - 2025-01-16 12:12:28 --> File loaded: /apps/web-drc/application/modules/app_dashboard/models/App_dashboard_model.php
INFO - 2025-01-16 12:12:28 --> Model Class Initialized
INFO - 2025-01-16 12:12:28 --> Final output sent to browser
DEBUG - 2025-01-16 12:12:28 --> Total execution time: 0.1423
INFO - 2025-01-16 12:12:29 --> Config Class Initialized
INFO - 2025-01-16 12:12:29 --> Hooks Class Initialized
DEBUG - 2025-01-16 12:12:29 --> UTF-8 Support Enabled
INFO - 2025-01-16 12:12:29 --> Utf8 Class Initialized
INFO - 2025-01-16 12:12:29 --> URI Class Initialized
INFO - 2025-01-16 12:12:29 --> Router Class Initialized
INFO - 2025-01-16 12:12:29 --> Output Class Initialized
INFO - 2025-01-16 12:12:29 --> Security Class Initialized
DEBUG - 2025-01-16 12:12:29 --> Global POST, GET and COOKIE data sanitized
INFO - 2025-01-16 12:12:29 --> Input Class Initialized
INFO - 2025-01-16 12:12:29 --> Language Class Initialized
INFO - 2025-01-16 12:12:29 --> Language Class Initialized
INFO - 2025-01-16 12:12:29 --> Config Class Initialized
INFO - 2025-01-16 12:12:29 --> Loader Class Initialized
INFO - 2025-01-16 12:12:29 --> Helper loaded: url_helper
INFO - 2025-01-16 12:12:29 --> Helper loaded: easyui_helper
INFO - 2025-01-16 12:12:29 --> Helper loaded: param_helper
INFO - 2025-01-16 12:12:29 --> Helper loaded: credential_helper
INFO - 2025-01-16 12:12:29 --> Helper loaded: template_helper
INFO - 2025-01-16 12:12:29 --> Helper loaded: rest_helper
INFO - 2025-01-16 12:12:29 --> Database Driver Class Initialized
DEBUG - 2025-01-16 12:12:29 --> Idgenerator class already loaded. Second attempt ignored.
INFO - 2025-01-16 12:12:29 --> Controller Class Initialized
INFO - 2025-01-16 12:12:29 --> Model Class Initialized
DEBUG - 2025-01-16 12:12:29 --> File loaded: /apps/web-drc/application/modules/app_dashboard/models/App_dashboard_model.php
INFO - 2025-01-16 12:12:29 --> Model Class Initialized
INFO - 2025-01-16 12:12:29 --> Final output sent to browser
DEBUG - 2025-01-16 12:12:29 --> Total execution time: 0.1673
INFO - 2025-01-16 12:12:29 --> Config Class Initialized
INFO - 2025-01-16 12:12:29 --> Hooks Class Initialized
DEBUG - 2025-01-16 12:12:29 --> UTF-8 Support Enabled
INFO - 2025-01-16 12:12:29 --> Utf8 Class Initialized
INFO - 2025-01-16 12:12:29 --> URI Class Initialized
INFO - 2025-01-16 12:12:29 --> Router Class Initialized
INFO - 2025-01-16 12:12:29 --> Output Class Initialized
INFO - 2025-01-16 12:12:29 --> Security Class Initialized
DEBUG - 2025-01-16 12:12:29 --> Global POST, GET and COOKIE data sanitized
INFO - 2025-01-16 12:12:29 --> Input Class Initialized
INFO - 2025-01-16 12:12:29 --> Language Class Initialized
INFO - 2025-01-16 12:12:29 --> Language Class Initialized
INFO - 2025-01-16 12:12:29 --> Config Class Initialized
INFO - 2025-01-16 12:12:29 --> Loader Class Initialized
INFO - 2025-01-16 12:12:29 --> Helper loaded: url_helper
INFO - 2025-01-16 12:12:29 --> Helper loaded: easyui_helper
INFO - 2025-01-16 12:12:29 --> Helper loaded: param_helper
INFO - 2025-01-16 12:12:29 --> Helper loaded: credential_helper
INFO - 2025-01-16 12:12:29 --> Helper loaded: template_helper
INFO - 2025-01-16 12:12:29 --> Helper loaded: rest_helper
INFO - 2025-01-16 12:12:29 --> Database Driver Class Initialized
DEBUG - 2025-01-16 12:12:29 --> Idgenerator class already loaded. Second attempt ignored.
INFO - 2025-01-16 12:12:29 --> Controller Class Initialized
INFO - 2025-01-16 12:12:29 --> Model Class Initialized
DEBUG - 2025-01-16 12:12:29 --> File loaded: /apps/web-drc/application/modules/app_dashboard/models/App_dashboard_model.php
INFO - 2025-01-16 12:12:29 --> Model Class Initialized
INFO - 2025-01-16 12:12:30 --> Final output sent to browser
DEBUG - 2025-01-16 12:12:30 --> Total execution time: 0.1619
INFO - 2025-01-16 12:12:44 --> Config Class Initialized
INFO - 2025-01-16 12:12:44 --> Hooks Class Initialized
DEBUG - 2025-01-16 12:12:44 --> UTF-8 Support Enabled
INFO - 2025-01-16 12:12:44 --> Utf8 Class Initialized
INFO - 2025-01-16 12:12:44 --> URI Class Initialized
INFO - 2025-01-16 12:12:44 --> Router Class Initialized
INFO - 2025-01-16 12:12:44 --> Output Class Initialized
INFO - 2025-01-16 12:12:44 --> Security Class Initialized
DEBUG - 2025-01-16 12:12:44 --> Global POST, GET and COOKIE data sanitized
INFO - 2025-01-16 12:12:44 --> Input Class Initialized
INFO - 2025-01-16 12:12:44 --> Language Class Initialized
INFO - 2025-01-16 12:12:44 --> Language Class Initialized
INFO - 2025-01-16 12:12:44 --> Config Class Initialized
INFO - 2025-01-16 12:12:44 --> Loader Class Initialized
INFO - 2025-01-16 12:12:44 --> Helper loaded: url_helper
INFO - 2025-01-16 12:12:44 --> Helper loaded: easyui_helper
INFO - 2025-01-16 12:12:44 --> Helper loaded: param_helper
INFO - 2025-01-16 12:12:44 --> Helper loaded: credential_helper
INFO - 2025-01-16 12:12:44 --> Helper loaded: template_helper
INFO - 2025-01-16 12:12:44 --> Helper loaded: rest_helper
INFO - 2025-01-16 12:12:44 --> Database Driver Class Initialized
DEBUG - 2025-01-16 12:12:44 --> Idgenerator class already loaded. Second attempt ignored.
INFO - 2025-01-16 12:12:44 --> Controller Class Initialized
INFO - 2025-01-16 12:12:44 --> Model Class Initialized
DEBUG - 2025-01-16 12:12:44 --> File loaded: /apps/web-drc/application/modules/app_dashboard/models/App_dashboard_model.php
INFO - 2025-01-16 12:12:44 --> Model Class Initialized
INFO - 2025-01-16 12:12:45 --> Final output sent to browser
DEBUG - 2025-01-16 12:12:45 --> Total execution time: 0.3119
INFO - 2025-01-16 12:14:33 --> Config Class Initialized
INFO - 2025-01-16 12:14:33 --> Hooks Class Initialized
DEBUG - 2025-01-16 12:14:33 --> UTF-8 Support Enabled
INFO - 2025-01-16 12:14:33 --> Utf8 Class Initialized
INFO - 2025-01-16 12:14:33 --> URI Class Initialized
INFO - 2025-01-16 12:14:33 --> Router Class Initialized
INFO - 2025-01-16 12:14:33 --> Output Class Initialized
INFO - 2025-01-16 12:14:33 --> Security Class Initialized
DEBUG - 2025-01-16 12:14:33 --> Global POST, GET and COOKIE data sanitized
INFO - 2025-01-16 12:14:33 --> Input Class Initialized
INFO - 2025-01-16 12:14:33 --> Language Class Initialized
INFO - 2025-01-16 12:14:33 --> Language Class Initialized
INFO - 2025-01-16 12:14:33 --> Config Class Initialized
INFO - 2025-01-16 12:14:33 --> Loader Class Initialized
INFO - 2025-01-16 12:14:33 --> Helper loaded: url_helper
INFO - 2025-01-16 12:14:33 --> Helper loaded: easyui_helper
INFO - 2025-01-16 12:14:33 --> Helper loaded: param_helper
INFO - 2025-01-16 12:14:33 --> Helper loaded: credential_helper
INFO - 2025-01-16 12:14:33 --> Helper loaded: template_helper
INFO - 2025-01-16 12:14:33 --> Helper loaded: rest_helper
INFO - 2025-01-16 12:14:33 --> Database Driver Class Initialized
DEBUG - 2025-01-16 12:14:33 --> Idgenerator class already loaded. Second attempt ignored.
INFO - 2025-01-16 12:14:33 --> Controller Class Initialized
INFO - 2025-01-16 12:14:33 --> Model Class Initialized
DEBUG - 2025-01-16 12:14:33 --> File loaded: /apps/web-drc/application/modules/app_dashboard/models/App_dashboard_model.php
INFO - 2025-01-16 12:14:33 --> Model Class Initialized
INFO - 2025-01-16 12:14:33 --> Final output sent to browser
DEBUG - 2025-01-16 12:14:33 --> Total execution time: 0.0846
INFO - 2025-01-16 12:14:51 --> Config Class Initialized
INFO - 2025-01-16 12:14:51 --> Hooks Class Initialized
DEBUG - 2025-01-16 12:14:51 --> UTF-8 Support Enabled
INFO - 2025-01-16 12:14:51 --> Utf8 Class Initialized
INFO - 2025-01-16 12:14:51 --> URI Class Initialized
INFO - 2025-01-16 12:14:51 --> Router Class Initialized
INFO - 2025-01-16 12:14:51 --> Output Class Initialized
INFO - 2025-01-16 12:14:51 --> Security Class Initialized
DEBUG - 2025-01-16 12:14:51 --> Global POST, GET and COOKIE data sanitized
INFO - 2025-01-16 12:14:51 --> Input Class Initialized
INFO - 2025-01-16 12:14:51 --> Language Class Initialized
INFO - 2025-01-16 12:14:51 --> Language Class Initialized
INFO - 2025-01-16 12:14:51 --> Config Class Initialized
INFO - 2025-01-16 12:14:51 --> Loader Class Initialized
INFO - 2025-01-16 12:14:51 --> Helper loaded: url_helper
INFO - 2025-01-16 12:14:51 --> Helper loaded: easyui_helper
INFO - 2025-01-16 12:14:51 --> Helper loaded: param_helper
INFO - 2025-01-16 12:14:51 --> Helper loaded: credential_helper
INFO - 2025-01-16 12:14:51 --> Helper loaded: template_helper
INFO - 2025-01-16 12:14:51 --> Helper loaded: rest_helper
INFO - 2025-01-16 12:14:51 --> Database Driver Class Initialized
DEBUG - 2025-01-16 12:14:51 --> Idgenerator class already loaded. Second attempt ignored.
INFO - 2025-01-16 12:14:51 --> Controller Class Initialized
INFO - 2025-01-16 12:14:51 --> Model Class Initialized
DEBUG - 2025-01-16 12:14:51 --> File loaded: /apps/web-drc/application/modules/app_dashboard/models/App_dashboard_model.php
INFO - 2025-01-16 12:14:51 --> Model Class Initialized
DEBUG - 2025-01-16 12:14:51 --> File loaded: /apps/web-drc/application/modules/app_dashboard/views/content.php
DEBUG - 2025-01-16 12:14:51 --> File loaded: /apps/web-drc/application/views/templates/header.php
DEBUG - 2025-01-16 12:14:51 --> File loaded: /apps/web-drc/application/views/templates/toolbar.php
DEBUG - 2025-01-16 12:14:51 --> File loaded: /apps/web-drc/application/views/templates/sidebar.php
DEBUG - 2025-01-16 12:14:51 --> File loaded: /apps/web-drc/application/views/templates/contents.php
DEBUG - 2025-01-16 12:14:51 --> File loaded: /apps/web-drc/application/views/templates/content_footer.php
DEBUG - 2025-01-16 12:14:51 --> File loaded: /apps/web-drc/application/views/templates/footer.php
DEBUG - 2025-01-16 12:14:51 --> File loaded: /apps/web-drc/application/views/templates/default.php
INFO - 2025-01-16 12:14:51 --> Final output sent to browser
DEBUG - 2025-01-16 12:14:51 --> Total execution time: 0.0132
INFO - 2025-01-16 12:14:52 --> Config Class Initialized
INFO - 2025-01-16 12:14:52 --> Hooks Class Initialized
DEBUG - 2025-01-16 12:14:52 --> UTF-8 Support Enabled
INFO - 2025-01-16 12:14:52 --> Utf8 Class Initialized
INFO - 2025-01-16 12:14:52 --> URI Class Initialized
INFO - 2025-01-16 12:14:52 --> Router Class Initialized
INFO - 2025-01-16 12:14:52 --> Output Class Initialized
INFO - 2025-01-16 12:14:52 --> Security Class Initialized
DEBUG - 2025-01-16 12:14:52 --> Global POST, GET and COOKIE data sanitized
INFO - 2025-01-16 12:14:52 --> Input Class Initialized
INFO - 2025-01-16 12:14:52 --> Language Class Initialized
INFO - 2025-01-16 12:14:52 --> Language Class Initialized
INFO - 2025-01-16 12:14:52 --> Config Class Initialized
INFO - 2025-01-16 12:14:52 --> Loader Class Initialized
INFO - 2025-01-16 12:14:52 --> Helper loaded: url_helper
INFO - 2025-01-16 12:14:52 --> Helper loaded: easyui_helper
INFO - 2025-01-16 12:14:52 --> Helper loaded: param_helper
INFO - 2025-01-16 12:14:52 --> Helper loaded: credential_helper
INFO - 2025-01-16 12:14:52 --> Helper loaded: template_helper
INFO - 2025-01-16 12:14:52 --> Helper loaded: rest_helper
INFO - 2025-01-16 12:14:52 --> Database Driver Class Initialized
DEBUG - 2025-01-16 12:14:52 --> Idgenerator class already loaded. Second attempt ignored.
INFO - 2025-01-16 12:14:52 --> Controller Class Initialized
INFO - 2025-01-16 12:14:52 --> Model Class Initialized
DEBUG - 2025-01-16 12:14:52 --> File loaded: /apps/web-drc/application/modules/app_dashboard/models/App_dashboard_model.php
INFO - 2025-01-16 12:14:52 --> Model Class Initialized
INFO - 2025-01-16 12:14:52 --> Final output sent to browser
DEBUG - 2025-01-16 12:14:52 --> Total execution time: 0.0113
INFO - 2025-01-16 12:14:52 --> Config Class Initialized
INFO - 2025-01-16 12:14:52 --> Hooks Class Initialized
DEBUG - 2025-01-16 12:14:52 --> UTF-8 Support Enabled
INFO - 2025-01-16 12:14:52 --> Utf8 Class Initialized
INFO - 2025-01-16 12:14:52 --> URI Class Initialized
INFO - 2025-01-16 12:14:52 --> Router Class Initialized
INFO - 2025-01-16 12:14:52 --> Output Class Initialized
INFO - 2025-01-16 12:14:52 --> Security Class Initialized
DEBUG - 2025-01-16 12:14:52 --> Global POST, GET and COOKIE data sanitized
INFO - 2025-01-16 12:14:52 --> Input Class Initialized
INFO - 2025-01-16 12:14:52 --> Language Class Initialized
INFO - 2025-01-16 12:14:52 --> Language Class Initialized
INFO - 2025-01-16 12:14:52 --> Config Class Initialized
INFO - 2025-01-16 12:14:52 --> Loader Class Initialized
INFO - 2025-01-16 12:14:52 --> Helper loaded: url_helper
INFO - 2025-01-16 12:14:52 --> Helper loaded: easyui_helper
INFO - 2025-01-16 12:14:52 --> Helper loaded: param_helper
INFO - 2025-01-16 12:14:52 --> Helper loaded: credential_helper
INFO - 2025-01-16 12:14:52 --> Helper loaded: template_helper
INFO - 2025-01-16 12:14:52 --> Helper loaded: rest_helper
INFO - 2025-01-16 12:14:52 --> Database Driver Class Initialized
DEBUG - 2025-01-16 12:14:52 --> Idgenerator class already loaded. Second attempt ignored.
INFO - 2025-01-16 12:14:52 --> Controller Class Initialized
INFO - 2025-01-16 12:14:52 --> Model Class Initialized
DEBUG - 2025-01-16 12:14:52 --> File loaded: /apps/web-drc/application/modules/api_v1/models/Api_v1_model.php
INFO - 2025-01-16 12:14:52 --> Model Class Initialized
INFO - 2025-01-16 12:14:52 --> Final output sent to browser
DEBUG - 2025-01-16 12:14:52 --> Total execution time: 0.0054
INFO - 2025-01-16 12:14:53 --> Config Class Initialized
INFO - 2025-01-16 12:14:53 --> Hooks Class Initialized
DEBUG - 2025-01-16 12:14:53 --> UTF-8 Support Enabled
INFO - 2025-01-16 12:14:53 --> Utf8 Class Initialized
INFO - 2025-01-16 12:14:53 --> URI Class Initialized
INFO - 2025-01-16 12:14:53 --> Router Class Initialized
INFO - 2025-01-16 12:14:53 --> Output Class Initialized
INFO - 2025-01-16 12:14:53 --> Security Class Initialized
DEBUG - 2025-01-16 12:14:53 --> Global POST, GET and COOKIE data sanitized
INFO - 2025-01-16 12:14:53 --> Input Class Initialized
INFO - 2025-01-16 12:14:53 --> Language Class Initialized
INFO - 2025-01-16 12:14:53 --> Language Class Initialized
INFO - 2025-01-16 12:14:53 --> Config Class Initialized
INFO - 2025-01-16 12:14:53 --> Loader Class Initialized
INFO - 2025-01-16 12:14:53 --> Helper loaded: url_helper
INFO - 2025-01-16 12:14:53 --> Helper loaded: easyui_helper
INFO - 2025-01-16 12:14:53 --> Helper loaded: param_helper
INFO - 2025-01-16 12:14:53 --> Helper loaded: credential_helper
INFO - 2025-01-16 12:14:53 --> Helper loaded: template_helper
INFO - 2025-01-16 12:14:53 --> Helper loaded: rest_helper
INFO - 2025-01-16 12:14:53 --> Database Driver Class Initialized
DEBUG - 2025-01-16 12:14:53 --> Idgenerator class already loaded. Second attempt ignored.
INFO - 2025-01-16 12:14:53 --> Controller Class Initialized
INFO - 2025-01-16 12:14:53 --> Model Class Initialized
DEBUG - 2025-01-16 12:14:53 --> File loaded: /apps/web-drc/application/modules/app_dashboard/models/App_dashboard_model.php
INFO - 2025-01-16 12:14:53 --> Model Class Initialized
DEBUG - 2025-01-16 12:14:53 --> File loaded: /apps/web-drc/application/modules/app_dashboard/views/content.php
DEBUG - 2025-01-16 12:14:53 --> File loaded: /apps/web-drc/application/views/templates/header.php
DEBUG - 2025-01-16 12:14:53 --> File loaded: /apps/web-drc/application/views/templates/toolbar.php
DEBUG - 2025-01-16 12:14:53 --> File loaded: /apps/web-drc/application/views/templates/sidebar.php
DEBUG - 2025-01-16 12:14:53 --> File loaded: /apps/web-drc/application/views/templates/contents.php
DEBUG - 2025-01-16 12:14:53 --> File loaded: /apps/web-drc/application/views/templates/content_footer.php
DEBUG - 2025-01-16 12:14:53 --> File loaded: /apps/web-drc/application/views/templates/footer.php
DEBUG - 2025-01-16 12:14:53 --> File loaded: /apps/web-drc/application/views/templates/default.php
INFO - 2025-01-16 12:14:53 --> Final output sent to browser
DEBUG - 2025-01-16 12:14:53 --> Total execution time: 0.0086
INFO - 2025-01-16 12:14:53 --> Config Class Initialized
INFO - 2025-01-16 12:14:53 --> Hooks Class Initialized
DEBUG - 2025-01-16 12:14:53 --> UTF-8 Support Enabled
INFO - 2025-01-16 12:14:53 --> Utf8 Class Initialized
INFO - 2025-01-16 12:14:53 --> URI Class Initialized
INFO - 2025-01-16 12:14:53 --> Router Class Initialized
INFO - 2025-01-16 12:14:53 --> Output Class Initialized
INFO - 2025-01-16 12:14:53 --> Security Class Initialized
DEBUG - 2025-01-16 12:14:53 --> Global POST, GET and COOKIE data sanitized
INFO - 2025-01-16 12:14:53 --> Input Class Initialized
INFO - 2025-01-16 12:14:53 --> Language Class Initialized
ERROR - 2025-01-16 12:14:53 --> 404 Page Not Found: /index
INFO - 2025-01-16 12:14:53 --> Config Class Initialized
INFO - 2025-01-16 12:14:53 --> Hooks Class Initialized
DEBUG - 2025-01-16 12:14:53 --> UTF-8 Support Enabled
INFO - 2025-01-16 12:14:53 --> Utf8 Class Initialized
INFO - 2025-01-16 12:14:53 --> URI Class Initialized
INFO - 2025-01-16 12:14:53 --> Router Class Initialized
INFO - 2025-01-16 12:14:53 --> Output Class Initialized
INFO - 2025-01-16 12:14:53 --> Security Class Initialized
DEBUG - 2025-01-16 12:14:53 --> Global POST, GET and COOKIE data sanitized
INFO - 2025-01-16 12:14:53 --> Input Class Initialized
INFO - 2025-01-16 12:14:53 --> Language Class Initialized
INFO - 2025-01-16 12:14:53 --> Language Class Initialized
INFO - 2025-01-16 12:14:53 --> Config Class Initialized
INFO - 2025-01-16 12:14:53 --> Loader Class Initialized
INFO - 2025-01-16 12:14:53 --> Helper loaded: url_helper
INFO - 2025-01-16 12:14:53 --> Helper loaded: easyui_helper
INFO - 2025-01-16 12:14:53 --> Helper loaded: param_helper
INFO - 2025-01-16 12:14:53 --> Helper loaded: credential_helper
INFO - 2025-01-16 12:14:53 --> Helper loaded: template_helper
INFO - 2025-01-16 12:14:53 --> Helper loaded: rest_helper
INFO - 2025-01-16 12:14:53 --> Database Driver Class Initialized
DEBUG - 2025-01-16 12:14:53 --> Idgenerator class already loaded. Second attempt ignored.
INFO - 2025-01-16 12:14:53 --> Controller Class Initialized
INFO - 2025-01-16 12:14:53 --> Model Class Initialized
DEBUG - 2025-01-16 12:14:53 --> File loaded: /apps/web-drc/application/modules/app_dashboard/models/App_dashboard_model.php
INFO - 2025-01-16 12:14:53 --> Model Class Initialized
INFO - 2025-01-16 12:14:53 --> Final output sent to browser
DEBUG - 2025-01-16 12:14:53 --> Total execution time: 0.0057
INFO - 2025-01-16 12:14:53 --> Config Class Initialized
INFO - 2025-01-16 12:14:53 --> Hooks Class Initialized
DEBUG - 2025-01-16 12:14:53 --> UTF-8 Support Enabled
INFO - 2025-01-16 12:14:53 --> Utf8 Class Initialized
INFO - 2025-01-16 12:14:53 --> URI Class Initialized
INFO - 2025-01-16 12:14:53 --> Router Class Initialized
INFO - 2025-01-16 12:14:53 --> Output Class Initialized
INFO - 2025-01-16 12:14:53 --> Security Class Initialized
DEBUG - 2025-01-16 12:14:53 --> Global POST, GET and COOKIE data sanitized
INFO - 2025-01-16 12:14:53 --> Input Class Initialized
INFO - 2025-01-16 12:14:53 --> Language Class Initialized
INFO - 2025-01-16 12:14:53 --> Language Class Initialized
INFO - 2025-01-16 12:14:53 --> Config Class Initialized
INFO - 2025-01-16 12:14:53 --> Loader Class Initialized
INFO - 2025-01-16 12:14:53 --> Helper loaded: url_helper
INFO - 2025-01-16 12:14:53 --> Helper loaded: easyui_helper
INFO - 2025-01-16 12:14:53 --> Helper loaded: param_helper
INFO - 2025-01-16 12:14:53 --> Helper loaded: credential_helper
INFO - 2025-01-16 12:14:53 --> Helper loaded: template_helper
INFO - 2025-01-16 12:14:53 --> Helper loaded: rest_helper
INFO - 2025-01-16 12:14:53 --> Database Driver Class Initialized
DEBUG - 2025-01-16 12:14:53 --> Idgenerator class already loaded. Second attempt ignored.
INFO - 2025-01-16 12:14:53 --> Controller Class Initialized
INFO - 2025-01-16 12:14:53 --> Model Class Initialized
DEBUG - 2025-01-16 12:14:53 --> File loaded: /apps/web-drc/application/modules/api_v1/models/Api_v1_model.php
INFO - 2025-01-16 12:14:53 --> Model Class Initialized
INFO - 2025-01-16 12:14:53 --> Final output sent to browser
DEBUG - 2025-01-16 12:14:53 --> Total execution time: 0.0034
INFO - 2025-01-16 12:14:59 --> Config Class Initialized
INFO - 2025-01-16 12:14:59 --> Hooks Class Initialized
DEBUG - 2025-01-16 12:14:59 --> UTF-8 Support Enabled
INFO - 2025-01-16 12:14:59 --> Utf8 Class Initialized
INFO - 2025-01-16 12:14:59 --> URI Class Initialized
INFO - 2025-01-16 12:14:59 --> Router Class Initialized
INFO - 2025-01-16 12:14:59 --> Output Class Initialized
INFO - 2025-01-16 12:14:59 --> Security Class Initialized
DEBUG - 2025-01-16 12:14:59 --> Global POST, GET and COOKIE data sanitized
INFO - 2025-01-16 12:14:59 --> Input Class Initialized
INFO - 2025-01-16 12:14:59 --> Language Class Initialized
INFO - 2025-01-16 12:14:59 --> Language Class Initialized
INFO - 2025-01-16 12:14:59 --> Config Class Initialized
INFO - 2025-01-16 12:14:59 --> Loader Class Initialized
INFO - 2025-01-16 12:14:59 --> Helper loaded: url_helper
INFO - 2025-01-16 12:14:59 --> Helper loaded: easyui_helper
INFO - 2025-01-16 12:14:59 --> Helper loaded: param_helper
INFO - 2025-01-16 12:14:59 --> Helper loaded: credential_helper
INFO - 2025-01-16 12:14:59 --> Helper loaded: template_helper
INFO - 2025-01-16 12:14:59 --> Helper loaded: rest_helper
INFO - 2025-01-16 12:14:59 --> Database Driver Class Initialized
DEBUG - 2025-01-16 12:14:59 --> Idgenerator class already loaded. Second attempt ignored.
INFO - 2025-01-16 12:14:59 --> Controller Class Initialized
INFO - 2025-01-16 12:14:59 --> Model Class Initialized
DEBUG - 2025-01-16 12:14:59 --> File loaded: /apps/web-drc/application/modules/app_dashboard/models/App_dashboard_model.php
INFO - 2025-01-16 12:14:59 --> Model Class Initialized
INFO - 2025-01-16 12:14:59 --> Final output sent to browser
DEBUG - 2025-01-16 12:14:59 --> Total execution time: 0.1371
INFO - 2025-01-16 12:15:02 --> Config Class Initialized
INFO - 2025-01-16 12:15:02 --> Hooks Class Initialized
DEBUG - 2025-01-16 12:15:02 --> UTF-8 Support Enabled
INFO - 2025-01-16 12:15:02 --> Utf8 Class Initialized
INFO - 2025-01-16 12:15:02 --> URI Class Initialized
INFO - 2025-01-16 12:15:02 --> Router Class Initialized
INFO - 2025-01-16 12:15:02 --> Output Class Initialized
INFO - 2025-01-16 12:15:02 --> Security Class Initialized
DEBUG - 2025-01-16 12:15:02 --> Global POST, GET and COOKIE data sanitized
INFO - 2025-01-16 12:15:02 --> Input Class Initialized
INFO - 2025-01-16 12:15:02 --> Language Class Initialized
INFO - 2025-01-16 12:15:02 --> Language Class Initialized
INFO - 2025-01-16 12:15:02 --> Config Class Initialized
INFO - 2025-01-16 12:15:02 --> Loader Class Initialized
INFO - 2025-01-16 12:15:02 --> Helper loaded: url_helper
INFO - 2025-01-16 12:15:02 --> Helper loaded: easyui_helper
INFO - 2025-01-16 12:15:02 --> Helper loaded: param_helper
INFO - 2025-01-16 12:15:02 --> Helper loaded: credential_helper
INFO - 2025-01-16 12:15:02 --> Helper loaded: template_helper
INFO - 2025-01-16 12:15:02 --> Helper loaded: rest_helper
INFO - 2025-01-16 12:15:02 --> Database Driver Class Initialized
DEBUG - 2025-01-16 12:15:02 --> Idgenerator class already loaded. Second attempt ignored.
INFO - 2025-01-16 12:15:02 --> Controller Class Initialized
INFO - 2025-01-16 12:15:02 --> Model Class Initialized
DEBUG - 2025-01-16 12:15:02 --> File loaded: /apps/web-drc/application/modules/app_dashboard/models/App_dashboard_model.php
INFO - 2025-01-16 12:15:02 --> Model Class Initialized
INFO - 2025-01-16 12:15:02 --> Final output sent to browser
DEBUG - 2025-01-16 12:15:02 --> Total execution time: 0.0110
INFO - 2025-01-16 12:15:07 --> Config Class Initialized
INFO - 2025-01-16 12:15:07 --> Hooks Class Initialized
DEBUG - 2025-01-16 12:15:07 --> UTF-8 Support Enabled
INFO - 2025-01-16 12:15:07 --> Utf8 Class Initialized
INFO - 2025-01-16 12:15:07 --> URI Class Initialized
INFO - 2025-01-16 12:15:07 --> Router Class Initialized
INFO - 2025-01-16 12:15:07 --> Output Class Initialized
INFO - 2025-01-16 12:15:07 --> Security Class Initialized
DEBUG - 2025-01-16 12:15:07 --> Global POST, GET and COOKIE data sanitized
INFO - 2025-01-16 12:15:07 --> Input Class Initialized
INFO - 2025-01-16 12:15:07 --> Language Class Initialized
INFO - 2025-01-16 12:15:07 --> Language Class Initialized
INFO - 2025-01-16 12:15:07 --> Config Class Initialized
INFO - 2025-01-16 12:15:07 --> Loader Class Initialized
INFO - 2025-01-16 12:15:07 --> Helper loaded: url_helper
INFO - 2025-01-16 12:15:07 --> Helper loaded: easyui_helper
INFO - 2025-01-16 12:15:07 --> Helper loaded: param_helper
INFO - 2025-01-16 12:15:07 --> Helper loaded: credential_helper
INFO - 2025-01-16 12:15:07 --> Helper loaded: template_helper
INFO - 2025-01-16 12:15:07 --> Helper loaded: rest_helper
INFO - 2025-01-16 12:15:07 --> Database Driver Class Initialized
DEBUG - 2025-01-16 12:15:07 --> Idgenerator class already loaded. Second attempt ignored.
INFO - 2025-01-16 12:15:07 --> Controller Class Initialized
INFO - 2025-01-16 12:15:07 --> Model Class Initialized
DEBUG - 2025-01-16 12:15:07 --> File loaded: /apps/web-drc/application/modules/app_dashboard/models/App_dashboard_model.php
INFO - 2025-01-16 12:15:07 --> Model Class Initialized
INFO - 2025-01-16 12:15:08 --> Final output sent to browser
DEBUG - 2025-01-16 12:15:08 --> Total execution time: 0.4422
INFO - 2025-01-16 12:18:23 --> Config Class Initialized
INFO - 2025-01-16 12:18:23 --> Hooks Class Initialized
DEBUG - 2025-01-16 12:18:23 --> UTF-8 Support Enabled
INFO - 2025-01-16 12:18:23 --> Utf8 Class Initialized
INFO - 2025-01-16 12:18:23 --> URI Class Initialized
INFO - 2025-01-16 12:18:23 --> Router Class Initialized
INFO - 2025-01-16 12:18:23 --> Output Class Initialized
INFO - 2025-01-16 12:18:23 --> Security Class Initialized
DEBUG - 2025-01-16 12:18:23 --> Global POST, GET and COOKIE data sanitized
INFO - 2025-01-16 12:18:23 --> Input Class Initialized
INFO - 2025-01-16 12:18:23 --> Language Class Initialized
INFO - 2025-01-16 12:18:23 --> Language Class Initialized
INFO - 2025-01-16 12:18:23 --> Config Class Initialized
INFO - 2025-01-16 12:18:23 --> Loader Class Initialized
INFO - 2025-01-16 12:18:23 --> Helper loaded: url_helper
INFO - 2025-01-16 12:18:23 --> Helper loaded: easyui_helper
INFO - 2025-01-16 12:18:23 --> Helper loaded: param_helper
INFO - 2025-01-16 12:18:23 --> Helper loaded: credential_helper
INFO - 2025-01-16 12:18:23 --> Helper loaded: template_helper
INFO - 2025-01-16 12:18:23 --> Helper loaded: rest_helper
INFO - 2025-01-16 12:18:23 --> Database Driver Class Initialized
DEBUG - 2025-01-16 12:18:23 --> Idgenerator class already loaded. Second attempt ignored.
INFO - 2025-01-16 12:18:23 --> Controller Class Initialized
INFO - 2025-01-16 12:18:23 --> Model Class Initialized
DEBUG - 2025-01-16 12:18:23 --> File loaded: /apps/web-drc/application/modules/app_dashboard/models/App_dashboard_model.php
INFO - 2025-01-16 12:18:23 --> Model Class Initialized
INFO - 2025-01-16 12:18:23 --> Final output sent to browser
DEBUG - 2025-01-16 12:18:23 --> Total execution time: 0.1349
INFO - 2025-01-16 12:18:26 --> Config Class Initialized
INFO - 2025-01-16 12:18:26 --> Hooks Class Initialized
DEBUG - 2025-01-16 12:18:26 --> UTF-8 Support Enabled
INFO - 2025-01-16 12:18:26 --> Utf8 Class Initialized
INFO - 2025-01-16 12:18:26 --> URI Class Initialized
INFO - 2025-01-16 12:18:26 --> Router Class Initialized
INFO - 2025-01-16 12:18:26 --> Output Class Initialized
INFO - 2025-01-16 12:18:26 --> Security Class Initialized
DEBUG - 2025-01-16 12:18:26 --> Global POST, GET and COOKIE data sanitized
INFO - 2025-01-16 12:18:26 --> Input Class Initialized
INFO - 2025-01-16 12:18:26 --> Language Class Initialized
INFO - 2025-01-16 12:18:26 --> Language Class Initialized
INFO - 2025-01-16 12:18:26 --> Config Class Initialized
INFO - 2025-01-16 12:18:26 --> Loader Class Initialized
INFO - 2025-01-16 12:18:26 --> Helper loaded: url_helper
INFO - 2025-01-16 12:18:26 --> Helper loaded: easyui_helper
INFO - 2025-01-16 12:18:26 --> Helper loaded: param_helper
INFO - 2025-01-16 12:18:26 --> Helper loaded: credential_helper
INFO - 2025-01-16 12:18:26 --> Helper loaded: template_helper
INFO - 2025-01-16 12:18:26 --> Helper loaded: rest_helper
INFO - 2025-01-16 12:18:26 --> Database Driver Class Initialized
DEBUG - 2025-01-16 12:18:26 --> Idgenerator class already loaded. Second attempt ignored.
INFO - 2025-01-16 12:18:26 --> Controller Class Initialized
INFO - 2025-01-16 12:18:26 --> Model Class Initialized
DEBUG - 2025-01-16 12:18:26 --> File loaded: /apps/web-drc/application/modules/app_dashboard/models/App_dashboard_model.php
INFO - 2025-01-16 12:18:26 --> Model Class Initialized
INFO - 2025-01-16 12:18:26 --> Final output sent to browser
DEBUG - 2025-01-16 12:18:26 --> Total execution time: 0.4004
