INFO - 2025-04-21 04:58:12 --> Config Class Initialized
INFO - 2025-04-21 04:58:12 --> Hooks Class Initialized
DEBUG - 2025-04-21 04:58:12 --> UTF-8 Support Enabled
INFO - 2025-04-21 04:58:12 --> Utf8 Class Initialized
INFO - 2025-04-21 04:58:12 --> URI Class Initialized
DEBUG - 2025-04-21 04:58:12 --> No URI present. Default controller set.
INFO - 2025-04-21 04:58:12 --> Router Class Initialized
INFO - 2025-04-21 04:58:12 --> Output Class Initialized
INFO - 2025-04-21 04:58:12 --> Security Class Initialized
DEBUG - 2025-04-21 04:58:12 --> Global POST, GET and COOKIE data sanitized
INFO - 2025-04-21 04:58:12 --> Input Class Initialized
INFO - 2025-04-21 04:58:12 --> Language Class Initialized
INFO - 2025-04-21 04:58:12 --> Language Class Initialized
INFO - 2025-04-21 04:58:12 --> Config Class Initialized
INFO - 2025-04-21 04:58:12 --> Loader Class Initialized
INFO - 2025-04-21 04:58:12 --> Helper loaded: url_helper
INFO - 2025-04-21 04:58:12 --> Helper loaded: easyui_helper
INFO - 2025-04-21 04:58:12 --> Helper loaded: param_helper
INFO - 2025-04-21 04:58:12 --> Helper loaded: credential_helper
INFO - 2025-04-21 04:58:12 --> Helper loaded: template_helper
INFO - 2025-04-21 04:58:12 --> Helper loaded: rest_helper
INFO - 2025-04-21 04:58:12 --> Database Driver Class Initialized
DEBUG - 2025-04-21 04:58:12 --> Idgenerator class already loaded. Second attempt ignored.
INFO - 2025-04-21 04:58:12 --> Controller Class Initialized
DEBUG - 2025-04-21 04:58:12 --> File loaded: /apps/web-drc/application/modules/app_auth/views/login_lte_template.php
DEBUG - 2025-04-21 04:58:12 --> File loaded: /apps/web-drc/application/views/template_login_lte/header.php
DEBUG - 2025-04-21 04:58:12 --> File loaded: /apps/web-drc/application/views/template_login_lte/contents.php
DEBUG - 2025-04-21 04:58:12 --> File loaded: /apps/web-drc/application/views/template_login_lte/default.php
INFO - 2025-04-21 04:58:12 --> Final output sent to browser
DEBUG - 2025-04-21 04:58:12 --> Total execution time: 0.0472
