INFO - 2025-01-09 12:32:16 --> Config Class Initialized
INFO - 2025-01-09 12:32:16 --> Hooks Class Initialized
DEBUG - 2025-01-09 12:32:16 --> UTF-8 Support Enabled
INFO - 2025-01-09 12:32:16 --> Utf8 Class Initialized
INFO - 2025-01-09 12:32:16 --> URI Class Initialized
INFO - 2025-01-09 12:32:16 --> Router Class Initialized
INFO - 2025-01-09 12:32:16 --> Output Class Initialized
INFO - 2025-01-09 12:32:16 --> Security Class Initialized
DEBUG - 2025-01-09 12:32:16 --> Global POST, GET and COOKIE data sanitized
INFO - 2025-01-09 12:32:16 --> Input Class Initialized
INFO - 2025-01-09 12:32:16 --> Language Class Initialized
ERROR - 2025-01-09 12:32:16 --> 404 Page Not Found: /index
INFO - 2025-01-09 12:32:18 --> Config Class Initialized
INFO - 2025-01-09 12:32:18 --> Hooks Class Initialized
DEBUG - 2025-01-09 12:32:18 --> UTF-8 Support Enabled
INFO - 2025-01-09 12:32:18 --> Utf8 Class Initialized
INFO - 2025-01-09 12:32:18 --> URI Class Initialized
INFO - 2025-01-09 12:32:18 --> Router Class Initialized
INFO - 2025-01-09 12:32:18 --> Output Class Initialized
INFO - 2025-01-09 12:32:18 --> Security Class Initialized
DEBUG - 2025-01-09 12:32:18 --> Global POST, GET and COOKIE data sanitized
INFO - 2025-01-09 12:32:18 --> Input Class Initialized
INFO - 2025-01-09 12:32:18 --> Language Class Initialized
INFO - 2025-01-09 12:32:18 --> Language Class Initialized
INFO - 2025-01-09 12:32:18 --> Config Class Initialized
INFO - 2025-01-09 12:32:18 --> Loader Class Initialized
INFO - 2025-01-09 12:32:18 --> Helper loaded: url_helper
INFO - 2025-01-09 12:32:18 --> Helper loaded: easyui_helper
INFO - 2025-01-09 12:32:18 --> Helper loaded: param_helper
INFO - 2025-01-09 12:32:18 --> Helper loaded: credential_helper
INFO - 2025-01-09 12:32:18 --> Helper loaded: template_helper
INFO - 2025-01-09 12:32:18 --> Helper loaded: rest_helper
INFO - 2025-01-09 12:32:18 --> Database Driver Class Initialized
DEBUG - 2025-01-09 12:32:18 --> Idgenerator class already loaded. Second attempt ignored.
INFO - 2025-01-09 12:32:18 --> Controller Class Initialized
INFO - 2025-01-09 12:32:18 --> Model Class Initialized
DEBUG - 2025-01-09 12:32:18 --> File loaded: /apps/web-drc/application/modules/app_dashboard/models/App_dashboard_model.php
INFO - 2025-01-09 12:32:18 --> Model Class Initialized
DEBUG - 2025-01-09 12:32:18 --> File loaded: /apps/web-drc/application/modules/app_dashboard/views/content.php
DEBUG - 2025-01-09 12:32:18 --> File loaded: /apps/web-drc/application/views/templates/header.php
DEBUG - 2025-01-09 12:32:18 --> File loaded: /apps/web-drc/application/views/templates/toolbar.php
DEBUG - 2025-01-09 12:32:18 --> File loaded: /apps/web-drc/application/views/templates/sidebar.php
DEBUG - 2025-01-09 12:32:18 --> File loaded: /apps/web-drc/application/views/templates/contents.php
DEBUG - 2025-01-09 12:32:18 --> File loaded: /apps/web-drc/application/views/templates/content_footer.php
DEBUG - 2025-01-09 12:32:18 --> File loaded: /apps/web-drc/application/views/templates/footer.php
INFO - 2025-01-09 12:32:18 --> Config Class Initialized
INFO - 2025-01-09 12:32:18 --> Hooks Class Initialized
DEBUG - 2025-01-09 12:32:18 --> UTF-8 Support Enabled
INFO - 2025-01-09 12:32:18 --> Utf8 Class Initialized
INFO - 2025-01-09 12:32:18 --> URI Class Initialized
DEBUG - 2025-01-09 12:32:18 --> No URI present. Default controller set.
INFO - 2025-01-09 12:32:18 --> Router Class Initialized
INFO - 2025-01-09 12:32:18 --> Output Class Initialized
INFO - 2025-01-09 12:32:18 --> Security Class Initialized
DEBUG - 2025-01-09 12:32:18 --> Global POST, GET and COOKIE data sanitized
INFO - 2025-01-09 12:32:18 --> Input Class Initialized
INFO - 2025-01-09 12:32:18 --> Language Class Initialized
INFO - 2025-01-09 12:32:18 --> Language Class Initialized
INFO - 2025-01-09 12:32:18 --> Config Class Initialized
INFO - 2025-01-09 12:32:18 --> Loader Class Initialized
INFO - 2025-01-09 12:32:18 --> Helper loaded: url_helper
INFO - 2025-01-09 12:32:18 --> Helper loaded: easyui_helper
INFO - 2025-01-09 12:32:18 --> Helper loaded: param_helper
INFO - 2025-01-09 12:32:18 --> Helper loaded: credential_helper
INFO - 2025-01-09 12:32:18 --> Helper loaded: template_helper
INFO - 2025-01-09 12:32:18 --> Helper loaded: rest_helper
INFO - 2025-01-09 12:32:18 --> Database Driver Class Initialized
DEBUG - 2025-01-09 12:32:18 --> Idgenerator class already loaded. Second attempt ignored.
INFO - 2025-01-09 12:32:18 --> Controller Class Initialized
DEBUG - 2025-01-09 12:32:18 --> File loaded: /apps/web-drc/application/modules/app_auth/views/login_lte_template.php
DEBUG - 2025-01-09 12:32:18 --> File loaded: /apps/web-drc/application/views/template_login_lte/header.php
DEBUG - 2025-01-09 12:32:18 --> File loaded: /apps/web-drc/application/views/template_login_lte/contents.php
DEBUG - 2025-01-09 12:32:18 --> File loaded: /apps/web-drc/application/views/template_login_lte/default.php
INFO - 2025-01-09 12:32:18 --> Final output sent to browser
DEBUG - 2025-01-09 12:32:18 --> Total execution time: 0.0060
INFO - 2025-01-09 12:32:18 --> Config Class Initialized
INFO - 2025-01-09 12:32:18 --> Hooks Class Initialized
DEBUG - 2025-01-09 12:32:18 --> UTF-8 Support Enabled
INFO - 2025-01-09 12:32:18 --> Utf8 Class Initialized
INFO - 2025-01-09 12:32:18 --> URI Class Initialized
INFO - 2025-01-09 12:32:18 --> Router Class Initialized
INFO - 2025-01-09 12:32:18 --> Output Class Initialized
INFO - 2025-01-09 12:32:18 --> Security Class Initialized
DEBUG - 2025-01-09 12:32:18 --> Global POST, GET and COOKIE data sanitized
INFO - 2025-01-09 12:32:18 --> Input Class Initialized
INFO - 2025-01-09 12:32:18 --> Language Class Initialized
ERROR - 2025-01-09 12:32:18 --> 404 Page Not Found: /index
INFO - 2025-01-09 12:36:20 --> Config Class Initialized
INFO - 2025-01-09 12:36:20 --> Hooks Class Initialized
DEBUG - 2025-01-09 12:36:20 --> UTF-8 Support Enabled
INFO - 2025-01-09 12:36:20 --> Utf8 Class Initialized
INFO - 2025-01-09 12:36:20 --> URI Class Initialized
INFO - 2025-01-09 12:36:20 --> Router Class Initialized
INFO - 2025-01-09 12:36:20 --> Output Class Initialized
INFO - 2025-01-09 12:36:20 --> Security Class Initialized
DEBUG - 2025-01-09 12:36:20 --> Global POST, GET and COOKIE data sanitized
INFO - 2025-01-09 12:36:20 --> Input Class Initialized
INFO - 2025-01-09 12:36:20 --> Language Class Initialized
INFO - 2025-01-09 12:36:20 --> Language Class Initialized
INFO - 2025-01-09 12:36:20 --> Config Class Initialized
INFO - 2025-01-09 12:36:20 --> Loader Class Initialized
INFO - 2025-01-09 12:36:20 --> Helper loaded: url_helper
INFO - 2025-01-09 12:36:20 --> Helper loaded: easyui_helper
INFO - 2025-01-09 12:36:20 --> Helper loaded: param_helper
INFO - 2025-01-09 12:36:20 --> Helper loaded: credential_helper
INFO - 2025-01-09 12:36:20 --> Helper loaded: template_helper
INFO - 2025-01-09 12:36:20 --> Helper loaded: rest_helper
INFO - 2025-01-09 12:36:20 --> Database Driver Class Initialized
DEBUG - 2025-01-09 12:36:20 --> Idgenerator class already loaded. Second attempt ignored.
INFO - 2025-01-09 12:36:20 --> Controller Class Initialized
INFO - 2025-01-09 12:36:20 --> Final output sent to browser
DEBUG - 2025-01-09 12:36:20 --> Total execution time: 0.0136
INFO - 2025-01-09 12:36:21 --> Config Class Initialized
INFO - 2025-01-09 12:36:21 --> Hooks Class Initialized
DEBUG - 2025-01-09 12:36:21 --> UTF-8 Support Enabled
INFO - 2025-01-09 12:36:21 --> Utf8 Class Initialized
INFO - 2025-01-09 12:36:21 --> URI Class Initialized
INFO - 2025-01-09 12:36:21 --> Router Class Initialized
INFO - 2025-01-09 12:36:21 --> Output Class Initialized
INFO - 2025-01-09 12:36:21 --> Security Class Initialized
DEBUG - 2025-01-09 12:36:21 --> Global POST, GET and COOKIE data sanitized
INFO - 2025-01-09 12:36:21 --> Input Class Initialized
INFO - 2025-01-09 12:36:21 --> Language Class Initialized
INFO - 2025-01-09 12:36:21 --> Language Class Initialized
INFO - 2025-01-09 12:36:21 --> Config Class Initialized
INFO - 2025-01-09 12:36:21 --> Loader Class Initialized
INFO - 2025-01-09 12:36:21 --> Helper loaded: url_helper
INFO - 2025-01-09 12:36:21 --> Helper loaded: easyui_helper
INFO - 2025-01-09 12:36:21 --> Helper loaded: param_helper
INFO - 2025-01-09 12:36:21 --> Helper loaded: credential_helper
INFO - 2025-01-09 12:36:21 --> Helper loaded: template_helper
INFO - 2025-01-09 12:36:21 --> Helper loaded: rest_helper
INFO - 2025-01-09 12:36:21 --> Database Driver Class Initialized
DEBUG - 2025-01-09 12:36:21 --> Idgenerator class already loaded. Second attempt ignored.
INFO - 2025-01-09 12:36:21 --> Controller Class Initialized
INFO - 2025-01-09 12:36:21 --> Model Class Initialized
DEBUG - 2025-01-09 12:36:21 --> File loaded: /apps/web-drc/application/modules/app_dashboard/models/App_dashboard_model.php
INFO - 2025-01-09 12:36:21 --> Model Class Initialized
DEBUG - 2025-01-09 12:36:21 --> File loaded: /apps/web-drc/application/modules/app_dashboard/views/content.php
DEBUG - 2025-01-09 12:36:21 --> File loaded: /apps/web-drc/application/views/templates/header.php
DEBUG - 2025-01-09 12:36:21 --> File loaded: /apps/web-drc/application/views/templates/toolbar.php
DEBUG - 2025-01-09 12:36:21 --> File loaded: /apps/web-drc/application/views/templates/sidebar.php
DEBUG - 2025-01-09 12:36:21 --> File loaded: /apps/web-drc/application/views/templates/contents.php
DEBUG - 2025-01-09 12:36:21 --> File loaded: /apps/web-drc/application/views/templates/content_footer.php
DEBUG - 2025-01-09 12:36:21 --> File loaded: /apps/web-drc/application/views/templates/footer.php
DEBUG - 2025-01-09 12:36:21 --> File loaded: /apps/web-drc/application/views/templates/default.php
INFO - 2025-01-09 12:36:21 --> Final output sent to browser
DEBUG - 2025-01-09 12:36:21 --> Total execution time: 0.0107
INFO - 2025-01-09 12:36:21 --> Config Class Initialized
INFO - 2025-01-09 12:36:21 --> Hooks Class Initialized
DEBUG - 2025-01-09 12:36:21 --> UTF-8 Support Enabled
INFO - 2025-01-09 12:36:21 --> Utf8 Class Initialized
INFO - 2025-01-09 12:36:21 --> URI Class Initialized
INFO - 2025-01-09 12:36:21 --> Router Class Initialized
INFO - 2025-01-09 12:36:21 --> Output Class Initialized
INFO - 2025-01-09 12:36:21 --> Security Class Initialized
DEBUG - 2025-01-09 12:36:21 --> Global POST, GET and COOKIE data sanitized
INFO - 2025-01-09 12:36:21 --> Input Class Initialized
INFO - 2025-01-09 12:36:21 --> Language Class Initialized
ERROR - 2025-01-09 12:36:21 --> 404 Page Not Found: /index
INFO - 2025-01-09 12:36:21 --> Config Class Initialized
INFO - 2025-01-09 12:36:21 --> Hooks Class Initialized
DEBUG - 2025-01-09 12:36:21 --> UTF-8 Support Enabled
INFO - 2025-01-09 12:36:21 --> Utf8 Class Initialized
INFO - 2025-01-09 12:36:21 --> URI Class Initialized
INFO - 2025-01-09 12:36:21 --> Router Class Initialized
INFO - 2025-01-09 12:36:21 --> Output Class Initialized
INFO - 2025-01-09 12:36:21 --> Security Class Initialized
DEBUG - 2025-01-09 12:36:21 --> Global POST, GET and COOKIE data sanitized
INFO - 2025-01-09 12:36:21 --> Input Class Initialized
INFO - 2025-01-09 12:36:21 --> Language Class Initialized
INFO - 2025-01-09 12:36:21 --> Language Class Initialized
INFO - 2025-01-09 12:36:21 --> Config Class Initialized
INFO - 2025-01-09 12:36:21 --> Loader Class Initialized
INFO - 2025-01-09 12:36:21 --> Helper loaded: url_helper
INFO - 2025-01-09 12:36:21 --> Helper loaded: easyui_helper
INFO - 2025-01-09 12:36:21 --> Helper loaded: param_helper
INFO - 2025-01-09 12:36:21 --> Helper loaded: credential_helper
INFO - 2025-01-09 12:36:21 --> Helper loaded: template_helper
INFO - 2025-01-09 12:36:21 --> Helper loaded: rest_helper
INFO - 2025-01-09 12:36:21 --> Database Driver Class Initialized
DEBUG - 2025-01-09 12:36:21 --> Idgenerator class already loaded. Second attempt ignored.
INFO - 2025-01-09 12:36:21 --> Controller Class Initialized
INFO - 2025-01-09 12:36:21 --> Model Class Initialized
DEBUG - 2025-01-09 12:36:21 --> File loaded: /apps/web-drc/application/modules/app_dashboard/models/App_dashboard_model.php
INFO - 2025-01-09 12:36:21 --> Model Class Initialized
INFO - 2025-01-09 12:36:21 --> Final output sent to browser
DEBUG - 2025-01-09 12:36:21 --> Total execution time: 0.0251
INFO - 2025-01-09 12:36:21 --> Config Class Initialized
INFO - 2025-01-09 12:36:21 --> Hooks Class Initialized
DEBUG - 2025-01-09 12:36:21 --> UTF-8 Support Enabled
INFO - 2025-01-09 12:36:21 --> Utf8 Class Initialized
INFO - 2025-01-09 12:36:21 --> URI Class Initialized
INFO - 2025-01-09 12:36:21 --> Router Class Initialized
INFO - 2025-01-09 12:36:21 --> Output Class Initialized
INFO - 2025-01-09 12:36:21 --> Security Class Initialized
DEBUG - 2025-01-09 12:36:21 --> Global POST, GET and COOKIE data sanitized
INFO - 2025-01-09 12:36:21 --> Input Class Initialized
INFO - 2025-01-09 12:36:21 --> Language Class Initialized
INFO - 2025-01-09 12:36:21 --> Language Class Initialized
INFO - 2025-01-09 12:36:21 --> Config Class Initialized
INFO - 2025-01-09 12:36:21 --> Loader Class Initialized
INFO - 2025-01-09 12:36:21 --> Helper loaded: url_helper
INFO - 2025-01-09 12:36:21 --> Helper loaded: easyui_helper
INFO - 2025-01-09 12:36:21 --> Helper loaded: param_helper
INFO - 2025-01-09 12:36:21 --> Helper loaded: credential_helper
INFO - 2025-01-09 12:36:21 --> Helper loaded: template_helper
INFO - 2025-01-09 12:36:21 --> Helper loaded: rest_helper
INFO - 2025-01-09 12:36:21 --> Database Driver Class Initialized
DEBUG - 2025-01-09 12:36:21 --> Idgenerator class already loaded. Second attempt ignored.
INFO - 2025-01-09 12:36:21 --> Controller Class Initialized
INFO - 2025-01-09 12:36:21 --> Model Class Initialized
DEBUG - 2025-01-09 12:36:21 --> File loaded: /apps/web-drc/application/modules/api_v1/models/Api_v1_model.php
INFO - 2025-01-09 12:36:21 --> Model Class Initialized
INFO - 2025-01-09 12:36:21 --> Final output sent to browser
DEBUG - 2025-01-09 12:36:21 --> Total execution time: 0.0084
INFO - 2025-01-09 12:36:28 --> Config Class Initialized
INFO - 2025-01-09 12:36:28 --> Hooks Class Initialized
DEBUG - 2025-01-09 12:36:28 --> UTF-8 Support Enabled
INFO - 2025-01-09 12:36:28 --> Utf8 Class Initialized
INFO - 2025-01-09 12:36:28 --> URI Class Initialized
INFO - 2025-01-09 12:36:28 --> Router Class Initialized
INFO - 2025-01-09 12:36:28 --> Output Class Initialized
INFO - 2025-01-09 12:36:28 --> Security Class Initialized
DEBUG - 2025-01-09 12:36:28 --> Global POST, GET and COOKIE data sanitized
INFO - 2025-01-09 12:36:28 --> Input Class Initialized
INFO - 2025-01-09 12:36:28 --> Language Class Initialized
INFO - 2025-01-09 12:36:28 --> Language Class Initialized
INFO - 2025-01-09 12:36:28 --> Config Class Initialized
INFO - 2025-01-09 12:36:28 --> Loader Class Initialized
INFO - 2025-01-09 12:36:28 --> Helper loaded: url_helper
INFO - 2025-01-09 12:36:28 --> Helper loaded: easyui_helper
INFO - 2025-01-09 12:36:28 --> Helper loaded: param_helper
INFO - 2025-01-09 12:36:28 --> Helper loaded: credential_helper
INFO - 2025-01-09 12:36:28 --> Helper loaded: template_helper
INFO - 2025-01-09 12:36:28 --> Helper loaded: rest_helper
INFO - 2025-01-09 12:36:28 --> Database Driver Class Initialized
DEBUG - 2025-01-09 12:36:28 --> Idgenerator class already loaded. Second attempt ignored.
INFO - 2025-01-09 12:36:28 --> Controller Class Initialized
INFO - 2025-01-09 12:36:28 --> Model Class Initialized
DEBUG - 2025-01-09 12:36:28 --> File loaded: /apps/web-drc/application/modules/mapping_promo_active/models/Promo_active_model.php
INFO - 2025-01-09 12:36:28 --> Model Class Initialized
DEBUG - 2025-01-09 12:36:28 --> File loaded: /apps/web-drc/application/modules/mapping_promo_active/views/content.php
DEBUG - 2025-01-09 12:36:28 --> File loaded: /apps/web-drc/application/views/templates/header.php
DEBUG - 2025-01-09 12:36:28 --> File loaded: /apps/web-drc/application/views/templates/toolbar.php
DEBUG - 2025-01-09 12:36:28 --> File loaded: /apps/web-drc/application/views/templates/sidebar.php
DEBUG - 2025-01-09 12:36:28 --> File loaded: /apps/web-drc/application/views/templates/contents.php
DEBUG - 2025-01-09 12:36:28 --> File loaded: /apps/web-drc/application/views/templates/content_footer.php
DEBUG - 2025-01-09 12:36:28 --> File loaded: /apps/web-drc/application/views/templates/footer.php
DEBUG - 2025-01-09 12:36:28 --> File loaded: /apps/web-drc/application/views/templates/default.php
INFO - 2025-01-09 12:36:28 --> Final output sent to browser
DEBUG - 2025-01-09 12:36:28 --> Total execution time: 0.0127
INFO - 2025-01-09 12:36:28 --> Config Class Initialized
INFO - 2025-01-09 12:36:28 --> Hooks Class Initialized
DEBUG - 2025-01-09 12:36:28 --> UTF-8 Support Enabled
INFO - 2025-01-09 12:36:28 --> Utf8 Class Initialized
INFO - 2025-01-09 12:36:28 --> URI Class Initialized
INFO - 2025-01-09 12:36:28 --> Router Class Initialized
INFO - 2025-01-09 12:36:28 --> Output Class Initialized
INFO - 2025-01-09 12:36:28 --> Security Class Initialized
DEBUG - 2025-01-09 12:36:28 --> Global POST, GET and COOKIE data sanitized
INFO - 2025-01-09 12:36:28 --> Input Class Initialized
INFO - 2025-01-09 12:36:28 --> Language Class Initialized
ERROR - 2025-01-09 12:36:28 --> 404 Page Not Found: /index
INFO - 2025-01-09 12:36:28 --> Config Class Initialized
INFO - 2025-01-09 12:36:28 --> Hooks Class Initialized
DEBUG - 2025-01-09 12:36:28 --> UTF-8 Support Enabled
INFO - 2025-01-09 12:36:28 --> Utf8 Class Initialized
INFO - 2025-01-09 12:36:28 --> URI Class Initialized
INFO - 2025-01-09 12:36:28 --> Router Class Initialized
INFO - 2025-01-09 12:36:28 --> Output Class Initialized
INFO - 2025-01-09 12:36:28 --> Security Class Initialized
DEBUG - 2025-01-09 12:36:28 --> Global POST, GET and COOKIE data sanitized
INFO - 2025-01-09 12:36:28 --> Input Class Initialized
INFO - 2025-01-09 12:36:28 --> Language Class Initialized
INFO - 2025-01-09 12:36:28 --> Language Class Initialized
INFO - 2025-01-09 12:36:28 --> Config Class Initialized
INFO - 2025-01-09 12:36:28 --> Loader Class Initialized
INFO - 2025-01-09 12:36:28 --> Helper loaded: url_helper
INFO - 2025-01-09 12:36:28 --> Helper loaded: easyui_helper
INFO - 2025-01-09 12:36:28 --> Helper loaded: param_helper
INFO - 2025-01-09 12:36:28 --> Helper loaded: credential_helper
INFO - 2025-01-09 12:36:28 --> Helper loaded: template_helper
INFO - 2025-01-09 12:36:28 --> Helper loaded: rest_helper
INFO - 2025-01-09 12:36:28 --> Database Driver Class Initialized
DEBUG - 2025-01-09 12:36:28 --> Idgenerator class already loaded. Second attempt ignored.
INFO - 2025-01-09 12:36:28 --> Controller Class Initialized
INFO - 2025-01-09 12:36:28 --> Model Class Initialized
DEBUG - 2025-01-09 12:36:28 --> File loaded: /apps/web-drc/application/modules/mapping_promo_active/models/Promo_active_model.php
INFO - 2025-01-09 12:36:28 --> Model Class Initialized
INFO - 2025-01-09 12:36:28 --> Final output sent to browser
DEBUG - 2025-01-09 12:36:28 --> Total execution time: 0.0088
INFO - 2025-01-09 12:36:34 --> Config Class Initialized
INFO - 2025-01-09 12:36:34 --> Hooks Class Initialized
DEBUG - 2025-01-09 12:36:34 --> UTF-8 Support Enabled
INFO - 2025-01-09 12:36:34 --> Utf8 Class Initialized
INFO - 2025-01-09 12:36:34 --> URI Class Initialized
INFO - 2025-01-09 12:36:34 --> Router Class Initialized
INFO - 2025-01-09 12:36:34 --> Output Class Initialized
INFO - 2025-01-09 12:36:34 --> Security Class Initialized
DEBUG - 2025-01-09 12:36:34 --> Global POST, GET and COOKIE data sanitized
INFO - 2025-01-09 12:36:34 --> Input Class Initialized
INFO - 2025-01-09 12:36:34 --> Language Class Initialized
INFO - 2025-01-09 12:36:34 --> Language Class Initialized
INFO - 2025-01-09 12:36:34 --> Config Class Initialized
INFO - 2025-01-09 12:36:34 --> Loader Class Initialized
INFO - 2025-01-09 12:36:34 --> Helper loaded: url_helper
INFO - 2025-01-09 12:36:34 --> Helper loaded: easyui_helper
INFO - 2025-01-09 12:36:34 --> Helper loaded: param_helper
INFO - 2025-01-09 12:36:34 --> Helper loaded: credential_helper
INFO - 2025-01-09 12:36:34 --> Helper loaded: template_helper
INFO - 2025-01-09 12:36:34 --> Helper loaded: rest_helper
INFO - 2025-01-09 12:36:34 --> Database Driver Class Initialized
DEBUG - 2025-01-09 12:36:34 --> Idgenerator class already loaded. Second attempt ignored.
INFO - 2025-01-09 12:36:34 --> Controller Class Initialized
INFO - 2025-01-09 12:36:34 --> Model Class Initialized
DEBUG - 2025-01-09 12:36:34 --> File loaded: /apps/web-drc/application/modules/mapping_promo_active/models/Promo_active_model.php
INFO - 2025-01-09 12:36:34 --> Model Class Initialized
DEBUG - 2025-01-09 12:36:34 --> File loaded: /apps/web-drc/application/modules/mapping_promo_active/views/form.php
DEBUG - 2025-01-09 12:36:34 --> File loaded: /apps/web-drc/application/views/templates/header.php
DEBUG - 2025-01-09 12:36:34 --> File loaded: /apps/web-drc/application/views/templates/toolbar.php
DEBUG - 2025-01-09 12:36:34 --> File loaded: /apps/web-drc/application/views/templates/sidebar.php
DEBUG - 2025-01-09 12:36:34 --> File loaded: /apps/web-drc/application/views/templates/contents.php
DEBUG - 2025-01-09 12:36:34 --> File loaded: /apps/web-drc/application/views/templates/content_footer.php
DEBUG - 2025-01-09 12:36:34 --> File loaded: /apps/web-drc/application/views/templates/footer.php
DEBUG - 2025-01-09 12:36:34 --> File loaded: /apps/web-drc/application/views/templates/default.php
INFO - 2025-01-09 12:36:34 --> Final output sent to browser
DEBUG - 2025-01-09 12:36:34 --> Total execution time: 0.0180
INFO - 2025-01-09 12:36:35 --> Config Class Initialized
INFO - 2025-01-09 12:36:35 --> Hooks Class Initialized
DEBUG - 2025-01-09 12:36:35 --> UTF-8 Support Enabled
INFO - 2025-01-09 12:36:35 --> Utf8 Class Initialized
INFO - 2025-01-09 12:36:35 --> URI Class Initialized
INFO - 2025-01-09 12:36:35 --> Router Class Initialized
INFO - 2025-01-09 12:36:35 --> Output Class Initialized
INFO - 2025-01-09 12:36:35 --> Security Class Initialized
DEBUG - 2025-01-09 12:36:35 --> Global POST, GET and COOKIE data sanitized
INFO - 2025-01-09 12:36:35 --> Input Class Initialized
INFO - 2025-01-09 12:36:35 --> Language Class Initialized
ERROR - 2025-01-09 12:36:35 --> 404 Page Not Found: /index
INFO - 2025-01-09 12:36:35 --> Config Class Initialized
INFO - 2025-01-09 12:36:35 --> Hooks Class Initialized
DEBUG - 2025-01-09 12:36:35 --> UTF-8 Support Enabled
INFO - 2025-01-09 12:36:35 --> Utf8 Class Initialized
INFO - 2025-01-09 12:36:35 --> URI Class Initialized
INFO - 2025-01-09 12:36:35 --> Router Class Initialized
INFO - 2025-01-09 12:36:35 --> Output Class Initialized
INFO - 2025-01-09 12:36:35 --> Security Class Initialized
DEBUG - 2025-01-09 12:36:35 --> Global POST, GET and COOKIE data sanitized
INFO - 2025-01-09 12:36:35 --> Input Class Initialized
INFO - 2025-01-09 12:36:35 --> Language Class Initialized
INFO - 2025-01-09 12:36:35 --> Language Class Initialized
INFO - 2025-01-09 12:36:35 --> Config Class Initialized
INFO - 2025-01-09 12:36:35 --> Loader Class Initialized
INFO - 2025-01-09 12:36:35 --> Helper loaded: url_helper
INFO - 2025-01-09 12:36:35 --> Helper loaded: easyui_helper
INFO - 2025-01-09 12:36:35 --> Helper loaded: param_helper
INFO - 2025-01-09 12:36:35 --> Helper loaded: credential_helper
INFO - 2025-01-09 12:36:35 --> Helper loaded: template_helper
INFO - 2025-01-09 12:36:35 --> Helper loaded: rest_helper
INFO - 2025-01-09 12:36:35 --> Database Driver Class Initialized
DEBUG - 2025-01-09 12:36:35 --> Idgenerator class already loaded. Second attempt ignored.
INFO - 2025-01-09 12:36:35 --> Controller Class Initialized
INFO - 2025-01-09 12:36:35 --> Model Class Initialized
DEBUG - 2025-01-09 12:36:35 --> File loaded: /apps/web-drc/application/modules/api_v1/models/Api_v1_model.php
INFO - 2025-01-09 12:36:35 --> Model Class Initialized
INFO - 2025-01-09 12:36:35 --> Final output sent to browser
DEBUG - 2025-01-09 12:36:35 --> Total execution time: 0.0062
INFO - 2025-01-09 12:36:35 --> Config Class Initialized
INFO - 2025-01-09 12:36:35 --> Hooks Class Initialized
DEBUG - 2025-01-09 12:36:35 --> UTF-8 Support Enabled
INFO - 2025-01-09 12:36:35 --> Utf8 Class Initialized
INFO - 2025-01-09 12:36:35 --> URI Class Initialized
INFO - 2025-01-09 12:36:35 --> Router Class Initialized
INFO - 2025-01-09 12:36:35 --> Output Class Initialized
INFO - 2025-01-09 12:36:35 --> Security Class Initialized
DEBUG - 2025-01-09 12:36:35 --> Global POST, GET and COOKIE data sanitized
INFO - 2025-01-09 12:36:35 --> Input Class Initialized
INFO - 2025-01-09 12:36:35 --> Language Class Initialized
INFO - 2025-01-09 12:36:35 --> Language Class Initialized
INFO - 2025-01-09 12:36:35 --> Config Class Initialized
INFO - 2025-01-09 12:36:35 --> Loader Class Initialized
INFO - 2025-01-09 12:36:35 --> Helper loaded: url_helper
INFO - 2025-01-09 12:36:35 --> Helper loaded: easyui_helper
INFO - 2025-01-09 12:36:35 --> Helper loaded: param_helper
INFO - 2025-01-09 12:36:35 --> Helper loaded: credential_helper
INFO - 2025-01-09 12:36:35 --> Helper loaded: template_helper
INFO - 2025-01-09 12:36:35 --> Helper loaded: rest_helper
INFO - 2025-01-09 12:36:35 --> Database Driver Class Initialized
DEBUG - 2025-01-09 12:36:35 --> Idgenerator class already loaded. Second attempt ignored.
INFO - 2025-01-09 12:36:35 --> Controller Class Initialized
INFO - 2025-01-09 12:36:35 --> Model Class Initialized
DEBUG - 2025-01-09 12:36:35 --> File loaded: /apps/web-drc/application/modules/api_v1/models/Api_v1_model.php
INFO - 2025-01-09 12:36:35 --> Model Class Initialized
INFO - 2025-01-09 12:36:35 --> Final output sent to browser
DEBUG - 2025-01-09 12:36:35 --> Total execution time: 0.0073
INFO - 2025-01-09 12:36:35 --> Config Class Initialized
INFO - 2025-01-09 12:36:35 --> Hooks Class Initialized
DEBUG - 2025-01-09 12:36:35 --> UTF-8 Support Enabled
INFO - 2025-01-09 12:36:35 --> Utf8 Class Initialized
INFO - 2025-01-09 12:36:35 --> URI Class Initialized
INFO - 2025-01-09 12:36:35 --> Router Class Initialized
INFO - 2025-01-09 12:36:35 --> Output Class Initialized
INFO - 2025-01-09 12:36:35 --> Security Class Initialized
DEBUG - 2025-01-09 12:36:35 --> Global POST, GET and COOKIE data sanitized
INFO - 2025-01-09 12:36:35 --> Input Class Initialized
INFO - 2025-01-09 12:36:35 --> Language Class Initialized
INFO - 2025-01-09 12:36:35 --> Language Class Initialized
INFO - 2025-01-09 12:36:35 --> Config Class Initialized
INFO - 2025-01-09 12:36:35 --> Loader Class Initialized
INFO - 2025-01-09 12:36:35 --> Helper loaded: url_helper
INFO - 2025-01-09 12:36:35 --> Helper loaded: easyui_helper
INFO - 2025-01-09 12:36:35 --> Helper loaded: param_helper
INFO - 2025-01-09 12:36:35 --> Helper loaded: credential_helper
INFO - 2025-01-09 12:36:35 --> Helper loaded: template_helper
INFO - 2025-01-09 12:36:35 --> Helper loaded: rest_helper
INFO - 2025-01-09 12:36:35 --> Database Driver Class Initialized
DEBUG - 2025-01-09 12:36:35 --> Idgenerator class already loaded. Second attempt ignored.
INFO - 2025-01-09 12:36:35 --> Controller Class Initialized
INFO - 2025-01-09 12:36:35 --> Model Class Initialized
DEBUG - 2025-01-09 12:36:35 --> File loaded: /apps/web-drc/application/modules/ref_customer_class/models/Customer_class_model.php
INFO - 2025-01-09 12:36:35 --> Model Class Initialized
INFO - 2025-01-09 12:36:35 --> Final output sent to browser
DEBUG - 2025-01-09 12:36:35 --> Total execution time: 0.0060
INFO - 2025-01-09 12:38:31 --> Config Class Initialized
INFO - 2025-01-09 12:38:31 --> Hooks Class Initialized
DEBUG - 2025-01-09 12:38:31 --> UTF-8 Support Enabled
INFO - 2025-01-09 12:38:31 --> Utf8 Class Initialized
INFO - 2025-01-09 12:38:31 --> URI Class Initialized
INFO - 2025-01-09 12:38:31 --> Router Class Initialized
INFO - 2025-01-09 12:38:31 --> Output Class Initialized
INFO - 2025-01-09 12:38:31 --> Security Class Initialized
DEBUG - 2025-01-09 12:38:31 --> Global POST, GET and COOKIE data sanitized
INFO - 2025-01-09 12:38:31 --> Input Class Initialized
INFO - 2025-01-09 12:38:31 --> Language Class Initialized
INFO - 2025-01-09 12:38:31 --> Language Class Initialized
INFO - 2025-01-09 12:38:31 --> Config Class Initialized
INFO - 2025-01-09 12:38:31 --> Loader Class Initialized
INFO - 2025-01-09 12:38:31 --> Helper loaded: url_helper
INFO - 2025-01-09 12:38:31 --> Helper loaded: easyui_helper
INFO - 2025-01-09 12:38:31 --> Helper loaded: param_helper
INFO - 2025-01-09 12:38:31 --> Helper loaded: credential_helper
INFO - 2025-01-09 12:38:31 --> Helper loaded: template_helper
INFO - 2025-01-09 12:38:31 --> Helper loaded: rest_helper
INFO - 2025-01-09 12:38:31 --> Database Driver Class Initialized
DEBUG - 2025-01-09 12:38:31 --> Idgenerator class already loaded. Second attempt ignored.
INFO - 2025-01-09 12:38:31 --> Controller Class Initialized
INFO - 2025-01-09 12:38:31 --> Model Class Initialized
DEBUG - 2025-01-09 12:38:31 --> File loaded: /apps/web-drc/application/modules/mapping_promo_active/models/Promo_active_model.php
INFO - 2025-01-09 12:38:31 --> Model Class Initialized
DEBUG - 2025-01-09 12:38:31 --> File loaded: /apps/web-drc/application/modules/mapping_promo_active/views/content.php
DEBUG - 2025-01-09 12:38:31 --> File loaded: /apps/web-drc/application/views/templates/header.php
DEBUG - 2025-01-09 12:38:31 --> File loaded: /apps/web-drc/application/views/templates/toolbar.php
DEBUG - 2025-01-09 12:38:31 --> File loaded: /apps/web-drc/application/views/templates/sidebar.php
DEBUG - 2025-01-09 12:38:31 --> File loaded: /apps/web-drc/application/views/templates/contents.php
DEBUG - 2025-01-09 12:38:31 --> File loaded: /apps/web-drc/application/views/templates/content_footer.php
DEBUG - 2025-01-09 12:38:31 --> File loaded: /apps/web-drc/application/views/templates/footer.php
DEBUG - 2025-01-09 12:38:31 --> File loaded: /apps/web-drc/application/views/templates/default.php
INFO - 2025-01-09 12:38:31 --> Final output sent to browser
DEBUG - 2025-01-09 12:38:31 --> Total execution time: 0.0077
INFO - 2025-01-09 12:38:31 --> Config Class Initialized
INFO - 2025-01-09 12:38:31 --> Hooks Class Initialized
DEBUG - 2025-01-09 12:38:31 --> UTF-8 Support Enabled
INFO - 2025-01-09 12:38:31 --> Utf8 Class Initialized
INFO - 2025-01-09 12:38:31 --> URI Class Initialized
INFO - 2025-01-09 12:38:31 --> Router Class Initialized
INFO - 2025-01-09 12:38:31 --> Output Class Initialized
INFO - 2025-01-09 12:38:31 --> Security Class Initialized
DEBUG - 2025-01-09 12:38:31 --> Global POST, GET and COOKIE data sanitized
INFO - 2025-01-09 12:38:31 --> Input Class Initialized
INFO - 2025-01-09 12:38:31 --> Language Class Initialized
ERROR - 2025-01-09 12:38:31 --> 404 Page Not Found: /index
INFO - 2025-01-09 12:38:31 --> Config Class Initialized
INFO - 2025-01-09 12:38:31 --> Hooks Class Initialized
DEBUG - 2025-01-09 12:38:31 --> UTF-8 Support Enabled
INFO - 2025-01-09 12:38:31 --> Utf8 Class Initialized
INFO - 2025-01-09 12:38:31 --> URI Class Initialized
INFO - 2025-01-09 12:38:31 --> Router Class Initialized
INFO - 2025-01-09 12:38:31 --> Output Class Initialized
INFO - 2025-01-09 12:38:31 --> Security Class Initialized
DEBUG - 2025-01-09 12:38:31 --> Global POST, GET and COOKIE data sanitized
INFO - 2025-01-09 12:38:31 --> Input Class Initialized
INFO - 2025-01-09 12:38:31 --> Language Class Initialized
INFO - 2025-01-09 12:38:31 --> Language Class Initialized
INFO - 2025-01-09 12:38:31 --> Config Class Initialized
INFO - 2025-01-09 12:38:31 --> Loader Class Initialized
INFO - 2025-01-09 12:38:31 --> Helper loaded: url_helper
INFO - 2025-01-09 12:38:31 --> Helper loaded: easyui_helper
INFO - 2025-01-09 12:38:31 --> Helper loaded: param_helper
INFO - 2025-01-09 12:38:31 --> Helper loaded: credential_helper
INFO - 2025-01-09 12:38:31 --> Helper loaded: template_helper
INFO - 2025-01-09 12:38:31 --> Helper loaded: rest_helper
INFO - 2025-01-09 12:38:31 --> Database Driver Class Initialized
DEBUG - 2025-01-09 12:38:31 --> Idgenerator class already loaded. Second attempt ignored.
INFO - 2025-01-09 12:38:31 --> Controller Class Initialized
INFO - 2025-01-09 12:38:31 --> Model Class Initialized
DEBUG - 2025-01-09 12:38:31 --> File loaded: /apps/web-drc/application/modules/mapping_promo_active/models/Promo_active_model.php
INFO - 2025-01-09 12:38:31 --> Model Class Initialized
INFO - 2025-01-09 12:38:31 --> Final output sent to browser
DEBUG - 2025-01-09 12:38:31 --> Total execution time: 0.0058
INFO - 2025-01-09 15:19:13 --> Config Class Initialized
INFO - 2025-01-09 15:19:13 --> Hooks Class Initialized
DEBUG - 2025-01-09 15:19:13 --> UTF-8 Support Enabled
INFO - 2025-01-09 15:19:13 --> Utf8 Class Initialized
INFO - 2025-01-09 15:19:13 --> URI Class Initialized
INFO - 2025-01-09 15:19:13 --> Router Class Initialized
INFO - 2025-01-09 15:19:13 --> Output Class Initialized
INFO - 2025-01-09 15:19:13 --> Security Class Initialized
DEBUG - 2025-01-09 15:19:13 --> Global POST, GET and COOKIE data sanitized
INFO - 2025-01-09 15:19:13 --> Input Class Initialized
INFO - 2025-01-09 15:19:13 --> Language Class Initialized
INFO - 2025-01-09 15:19:13 --> Language Class Initialized
INFO - 2025-01-09 15:19:13 --> Config Class Initialized
INFO - 2025-01-09 15:19:13 --> Loader Class Initialized
INFO - 2025-01-09 15:19:13 --> Helper loaded: url_helper
INFO - 2025-01-09 15:19:13 --> Helper loaded: easyui_helper
INFO - 2025-01-09 15:19:13 --> Helper loaded: param_helper
INFO - 2025-01-09 15:19:13 --> Helper loaded: credential_helper
INFO - 2025-01-09 15:19:13 --> Helper loaded: template_helper
INFO - 2025-01-09 15:19:13 --> Helper loaded: rest_helper
INFO - 2025-01-09 15:19:13 --> Database Driver Class Initialized
DEBUG - 2025-01-09 15:19:13 --> Idgenerator class already loaded. Second attempt ignored.
INFO - 2025-01-09 15:19:13 --> Controller Class Initialized
INFO - 2025-01-09 15:19:13 --> Model Class Initialized
DEBUG - 2025-01-09 15:19:13 --> File loaded: /apps/web-drc/application/modules/ref_sales_salesman/models/Sales_salesman_model.php
INFO - 2025-01-09 15:19:13 --> Model Class Initialized
DEBUG - 2025-01-09 15:19:13 --> File loaded: /apps/web-drc/application/modules/ref_sales_salesman/views/content.php
DEBUG - 2025-01-09 15:19:13 --> File loaded: /apps/web-drc/application/views/templates/header.php
DEBUG - 2025-01-09 15:19:13 --> File loaded: /apps/web-drc/application/views/templates/toolbar.php
DEBUG - 2025-01-09 15:19:13 --> File loaded: /apps/web-drc/application/views/templates/sidebar.php
DEBUG - 2025-01-09 15:19:13 --> File loaded: /apps/web-drc/application/views/templates/contents.php
DEBUG - 2025-01-09 15:19:13 --> File loaded: /apps/web-drc/application/views/templates/content_footer.php
DEBUG - 2025-01-09 15:19:13 --> File loaded: /apps/web-drc/application/views/templates/footer.php
INFO - 2025-01-09 15:19:14 --> Config Class Initialized
INFO - 2025-01-09 15:19:14 --> Hooks Class Initialized
DEBUG - 2025-01-09 15:19:14 --> UTF-8 Support Enabled
INFO - 2025-01-09 15:19:14 --> Utf8 Class Initialized
INFO - 2025-01-09 15:19:14 --> URI Class Initialized
DEBUG - 2025-01-09 15:19:14 --> No URI present. Default controller set.
INFO - 2025-01-09 15:19:14 --> Router Class Initialized
INFO - 2025-01-09 15:19:14 --> Output Class Initialized
INFO - 2025-01-09 15:19:14 --> Security Class Initialized
DEBUG - 2025-01-09 15:19:14 --> Global POST, GET and COOKIE data sanitized
INFO - 2025-01-09 15:19:14 --> Input Class Initialized
INFO - 2025-01-09 15:19:14 --> Language Class Initialized
INFO - 2025-01-09 15:19:14 --> Language Class Initialized
INFO - 2025-01-09 15:19:14 --> Config Class Initialized
INFO - 2025-01-09 15:19:14 --> Loader Class Initialized
INFO - 2025-01-09 15:19:14 --> Helper loaded: url_helper
INFO - 2025-01-09 15:19:14 --> Helper loaded: easyui_helper
INFO - 2025-01-09 15:19:14 --> Helper loaded: param_helper
INFO - 2025-01-09 15:19:14 --> Helper loaded: credential_helper
INFO - 2025-01-09 15:19:14 --> Helper loaded: template_helper
INFO - 2025-01-09 15:19:14 --> Helper loaded: rest_helper
INFO - 2025-01-09 15:19:14 --> Database Driver Class Initialized
DEBUG - 2025-01-09 15:19:14 --> Idgenerator class already loaded. Second attempt ignored.
INFO - 2025-01-09 15:19:14 --> Controller Class Initialized
DEBUG - 2025-01-09 15:19:14 --> File loaded: /apps/web-drc/application/modules/app_auth/views/login_lte_template.php
DEBUG - 2025-01-09 15:19:14 --> File loaded: /apps/web-drc/application/views/template_login_lte/header.php
DEBUG - 2025-01-09 15:19:14 --> File loaded: /apps/web-drc/application/views/template_login_lte/contents.php
DEBUG - 2025-01-09 15:19:14 --> File loaded: /apps/web-drc/application/views/template_login_lte/default.php
INFO - 2025-01-09 15:19:14 --> Final output sent to browser
DEBUG - 2025-01-09 15:19:14 --> Total execution time: 0.0056
INFO - 2025-01-09 15:19:14 --> Config Class Initialized
INFO - 2025-01-09 15:19:14 --> Hooks Class Initialized
DEBUG - 2025-01-09 15:19:14 --> UTF-8 Support Enabled
INFO - 2025-01-09 15:19:14 --> Utf8 Class Initialized
INFO - 2025-01-09 15:19:14 --> URI Class Initialized
INFO - 2025-01-09 15:19:14 --> Router Class Initialized
INFO - 2025-01-09 15:19:14 --> Output Class Initialized
INFO - 2025-01-09 15:19:14 --> Security Class Initialized
DEBUG - 2025-01-09 15:19:14 --> Global POST, GET and COOKIE data sanitized
INFO - 2025-01-09 15:19:14 --> Input Class Initialized
INFO - 2025-01-09 15:19:14 --> Language Class Initialized
ERROR - 2025-01-09 15:19:14 --> 404 Page Not Found: /index
INFO - 2025-01-09 15:19:14 --> Config Class Initialized
INFO - 2025-01-09 15:19:14 --> Hooks Class Initialized
DEBUG - 2025-01-09 15:19:14 --> UTF-8 Support Enabled
INFO - 2025-01-09 15:19:14 --> Utf8 Class Initialized
INFO - 2025-01-09 15:19:14 --> URI Class Initialized
INFO - 2025-01-09 15:19:14 --> Router Class Initialized
INFO - 2025-01-09 15:19:14 --> Output Class Initialized
INFO - 2025-01-09 15:19:14 --> Security Class Initialized
DEBUG - 2025-01-09 15:19:14 --> Global POST, GET and COOKIE data sanitized
INFO - 2025-01-09 15:19:14 --> Input Class Initialized
INFO - 2025-01-09 15:19:14 --> Language Class Initialized
ERROR - 2025-01-09 15:19:14 --> 404 Page Not Found: /index
INFO - 2025-01-09 15:19:17 --> Config Class Initialized
INFO - 2025-01-09 15:19:17 --> Hooks Class Initialized
DEBUG - 2025-01-09 15:19:17 --> UTF-8 Support Enabled
INFO - 2025-01-09 15:19:17 --> Utf8 Class Initialized
INFO - 2025-01-09 15:19:17 --> URI Class Initialized
INFO - 2025-01-09 15:19:17 --> Router Class Initialized
INFO - 2025-01-09 15:19:17 --> Output Class Initialized
INFO - 2025-01-09 15:19:17 --> Security Class Initialized
DEBUG - 2025-01-09 15:19:17 --> Global POST, GET and COOKIE data sanitized
INFO - 2025-01-09 15:19:17 --> Input Class Initialized
INFO - 2025-01-09 15:19:17 --> Language Class Initialized
INFO - 2025-01-09 15:19:17 --> Language Class Initialized
INFO - 2025-01-09 15:19:17 --> Config Class Initialized
INFO - 2025-01-09 15:19:17 --> Loader Class Initialized
INFO - 2025-01-09 15:19:17 --> Helper loaded: url_helper
INFO - 2025-01-09 15:19:17 --> Helper loaded: easyui_helper
INFO - 2025-01-09 15:19:17 --> Helper loaded: param_helper
INFO - 2025-01-09 15:19:17 --> Helper loaded: credential_helper
INFO - 2025-01-09 15:19:17 --> Helper loaded: template_helper
INFO - 2025-01-09 15:19:17 --> Helper loaded: rest_helper
INFO - 2025-01-09 15:19:17 --> Database Driver Class Initialized
DEBUG - 2025-01-09 15:19:17 --> Idgenerator class already loaded. Second attempt ignored.
INFO - 2025-01-09 15:19:17 --> Controller Class Initialized
INFO - 2025-01-09 15:19:17 --> Final output sent to browser
DEBUG - 2025-01-09 15:19:17 --> Total execution time: 0.0144
INFO - 2025-01-09 15:19:17 --> Config Class Initialized
INFO - 2025-01-09 15:19:17 --> Hooks Class Initialized
DEBUG - 2025-01-09 15:19:17 --> UTF-8 Support Enabled
INFO - 2025-01-09 15:19:17 --> Utf8 Class Initialized
INFO - 2025-01-09 15:19:17 --> URI Class Initialized
INFO - 2025-01-09 15:19:17 --> Router Class Initialized
INFO - 2025-01-09 15:19:17 --> Output Class Initialized
INFO - 2025-01-09 15:19:17 --> Security Class Initialized
DEBUG - 2025-01-09 15:19:17 --> Global POST, GET and COOKIE data sanitized
INFO - 2025-01-09 15:19:17 --> Input Class Initialized
INFO - 2025-01-09 15:19:17 --> Language Class Initialized
INFO - 2025-01-09 15:19:17 --> Language Class Initialized
INFO - 2025-01-09 15:19:17 --> Config Class Initialized
INFO - 2025-01-09 15:19:17 --> Loader Class Initialized
INFO - 2025-01-09 15:19:17 --> Helper loaded: url_helper
INFO - 2025-01-09 15:19:17 --> Helper loaded: easyui_helper
INFO - 2025-01-09 15:19:17 --> Helper loaded: param_helper
INFO - 2025-01-09 15:19:17 --> Helper loaded: credential_helper
INFO - 2025-01-09 15:19:17 --> Helper loaded: template_helper
INFO - 2025-01-09 15:19:17 --> Helper loaded: rest_helper
INFO - 2025-01-09 15:19:17 --> Database Driver Class Initialized
DEBUG - 2025-01-09 15:19:17 --> Idgenerator class already loaded. Second attempt ignored.
INFO - 2025-01-09 15:19:17 --> Controller Class Initialized
INFO - 2025-01-09 15:19:17 --> Model Class Initialized
DEBUG - 2025-01-09 15:19:17 --> File loaded: /apps/web-drc/application/modules/app_dashboard/models/App_dashboard_model.php
INFO - 2025-01-09 15:19:17 --> Model Class Initialized
DEBUG - 2025-01-09 15:19:17 --> File loaded: /apps/web-drc/application/modules/app_dashboard/views/content.php
DEBUG - 2025-01-09 15:19:17 --> File loaded: /apps/web-drc/application/views/templates/header.php
DEBUG - 2025-01-09 15:19:17 --> File loaded: /apps/web-drc/application/views/templates/toolbar.php
DEBUG - 2025-01-09 15:19:17 --> File loaded: /apps/web-drc/application/views/templates/sidebar.php
DEBUG - 2025-01-09 15:19:17 --> File loaded: /apps/web-drc/application/views/templates/contents.php
DEBUG - 2025-01-09 15:19:17 --> File loaded: /apps/web-drc/application/views/templates/content_footer.php
DEBUG - 2025-01-09 15:19:17 --> File loaded: /apps/web-drc/application/views/templates/footer.php
DEBUG - 2025-01-09 15:19:17 --> File loaded: /apps/web-drc/application/views/templates/default.php
INFO - 2025-01-09 15:19:17 --> Final output sent to browser
DEBUG - 2025-01-09 15:19:17 --> Total execution time: 0.0153
INFO - 2025-01-09 15:19:18 --> Config Class Initialized
INFO - 2025-01-09 15:19:18 --> Hooks Class Initialized
DEBUG - 2025-01-09 15:19:18 --> UTF-8 Support Enabled
INFO - 2025-01-09 15:19:18 --> Utf8 Class Initialized
INFO - 2025-01-09 15:19:18 --> URI Class Initialized
INFO - 2025-01-09 15:19:18 --> Router Class Initialized
INFO - 2025-01-09 15:19:18 --> Output Class Initialized
INFO - 2025-01-09 15:19:18 --> Security Class Initialized
DEBUG - 2025-01-09 15:19:18 --> Global POST, GET and COOKIE data sanitized
INFO - 2025-01-09 15:19:18 --> Input Class Initialized
INFO - 2025-01-09 15:19:18 --> Language Class Initialized
INFO - 2025-01-09 15:19:18 --> Language Class Initialized
INFO - 2025-01-09 15:19:18 --> Config Class Initialized
INFO - 2025-01-09 15:19:18 --> Loader Class Initialized
INFO - 2025-01-09 15:19:18 --> Helper loaded: url_helper
INFO - 2025-01-09 15:19:18 --> Helper loaded: easyui_helper
INFO - 2025-01-09 15:19:18 --> Helper loaded: param_helper
INFO - 2025-01-09 15:19:18 --> Helper loaded: credential_helper
INFO - 2025-01-09 15:19:18 --> Helper loaded: template_helper
INFO - 2025-01-09 15:19:18 --> Helper loaded: rest_helper
INFO - 2025-01-09 15:19:18 --> Database Driver Class Initialized
DEBUG - 2025-01-09 15:19:18 --> Idgenerator class already loaded. Second attempt ignored.
INFO - 2025-01-09 15:19:18 --> Controller Class Initialized
INFO - 2025-01-09 15:19:18 --> Model Class Initialized
DEBUG - 2025-01-09 15:19:18 --> File loaded: /apps/web-drc/application/modules/app_dashboard/models/App_dashboard_model.php
INFO - 2025-01-09 15:19:18 --> Model Class Initialized
INFO - 2025-01-09 15:19:18 --> Final output sent to browser
DEBUG - 2025-01-09 15:19:18 --> Total execution time: 0.0211
INFO - 2025-01-09 15:19:18 --> Config Class Initialized
INFO - 2025-01-09 15:19:18 --> Hooks Class Initialized
DEBUG - 2025-01-09 15:19:18 --> UTF-8 Support Enabled
INFO - 2025-01-09 15:19:18 --> Utf8 Class Initialized
INFO - 2025-01-09 15:19:18 --> URI Class Initialized
INFO - 2025-01-09 15:19:18 --> Router Class Initialized
INFO - 2025-01-09 15:19:18 --> Output Class Initialized
INFO - 2025-01-09 15:19:18 --> Security Class Initialized
DEBUG - 2025-01-09 15:19:18 --> Global POST, GET and COOKIE data sanitized
INFO - 2025-01-09 15:19:18 --> Input Class Initialized
INFO - 2025-01-09 15:19:18 --> Language Class Initialized
INFO - 2025-01-09 15:19:18 --> Language Class Initialized
INFO - 2025-01-09 15:19:18 --> Config Class Initialized
INFO - 2025-01-09 15:19:18 --> Loader Class Initialized
INFO - 2025-01-09 15:19:18 --> Helper loaded: url_helper
INFO - 2025-01-09 15:19:18 --> Helper loaded: easyui_helper
INFO - 2025-01-09 15:19:18 --> Helper loaded: param_helper
INFO - 2025-01-09 15:19:18 --> Helper loaded: credential_helper
INFO - 2025-01-09 15:19:18 --> Helper loaded: template_helper
INFO - 2025-01-09 15:19:18 --> Helper loaded: rest_helper
INFO - 2025-01-09 15:19:18 --> Database Driver Class Initialized
DEBUG - 2025-01-09 15:19:18 --> Idgenerator class already loaded. Second attempt ignored.
INFO - 2025-01-09 15:19:18 --> Controller Class Initialized
INFO - 2025-01-09 15:19:18 --> Model Class Initialized
DEBUG - 2025-01-09 15:19:18 --> File loaded: /apps/web-drc/application/modules/api_v1/models/Api_v1_model.php
INFO - 2025-01-09 15:19:18 --> Model Class Initialized
INFO - 2025-01-09 15:19:18 --> Final output sent to browser
DEBUG - 2025-01-09 15:19:18 --> Total execution time: 0.0055
INFO - 2025-01-09 15:19:22 --> Config Class Initialized
INFO - 2025-01-09 15:19:22 --> Hooks Class Initialized
DEBUG - 2025-01-09 15:19:22 --> UTF-8 Support Enabled
INFO - 2025-01-09 15:19:22 --> Utf8 Class Initialized
INFO - 2025-01-09 15:19:22 --> URI Class Initialized
INFO - 2025-01-09 15:19:22 --> Router Class Initialized
INFO - 2025-01-09 15:19:22 --> Output Class Initialized
INFO - 2025-01-09 15:19:22 --> Security Class Initialized
DEBUG - 2025-01-09 15:19:22 --> Global POST, GET and COOKIE data sanitized
INFO - 2025-01-09 15:19:22 --> Input Class Initialized
INFO - 2025-01-09 15:19:22 --> Language Class Initialized
INFO - 2025-01-09 15:19:22 --> Language Class Initialized
INFO - 2025-01-09 15:19:22 --> Config Class Initialized
INFO - 2025-01-09 15:19:22 --> Loader Class Initialized
INFO - 2025-01-09 15:19:22 --> Helper loaded: url_helper
INFO - 2025-01-09 15:19:22 --> Helper loaded: easyui_helper
INFO - 2025-01-09 15:19:22 --> Helper loaded: param_helper
INFO - 2025-01-09 15:19:22 --> Helper loaded: credential_helper
INFO - 2025-01-09 15:19:22 --> Helper loaded: template_helper
INFO - 2025-01-09 15:19:22 --> Helper loaded: rest_helper
INFO - 2025-01-09 15:19:22 --> Database Driver Class Initialized
DEBUG - 2025-01-09 15:19:22 --> Idgenerator class already loaded. Second attempt ignored.
INFO - 2025-01-09 15:19:22 --> Controller Class Initialized
INFO - 2025-01-09 15:19:22 --> Model Class Initialized
DEBUG - 2025-01-09 15:19:22 --> File loaded: /apps/web-drc/application/modules/ref_sales_salesman/models/Sales_salesman_model.php
INFO - 2025-01-09 15:19:22 --> Model Class Initialized
DEBUG - 2025-01-09 15:19:22 --> File loaded: /apps/web-drc/application/modules/ref_sales_salesman/views/content.php
DEBUG - 2025-01-09 15:19:22 --> File loaded: /apps/web-drc/application/views/templates/header.php
DEBUG - 2025-01-09 15:19:22 --> File loaded: /apps/web-drc/application/views/templates/toolbar.php
DEBUG - 2025-01-09 15:19:22 --> File loaded: /apps/web-drc/application/views/templates/sidebar.php
DEBUG - 2025-01-09 15:19:22 --> File loaded: /apps/web-drc/application/views/templates/contents.php
DEBUG - 2025-01-09 15:19:22 --> File loaded: /apps/web-drc/application/views/templates/content_footer.php
DEBUG - 2025-01-09 15:19:22 --> File loaded: /apps/web-drc/application/views/templates/footer.php
DEBUG - 2025-01-09 15:19:22 --> File loaded: /apps/web-drc/application/views/templates/default.php
INFO - 2025-01-09 15:19:22 --> Final output sent to browser
DEBUG - 2025-01-09 15:19:22 --> Total execution time: 0.0157
INFO - 2025-01-09 15:19:22 --> Config Class Initialized
INFO - 2025-01-09 15:19:22 --> Hooks Class Initialized
DEBUG - 2025-01-09 15:19:22 --> UTF-8 Support Enabled
INFO - 2025-01-09 15:19:22 --> Utf8 Class Initialized
INFO - 2025-01-09 15:19:22 --> URI Class Initialized
INFO - 2025-01-09 15:19:22 --> Router Class Initialized
INFO - 2025-01-09 15:19:22 --> Output Class Initialized
INFO - 2025-01-09 15:19:22 --> Security Class Initialized
DEBUG - 2025-01-09 15:19:22 --> Global POST, GET and COOKIE data sanitized
INFO - 2025-01-09 15:19:22 --> Input Class Initialized
INFO - 2025-01-09 15:19:22 --> Language Class Initialized
INFO - 2025-01-09 15:19:22 --> Language Class Initialized
INFO - 2025-01-09 15:19:22 --> Config Class Initialized
INFO - 2025-01-09 15:19:22 --> Loader Class Initialized
INFO - 2025-01-09 15:19:22 --> Helper loaded: url_helper
INFO - 2025-01-09 15:19:22 --> Helper loaded: easyui_helper
INFO - 2025-01-09 15:19:22 --> Helper loaded: param_helper
INFO - 2025-01-09 15:19:22 --> Helper loaded: credential_helper
INFO - 2025-01-09 15:19:22 --> Helper loaded: template_helper
INFO - 2025-01-09 15:19:22 --> Helper loaded: rest_helper
INFO - 2025-01-09 15:19:22 --> Database Driver Class Initialized
DEBUG - 2025-01-09 15:19:22 --> Idgenerator class already loaded. Second attempt ignored.
INFO - 2025-01-09 15:19:22 --> Controller Class Initialized
INFO - 2025-01-09 15:19:22 --> Model Class Initialized
DEBUG - 2025-01-09 15:19:22 --> File loaded: /apps/web-drc/application/modules/ref_sales_salesman/models/Sales_salesman_model.php
INFO - 2025-01-09 15:19:22 --> Model Class Initialized
INFO - 2025-01-09 15:19:22 --> Final output sent to browser
DEBUG - 2025-01-09 15:19:22 --> Total execution time: 0.0183
INFO - 2025-01-09 15:19:25 --> Config Class Initialized
INFO - 2025-01-09 15:19:25 --> Hooks Class Initialized
DEBUG - 2025-01-09 15:19:25 --> UTF-8 Support Enabled
INFO - 2025-01-09 15:19:25 --> Utf8 Class Initialized
INFO - 2025-01-09 15:19:25 --> URI Class Initialized
INFO - 2025-01-09 15:19:25 --> Router Class Initialized
INFO - 2025-01-09 15:19:25 --> Output Class Initialized
INFO - 2025-01-09 15:19:25 --> Security Class Initialized
DEBUG - 2025-01-09 15:19:25 --> Global POST, GET and COOKIE data sanitized
INFO - 2025-01-09 15:19:25 --> Input Class Initialized
INFO - 2025-01-09 15:19:25 --> Language Class Initialized
INFO - 2025-01-09 15:19:25 --> Language Class Initialized
INFO - 2025-01-09 15:19:25 --> Config Class Initialized
INFO - 2025-01-09 15:19:25 --> Loader Class Initialized
INFO - 2025-01-09 15:19:25 --> Helper loaded: url_helper
INFO - 2025-01-09 15:19:25 --> Helper loaded: easyui_helper
INFO - 2025-01-09 15:19:25 --> Helper loaded: param_helper
INFO - 2025-01-09 15:19:25 --> Helper loaded: credential_helper
INFO - 2025-01-09 15:19:25 --> Helper loaded: template_helper
INFO - 2025-01-09 15:19:25 --> Helper loaded: rest_helper
INFO - 2025-01-09 15:19:25 --> Database Driver Class Initialized
DEBUG - 2025-01-09 15:19:25 --> Idgenerator class already loaded. Second attempt ignored.
INFO - 2025-01-09 15:19:25 --> Controller Class Initialized
INFO - 2025-01-09 15:19:25 --> Model Class Initialized
DEBUG - 2025-01-09 15:19:25 --> File loaded: /apps/web-drc/application/modules/ref_sales_salesman/models/Sales_salesman_model.php
INFO - 2025-01-09 15:19:25 --> Model Class Initialized
INFO - 2025-01-09 15:19:25 --> Final output sent to browser
DEBUG - 2025-01-09 15:19:25 --> Total execution time: 0.0106
INFO - 2025-01-09 15:19:26 --> Config Class Initialized
INFO - 2025-01-09 15:19:26 --> Hooks Class Initialized
DEBUG - 2025-01-09 15:19:26 --> UTF-8 Support Enabled
INFO - 2025-01-09 15:19:26 --> Utf8 Class Initialized
INFO - 2025-01-09 15:19:26 --> URI Class Initialized
INFO - 2025-01-09 15:19:26 --> Router Class Initialized
INFO - 2025-01-09 15:19:26 --> Output Class Initialized
INFO - 2025-01-09 15:19:26 --> Security Class Initialized
DEBUG - 2025-01-09 15:19:26 --> Global POST, GET and COOKIE data sanitized
INFO - 2025-01-09 15:19:26 --> Input Class Initialized
INFO - 2025-01-09 15:19:26 --> Language Class Initialized
INFO - 2025-01-09 15:19:26 --> Language Class Initialized
INFO - 2025-01-09 15:19:26 --> Config Class Initialized
INFO - 2025-01-09 15:19:26 --> Loader Class Initialized
INFO - 2025-01-09 15:19:26 --> Helper loaded: url_helper
INFO - 2025-01-09 15:19:26 --> Helper loaded: easyui_helper
INFO - 2025-01-09 15:19:26 --> Helper loaded: param_helper
INFO - 2025-01-09 15:19:26 --> Helper loaded: credential_helper
INFO - 2025-01-09 15:19:26 --> Helper loaded: template_helper
INFO - 2025-01-09 15:19:26 --> Helper loaded: rest_helper
INFO - 2025-01-09 15:19:26 --> Database Driver Class Initialized
DEBUG - 2025-01-09 15:19:26 --> Idgenerator class already loaded. Second attempt ignored.
INFO - 2025-01-09 15:19:26 --> Controller Class Initialized
INFO - 2025-01-09 15:19:26 --> Model Class Initialized
DEBUG - 2025-01-09 15:19:26 --> File loaded: /apps/web-drc/application/modules/ref_sales_salesman/models/Sales_salesman_model.php
INFO - 2025-01-09 15:19:26 --> Model Class Initialized
INFO - 2025-01-09 15:19:26 --> Final output sent to browser
DEBUG - 2025-01-09 15:19:26 --> Total execution time: 0.0067
INFO - 2025-01-09 15:19:27 --> Config Class Initialized
INFO - 2025-01-09 15:19:27 --> Hooks Class Initialized
DEBUG - 2025-01-09 15:19:27 --> UTF-8 Support Enabled
INFO - 2025-01-09 15:19:27 --> Utf8 Class Initialized
INFO - 2025-01-09 15:19:27 --> URI Class Initialized
INFO - 2025-01-09 15:19:27 --> Router Class Initialized
INFO - 2025-01-09 15:19:27 --> Output Class Initialized
INFO - 2025-01-09 15:19:27 --> Security Class Initialized
DEBUG - 2025-01-09 15:19:27 --> Global POST, GET and COOKIE data sanitized
INFO - 2025-01-09 15:19:27 --> Input Class Initialized
INFO - 2025-01-09 15:19:27 --> Language Class Initialized
INFO - 2025-01-09 15:19:27 --> Language Class Initialized
INFO - 2025-01-09 15:19:27 --> Config Class Initialized
INFO - 2025-01-09 15:19:27 --> Loader Class Initialized
INFO - 2025-01-09 15:19:27 --> Helper loaded: url_helper
INFO - 2025-01-09 15:19:27 --> Helper loaded: easyui_helper
INFO - 2025-01-09 15:19:27 --> Helper loaded: param_helper
INFO - 2025-01-09 15:19:27 --> Helper loaded: credential_helper
INFO - 2025-01-09 15:19:27 --> Helper loaded: template_helper
INFO - 2025-01-09 15:19:27 --> Helper loaded: rest_helper
INFO - 2025-01-09 15:19:27 --> Database Driver Class Initialized
DEBUG - 2025-01-09 15:19:27 --> Idgenerator class already loaded. Second attempt ignored.
INFO - 2025-01-09 15:19:27 --> Controller Class Initialized
INFO - 2025-01-09 15:19:27 --> Model Class Initialized
DEBUG - 2025-01-09 15:19:27 --> File loaded: /apps/web-drc/application/modules/ref_sales_salesman/models/Sales_salesman_model.php
INFO - 2025-01-09 15:19:27 --> Model Class Initialized
INFO - 2025-01-09 15:19:27 --> Final output sent to browser
DEBUG - 2025-01-09 15:19:27 --> Total execution time: 0.0060
INFO - 2025-01-09 15:19:38 --> Config Class Initialized
INFO - 2025-01-09 15:19:38 --> Hooks Class Initialized
DEBUG - 2025-01-09 15:19:38 --> UTF-8 Support Enabled
INFO - 2025-01-09 15:19:38 --> Utf8 Class Initialized
INFO - 2025-01-09 15:19:38 --> URI Class Initialized
INFO - 2025-01-09 15:19:38 --> Router Class Initialized
INFO - 2025-01-09 15:19:38 --> Output Class Initialized
INFO - 2025-01-09 15:19:38 --> Security Class Initialized
DEBUG - 2025-01-09 15:19:38 --> Global POST, GET and COOKIE data sanitized
INFO - 2025-01-09 15:19:38 --> Input Class Initialized
INFO - 2025-01-09 15:19:38 --> Language Class Initialized
INFO - 2025-01-09 15:19:38 --> Language Class Initialized
INFO - 2025-01-09 15:19:38 --> Config Class Initialized
INFO - 2025-01-09 15:19:38 --> Loader Class Initialized
INFO - 2025-01-09 15:19:38 --> Helper loaded: url_helper
INFO - 2025-01-09 15:19:38 --> Helper loaded: easyui_helper
INFO - 2025-01-09 15:19:38 --> Helper loaded: param_helper
INFO - 2025-01-09 15:19:38 --> Helper loaded: credential_helper
INFO - 2025-01-09 15:19:38 --> Helper loaded: template_helper
INFO - 2025-01-09 15:19:38 --> Helper loaded: rest_helper
INFO - 2025-01-09 15:19:38 --> Database Driver Class Initialized
DEBUG - 2025-01-09 15:19:38 --> Idgenerator class already loaded. Second attempt ignored.
INFO - 2025-01-09 15:19:38 --> Controller Class Initialized
INFO - 2025-01-09 15:19:38 --> Model Class Initialized
DEBUG - 2025-01-09 15:19:38 --> File loaded: /apps/web-drc/application/modules/ref_sales_salesman/models/Sales_salesman_model.php
INFO - 2025-01-09 15:19:38 --> Model Class Initialized
DEBUG - 2025-01-09 15:19:38 --> File loaded: /apps/web-drc/application/modules/ref_sales_salesman/views/form.php
DEBUG - 2025-01-09 15:19:38 --> File loaded: /apps/web-drc/application/views/templates/header.php
DEBUG - 2025-01-09 15:19:38 --> File loaded: /apps/web-drc/application/views/templates/toolbar.php
DEBUG - 2025-01-09 15:19:38 --> File loaded: /apps/web-drc/application/views/templates/sidebar.php
DEBUG - 2025-01-09 15:19:38 --> File loaded: /apps/web-drc/application/views/templates/contents.php
DEBUG - 2025-01-09 15:19:38 --> File loaded: /apps/web-drc/application/views/templates/content_footer.php
DEBUG - 2025-01-09 15:19:38 --> File loaded: /apps/web-drc/application/views/templates/footer.php
DEBUG - 2025-01-09 15:19:38 --> File loaded: /apps/web-drc/application/views/templates/default.php
INFO - 2025-01-09 15:19:38 --> Final output sent to browser
DEBUG - 2025-01-09 15:19:38 --> Total execution time: 0.0161
INFO - 2025-01-09 15:19:39 --> Config Class Initialized
INFO - 2025-01-09 15:19:39 --> Hooks Class Initialized
DEBUG - 2025-01-09 15:19:39 --> UTF-8 Support Enabled
INFO - 2025-01-09 15:19:39 --> Utf8 Class Initialized
INFO - 2025-01-09 15:19:39 --> URI Class Initialized
INFO - 2025-01-09 15:19:39 --> Router Class Initialized
INFO - 2025-01-09 15:19:39 --> Output Class Initialized
INFO - 2025-01-09 15:19:39 --> Security Class Initialized
DEBUG - 2025-01-09 15:19:39 --> Global POST, GET and COOKIE data sanitized
INFO - 2025-01-09 15:19:39 --> Input Class Initialized
INFO - 2025-01-09 15:19:39 --> Language Class Initialized
INFO - 2025-01-09 15:19:39 --> Language Class Initialized
INFO - 2025-01-09 15:19:39 --> Config Class Initialized
INFO - 2025-01-09 15:19:39 --> Loader Class Initialized
INFO - 2025-01-09 15:19:39 --> Helper loaded: url_helper
INFO - 2025-01-09 15:19:39 --> Helper loaded: easyui_helper
INFO - 2025-01-09 15:19:39 --> Helper loaded: param_helper
INFO - 2025-01-09 15:19:39 --> Helper loaded: credential_helper
INFO - 2025-01-09 15:19:39 --> Helper loaded: template_helper
INFO - 2025-01-09 15:19:39 --> Helper loaded: rest_helper
INFO - 2025-01-09 15:19:39 --> Database Driver Class Initialized
DEBUG - 2025-01-09 15:19:39 --> Idgenerator class already loaded. Second attempt ignored.
INFO - 2025-01-09 15:19:39 --> Controller Class Initialized
INFO - 2025-01-09 15:19:39 --> Model Class Initialized
DEBUG - 2025-01-09 15:19:39 --> File loaded: /apps/web-drc/application/modules/api_v1/models/Api_v1_model.php
INFO - 2025-01-09 15:19:39 --> Model Class Initialized
INFO - 2025-01-09 15:19:39 --> Final output sent to browser
DEBUG - 2025-01-09 15:19:39 --> Total execution time: 0.0134
INFO - 2025-01-09 15:19:39 --> Config Class Initialized
INFO - 2025-01-09 15:19:39 --> Hooks Class Initialized
DEBUG - 2025-01-09 15:19:39 --> UTF-8 Support Enabled
INFO - 2025-01-09 15:19:39 --> Utf8 Class Initialized
INFO - 2025-01-09 15:19:39 --> URI Class Initialized
INFO - 2025-01-09 15:19:39 --> Router Class Initialized
INFO - 2025-01-09 15:19:39 --> Output Class Initialized
INFO - 2025-01-09 15:19:39 --> Security Class Initialized
DEBUG - 2025-01-09 15:19:39 --> Global POST, GET and COOKIE data sanitized
INFO - 2025-01-09 15:19:39 --> Input Class Initialized
INFO - 2025-01-09 15:19:39 --> Language Class Initialized
INFO - 2025-01-09 15:19:39 --> Language Class Initialized
INFO - 2025-01-09 15:19:39 --> Config Class Initialized
INFO - 2025-01-09 15:19:39 --> Loader Class Initialized
INFO - 2025-01-09 15:19:39 --> Helper loaded: url_helper
INFO - 2025-01-09 15:19:39 --> Helper loaded: easyui_helper
INFO - 2025-01-09 15:19:39 --> Helper loaded: param_helper
INFO - 2025-01-09 15:19:39 --> Helper loaded: credential_helper
INFO - 2025-01-09 15:19:39 --> Helper loaded: template_helper
INFO - 2025-01-09 15:19:39 --> Helper loaded: rest_helper
INFO - 2025-01-09 15:19:39 --> Database Driver Class Initialized
DEBUG - 2025-01-09 15:19:39 --> Idgenerator class already loaded. Second attempt ignored.
INFO - 2025-01-09 15:19:39 --> Controller Class Initialized
INFO - 2025-01-09 15:19:39 --> Model Class Initialized
DEBUG - 2025-01-09 15:19:39 --> File loaded: /apps/web-drc/application/modules/api_v1/models/Api_v1_model.php
INFO - 2025-01-09 15:19:39 --> Model Class Initialized
INFO - 2025-01-09 15:19:39 --> Final output sent to browser
DEBUG - 2025-01-09 15:19:39 --> Total execution time: 0.0130
INFO - 2025-01-09 15:19:39 --> Config Class Initialized
INFO - 2025-01-09 15:19:39 --> Hooks Class Initialized
DEBUG - 2025-01-09 15:19:39 --> UTF-8 Support Enabled
INFO - 2025-01-09 15:19:39 --> Utf8 Class Initialized
INFO - 2025-01-09 15:19:39 --> URI Class Initialized
INFO - 2025-01-09 15:19:39 --> Router Class Initialized
INFO - 2025-01-09 15:19:39 --> Output Class Initialized
INFO - 2025-01-09 15:19:39 --> Security Class Initialized
DEBUG - 2025-01-09 15:19:39 --> Global POST, GET and COOKIE data sanitized
INFO - 2025-01-09 15:19:39 --> Input Class Initialized
INFO - 2025-01-09 15:19:39 --> Language Class Initialized
INFO - 2025-01-09 15:19:39 --> Language Class Initialized
INFO - 2025-01-09 15:19:39 --> Config Class Initialized
INFO - 2025-01-09 15:19:39 --> Loader Class Initialized
INFO - 2025-01-09 15:19:39 --> Helper loaded: url_helper
INFO - 2025-01-09 15:19:39 --> Helper loaded: easyui_helper
INFO - 2025-01-09 15:19:39 --> Helper loaded: param_helper
INFO - 2025-01-09 15:19:39 --> Helper loaded: credential_helper
INFO - 2025-01-09 15:19:39 --> Helper loaded: template_helper
INFO - 2025-01-09 15:19:39 --> Helper loaded: rest_helper
INFO - 2025-01-09 15:19:39 --> Database Driver Class Initialized
DEBUG - 2025-01-09 15:19:39 --> Idgenerator class already loaded. Second attempt ignored.
INFO - 2025-01-09 15:19:39 --> Controller Class Initialized
INFO - 2025-01-09 15:19:39 --> Model Class Initialized
DEBUG - 2025-01-09 15:19:39 --> File loaded: /apps/web-drc/application/modules/api_v1/models/Api_v1_model.php
INFO - 2025-01-09 15:19:39 --> Model Class Initialized
INFO - 2025-01-09 15:19:39 --> Final output sent to browser
DEBUG - 2025-01-09 15:19:39 --> Total execution time: 0.0075
INFO - 2025-01-09 15:19:39 --> Config Class Initialized
INFO - 2025-01-09 15:19:39 --> Hooks Class Initialized
DEBUG - 2025-01-09 15:19:39 --> UTF-8 Support Enabled
INFO - 2025-01-09 15:19:39 --> Utf8 Class Initialized
INFO - 2025-01-09 15:19:39 --> URI Class Initialized
INFO - 2025-01-09 15:19:39 --> Router Class Initialized
INFO - 2025-01-09 15:19:39 --> Output Class Initialized
INFO - 2025-01-09 15:19:39 --> Security Class Initialized
DEBUG - 2025-01-09 15:19:39 --> Global POST, GET and COOKIE data sanitized
INFO - 2025-01-09 15:19:39 --> Input Class Initialized
INFO - 2025-01-09 15:19:39 --> Language Class Initialized
INFO - 2025-01-09 15:19:39 --> Language Class Initialized
INFO - 2025-01-09 15:19:39 --> Config Class Initialized
INFO - 2025-01-09 15:19:39 --> Loader Class Initialized
INFO - 2025-01-09 15:19:39 --> Helper loaded: url_helper
INFO - 2025-01-09 15:19:39 --> Helper loaded: easyui_helper
INFO - 2025-01-09 15:19:39 --> Helper loaded: param_helper
INFO - 2025-01-09 15:19:39 --> Helper loaded: credential_helper
INFO - 2025-01-09 15:19:39 --> Helper loaded: template_helper
INFO - 2025-01-09 15:19:39 --> Helper loaded: rest_helper
INFO - 2025-01-09 15:19:39 --> Database Driver Class Initialized
DEBUG - 2025-01-09 15:19:39 --> Idgenerator class already loaded. Second attempt ignored.
INFO - 2025-01-09 15:19:39 --> Controller Class Initialized
INFO - 2025-01-09 15:19:39 --> Model Class Initialized
DEBUG - 2025-01-09 15:19:39 --> File loaded: /apps/web-drc/application/modules/api_v1/models/Api_v1_model.php
INFO - 2025-01-09 15:19:39 --> Model Class Initialized
INFO - 2025-01-09 15:19:39 --> Final output sent to browser
DEBUG - 2025-01-09 15:19:39 --> Total execution time: 0.0054
INFO - 2025-01-09 15:19:39 --> Config Class Initialized
INFO - 2025-01-09 15:19:39 --> Hooks Class Initialized
DEBUG - 2025-01-09 15:19:39 --> UTF-8 Support Enabled
INFO - 2025-01-09 15:19:39 --> Utf8 Class Initialized
INFO - 2025-01-09 15:19:39 --> URI Class Initialized
INFO - 2025-01-09 15:19:39 --> Router Class Initialized
INFO - 2025-01-09 15:19:39 --> Output Class Initialized
INFO - 2025-01-09 15:19:39 --> Security Class Initialized
DEBUG - 2025-01-09 15:19:39 --> Global POST, GET and COOKIE data sanitized
INFO - 2025-01-09 15:19:39 --> Input Class Initialized
INFO - 2025-01-09 15:19:39 --> Language Class Initialized
INFO - 2025-01-09 15:19:39 --> Language Class Initialized
INFO - 2025-01-09 15:19:39 --> Config Class Initialized
INFO - 2025-01-09 15:19:39 --> Loader Class Initialized
INFO - 2025-01-09 15:19:39 --> Helper loaded: url_helper
INFO - 2025-01-09 15:19:39 --> Helper loaded: easyui_helper
INFO - 2025-01-09 15:19:39 --> Helper loaded: param_helper
INFO - 2025-01-09 15:19:39 --> Helper loaded: credential_helper
INFO - 2025-01-09 15:19:39 --> Helper loaded: template_helper
INFO - 2025-01-09 15:19:39 --> Helper loaded: rest_helper
INFO - 2025-01-09 15:19:39 --> Database Driver Class Initialized
DEBUG - 2025-01-09 15:19:39 --> Idgenerator class already loaded. Second attempt ignored.
INFO - 2025-01-09 15:19:39 --> Controller Class Initialized
INFO - 2025-01-09 15:19:39 --> Model Class Initialized
DEBUG - 2025-01-09 15:19:39 --> File loaded: /apps/web-drc/application/modules/conf_setup_site/models/Setup_site_model.php
INFO - 2025-01-09 15:19:39 --> Model Class Initialized
INFO - 2025-01-09 15:19:39 --> Final output sent to browser
DEBUG - 2025-01-09 15:19:39 --> Total execution time: 0.0168
INFO - 2025-01-09 15:19:39 --> Config Class Initialized
INFO - 2025-01-09 15:19:39 --> Hooks Class Initialized
DEBUG - 2025-01-09 15:19:39 --> UTF-8 Support Enabled
INFO - 2025-01-09 15:19:39 --> Utf8 Class Initialized
INFO - 2025-01-09 15:19:39 --> URI Class Initialized
INFO - 2025-01-09 15:19:39 --> Router Class Initialized
INFO - 2025-01-09 15:19:39 --> Output Class Initialized
INFO - 2025-01-09 15:19:39 --> Security Class Initialized
DEBUG - 2025-01-09 15:19:39 --> Global POST, GET and COOKIE data sanitized
INFO - 2025-01-09 15:19:39 --> Input Class Initialized
INFO - 2025-01-09 15:19:39 --> Language Class Initialized
INFO - 2025-01-09 15:19:39 --> Language Class Initialized
INFO - 2025-01-09 15:19:39 --> Config Class Initialized
INFO - 2025-01-09 15:19:39 --> Loader Class Initialized
INFO - 2025-01-09 15:19:39 --> Helper loaded: url_helper
INFO - 2025-01-09 15:19:39 --> Helper loaded: easyui_helper
INFO - 2025-01-09 15:19:39 --> Helper loaded: param_helper
INFO - 2025-01-09 15:19:39 --> Helper loaded: credential_helper
INFO - 2025-01-09 15:19:39 --> Helper loaded: template_helper
INFO - 2025-01-09 15:19:39 --> Helper loaded: rest_helper
INFO - 2025-01-09 15:19:39 --> Database Driver Class Initialized
DEBUG - 2025-01-09 15:19:39 --> Idgenerator class already loaded. Second attempt ignored.
INFO - 2025-01-09 15:19:39 --> Controller Class Initialized
INFO - 2025-01-09 15:19:39 --> Model Class Initialized
DEBUG - 2025-01-09 15:19:39 --> File loaded: /apps/web-drc/application/modules/api_v1/models/Api_v1_model.php
INFO - 2025-01-09 15:19:39 --> Model Class Initialized
INFO - 2025-01-09 15:19:39 --> Final output sent to browser
DEBUG - 2025-01-09 15:19:39 --> Total execution time: 0.0071
INFO - 2025-01-09 15:19:39 --> Config Class Initialized
INFO - 2025-01-09 15:19:39 --> Hooks Class Initialized
DEBUG - 2025-01-09 15:19:39 --> UTF-8 Support Enabled
INFO - 2025-01-09 15:19:39 --> Utf8 Class Initialized
INFO - 2025-01-09 15:19:39 --> URI Class Initialized
INFO - 2025-01-09 15:19:39 --> Router Class Initialized
INFO - 2025-01-09 15:19:39 --> Output Class Initialized
INFO - 2025-01-09 15:19:39 --> Security Class Initialized
DEBUG - 2025-01-09 15:19:39 --> Global POST, GET and COOKIE data sanitized
INFO - 2025-01-09 15:19:39 --> Input Class Initialized
INFO - 2025-01-09 15:19:39 --> Language Class Initialized
INFO - 2025-01-09 15:19:39 --> Language Class Initialized
INFO - 2025-01-09 15:19:39 --> Config Class Initialized
INFO - 2025-01-09 15:19:39 --> Loader Class Initialized
INFO - 2025-01-09 15:19:39 --> Helper loaded: url_helper
INFO - 2025-01-09 15:19:39 --> Helper loaded: easyui_helper
INFO - 2025-01-09 15:19:39 --> Helper loaded: param_helper
INFO - 2025-01-09 15:19:39 --> Helper loaded: credential_helper
INFO - 2025-01-09 15:19:39 --> Helper loaded: template_helper
INFO - 2025-01-09 15:19:39 --> Helper loaded: rest_helper
INFO - 2025-01-09 15:19:39 --> Database Driver Class Initialized
DEBUG - 2025-01-09 15:19:39 --> Idgenerator class already loaded. Second attempt ignored.
INFO - 2025-01-09 15:19:39 --> Controller Class Initialized
INFO - 2025-01-09 15:19:39 --> Model Class Initialized
DEBUG - 2025-01-09 15:19:39 --> File loaded: /apps/web-drc/application/modules/api_v1/models/Api_v1_model.php
INFO - 2025-01-09 15:19:39 --> Model Class Initialized
INFO - 2025-01-09 15:19:39 --> Final output sent to browser
DEBUG - 2025-01-09 15:19:39 --> Total execution time: 0.0037
INFO - 2025-01-09 15:19:46 --> Config Class Initialized
INFO - 2025-01-09 15:19:46 --> Hooks Class Initialized
DEBUG - 2025-01-09 15:19:46 --> UTF-8 Support Enabled
INFO - 2025-01-09 15:19:46 --> Utf8 Class Initialized
INFO - 2025-01-09 15:19:46 --> URI Class Initialized
INFO - 2025-01-09 15:19:46 --> Router Class Initialized
INFO - 2025-01-09 15:19:46 --> Output Class Initialized
INFO - 2025-01-09 15:19:46 --> Security Class Initialized
DEBUG - 2025-01-09 15:19:46 --> Global POST, GET and COOKIE data sanitized
INFO - 2025-01-09 15:19:46 --> Input Class Initialized
INFO - 2025-01-09 15:19:46 --> Language Class Initialized
INFO - 2025-01-09 15:19:46 --> Language Class Initialized
INFO - 2025-01-09 15:19:46 --> Config Class Initialized
INFO - 2025-01-09 15:19:46 --> Loader Class Initialized
INFO - 2025-01-09 15:19:46 --> Helper loaded: url_helper
INFO - 2025-01-09 15:19:46 --> Helper loaded: easyui_helper
INFO - 2025-01-09 15:19:46 --> Helper loaded: param_helper
INFO - 2025-01-09 15:19:46 --> Helper loaded: credential_helper
INFO - 2025-01-09 15:19:46 --> Helper loaded: template_helper
INFO - 2025-01-09 15:19:46 --> Helper loaded: rest_helper
INFO - 2025-01-09 15:19:46 --> Database Driver Class Initialized
DEBUG - 2025-01-09 15:19:46 --> Idgenerator class already loaded. Second attempt ignored.
INFO - 2025-01-09 15:19:46 --> Controller Class Initialized
INFO - 2025-01-09 15:19:46 --> Model Class Initialized
DEBUG - 2025-01-09 15:19:46 --> File loaded: /apps/web-drc/application/modules/ref_sales_salesman/models/Sales_salesman_model.php
INFO - 2025-01-09 15:19:46 --> Model Class Initialized
INFO - 2025-01-09 15:19:46 --> Final output sent to browser
DEBUG - 2025-01-09 15:19:46 --> Total execution time: 0.0058
INFO - 2025-01-09 15:19:46 --> Config Class Initialized
INFO - 2025-01-09 15:19:46 --> Hooks Class Initialized
DEBUG - 2025-01-09 15:19:46 --> UTF-8 Support Enabled
INFO - 2025-01-09 15:19:46 --> Utf8 Class Initialized
INFO - 2025-01-09 15:19:46 --> URI Class Initialized
INFO - 2025-01-09 15:19:46 --> Router Class Initialized
INFO - 2025-01-09 15:19:46 --> Output Class Initialized
INFO - 2025-01-09 15:19:46 --> Security Class Initialized
DEBUG - 2025-01-09 15:19:46 --> Global POST, GET and COOKIE data sanitized
INFO - 2025-01-09 15:19:46 --> Input Class Initialized
INFO - 2025-01-09 15:19:46 --> Language Class Initialized
INFO - 2025-01-09 15:19:46 --> Language Class Initialized
INFO - 2025-01-09 15:19:46 --> Config Class Initialized
INFO - 2025-01-09 15:19:46 --> Loader Class Initialized
INFO - 2025-01-09 15:19:46 --> Helper loaded: url_helper
INFO - 2025-01-09 15:19:46 --> Helper loaded: easyui_helper
INFO - 2025-01-09 15:19:46 --> Helper loaded: param_helper
INFO - 2025-01-09 15:19:46 --> Helper loaded: credential_helper
INFO - 2025-01-09 15:19:46 --> Helper loaded: template_helper
INFO - 2025-01-09 15:19:46 --> Helper loaded: rest_helper
INFO - 2025-01-09 15:19:46 --> Database Driver Class Initialized
DEBUG - 2025-01-09 15:19:46 --> Idgenerator class already loaded. Second attempt ignored.
INFO - 2025-01-09 15:19:46 --> Controller Class Initialized
INFO - 2025-01-09 15:19:46 --> Model Class Initialized
DEBUG - 2025-01-09 15:19:46 --> File loaded: /apps/web-drc/application/modules/ref_sales_salesman/models/Sales_salesman_model.php
INFO - 2025-01-09 15:19:46 --> Model Class Initialized
INFO - 2025-01-09 15:19:46 --> Final output sent to browser
DEBUG - 2025-01-09 15:19:46 --> Total execution time: 0.0072
INFO - 2025-01-09 15:19:46 --> Config Class Initialized
INFO - 2025-01-09 15:19:46 --> Hooks Class Initialized
DEBUG - 2025-01-09 15:19:46 --> UTF-8 Support Enabled
INFO - 2025-01-09 15:19:46 --> Utf8 Class Initialized
INFO - 2025-01-09 15:19:46 --> URI Class Initialized
INFO - 2025-01-09 15:19:46 --> Router Class Initialized
INFO - 2025-01-09 15:19:46 --> Output Class Initialized
INFO - 2025-01-09 15:19:46 --> Security Class Initialized
DEBUG - 2025-01-09 15:19:46 --> Global POST, GET and COOKIE data sanitized
INFO - 2025-01-09 15:19:46 --> Input Class Initialized
INFO - 2025-01-09 15:19:46 --> Language Class Initialized
INFO - 2025-01-09 15:19:46 --> Language Class Initialized
INFO - 2025-01-09 15:19:46 --> Config Class Initialized
INFO - 2025-01-09 15:19:46 --> Loader Class Initialized
INFO - 2025-01-09 15:19:46 --> Helper loaded: url_helper
INFO - 2025-01-09 15:19:46 --> Helper loaded: easyui_helper
INFO - 2025-01-09 15:19:46 --> Helper loaded: param_helper
INFO - 2025-01-09 15:19:46 --> Helper loaded: credential_helper
INFO - 2025-01-09 15:19:46 --> Helper loaded: template_helper
INFO - 2025-01-09 15:19:46 --> Helper loaded: rest_helper
INFO - 2025-01-09 15:19:46 --> Database Driver Class Initialized
DEBUG - 2025-01-09 15:19:46 --> Idgenerator class already loaded. Second attempt ignored.
INFO - 2025-01-09 15:19:46 --> Controller Class Initialized
INFO - 2025-01-09 15:19:46 --> Model Class Initialized
DEBUG - 2025-01-09 15:19:46 --> File loaded: /apps/web-drc/application/modules/ref_sales_salesman/models/Sales_salesman_model.php
INFO - 2025-01-09 15:19:46 --> Model Class Initialized
DEBUG - 2025-01-09 15:19:46 --> File loaded: /apps/web-drc/application/modules/ref_sales_salesman/views/content.php
DEBUG - 2025-01-09 15:19:46 --> File loaded: /apps/web-drc/application/views/templates/header.php
DEBUG - 2025-01-09 15:19:46 --> File loaded: /apps/web-drc/application/views/templates/toolbar.php
DEBUG - 2025-01-09 15:19:46 --> File loaded: /apps/web-drc/application/views/templates/sidebar.php
DEBUG - 2025-01-09 15:19:46 --> File loaded: /apps/web-drc/application/views/templates/contents.php
DEBUG - 2025-01-09 15:19:46 --> File loaded: /apps/web-drc/application/views/templates/content_footer.php
DEBUG - 2025-01-09 15:19:46 --> File loaded: /apps/web-drc/application/views/templates/footer.php
DEBUG - 2025-01-09 15:19:46 --> File loaded: /apps/web-drc/application/views/templates/default.php
INFO - 2025-01-09 15:19:46 --> Final output sent to browser
DEBUG - 2025-01-09 15:19:46 --> Total execution time: 0.0151
INFO - 2025-01-09 15:19:47 --> Config Class Initialized
INFO - 2025-01-09 15:19:47 --> Hooks Class Initialized
DEBUG - 2025-01-09 15:19:47 --> UTF-8 Support Enabled
INFO - 2025-01-09 15:19:47 --> Utf8 Class Initialized
INFO - 2025-01-09 15:19:47 --> URI Class Initialized
INFO - 2025-01-09 15:19:47 --> Router Class Initialized
INFO - 2025-01-09 15:19:47 --> Output Class Initialized
INFO - 2025-01-09 15:19:47 --> Security Class Initialized
DEBUG - 2025-01-09 15:19:47 --> Global POST, GET and COOKIE data sanitized
INFO - 2025-01-09 15:19:47 --> Input Class Initialized
INFO - 2025-01-09 15:19:47 --> Language Class Initialized
INFO - 2025-01-09 15:19:47 --> Language Class Initialized
INFO - 2025-01-09 15:19:47 --> Config Class Initialized
INFO - 2025-01-09 15:19:47 --> Loader Class Initialized
INFO - 2025-01-09 15:19:47 --> Helper loaded: url_helper
INFO - 2025-01-09 15:19:47 --> Helper loaded: easyui_helper
INFO - 2025-01-09 15:19:47 --> Helper loaded: param_helper
INFO - 2025-01-09 15:19:47 --> Helper loaded: credential_helper
INFO - 2025-01-09 15:19:47 --> Helper loaded: template_helper
INFO - 2025-01-09 15:19:47 --> Helper loaded: rest_helper
INFO - 2025-01-09 15:19:47 --> Database Driver Class Initialized
DEBUG - 2025-01-09 15:19:47 --> Idgenerator class already loaded. Second attempt ignored.
INFO - 2025-01-09 15:19:47 --> Controller Class Initialized
INFO - 2025-01-09 15:19:47 --> Model Class Initialized
DEBUG - 2025-01-09 15:19:47 --> File loaded: /apps/web-drc/application/modules/ref_sales_salesman/models/Sales_salesman_model.php
INFO - 2025-01-09 15:19:47 --> Model Class Initialized
INFO - 2025-01-09 15:19:47 --> Final output sent to browser
DEBUG - 2025-01-09 15:19:47 --> Total execution time: 0.0106
INFO - 2025-01-09 19:39:38 --> Config Class Initialized
INFO - 2025-01-09 19:39:38 --> Hooks Class Initialized
DEBUG - 2025-01-09 19:39:38 --> UTF-8 Support Enabled
INFO - 2025-01-09 19:39:38 --> Utf8 Class Initialized
INFO - 2025-01-09 19:39:38 --> URI Class Initialized
INFO - 2025-01-09 19:39:38 --> Router Class Initialized
INFO - 2025-01-09 19:39:38 --> Output Class Initialized
INFO - 2025-01-09 19:39:38 --> Security Class Initialized
DEBUG - 2025-01-09 19:39:38 --> Global POST, GET and COOKIE data sanitized
INFO - 2025-01-09 19:39:38 --> Input Class Initialized
INFO - 2025-01-09 19:39:38 --> Language Class Initialized
INFO - 2025-01-09 19:39:38 --> Language Class Initialized
INFO - 2025-01-09 19:39:38 --> Config Class Initialized
INFO - 2025-01-09 19:39:38 --> Loader Class Initialized
INFO - 2025-01-09 19:39:38 --> Helper loaded: url_helper
INFO - 2025-01-09 19:39:38 --> Helper loaded: easyui_helper
INFO - 2025-01-09 19:39:38 --> Helper loaded: param_helper
INFO - 2025-01-09 19:39:38 --> Helper loaded: credential_helper
INFO - 2025-01-09 19:39:38 --> Helper loaded: template_helper
INFO - 2025-01-09 19:39:38 --> Helper loaded: rest_helper
INFO - 2025-01-09 19:39:38 --> Database Driver Class Initialized
DEBUG - 2025-01-09 19:39:38 --> Idgenerator class already loaded. Second attempt ignored.
INFO - 2025-01-09 19:39:38 --> Controller Class Initialized
INFO - 2025-01-09 19:39:38 --> Model Class Initialized
DEBUG - 2025-01-09 19:39:38 --> File loaded: /apps/web-drc/application/modules/app_dashboard/models/App_dashboard_model.php
INFO - 2025-01-09 19:39:38 --> Model Class Initialized
DEBUG - 2025-01-09 19:39:38 --> File loaded: /apps/web-drc/application/modules/app_dashboard/views/content.php
DEBUG - 2025-01-09 19:39:38 --> File loaded: /apps/web-drc/application/views/templates/header.php
DEBUG - 2025-01-09 19:39:38 --> File loaded: /apps/web-drc/application/views/templates/toolbar.php
DEBUG - 2025-01-09 19:39:38 --> File loaded: /apps/web-drc/application/views/templates/sidebar.php
DEBUG - 2025-01-09 19:39:38 --> File loaded: /apps/web-drc/application/views/templates/contents.php
DEBUG - 2025-01-09 19:39:38 --> File loaded: /apps/web-drc/application/views/templates/content_footer.php
DEBUG - 2025-01-09 19:39:38 --> File loaded: /apps/web-drc/application/views/templates/footer.php
INFO - 2025-01-09 19:39:38 --> Config Class Initialized
INFO - 2025-01-09 19:39:38 --> Hooks Class Initialized
DEBUG - 2025-01-09 19:39:38 --> UTF-8 Support Enabled
INFO - 2025-01-09 19:39:38 --> Utf8 Class Initialized
INFO - 2025-01-09 19:39:38 --> URI Class Initialized
DEBUG - 2025-01-09 19:39:38 --> No URI present. Default controller set.
INFO - 2025-01-09 19:39:38 --> Router Class Initialized
INFO - 2025-01-09 19:39:38 --> Output Class Initialized
INFO - 2025-01-09 19:39:38 --> Security Class Initialized
DEBUG - 2025-01-09 19:39:38 --> Global POST, GET and COOKIE data sanitized
INFO - 2025-01-09 19:39:38 --> Input Class Initialized
INFO - 2025-01-09 19:39:38 --> Language Class Initialized
INFO - 2025-01-09 19:39:38 --> Language Class Initialized
INFO - 2025-01-09 19:39:38 --> Config Class Initialized
INFO - 2025-01-09 19:39:38 --> Loader Class Initialized
INFO - 2025-01-09 19:39:38 --> Helper loaded: url_helper
INFO - 2025-01-09 19:39:38 --> Helper loaded: easyui_helper
INFO - 2025-01-09 19:39:38 --> Helper loaded: param_helper
INFO - 2025-01-09 19:39:38 --> Helper loaded: credential_helper
INFO - 2025-01-09 19:39:38 --> Helper loaded: template_helper
INFO - 2025-01-09 19:39:38 --> Helper loaded: rest_helper
INFO - 2025-01-09 19:39:38 --> Database Driver Class Initialized
DEBUG - 2025-01-09 19:39:38 --> Idgenerator class already loaded. Second attempt ignored.
INFO - 2025-01-09 19:39:38 --> Controller Class Initialized
DEBUG - 2025-01-09 19:39:38 --> File loaded: /apps/web-drc/application/modules/app_auth/views/login_lte_template.php
DEBUG - 2025-01-09 19:39:38 --> File loaded: /apps/web-drc/application/views/template_login_lte/header.php
DEBUG - 2025-01-09 19:39:38 --> File loaded: /apps/web-drc/application/views/template_login_lte/contents.php
DEBUG - 2025-01-09 19:39:38 --> File loaded: /apps/web-drc/application/views/template_login_lte/default.php
INFO - 2025-01-09 19:39:38 --> Final output sent to browser
DEBUG - 2025-01-09 19:39:38 --> Total execution time: 0.0076
INFO - 2025-01-09 19:39:41 --> Config Class Initialized
INFO - 2025-01-09 19:39:41 --> Hooks Class Initialized
DEBUG - 2025-01-09 19:39:41 --> UTF-8 Support Enabled
INFO - 2025-01-09 19:39:41 --> Utf8 Class Initialized
INFO - 2025-01-09 19:39:41 --> URI Class Initialized
INFO - 2025-01-09 19:39:41 --> Router Class Initialized
INFO - 2025-01-09 19:39:41 --> Output Class Initialized
INFO - 2025-01-09 19:39:41 --> Security Class Initialized
DEBUG - 2025-01-09 19:39:41 --> Global POST, GET and COOKIE data sanitized
INFO - 2025-01-09 19:39:41 --> Input Class Initialized
INFO - 2025-01-09 19:39:41 --> Language Class Initialized
INFO - 2025-01-09 19:39:41 --> Language Class Initialized
INFO - 2025-01-09 19:39:41 --> Config Class Initialized
INFO - 2025-01-09 19:39:41 --> Loader Class Initialized
INFO - 2025-01-09 19:39:41 --> Helper loaded: url_helper
INFO - 2025-01-09 19:39:41 --> Helper loaded: easyui_helper
INFO - 2025-01-09 19:39:41 --> Helper loaded: param_helper
INFO - 2025-01-09 19:39:41 --> Helper loaded: credential_helper
INFO - 2025-01-09 19:39:41 --> Helper loaded: template_helper
INFO - 2025-01-09 19:39:41 --> Helper loaded: rest_helper
INFO - 2025-01-09 19:39:41 --> Database Driver Class Initialized
DEBUG - 2025-01-09 19:39:41 --> Idgenerator class already loaded. Second attempt ignored.
INFO - 2025-01-09 19:39:41 --> Controller Class Initialized
INFO - 2025-01-09 19:39:41 --> Final output sent to browser
DEBUG - 2025-01-09 19:39:41 --> Total execution time: 0.0271
INFO - 2025-01-09 19:39:41 --> Config Class Initialized
INFO - 2025-01-09 19:39:41 --> Hooks Class Initialized
DEBUG - 2025-01-09 19:39:41 --> UTF-8 Support Enabled
INFO - 2025-01-09 19:39:41 --> Utf8 Class Initialized
INFO - 2025-01-09 19:39:41 --> URI Class Initialized
INFO - 2025-01-09 19:39:41 --> Router Class Initialized
INFO - 2025-01-09 19:39:41 --> Output Class Initialized
INFO - 2025-01-09 19:39:41 --> Security Class Initialized
DEBUG - 2025-01-09 19:39:41 --> Global POST, GET and COOKIE data sanitized
INFO - 2025-01-09 19:39:41 --> Input Class Initialized
INFO - 2025-01-09 19:39:41 --> Language Class Initialized
INFO - 2025-01-09 19:39:41 --> Language Class Initialized
INFO - 2025-01-09 19:39:41 --> Config Class Initialized
INFO - 2025-01-09 19:39:41 --> Loader Class Initialized
INFO - 2025-01-09 19:39:41 --> Helper loaded: url_helper
INFO - 2025-01-09 19:39:41 --> Helper loaded: easyui_helper
INFO - 2025-01-09 19:39:41 --> Helper loaded: param_helper
INFO - 2025-01-09 19:39:41 --> Helper loaded: credential_helper
INFO - 2025-01-09 19:39:41 --> Helper loaded: template_helper
INFO - 2025-01-09 19:39:41 --> Helper loaded: rest_helper
INFO - 2025-01-09 19:39:41 --> Database Driver Class Initialized
DEBUG - 2025-01-09 19:39:41 --> Idgenerator class already loaded. Second attempt ignored.
INFO - 2025-01-09 19:39:41 --> Controller Class Initialized
INFO - 2025-01-09 19:39:41 --> Model Class Initialized
DEBUG - 2025-01-09 19:39:41 --> File loaded: /apps/web-drc/application/modules/app_dashboard/models/App_dashboard_model.php
INFO - 2025-01-09 19:39:41 --> Model Class Initialized
DEBUG - 2025-01-09 19:39:41 --> File loaded: /apps/web-drc/application/modules/app_dashboard/views/content.php
DEBUG - 2025-01-09 19:39:41 --> File loaded: /apps/web-drc/application/views/templates/header.php
DEBUG - 2025-01-09 19:39:41 --> File loaded: /apps/web-drc/application/views/templates/toolbar.php
DEBUG - 2025-01-09 19:39:41 --> File loaded: /apps/web-drc/application/views/templates/sidebar.php
DEBUG - 2025-01-09 19:39:41 --> File loaded: /apps/web-drc/application/views/templates/contents.php
DEBUG - 2025-01-09 19:39:41 --> File loaded: /apps/web-drc/application/views/templates/content_footer.php
DEBUG - 2025-01-09 19:39:41 --> File loaded: /apps/web-drc/application/views/templates/footer.php
DEBUG - 2025-01-09 19:39:41 --> File loaded: /apps/web-drc/application/views/templates/default.php
INFO - 2025-01-09 19:39:41 --> Final output sent to browser
DEBUG - 2025-01-09 19:39:41 --> Total execution time: 0.0175
INFO - 2025-01-09 19:39:42 --> Config Class Initialized
INFO - 2025-01-09 19:39:42 --> Hooks Class Initialized
DEBUG - 2025-01-09 19:39:42 --> UTF-8 Support Enabled
INFO - 2025-01-09 19:39:42 --> Utf8 Class Initialized
INFO - 2025-01-09 19:39:42 --> URI Class Initialized
INFO - 2025-01-09 19:39:42 --> Router Class Initialized
INFO - 2025-01-09 19:39:42 --> Output Class Initialized
INFO - 2025-01-09 19:39:42 --> Security Class Initialized
DEBUG - 2025-01-09 19:39:42 --> Global POST, GET and COOKIE data sanitized
INFO - 2025-01-09 19:39:42 --> Input Class Initialized
INFO - 2025-01-09 19:39:42 --> Language Class Initialized
INFO - 2025-01-09 19:39:42 --> Language Class Initialized
INFO - 2025-01-09 19:39:42 --> Config Class Initialized
INFO - 2025-01-09 19:39:42 --> Loader Class Initialized
INFO - 2025-01-09 19:39:42 --> Helper loaded: url_helper
INFO - 2025-01-09 19:39:42 --> Helper loaded: easyui_helper
INFO - 2025-01-09 19:39:42 --> Helper loaded: param_helper
INFO - 2025-01-09 19:39:42 --> Helper loaded: credential_helper
INFO - 2025-01-09 19:39:42 --> Helper loaded: template_helper
INFO - 2025-01-09 19:39:42 --> Helper loaded: rest_helper
INFO - 2025-01-09 19:39:42 --> Database Driver Class Initialized
DEBUG - 2025-01-09 19:39:42 --> Idgenerator class already loaded. Second attempt ignored.
INFO - 2025-01-09 19:39:42 --> Controller Class Initialized
INFO - 2025-01-09 19:39:42 --> Model Class Initialized
DEBUG - 2025-01-09 19:39:42 --> File loaded: /apps/web-drc/application/modules/app_dashboard/models/App_dashboard_model.php
INFO - 2025-01-09 19:39:42 --> Model Class Initialized
INFO - 2025-01-09 19:39:42 --> Final output sent to browser
DEBUG - 2025-01-09 19:39:42 --> Total execution time: 0.0246
INFO - 2025-01-09 19:39:42 --> Config Class Initialized
INFO - 2025-01-09 19:39:42 --> Hooks Class Initialized
DEBUG - 2025-01-09 19:39:42 --> UTF-8 Support Enabled
INFO - 2025-01-09 19:39:42 --> Utf8 Class Initialized
INFO - 2025-01-09 19:39:42 --> URI Class Initialized
INFO - 2025-01-09 19:39:42 --> Router Class Initialized
INFO - 2025-01-09 19:39:42 --> Output Class Initialized
INFO - 2025-01-09 19:39:42 --> Security Class Initialized
DEBUG - 2025-01-09 19:39:42 --> Global POST, GET and COOKIE data sanitized
INFO - 2025-01-09 19:39:42 --> Input Class Initialized
INFO - 2025-01-09 19:39:42 --> Language Class Initialized
INFO - 2025-01-09 19:39:42 --> Language Class Initialized
INFO - 2025-01-09 19:39:42 --> Config Class Initialized
INFO - 2025-01-09 19:39:42 --> Loader Class Initialized
INFO - 2025-01-09 19:39:42 --> Helper loaded: url_helper
INFO - 2025-01-09 19:39:42 --> Helper loaded: easyui_helper
INFO - 2025-01-09 19:39:42 --> Helper loaded: param_helper
INFO - 2025-01-09 19:39:42 --> Helper loaded: credential_helper
INFO - 2025-01-09 19:39:42 --> Helper loaded: template_helper
INFO - 2025-01-09 19:39:42 --> Helper loaded: rest_helper
INFO - 2025-01-09 19:39:42 --> Database Driver Class Initialized
DEBUG - 2025-01-09 19:39:42 --> Idgenerator class already loaded. Second attempt ignored.
INFO - 2025-01-09 19:39:42 --> Controller Class Initialized
INFO - 2025-01-09 19:39:42 --> Model Class Initialized
DEBUG - 2025-01-09 19:39:42 --> File loaded: /apps/web-drc/application/modules/api_v1/models/Api_v1_model.php
INFO - 2025-01-09 19:39:42 --> Model Class Initialized
INFO - 2025-01-09 19:39:42 --> Final output sent to browser
DEBUG - 2025-01-09 19:39:42 --> Total execution time: 0.0132
