INFO - 2025-02-25 10:24:40 --> Config Class Initialized
INFO - 2025-02-25 10:24:40 --> Hooks Class Initialized
DEBUG - 2025-02-25 10:24:40 --> UTF-8 Support Enabled
INFO - 2025-02-25 10:24:40 --> Utf8 Class Initialized
INFO - 2025-02-25 10:24:40 --> URI Class Initialized
INFO - 2025-02-25 10:24:40 --> Router Class Initialized
INFO - 2025-02-25 10:24:40 --> Output Class Initialized
INFO - 2025-02-25 10:24:40 --> Security Class Initialized
DEBUG - 2025-02-25 10:24:40 --> Global POST, GET and COOKIE data sanitized
INFO - 2025-02-25 10:24:40 --> Input Class Initialized
INFO - 2025-02-25 10:24:40 --> Language Class Initialized
INFO - 2025-02-25 10:24:40 --> Language Class Initialized
INFO - 2025-02-25 10:24:40 --> Config Class Initialized
INFO - 2025-02-25 10:24:40 --> Loader Class Initialized
INFO - 2025-02-25 10:24:40 --> Helper loaded: url_helper
INFO - 2025-02-25 10:24:40 --> Helper loaded: easyui_helper
INFO - 2025-02-25 10:24:40 --> Helper loaded: param_helper
INFO - 2025-02-25 10:24:40 --> Helper loaded: credential_helper
INFO - 2025-02-25 10:24:40 --> Helper loaded: template_helper
INFO - 2025-02-25 10:24:40 --> Helper loaded: rest_helper
INFO - 2025-02-25 10:24:40 --> Database Driver Class Initialized
DEBUG - 2025-02-25 10:24:40 --> Idgenerator class already loaded. Second attempt ignored.
INFO - 2025-02-25 10:24:40 --> Controller Class Initialized
INFO - 2025-02-25 10:24:40 --> Final output sent to browser
DEBUG - 2025-02-25 10:24:40 --> Total execution time: 0.0863
INFO - 2025-02-25 10:24:40 --> Config Class Initialized
INFO - 2025-02-25 10:24:40 --> Hooks Class Initialized
DEBUG - 2025-02-25 10:24:40 --> UTF-8 Support Enabled
INFO - 2025-02-25 10:24:40 --> Utf8 Class Initialized
INFO - 2025-02-25 10:24:40 --> URI Class Initialized
INFO - 2025-02-25 10:24:40 --> Router Class Initialized
INFO - 2025-02-25 10:24:40 --> Output Class Initialized
INFO - 2025-02-25 10:24:40 --> Security Class Initialized
DEBUG - 2025-02-25 10:24:40 --> Global POST, GET and COOKIE data sanitized
INFO - 2025-02-25 10:24:40 --> Input Class Initialized
INFO - 2025-02-25 10:24:40 --> Language Class Initialized
INFO - 2025-02-25 10:24:40 --> Language Class Initialized
INFO - 2025-02-25 10:24:40 --> Config Class Initialized
INFO - 2025-02-25 10:24:40 --> Loader Class Initialized
INFO - 2025-02-25 10:24:40 --> Helper loaded: url_helper
INFO - 2025-02-25 10:24:40 --> Helper loaded: easyui_helper
INFO - 2025-02-25 10:24:40 --> Helper loaded: param_helper
INFO - 2025-02-25 10:24:40 --> Helper loaded: credential_helper
INFO - 2025-02-25 10:24:40 --> Helper loaded: template_helper
INFO - 2025-02-25 10:24:40 --> Helper loaded: rest_helper
INFO - 2025-02-25 10:24:40 --> Database Driver Class Initialized
DEBUG - 2025-02-25 10:24:40 --> Idgenerator class already loaded. Second attempt ignored.
INFO - 2025-02-25 10:24:40 --> Controller Class Initialized
INFO - 2025-02-25 10:24:40 --> Model Class Initialized
DEBUG - 2025-02-25 10:24:40 --> File loaded: /apps/web-drc/application/modules/app_dashboard/models/App_dashboard_model.php
INFO - 2025-02-25 10:24:40 --> Model Class Initialized
DEBUG - 2025-02-25 10:24:40 --> File loaded: /apps/web-drc/application/modules/app_dashboard/views/content.php
DEBUG - 2025-02-25 10:24:40 --> File loaded: /apps/web-drc/application/views/templates/header.php
DEBUG - 2025-02-25 10:24:40 --> File loaded: /apps/web-drc/application/views/templates/toolbar.php
DEBUG - 2025-02-25 10:24:40 --> File loaded: /apps/web-drc/application/views/templates/sidebar.php
DEBUG - 2025-02-25 10:24:40 --> File loaded: /apps/web-drc/application/views/templates/contents.php
DEBUG - 2025-02-25 10:24:40 --> File loaded: /apps/web-drc/application/views/templates/content_footer.php
DEBUG - 2025-02-25 10:24:40 --> File loaded: /apps/web-drc/application/views/templates/footer.php
DEBUG - 2025-02-25 10:24:40 --> File loaded: /apps/web-drc/application/views/templates/default.php
INFO - 2025-02-25 10:24:40 --> Final output sent to browser
DEBUG - 2025-02-25 10:24:40 --> Total execution time: 0.0299
INFO - 2025-02-25 10:24:40 --> Config Class Initialized
INFO - 2025-02-25 10:24:40 --> Hooks Class Initialized
DEBUG - 2025-02-25 10:24:40 --> UTF-8 Support Enabled
INFO - 2025-02-25 10:24:40 --> Utf8 Class Initialized
INFO - 2025-02-25 10:24:40 --> URI Class Initialized
INFO - 2025-02-25 10:24:40 --> Router Class Initialized
INFO - 2025-02-25 10:24:40 --> Output Class Initialized
INFO - 2025-02-25 10:24:40 --> Security Class Initialized
DEBUG - 2025-02-25 10:24:40 --> Global POST, GET and COOKIE data sanitized
INFO - 2025-02-25 10:24:40 --> Input Class Initialized
INFO - 2025-02-25 10:24:40 --> Language Class Initialized
INFO - 2025-02-25 10:24:40 --> Language Class Initialized
INFO - 2025-02-25 10:24:40 --> Config Class Initialized
INFO - 2025-02-25 10:24:40 --> Loader Class Initialized
INFO - 2025-02-25 10:24:40 --> Helper loaded: url_helper
INFO - 2025-02-25 10:24:40 --> Helper loaded: easyui_helper
INFO - 2025-02-25 10:24:40 --> Helper loaded: param_helper
INFO - 2025-02-25 10:24:40 --> Helper loaded: credential_helper
INFO - 2025-02-25 10:24:40 --> Helper loaded: template_helper
INFO - 2025-02-25 10:24:40 --> Helper loaded: rest_helper
INFO - 2025-02-25 10:24:40 --> Database Driver Class Initialized
DEBUG - 2025-02-25 10:24:40 --> Idgenerator class already loaded. Second attempt ignored.
INFO - 2025-02-25 10:24:40 --> Controller Class Initialized
INFO - 2025-02-25 10:24:40 --> Model Class Initialized
DEBUG - 2025-02-25 10:24:40 --> File loaded: /apps/web-drc/application/modules/app_dashboard/models/App_dashboard_model.php
INFO - 2025-02-25 10:24:40 --> Model Class Initialized
INFO - 2025-02-25 10:24:40 --> Final output sent to browser
DEBUG - 2025-02-25 10:24:40 --> Total execution time: 0.0333
INFO - 2025-02-25 10:24:40 --> Config Class Initialized
INFO - 2025-02-25 10:24:40 --> Hooks Class Initialized
DEBUG - 2025-02-25 10:24:40 --> UTF-8 Support Enabled
INFO - 2025-02-25 10:24:40 --> Utf8 Class Initialized
INFO - 2025-02-25 10:24:40 --> URI Class Initialized
INFO - 2025-02-25 10:24:40 --> Router Class Initialized
INFO - 2025-02-25 10:24:40 --> Output Class Initialized
INFO - 2025-02-25 10:24:40 --> Security Class Initialized
DEBUG - 2025-02-25 10:24:40 --> Global POST, GET and COOKIE data sanitized
INFO - 2025-02-25 10:24:40 --> Input Class Initialized
INFO - 2025-02-25 10:24:40 --> Language Class Initialized
INFO - 2025-02-25 10:24:40 --> Language Class Initialized
INFO - 2025-02-25 10:24:40 --> Config Class Initialized
INFO - 2025-02-25 10:24:40 --> Loader Class Initialized
INFO - 2025-02-25 10:24:40 --> Helper loaded: url_helper
INFO - 2025-02-25 10:24:40 --> Helper loaded: easyui_helper
INFO - 2025-02-25 10:24:40 --> Helper loaded: param_helper
INFO - 2025-02-25 10:24:40 --> Helper loaded: credential_helper
INFO - 2025-02-25 10:24:40 --> Helper loaded: template_helper
INFO - 2025-02-25 10:24:40 --> Helper loaded: rest_helper
INFO - 2025-02-25 10:24:40 --> Database Driver Class Initialized
DEBUG - 2025-02-25 10:24:40 --> Idgenerator class already loaded. Second attempt ignored.
INFO - 2025-02-25 10:24:40 --> Controller Class Initialized
INFO - 2025-02-25 10:24:40 --> Model Class Initialized
DEBUG - 2025-02-25 10:24:40 --> File loaded: /apps/web-drc/application/modules/api_v1/models/Api_v1_model.php
INFO - 2025-02-25 10:24:40 --> Model Class Initialized
INFO - 2025-02-25 10:24:40 --> Final output sent to browser
DEBUG - 2025-02-25 10:24:40 --> Total execution time: 0.0152
INFO - 2025-02-25 18:13:02 --> Config Class Initialized
INFO - 2025-02-25 18:13:02 --> Hooks Class Initialized
DEBUG - 2025-02-25 18:13:02 --> UTF-8 Support Enabled
INFO - 2025-02-25 18:13:02 --> Utf8 Class Initialized
INFO - 2025-02-25 18:13:02 --> URI Class Initialized
INFO - 2025-02-25 18:13:02 --> Router Class Initialized
INFO - 2025-02-25 18:13:02 --> Output Class Initialized
INFO - 2025-02-25 18:13:02 --> Security Class Initialized
DEBUG - 2025-02-25 18:13:02 --> Global POST, GET and COOKIE data sanitized
INFO - 2025-02-25 18:13:02 --> Input Class Initialized
INFO - 2025-02-25 18:13:02 --> Language Class Initialized
ERROR - 2025-02-25 18:13:02 --> 404 Page Not Found: /index
INFO - 2025-02-25 18:13:03 --> Config Class Initialized
INFO - 2025-02-25 18:13:03 --> Hooks Class Initialized
DEBUG - 2025-02-25 18:13:03 --> UTF-8 Support Enabled
INFO - 2025-02-25 18:13:03 --> Utf8 Class Initialized
INFO - 2025-02-25 18:13:03 --> URI Class Initialized
INFO - 2025-02-25 18:13:03 --> Router Class Initialized
INFO - 2025-02-25 18:13:03 --> Output Class Initialized
INFO - 2025-02-25 18:13:03 --> Security Class Initialized
DEBUG - 2025-02-25 18:13:03 --> Global POST, GET and COOKIE data sanitized
INFO - 2025-02-25 18:13:03 --> Input Class Initialized
INFO - 2025-02-25 18:13:03 --> Language Class Initialized
ERROR - 2025-02-25 18:13:03 --> 404 Page Not Found: /index
INFO - 2025-02-25 22:04:25 --> Config Class Initialized
INFO - 2025-02-25 22:04:25 --> Hooks Class Initialized
DEBUG - 2025-02-25 22:04:25 --> UTF-8 Support Enabled
INFO - 2025-02-25 22:04:25 --> Utf8 Class Initialized
INFO - 2025-02-25 22:04:25 --> URI Class Initialized
INFO - 2025-02-25 22:04:25 --> Router Class Initialized
INFO - 2025-02-25 22:04:25 --> Output Class Initialized
INFO - 2025-02-25 22:04:25 --> Security Class Initialized
DEBUG - 2025-02-25 22:04:25 --> Global POST, GET and COOKIE data sanitized
INFO - 2025-02-25 22:04:25 --> Input Class Initialized
INFO - 2025-02-25 22:04:25 --> Language Class Initialized
INFO - 2025-02-25 22:04:25 --> Language Class Initialized
INFO - 2025-02-25 22:04:25 --> Config Class Initialized
INFO - 2025-02-25 22:04:25 --> Loader Class Initialized
INFO - 2025-02-25 22:04:25 --> Helper loaded: url_helper
INFO - 2025-02-25 22:04:25 --> Helper loaded: easyui_helper
INFO - 2025-02-25 22:04:25 --> Helper loaded: param_helper
INFO - 2025-02-25 22:04:25 --> Helper loaded: credential_helper
INFO - 2025-02-25 22:04:25 --> Helper loaded: template_helper
INFO - 2025-02-25 22:04:25 --> Helper loaded: rest_helper
INFO - 2025-02-25 22:04:25 --> Database Driver Class Initialized
DEBUG - 2025-02-25 22:04:25 --> Idgenerator class already loaded. Second attempt ignored.
INFO - 2025-02-25 22:04:25 --> Controller Class Initialized
INFO - 2025-02-25 22:04:25 --> Model Class Initialized
DEBUG - 2025-02-25 22:04:25 --> File loaded: /apps/web-drc/application/modules/app_dashboard/models/App_dashboard_model.php
INFO - 2025-02-25 22:04:25 --> Model Class Initialized
DEBUG - 2025-02-25 22:04:25 --> File loaded: /apps/web-drc/application/modules/app_dashboard/views/content.php
DEBUG - 2025-02-25 22:04:25 --> File loaded: /apps/web-drc/application/views/templates/header.php
DEBUG - 2025-02-25 22:04:25 --> File loaded: /apps/web-drc/application/views/templates/toolbar.php
DEBUG - 2025-02-25 22:04:25 --> File loaded: /apps/web-drc/application/views/templates/sidebar.php
DEBUG - 2025-02-25 22:04:25 --> File loaded: /apps/web-drc/application/views/templates/contents.php
DEBUG - 2025-02-25 22:04:25 --> File loaded: /apps/web-drc/application/views/templates/content_footer.php
DEBUG - 2025-02-25 22:04:25 --> File loaded: /apps/web-drc/application/views/templates/footer.php
INFO - 2025-02-25 22:04:25 --> Config Class Initialized
INFO - 2025-02-25 22:04:25 --> Hooks Class Initialized
DEBUG - 2025-02-25 22:04:25 --> UTF-8 Support Enabled
INFO - 2025-02-25 22:04:25 --> Utf8 Class Initialized
INFO - 2025-02-25 22:04:25 --> URI Class Initialized
DEBUG - 2025-02-25 22:04:25 --> No URI present. Default controller set.
INFO - 2025-02-25 22:04:25 --> Router Class Initialized
INFO - 2025-02-25 22:04:25 --> Output Class Initialized
INFO - 2025-02-25 22:04:25 --> Security Class Initialized
DEBUG - 2025-02-25 22:04:25 --> Global POST, GET and COOKIE data sanitized
INFO - 2025-02-25 22:04:25 --> Input Class Initialized
INFO - 2025-02-25 22:04:25 --> Language Class Initialized
INFO - 2025-02-25 22:04:25 --> Language Class Initialized
INFO - 2025-02-25 22:04:25 --> Config Class Initialized
INFO - 2025-02-25 22:04:25 --> Loader Class Initialized
INFO - 2025-02-25 22:04:25 --> Helper loaded: url_helper
INFO - 2025-02-25 22:04:25 --> Helper loaded: easyui_helper
INFO - 2025-02-25 22:04:25 --> Helper loaded: param_helper
INFO - 2025-02-25 22:04:25 --> Helper loaded: credential_helper
INFO - 2025-02-25 22:04:25 --> Helper loaded: template_helper
INFO - 2025-02-25 22:04:25 --> Helper loaded: rest_helper
INFO - 2025-02-25 22:04:25 --> Database Driver Class Initialized
DEBUG - 2025-02-25 22:04:25 --> Idgenerator class already loaded. Second attempt ignored.
INFO - 2025-02-25 22:04:25 --> Controller Class Initialized
DEBUG - 2025-02-25 22:04:25 --> File loaded: /apps/web-drc/application/modules/app_auth/views/login_lte_template.php
DEBUG - 2025-02-25 22:04:25 --> File loaded: /apps/web-drc/application/views/template_login_lte/header.php
DEBUG - 2025-02-25 22:04:25 --> File loaded: /apps/web-drc/application/views/template_login_lte/contents.php
DEBUG - 2025-02-25 22:04:25 --> File loaded: /apps/web-drc/application/views/template_login_lte/default.php
INFO - 2025-02-25 22:04:25 --> Final output sent to browser
DEBUG - 2025-02-25 22:04:25 --> Total execution time: 0.0074
