INFO - 2025-03-23 02:54:47 --> Config Class Initialized
INFO - 2025-03-23 02:54:47 --> Hooks Class Initialized
DEBUG - 2025-03-23 02:54:47 --> UTF-8 Support Enabled
INFO - 2025-03-23 02:54:47 --> Utf8 Class Initialized
INFO - 2025-03-23 02:54:47 --> URI Class Initialized
DEBUG - 2025-03-23 02:54:47 --> No URI present. Default controller set.
INFO - 2025-03-23 02:54:47 --> Router Class Initialized
INFO - 2025-03-23 02:54:47 --> Output Class Initialized
INFO - 2025-03-23 02:54:47 --> Security Class Initialized
DEBUG - 2025-03-23 02:54:47 --> Global POST, GET and COOKIE data sanitized
INFO - 2025-03-23 02:54:47 --> Input Class Initialized
INFO - 2025-03-23 02:54:47 --> Language Class Initialized
INFO - 2025-03-23 02:54:47 --> Language Class Initialized
INFO - 2025-03-23 02:54:47 --> Config Class Initialized
INFO - 2025-03-23 02:54:47 --> Loader Class Initialized
INFO - 2025-03-23 02:54:47 --> Helper loaded: url_helper
INFO - 2025-03-23 02:54:47 --> Helper loaded: easyui_helper
INFO - 2025-03-23 02:54:47 --> Helper loaded: param_helper
INFO - 2025-03-23 02:54:47 --> Helper loaded: credential_helper
INFO - 2025-03-23 02:54:47 --> Helper loaded: template_helper
INFO - 2025-03-23 02:54:47 --> Helper loaded: rest_helper
INFO - 2025-03-23 02:54:47 --> Database Driver Class Initialized
DEBUG - 2025-03-23 02:54:47 --> Idgenerator class already loaded. Second attempt ignored.
INFO - 2025-03-23 02:54:47 --> Controller Class Initialized
DEBUG - 2025-03-23 02:54:47 --> File loaded: /apps/web-drc/application/modules/app_auth/views/login_lte_template.php
DEBUG - 2025-03-23 02:54:47 --> File loaded: /apps/web-drc/application/views/template_login_lte/header.php
DEBUG - 2025-03-23 02:54:47 --> File loaded: /apps/web-drc/application/views/template_login_lte/contents.php
DEBUG - 2025-03-23 02:54:47 --> File loaded: /apps/web-drc/application/views/template_login_lte/default.php
INFO - 2025-03-23 02:54:47 --> Final output sent to browser
DEBUG - 2025-03-23 02:54:47 --> Total execution time: 0.0049
INFO - 2025-03-23 15:56:48 --> Config Class Initialized
INFO - 2025-03-23 15:56:48 --> Hooks Class Initialized
DEBUG - 2025-03-23 15:56:48 --> UTF-8 Support Enabled
INFO - 2025-03-23 15:56:48 --> Utf8 Class Initialized
INFO - 2025-03-23 15:56:48 --> URI Class Initialized
DEBUG - 2025-03-23 15:56:48 --> No URI present. Default controller set.
INFO - 2025-03-23 15:56:48 --> Router Class Initialized
INFO - 2025-03-23 15:56:48 --> Output Class Initialized
INFO - 2025-03-23 15:56:48 --> Security Class Initialized
DEBUG - 2025-03-23 15:56:48 --> Global POST, GET and COOKIE data sanitized
INFO - 2025-03-23 15:56:48 --> Input Class Initialized
INFO - 2025-03-23 15:56:48 --> Language Class Initialized
INFO - 2025-03-23 15:56:48 --> Language Class Initialized
INFO - 2025-03-23 15:56:48 --> Config Class Initialized
INFO - 2025-03-23 15:56:48 --> Loader Class Initialized
INFO - 2025-03-23 15:56:48 --> Helper loaded: url_helper
INFO - 2025-03-23 15:56:48 --> Helper loaded: easyui_helper
INFO - 2025-03-23 15:56:48 --> Helper loaded: param_helper
INFO - 2025-03-23 15:56:48 --> Helper loaded: credential_helper
INFO - 2025-03-23 15:56:48 --> Helper loaded: template_helper
INFO - 2025-03-23 15:56:48 --> Helper loaded: rest_helper
INFO - 2025-03-23 15:56:48 --> Database Driver Class Initialized
DEBUG - 2025-03-23 15:56:48 --> Idgenerator class already loaded. Second attempt ignored.
INFO - 2025-03-23 15:56:48 --> Controller Class Initialized
DEBUG - 2025-03-23 15:56:48 --> File loaded: /apps/web-drc/application/modules/app_auth/views/login_lte_template.php
DEBUG - 2025-03-23 15:56:48 --> File loaded: /apps/web-drc/application/views/template_login_lte/header.php
DEBUG - 2025-03-23 15:56:48 --> File loaded: /apps/web-drc/application/views/template_login_lte/contents.php
DEBUG - 2025-03-23 15:56:48 --> File loaded: /apps/web-drc/application/views/template_login_lte/default.php
INFO - 2025-03-23 15:56:48 --> Final output sent to browser
DEBUG - 2025-03-23 15:56:48 --> Total execution time: 0.0748
INFO - 2025-03-23 15:56:51 --> Config Class Initialized
INFO - 2025-03-23 15:56:51 --> Hooks Class Initialized
DEBUG - 2025-03-23 15:56:51 --> UTF-8 Support Enabled
INFO - 2025-03-23 15:56:51 --> Utf8 Class Initialized
INFO - 2025-03-23 15:56:51 --> URI Class Initialized
INFO - 2025-03-23 15:56:51 --> Router Class Initialized
INFO - 2025-03-23 15:56:51 --> Output Class Initialized
INFO - 2025-03-23 15:56:51 --> Security Class Initialized
DEBUG - 2025-03-23 15:56:51 --> Global POST, GET and COOKIE data sanitized
INFO - 2025-03-23 15:56:51 --> Input Class Initialized
INFO - 2025-03-23 15:56:51 --> Language Class Initialized
ERROR - 2025-03-23 15:56:51 --> 404 Page Not Found: /index
INFO - 2025-03-23 15:56:52 --> Config Class Initialized
INFO - 2025-03-23 15:56:52 --> Hooks Class Initialized
DEBUG - 2025-03-23 15:56:52 --> UTF-8 Support Enabled
INFO - 2025-03-23 15:56:52 --> Utf8 Class Initialized
INFO - 2025-03-23 15:56:52 --> URI Class Initialized
INFO - 2025-03-23 15:56:52 --> Router Class Initialized
INFO - 2025-03-23 15:56:52 --> Output Class Initialized
INFO - 2025-03-23 15:56:52 --> Security Class Initialized
DEBUG - 2025-03-23 15:56:52 --> Global POST, GET and COOKIE data sanitized
INFO - 2025-03-23 15:56:52 --> Input Class Initialized
INFO - 2025-03-23 15:56:52 --> Language Class Initialized
ERROR - 2025-03-23 15:56:52 --> 404 Page Not Found: /index
INFO - 2025-03-23 23:11:46 --> Config Class Initialized
INFO - 2025-03-23 23:11:46 --> Hooks Class Initialized
DEBUG - 2025-03-23 23:11:46 --> UTF-8 Support Enabled
INFO - 2025-03-23 23:11:46 --> Utf8 Class Initialized
INFO - 2025-03-23 23:11:46 --> URI Class Initialized
DEBUG - 2025-03-23 23:11:46 --> No URI present. Default controller set.
INFO - 2025-03-23 23:11:46 --> Router Class Initialized
INFO - 2025-03-23 23:11:46 --> Output Class Initialized
INFO - 2025-03-23 23:11:46 --> Security Class Initialized
DEBUG - 2025-03-23 23:11:46 --> Global POST, GET and COOKIE data sanitized
INFO - 2025-03-23 23:11:46 --> Input Class Initialized
INFO - 2025-03-23 23:11:46 --> Language Class Initialized
INFO - 2025-03-23 23:11:46 --> Language Class Initialized
INFO - 2025-03-23 23:11:46 --> Config Class Initialized
INFO - 2025-03-23 23:11:46 --> Loader Class Initialized
INFO - 2025-03-23 23:11:46 --> Helper loaded: url_helper
INFO - 2025-03-23 23:11:46 --> Helper loaded: easyui_helper
INFO - 2025-03-23 23:11:46 --> Helper loaded: param_helper
INFO - 2025-03-23 23:11:46 --> Helper loaded: credential_helper
INFO - 2025-03-23 23:11:46 --> Helper loaded: template_helper
INFO - 2025-03-23 23:11:46 --> Helper loaded: rest_helper
INFO - 2025-03-23 23:11:46 --> Database Driver Class Initialized
DEBUG - 2025-03-23 23:11:46 --> Idgenerator class already loaded. Second attempt ignored.
INFO - 2025-03-23 23:11:46 --> Controller Class Initialized
DEBUG - 2025-03-23 23:11:46 --> File loaded: /apps/web-drc/application/modules/app_auth/views/login_lte_template.php
DEBUG - 2025-03-23 23:11:46 --> File loaded: /apps/web-drc/application/views/template_login_lte/header.php
DEBUG - 2025-03-23 23:11:46 --> File loaded: /apps/web-drc/application/views/template_login_lte/contents.php
DEBUG - 2025-03-23 23:11:46 --> File loaded: /apps/web-drc/application/views/template_login_lte/default.php
INFO - 2025-03-23 23:11:46 --> Final output sent to browser
DEBUG - 2025-03-23 23:11:46 --> Total execution time: 0.0378
