INFO - 2025-03-03 00:59:25 --> Config Class Initialized
INFO - 2025-03-03 00:59:25 --> Hooks Class Initialized
DEBUG - 2025-03-03 00:59:25 --> UTF-8 Support Enabled
INFO - 2025-03-03 00:59:25 --> Utf8 Class Initialized
INFO - 2025-03-03 00:59:25 --> URI Class Initialized
DEBUG - 2025-03-03 00:59:25 --> No URI present. Default controller set.
INFO - 2025-03-03 00:59:25 --> Router Class Initialized
INFO - 2025-03-03 00:59:25 --> Output Class Initialized
INFO - 2025-03-03 00:59:25 --> Security Class Initialized
DEBUG - 2025-03-03 00:59:25 --> Global POST, GET and COOKIE data sanitized
INFO - 2025-03-03 00:59:25 --> Input Class Initialized
INFO - 2025-03-03 00:59:25 --> Language Class Initialized
INFO - 2025-03-03 00:59:25 --> Language Class Initialized
INFO - 2025-03-03 00:59:25 --> Config Class Initialized
INFO - 2025-03-03 00:59:25 --> Loader Class Initialized
INFO - 2025-03-03 00:59:25 --> Helper loaded: url_helper
INFO - 2025-03-03 00:59:25 --> Helper loaded: easyui_helper
INFO - 2025-03-03 00:59:25 --> Helper loaded: param_helper
INFO - 2025-03-03 00:59:25 --> Helper loaded: credential_helper
INFO - 2025-03-03 00:59:25 --> Helper loaded: template_helper
INFO - 2025-03-03 00:59:25 --> Helper loaded: rest_helper
INFO - 2025-03-03 00:59:25 --> Database Driver Class Initialized
DEBUG - 2025-03-03 00:59:25 --> Idgenerator class already loaded. Second attempt ignored.
INFO - 2025-03-03 00:59:25 --> Controller Class Initialized
DEBUG - 2025-03-03 00:59:25 --> File loaded: /apps/web-drc/application/modules/app_auth/views/login_lte_template.php
DEBUG - 2025-03-03 00:59:25 --> File loaded: /apps/web-drc/application/views/template_login_lte/header.php
DEBUG - 2025-03-03 00:59:25 --> File loaded: /apps/web-drc/application/views/template_login_lte/contents.php
DEBUG - 2025-03-03 00:59:25 --> File loaded: /apps/web-drc/application/views/template_login_lte/default.php
INFO - 2025-03-03 00:59:25 --> Final output sent to browser
DEBUG - 2025-03-03 00:59:25 --> Total execution time: 0.0598
INFO - 2025-03-03 00:59:45 --> Config Class Initialized
INFO - 2025-03-03 00:59:45 --> Hooks Class Initialized
DEBUG - 2025-03-03 00:59:45 --> UTF-8 Support Enabled
INFO - 2025-03-03 00:59:45 --> Utf8 Class Initialized
INFO - 2025-03-03 00:59:45 --> URI Class Initialized
INFO - 2025-03-03 00:59:45 --> Router Class Initialized
INFO - 2025-03-03 00:59:45 --> Output Class Initialized
INFO - 2025-03-03 00:59:45 --> Security Class Initialized
DEBUG - 2025-03-03 00:59:45 --> Global POST, GET and COOKIE data sanitized
INFO - 2025-03-03 00:59:45 --> Input Class Initialized
INFO - 2025-03-03 00:59:45 --> Language Class Initialized
INFO - 2025-03-03 00:59:45 --> Language Class Initialized
INFO - 2025-03-03 00:59:45 --> Config Class Initialized
INFO - 2025-03-03 00:59:45 --> Loader Class Initialized
INFO - 2025-03-03 00:59:45 --> Helper loaded: url_helper
INFO - 2025-03-03 00:59:45 --> Helper loaded: easyui_helper
INFO - 2025-03-03 00:59:45 --> Helper loaded: param_helper
INFO - 2025-03-03 00:59:45 --> Helper loaded: credential_helper
INFO - 2025-03-03 00:59:45 --> Helper loaded: template_helper
INFO - 2025-03-03 00:59:45 --> Helper loaded: rest_helper
INFO - 2025-03-03 00:59:45 --> Database Driver Class Initialized
DEBUG - 2025-03-03 00:59:45 --> Idgenerator class already loaded. Second attempt ignored.
INFO - 2025-03-03 00:59:45 --> Controller Class Initialized
INFO - 2025-03-03 00:59:45 --> Model Class Initialized
DEBUG - 2025-03-03 00:59:45 --> File loaded: /apps/web-drc/application/modules/api_v1/models/Api_v1_model.php
INFO - 2025-03-03 00:59:45 --> Model Class Initialized
INFO - 2025-03-03 00:59:57 --> Final output sent to browser
DEBUG - 2025-03-03 00:59:57 --> Total execution time: 11.5867
INFO - 2025-03-03 08:20:56 --> Config Class Initialized
INFO - 2025-03-03 08:20:56 --> Hooks Class Initialized
DEBUG - 2025-03-03 08:20:56 --> UTF-8 Support Enabled
INFO - 2025-03-03 08:20:56 --> Utf8 Class Initialized
INFO - 2025-03-03 08:20:56 --> URI Class Initialized
DEBUG - 2025-03-03 08:20:56 --> No URI present. Default controller set.
INFO - 2025-03-03 08:20:56 --> Router Class Initialized
INFO - 2025-03-03 08:20:56 --> Output Class Initialized
INFO - 2025-03-03 08:20:56 --> Security Class Initialized
DEBUG - 2025-03-03 08:20:56 --> Global POST, GET and COOKIE data sanitized
INFO - 2025-03-03 08:20:56 --> Input Class Initialized
INFO - 2025-03-03 08:20:56 --> Language Class Initialized
INFO - 2025-03-03 08:20:56 --> Language Class Initialized
INFO - 2025-03-03 08:20:56 --> Config Class Initialized
INFO - 2025-03-03 08:20:56 --> Loader Class Initialized
INFO - 2025-03-03 08:20:56 --> Helper loaded: url_helper
INFO - 2025-03-03 08:20:56 --> Helper loaded: easyui_helper
INFO - 2025-03-03 08:20:56 --> Helper loaded: param_helper
INFO - 2025-03-03 08:20:56 --> Helper loaded: credential_helper
INFO - 2025-03-03 08:20:56 --> Helper loaded: template_helper
INFO - 2025-03-03 08:20:56 --> Helper loaded: rest_helper
INFO - 2025-03-03 08:20:56 --> Database Driver Class Initialized
DEBUG - 2025-03-03 08:20:56 --> Idgenerator class already loaded. Second attempt ignored.
INFO - 2025-03-03 08:20:56 --> Controller Class Initialized
DEBUG - 2025-03-03 08:20:56 --> File loaded: /apps/web-drc/application/modules/app_auth/views/login_lte_template.php
DEBUG - 2025-03-03 08:20:56 --> File loaded: /apps/web-drc/application/views/template_login_lte/header.php
DEBUG - 2025-03-03 08:20:56 --> File loaded: /apps/web-drc/application/views/template_login_lte/contents.php
DEBUG - 2025-03-03 08:20:56 --> File loaded: /apps/web-drc/application/views/template_login_lte/default.php
INFO - 2025-03-03 08:20:56 --> Final output sent to browser
DEBUG - 2025-03-03 08:20:56 --> Total execution time: 0.0462
INFO - 2025-03-03 08:21:01 --> Config Class Initialized
INFO - 2025-03-03 08:21:01 --> Hooks Class Initialized
DEBUG - 2025-03-03 08:21:01 --> UTF-8 Support Enabled
INFO - 2025-03-03 08:21:01 --> Utf8 Class Initialized
INFO - 2025-03-03 08:21:01 --> URI Class Initialized
INFO - 2025-03-03 08:21:01 --> Router Class Initialized
INFO - 2025-03-03 08:21:01 --> Output Class Initialized
INFO - 2025-03-03 08:21:01 --> Security Class Initialized
DEBUG - 2025-03-03 08:21:01 --> Global POST, GET and COOKIE data sanitized
INFO - 2025-03-03 08:21:01 --> Input Class Initialized
INFO - 2025-03-03 08:21:01 --> Language Class Initialized
ERROR - 2025-03-03 08:21:01 --> 404 Page Not Found: /index
