INFO - 2025-03-22 21:37:31 --> Config Class Initialized
INFO - 2025-03-22 21:37:31 --> Hooks Class Initialized
DEBUG - 2025-03-22 21:37:31 --> UTF-8 Support Enabled
INFO - 2025-03-22 21:37:31 --> Utf8 Class Initialized
INFO - 2025-03-22 21:37:31 --> URI Class Initialized
INFO - 2025-03-22 21:37:31 --> Router Class Initialized
INFO - 2025-03-22 21:37:31 --> Output Class Initialized
INFO - 2025-03-22 21:37:31 --> Security Class Initialized
DEBUG - 2025-03-22 21:37:31 --> Global POST, GET and COOKIE data sanitized
INFO - 2025-03-22 21:37:31 --> Input Class Initialized
INFO - 2025-03-22 21:37:31 --> Language Class Initialized
INFO - 2025-03-22 21:37:31 --> Language Class Initialized
INFO - 2025-03-22 21:37:31 --> Config Class Initialized
INFO - 2025-03-22 21:37:31 --> Loader Class Initialized
INFO - 2025-03-22 21:37:31 --> Helper loaded: url_helper
INFO - 2025-03-22 21:37:31 --> Helper loaded: easyui_helper
INFO - 2025-03-22 21:37:31 --> Helper loaded: param_helper
INFO - 2025-03-22 21:37:31 --> Helper loaded: credential_helper
INFO - 2025-03-22 21:37:31 --> Helper loaded: template_helper
INFO - 2025-03-22 21:37:31 --> Helper loaded: rest_helper
INFO - 2025-03-22 21:37:31 --> Database Driver Class Initialized
DEBUG - 2025-03-22 21:37:31 --> Idgenerator class already loaded. Second attempt ignored.
INFO - 2025-03-22 21:37:31 --> Controller Class Initialized
INFO - 2025-03-22 21:37:31 --> Model Class Initialized
DEBUG - 2025-03-22 21:37:31 --> File loaded: /apps/web-drc/application/modules/visibility_program_active/models/Visibility_program_model.php
INFO - 2025-03-22 21:37:31 --> Model Class Initialized
DEBUG - 2025-03-22 21:37:31 --> File loaded: /apps/web-drc/application/modules/visibility_program_active/views/content.php
DEBUG - 2025-03-22 21:37:31 --> File loaded: /apps/web-drc/application/views/templates/header.php
DEBUG - 2025-03-22 21:37:31 --> File loaded: /apps/web-drc/application/views/templates/toolbar.php
DEBUG - 2025-03-22 21:37:31 --> File loaded: /apps/web-drc/application/views/templates/sidebar.php
DEBUG - 2025-03-22 21:37:31 --> File loaded: /apps/web-drc/application/views/templates/contents.php
DEBUG - 2025-03-22 21:37:31 --> File loaded: /apps/web-drc/application/views/templates/content_footer.php
DEBUG - 2025-03-22 21:37:31 --> File loaded: /apps/web-drc/application/views/templates/footer.php
INFO - 2025-03-22 21:37:31 --> Config Class Initialized
INFO - 2025-03-22 21:37:31 --> Hooks Class Initialized
DEBUG - 2025-03-22 21:37:31 --> UTF-8 Support Enabled
INFO - 2025-03-22 21:37:31 --> Utf8 Class Initialized
INFO - 2025-03-22 21:37:31 --> URI Class Initialized
DEBUG - 2025-03-22 21:37:31 --> No URI present. Default controller set.
INFO - 2025-03-22 21:37:31 --> Router Class Initialized
INFO - 2025-03-22 21:37:31 --> Output Class Initialized
INFO - 2025-03-22 21:37:31 --> Security Class Initialized
DEBUG - 2025-03-22 21:37:31 --> Global POST, GET and COOKIE data sanitized
INFO - 2025-03-22 21:37:31 --> Input Class Initialized
INFO - 2025-03-22 21:37:31 --> Language Class Initialized
INFO - 2025-03-22 21:37:31 --> Language Class Initialized
INFO - 2025-03-22 21:37:31 --> Config Class Initialized
INFO - 2025-03-22 21:37:31 --> Loader Class Initialized
INFO - 2025-03-22 21:37:31 --> Helper loaded: url_helper
INFO - 2025-03-22 21:37:31 --> Helper loaded: easyui_helper
INFO - 2025-03-22 21:37:31 --> Helper loaded: param_helper
INFO - 2025-03-22 21:37:31 --> Helper loaded: credential_helper
INFO - 2025-03-22 21:37:31 --> Helper loaded: template_helper
INFO - 2025-03-22 21:37:31 --> Helper loaded: rest_helper
INFO - 2025-03-22 21:37:31 --> Database Driver Class Initialized
DEBUG - 2025-03-22 21:37:31 --> Idgenerator class already loaded. Second attempt ignored.
INFO - 2025-03-22 21:37:31 --> Controller Class Initialized
DEBUG - 2025-03-22 21:37:31 --> File loaded: /apps/web-drc/application/modules/app_auth/views/login_lte_template.php
DEBUG - 2025-03-22 21:37:31 --> File loaded: /apps/web-drc/application/views/template_login_lte/header.php
DEBUG - 2025-03-22 21:37:31 --> File loaded: /apps/web-drc/application/views/template_login_lte/contents.php
DEBUG - 2025-03-22 21:37:31 --> File loaded: /apps/web-drc/application/views/template_login_lte/default.php
INFO - 2025-03-22 21:37:31 --> Final output sent to browser
DEBUG - 2025-03-22 21:37:31 --> Total execution time: 0.0067
INFO - 2025-03-22 21:37:32 --> Config Class Initialized
INFO - 2025-03-22 21:37:32 --> Hooks Class Initialized
DEBUG - 2025-03-22 21:37:32 --> UTF-8 Support Enabled
INFO - 2025-03-22 21:37:32 --> Utf8 Class Initialized
INFO - 2025-03-22 21:37:32 --> URI Class Initialized
INFO - 2025-03-22 21:37:32 --> Router Class Initialized
INFO - 2025-03-22 21:37:32 --> Output Class Initialized
INFO - 2025-03-22 21:37:32 --> Security Class Initialized
DEBUG - 2025-03-22 21:37:32 --> Global POST, GET and COOKIE data sanitized
INFO - 2025-03-22 21:37:32 --> Input Class Initialized
INFO - 2025-03-22 21:37:32 --> Language Class Initialized
ERROR - 2025-03-22 21:37:32 --> 404 Page Not Found: /index
