INFO - 2025-05-12 08:23:54 --> Config Class Initialized
INFO - 2025-05-12 08:23:54 --> Hooks Class Initialized
DEBUG - 2025-05-12 08:23:54 --> UTF-8 Support Enabled
INFO - 2025-05-12 08:23:54 --> Utf8 Class Initialized
INFO - 2025-05-12 08:23:54 --> URI Class Initialized
DEBUG - 2025-05-12 08:23:54 --> No URI present. Default controller set.
INFO - 2025-05-12 08:23:54 --> Router Class Initialized
INFO - 2025-05-12 08:23:54 --> Output Class Initialized
INFO - 2025-05-12 08:23:54 --> Security Class Initialized
DEBUG - 2025-05-12 08:23:54 --> Global POST, GET and COOKIE data sanitized
INFO - 2025-05-12 08:23:54 --> Input Class Initialized
INFO - 2025-05-12 08:23:54 --> Language Class Initialized
INFO - 2025-05-12 08:23:54 --> Language Class Initialized
INFO - 2025-05-12 08:23:54 --> Config Class Initialized
INFO - 2025-05-12 08:23:54 --> Loader Class Initialized
INFO - 2025-05-12 08:23:54 --> Helper loaded: url_helper
INFO - 2025-05-12 08:23:54 --> Helper loaded: easyui_helper
INFO - 2025-05-12 08:23:54 --> Helper loaded: param_helper
INFO - 2025-05-12 08:23:54 --> Helper loaded: credential_helper
INFO - 2025-05-12 08:23:54 --> Helper loaded: template_helper
INFO - 2025-05-12 08:23:54 --> Helper loaded: rest_helper
INFO - 2025-05-12 08:23:54 --> Database Driver Class Initialized
DEBUG - 2025-05-12 08:23:54 --> Idgenerator class already loaded. Second attempt ignored.
INFO - 2025-05-12 08:23:54 --> Controller Class Initialized
DEBUG - 2025-05-12 08:23:54 --> File loaded: /apps/web-drc/application/modules/app_auth/views/login_lte_template.php
DEBUG - 2025-05-12 08:23:54 --> File loaded: /apps/web-drc/application/views/template_login_lte/header.php
DEBUG - 2025-05-12 08:23:54 --> File loaded: /apps/web-drc/application/views/template_login_lte/contents.php
DEBUG - 2025-05-12 08:23:54 --> File loaded: /apps/web-drc/application/views/template_login_lte/default.php
INFO - 2025-05-12 08:23:54 --> Final output sent to browser
DEBUG - 2025-05-12 08:23:54 --> Total execution time: 0.0593
INFO - 2025-05-12 08:23:55 --> Config Class Initialized
INFO - 2025-05-12 08:23:55 --> Hooks Class Initialized
DEBUG - 2025-05-12 08:23:55 --> UTF-8 Support Enabled
INFO - 2025-05-12 08:23:55 --> Utf8 Class Initialized
INFO - 2025-05-12 08:23:55 --> URI Class Initialized
DEBUG - 2025-05-12 08:23:55 --> No URI present. Default controller set.
INFO - 2025-05-12 08:23:55 --> Router Class Initialized
INFO - 2025-05-12 08:23:55 --> Output Class Initialized
INFO - 2025-05-12 08:23:55 --> Security Class Initialized
DEBUG - 2025-05-12 08:23:55 --> Global POST, GET and COOKIE data sanitized
INFO - 2025-05-12 08:23:55 --> Input Class Initialized
INFO - 2025-05-12 08:23:55 --> Language Class Initialized
INFO - 2025-05-12 08:23:55 --> Language Class Initialized
INFO - 2025-05-12 08:23:55 --> Config Class Initialized
INFO - 2025-05-12 08:23:55 --> Loader Class Initialized
INFO - 2025-05-12 08:23:55 --> Helper loaded: url_helper
INFO - 2025-05-12 08:23:55 --> Helper loaded: easyui_helper
INFO - 2025-05-12 08:23:55 --> Helper loaded: param_helper
INFO - 2025-05-12 08:23:55 --> Helper loaded: credential_helper
INFO - 2025-05-12 08:23:55 --> Helper loaded: template_helper
INFO - 2025-05-12 08:23:55 --> Helper loaded: rest_helper
INFO - 2025-05-12 08:23:55 --> Database Driver Class Initialized
DEBUG - 2025-05-12 08:23:55 --> Idgenerator class already loaded. Second attempt ignored.
INFO - 2025-05-12 08:23:55 --> Controller Class Initialized
DEBUG - 2025-05-12 08:23:55 --> File loaded: /apps/web-drc/application/modules/app_auth/views/login_lte_template.php
DEBUG - 2025-05-12 08:23:55 --> File loaded: /apps/web-drc/application/views/template_login_lte/header.php
DEBUG - 2025-05-12 08:23:55 --> File loaded: /apps/web-drc/application/views/template_login_lte/contents.php
DEBUG - 2025-05-12 08:23:55 --> File loaded: /apps/web-drc/application/views/template_login_lte/default.php
INFO - 2025-05-12 08:23:55 --> Final output sent to browser
DEBUG - 2025-05-12 08:23:55 --> Total execution time: 0.0031
INFO - 2025-05-12 09:19:45 --> Config Class Initialized
INFO - 2025-05-12 09:19:45 --> Hooks Class Initialized
DEBUG - 2025-05-12 09:19:45 --> UTF-8 Support Enabled
INFO - 2025-05-12 09:19:45 --> Utf8 Class Initialized
INFO - 2025-05-12 09:19:45 --> URI Class Initialized
DEBUG - 2025-05-12 09:19:45 --> No URI present. Default controller set.
INFO - 2025-05-12 09:19:45 --> Router Class Initialized
INFO - 2025-05-12 09:19:45 --> Output Class Initialized
INFO - 2025-05-12 09:19:45 --> Security Class Initialized
DEBUG - 2025-05-12 09:19:45 --> Global POST, GET and COOKIE data sanitized
INFO - 2025-05-12 09:19:45 --> Input Class Initialized
INFO - 2025-05-12 09:19:45 --> Language Class Initialized
INFO - 2025-05-12 09:19:45 --> Language Class Initialized
INFO - 2025-05-12 09:19:45 --> Config Class Initialized
INFO - 2025-05-12 09:19:45 --> Loader Class Initialized
INFO - 2025-05-12 09:19:45 --> Helper loaded: url_helper
INFO - 2025-05-12 09:19:45 --> Helper loaded: easyui_helper
INFO - 2025-05-12 09:19:45 --> Helper loaded: param_helper
INFO - 2025-05-12 09:19:45 --> Helper loaded: credential_helper
INFO - 2025-05-12 09:19:45 --> Helper loaded: template_helper
INFO - 2025-05-12 09:19:45 --> Helper loaded: rest_helper
INFO - 2025-05-12 09:19:45 --> Database Driver Class Initialized
DEBUG - 2025-05-12 09:19:45 --> Idgenerator class already loaded. Second attempt ignored.
INFO - 2025-05-12 09:19:45 --> Controller Class Initialized
DEBUG - 2025-05-12 09:19:45 --> File loaded: /apps/web-drc/application/modules/app_auth/views/login_lte_template.php
DEBUG - 2025-05-12 09:19:45 --> File loaded: /apps/web-drc/application/views/template_login_lte/header.php
DEBUG - 2025-05-12 09:19:45 --> File loaded: /apps/web-drc/application/views/template_login_lte/contents.php
DEBUG - 2025-05-12 09:19:45 --> File loaded: /apps/web-drc/application/views/template_login_lte/default.php
INFO - 2025-05-12 09:19:45 --> Final output sent to browser
DEBUG - 2025-05-12 09:19:45 --> Total execution time: 0.0029
INFO - 2025-05-12 09:19:48 --> Config Class Initialized
INFO - 2025-05-12 09:19:48 --> Hooks Class Initialized
DEBUG - 2025-05-12 09:19:48 --> UTF-8 Support Enabled
INFO - 2025-05-12 09:19:48 --> Utf8 Class Initialized
INFO - 2025-05-12 09:19:48 --> URI Class Initialized
INFO - 2025-05-12 09:19:48 --> Router Class Initialized
INFO - 2025-05-12 09:19:48 --> Output Class Initialized
INFO - 2025-05-12 09:19:48 --> Security Class Initialized
DEBUG - 2025-05-12 09:19:48 --> Global POST, GET and COOKIE data sanitized
INFO - 2025-05-12 09:19:48 --> Input Class Initialized
INFO - 2025-05-12 09:19:48 --> Language Class Initialized
ERROR - 2025-05-12 09:19:48 --> 404 Page Not Found: /index
INFO - 2025-05-12 10:58:36 --> Config Class Initialized
INFO - 2025-05-12 10:58:36 --> Hooks Class Initialized
DEBUG - 2025-05-12 10:58:36 --> UTF-8 Support Enabled
INFO - 2025-05-12 10:58:36 --> Utf8 Class Initialized
INFO - 2025-05-12 10:58:36 --> URI Class Initialized
DEBUG - 2025-05-12 10:58:36 --> No URI present. Default controller set.
INFO - 2025-05-12 10:58:36 --> Router Class Initialized
INFO - 2025-05-12 10:58:36 --> Output Class Initialized
INFO - 2025-05-12 10:58:36 --> Security Class Initialized
DEBUG - 2025-05-12 10:58:36 --> Global POST, GET and COOKIE data sanitized
INFO - 2025-05-12 10:58:36 --> Input Class Initialized
INFO - 2025-05-12 10:58:36 --> Language Class Initialized
INFO - 2025-05-12 10:58:36 --> Language Class Initialized
INFO - 2025-05-12 10:58:36 --> Config Class Initialized
INFO - 2025-05-12 10:58:36 --> Loader Class Initialized
INFO - 2025-05-12 10:58:36 --> Helper loaded: url_helper
INFO - 2025-05-12 10:58:36 --> Helper loaded: easyui_helper
INFO - 2025-05-12 10:58:36 --> Helper loaded: param_helper
INFO - 2025-05-12 10:58:36 --> Helper loaded: credential_helper
INFO - 2025-05-12 10:58:36 --> Helper loaded: template_helper
INFO - 2025-05-12 10:58:36 --> Helper loaded: rest_helper
INFO - 2025-05-12 10:58:36 --> Database Driver Class Initialized
DEBUG - 2025-05-12 10:58:36 --> Idgenerator class already loaded. Second attempt ignored.
INFO - 2025-05-12 10:58:36 --> Controller Class Initialized
DEBUG - 2025-05-12 10:58:36 --> File loaded: /apps/web-drc/application/modules/app_auth/views/login_lte_template.php
DEBUG - 2025-05-12 10:58:36 --> File loaded: /apps/web-drc/application/views/template_login_lte/header.php
DEBUG - 2025-05-12 10:58:36 --> File loaded: /apps/web-drc/application/views/template_login_lte/contents.php
DEBUG - 2025-05-12 10:58:36 --> File loaded: /apps/web-drc/application/views/template_login_lte/default.php
INFO - 2025-05-12 10:58:36 --> Final output sent to browser
DEBUG - 2025-05-12 10:58:36 --> Total execution time: 0.0056
INFO - 2025-05-12 15:37:20 --> Config Class Initialized
INFO - 2025-05-12 15:37:20 --> Hooks Class Initialized
DEBUG - 2025-05-12 15:37:20 --> UTF-8 Support Enabled
INFO - 2025-05-12 15:37:20 --> Utf8 Class Initialized
INFO - 2025-05-12 15:37:20 --> URI Class Initialized
DEBUG - 2025-05-12 15:37:20 --> No URI present. Default controller set.
INFO - 2025-05-12 15:37:20 --> Router Class Initialized
INFO - 2025-05-12 15:37:20 --> Output Class Initialized
INFO - 2025-05-12 15:37:20 --> Security Class Initialized
DEBUG - 2025-05-12 15:37:20 --> Global POST, GET and COOKIE data sanitized
INFO - 2025-05-12 15:37:20 --> Input Class Initialized
INFO - 2025-05-12 15:37:20 --> Language Class Initialized
INFO - 2025-05-12 15:37:20 --> Language Class Initialized
INFO - 2025-05-12 15:37:20 --> Config Class Initialized
INFO - 2025-05-12 15:37:20 --> Loader Class Initialized
INFO - 2025-05-12 15:37:20 --> Helper loaded: url_helper
INFO - 2025-05-12 15:37:20 --> Helper loaded: easyui_helper
INFO - 2025-05-12 15:37:20 --> Helper loaded: param_helper
INFO - 2025-05-12 15:37:20 --> Helper loaded: credential_helper
INFO - 2025-05-12 15:37:20 --> Helper loaded: template_helper
INFO - 2025-05-12 15:37:20 --> Helper loaded: rest_helper
INFO - 2025-05-12 15:37:20 --> Database Driver Class Initialized
DEBUG - 2025-05-12 15:37:20 --> Idgenerator class already loaded. Second attempt ignored.
INFO - 2025-05-12 15:37:20 --> Controller Class Initialized
DEBUG - 2025-05-12 15:37:20 --> File loaded: /apps/web-drc/application/modules/app_auth/views/login_lte_template.php
DEBUG - 2025-05-12 15:37:20 --> File loaded: /apps/web-drc/application/views/template_login_lte/header.php
DEBUG - 2025-05-12 15:37:20 --> File loaded: /apps/web-drc/application/views/template_login_lte/contents.php
DEBUG - 2025-05-12 15:37:20 --> File loaded: /apps/web-drc/application/views/template_login_lte/default.php
INFO - 2025-05-12 15:37:20 --> Final output sent to browser
DEBUG - 2025-05-12 15:37:20 --> Total execution time: 0.0472
INFO - 2025-05-12 15:37:22 --> Config Class Initialized
INFO - 2025-05-12 15:37:22 --> Hooks Class Initialized
DEBUG - 2025-05-12 15:37:22 --> UTF-8 Support Enabled
INFO - 2025-05-12 15:37:22 --> Utf8 Class Initialized
INFO - 2025-05-12 15:37:22 --> URI Class Initialized
INFO - 2025-05-12 15:37:22 --> Router Class Initialized
INFO - 2025-05-12 15:37:22 --> Output Class Initialized
INFO - 2025-05-12 15:37:22 --> Security Class Initialized
DEBUG - 2025-05-12 15:37:22 --> Global POST, GET and COOKIE data sanitized
INFO - 2025-05-12 15:37:22 --> Input Class Initialized
INFO - 2025-05-12 15:37:22 --> Language Class Initialized
ERROR - 2025-05-12 15:37:22 --> 404 Page Not Found: /index
