INFO - 2025-02-05 11:32:44 --> Config Class Initialized
INFO - 2025-02-05 11:32:44 --> Hooks Class Initialized
DEBUG - 2025-02-05 11:32:44 --> UTF-8 Support Enabled
INFO - 2025-02-05 11:32:44 --> Utf8 Class Initialized
INFO - 2025-02-05 11:32:44 --> URI Class Initialized
INFO - 2025-02-05 11:32:44 --> Router Class Initialized
INFO - 2025-02-05 11:32:44 --> Output Class Initialized
INFO - 2025-02-05 11:32:44 --> Security Class Initialized
DEBUG - 2025-02-05 11:32:44 --> Global POST, GET and COOKIE data sanitized
INFO - 2025-02-05 11:32:44 --> Input Class Initialized
INFO - 2025-02-05 11:32:44 --> Language Class Initialized
INFO - 2025-02-05 11:32:44 --> Language Class Initialized
INFO - 2025-02-05 11:32:44 --> Config Class Initialized
INFO - 2025-02-05 11:32:44 --> Loader Class Initialized
INFO - 2025-02-05 11:32:44 --> Helper loaded: url_helper
INFO - 2025-02-05 11:32:44 --> Helper loaded: easyui_helper
INFO - 2025-02-05 11:32:44 --> Helper loaded: param_helper
INFO - 2025-02-05 11:32:44 --> Helper loaded: credential_helper
INFO - 2025-02-05 11:32:44 --> Helper loaded: template_helper
INFO - 2025-02-05 11:32:44 --> Helper loaded: rest_helper
INFO - 2025-02-05 11:32:44 --> Database Driver Class Initialized
DEBUG - 2025-02-05 11:32:44 --> Idgenerator class already loaded. Second attempt ignored.
INFO - 2025-02-05 11:32:44 --> Controller Class Initialized
INFO - 2025-02-05 11:32:44 --> Model Class Initialized
DEBUG - 2025-02-05 11:32:44 --> File loaded: /apps/web-drc/application/modules/drc_dashboard/models/Drc_dashboard_model.php
INFO - 2025-02-05 11:32:44 --> Model Class Initialized
DEBUG - 2025-02-05 11:32:44 --> File loaded: /apps/web-drc/application/modules/drc_dashboard/views/form.php
DEBUG - 2025-02-05 11:32:44 --> File loaded: /apps/web-drc/application/views/templates/header.php
DEBUG - 2025-02-05 11:32:44 --> File loaded: /apps/web-drc/application/views/templates/toolbar.php
DEBUG - 2025-02-05 11:32:44 --> File loaded: /apps/web-drc/application/views/templates/sidebar.php
DEBUG - 2025-02-05 11:32:44 --> File loaded: /apps/web-drc/application/views/templates/contents.php
DEBUG - 2025-02-05 11:32:44 --> File loaded: /apps/web-drc/application/views/templates/content_footer.php
DEBUG - 2025-02-05 11:32:44 --> File loaded: /apps/web-drc/application/views/templates/footer.php
INFO - 2025-02-05 11:32:44 --> Config Class Initialized
INFO - 2025-02-05 11:32:44 --> Hooks Class Initialized
DEBUG - 2025-02-05 11:32:44 --> UTF-8 Support Enabled
INFO - 2025-02-05 11:32:44 --> Utf8 Class Initialized
INFO - 2025-02-05 11:32:44 --> URI Class Initialized
DEBUG - 2025-02-05 11:32:44 --> No URI present. Default controller set.
INFO - 2025-02-05 11:32:44 --> Router Class Initialized
INFO - 2025-02-05 11:32:44 --> Output Class Initialized
INFO - 2025-02-05 11:32:44 --> Security Class Initialized
DEBUG - 2025-02-05 11:32:44 --> Global POST, GET and COOKIE data sanitized
INFO - 2025-02-05 11:32:44 --> Input Class Initialized
INFO - 2025-02-05 11:32:44 --> Language Class Initialized
INFO - 2025-02-05 11:32:44 --> Language Class Initialized
INFO - 2025-02-05 11:32:44 --> Config Class Initialized
INFO - 2025-02-05 11:32:44 --> Loader Class Initialized
INFO - 2025-02-05 11:32:44 --> Helper loaded: url_helper
INFO - 2025-02-05 11:32:44 --> Helper loaded: easyui_helper
INFO - 2025-02-05 11:32:44 --> Helper loaded: param_helper
INFO - 2025-02-05 11:32:44 --> Helper loaded: credential_helper
INFO - 2025-02-05 11:32:44 --> Helper loaded: template_helper
INFO - 2025-02-05 11:32:44 --> Helper loaded: rest_helper
INFO - 2025-02-05 11:32:44 --> Database Driver Class Initialized
DEBUG - 2025-02-05 11:32:44 --> Idgenerator class already loaded. Second attempt ignored.
INFO - 2025-02-05 11:32:44 --> Controller Class Initialized
DEBUG - 2025-02-05 11:32:44 --> File loaded: /apps/web-drc/application/modules/app_auth/views/login_lte_template.php
DEBUG - 2025-02-05 11:32:44 --> File loaded: /apps/web-drc/application/views/template_login_lte/header.php
DEBUG - 2025-02-05 11:32:44 --> File loaded: /apps/web-drc/application/views/template_login_lte/contents.php
DEBUG - 2025-02-05 11:32:44 --> File loaded: /apps/web-drc/application/views/template_login_lte/default.php
INFO - 2025-02-05 11:32:44 --> Final output sent to browser
DEBUG - 2025-02-05 11:32:44 --> Total execution time: 0.0081
INFO - 2025-02-05 11:32:45 --> Config Class Initialized
INFO - 2025-02-05 11:32:45 --> Hooks Class Initialized
DEBUG - 2025-02-05 11:32:45 --> UTF-8 Support Enabled
INFO - 2025-02-05 11:32:45 --> Utf8 Class Initialized
INFO - 2025-02-05 11:32:45 --> URI Class Initialized
INFO - 2025-02-05 11:32:45 --> Router Class Initialized
INFO - 2025-02-05 11:32:45 --> Output Class Initialized
INFO - 2025-02-05 11:32:45 --> Security Class Initialized
DEBUG - 2025-02-05 11:32:45 --> Global POST, GET and COOKIE data sanitized
INFO - 2025-02-05 11:32:45 --> Input Class Initialized
INFO - 2025-02-05 11:32:45 --> Language Class Initialized
ERROR - 2025-02-05 11:32:45 --> 404 Page Not Found: /index
INFO - 2025-02-05 23:54:38 --> Config Class Initialized
INFO - 2025-02-05 23:54:38 --> Hooks Class Initialized
DEBUG - 2025-02-05 23:54:38 --> UTF-8 Support Enabled
INFO - 2025-02-05 23:54:38 --> Utf8 Class Initialized
INFO - 2025-02-05 23:54:38 --> URI Class Initialized
DEBUG - 2025-02-05 23:54:38 --> No URI present. Default controller set.
INFO - 2025-02-05 23:54:38 --> Router Class Initialized
INFO - 2025-02-05 23:54:38 --> Output Class Initialized
INFO - 2025-02-05 23:54:38 --> Security Class Initialized
DEBUG - 2025-02-05 23:54:38 --> Global POST, GET and COOKIE data sanitized
INFO - 2025-02-05 23:54:38 --> Input Class Initialized
INFO - 2025-02-05 23:54:38 --> Language Class Initialized
INFO - 2025-02-05 23:54:38 --> Language Class Initialized
INFO - 2025-02-05 23:54:38 --> Config Class Initialized
INFO - 2025-02-05 23:54:38 --> Loader Class Initialized
INFO - 2025-02-05 23:54:38 --> Helper loaded: url_helper
INFO - 2025-02-05 23:54:38 --> Helper loaded: easyui_helper
INFO - 2025-02-05 23:54:38 --> Helper loaded: param_helper
INFO - 2025-02-05 23:54:38 --> Helper loaded: credential_helper
INFO - 2025-02-05 23:54:38 --> Helper loaded: template_helper
INFO - 2025-02-05 23:54:38 --> Helper loaded: rest_helper
INFO - 2025-02-05 23:54:38 --> Database Driver Class Initialized
DEBUG - 2025-02-05 23:54:38 --> Idgenerator class already loaded. Second attempt ignored.
INFO - 2025-02-05 23:54:38 --> Controller Class Initialized
DEBUG - 2025-02-05 23:54:38 --> File loaded: /apps/web-drc/application/modules/app_auth/views/login_lte_template.php
DEBUG - 2025-02-05 23:54:38 --> File loaded: /apps/web-drc/application/views/template_login_lte/header.php
DEBUG - 2025-02-05 23:54:38 --> File loaded: /apps/web-drc/application/views/template_login_lte/contents.php
DEBUG - 2025-02-05 23:54:38 --> File loaded: /apps/web-drc/application/views/template_login_lte/default.php
INFO - 2025-02-05 23:54:38 --> Final output sent to browser
DEBUG - 2025-02-05 23:54:38 --> Total execution time: 0.0711
INFO - 2025-02-05 23:54:38 --> Config Class Initialized
INFO - 2025-02-05 23:54:38 --> Hooks Class Initialized
DEBUG - 2025-02-05 23:54:38 --> UTF-8 Support Enabled
INFO - 2025-02-05 23:54:38 --> Utf8 Class Initialized
INFO - 2025-02-05 23:54:38 --> URI Class Initialized
INFO - 2025-02-05 23:54:38 --> Router Class Initialized
INFO - 2025-02-05 23:54:38 --> Output Class Initialized
INFO - 2025-02-05 23:54:38 --> Security Class Initialized
DEBUG - 2025-02-05 23:54:38 --> Global POST, GET and COOKIE data sanitized
INFO - 2025-02-05 23:54:38 --> Input Class Initialized
INFO - 2025-02-05 23:54:38 --> Language Class Initialized
ERROR - 2025-02-05 23:54:38 --> 404 Page Not Found: /index
INFO - 2025-02-05 23:54:45 --> Config Class Initialized
INFO - 2025-02-05 23:54:45 --> Hooks Class Initialized
DEBUG - 2025-02-05 23:54:45 --> UTF-8 Support Enabled
INFO - 2025-02-05 23:54:45 --> Utf8 Class Initialized
INFO - 2025-02-05 23:54:45 --> URI Class Initialized
INFO - 2025-02-05 23:54:45 --> Router Class Initialized
INFO - 2025-02-05 23:54:45 --> Output Class Initialized
INFO - 2025-02-05 23:54:45 --> Security Class Initialized
DEBUG - 2025-02-05 23:54:45 --> Global POST, GET and COOKIE data sanitized
INFO - 2025-02-05 23:54:45 --> Input Class Initialized
INFO - 2025-02-05 23:54:45 --> Language Class Initialized
INFO - 2025-02-05 23:54:45 --> Language Class Initialized
INFO - 2025-02-05 23:54:45 --> Config Class Initialized
INFO - 2025-02-05 23:54:45 --> Loader Class Initialized
INFO - 2025-02-05 23:54:45 --> Helper loaded: url_helper
INFO - 2025-02-05 23:54:45 --> Helper loaded: easyui_helper
INFO - 2025-02-05 23:54:45 --> Helper loaded: param_helper
INFO - 2025-02-05 23:54:45 --> Helper loaded: credential_helper
INFO - 2025-02-05 23:54:45 --> Helper loaded: template_helper
INFO - 2025-02-05 23:54:45 --> Helper loaded: rest_helper
INFO - 2025-02-05 23:54:45 --> Database Driver Class Initialized
DEBUG - 2025-02-05 23:54:45 --> Idgenerator class already loaded. Second attempt ignored.
INFO - 2025-02-05 23:54:45 --> Controller Class Initialized
INFO - 2025-02-05 23:54:45 --> Final output sent to browser
DEBUG - 2025-02-05 23:54:45 --> Total execution time: 0.0393
INFO - 2025-02-05 23:54:55 --> Config Class Initialized
INFO - 2025-02-05 23:54:55 --> Hooks Class Initialized
DEBUG - 2025-02-05 23:54:55 --> UTF-8 Support Enabled
INFO - 2025-02-05 23:54:55 --> Utf8 Class Initialized
INFO - 2025-02-05 23:54:55 --> URI Class Initialized
INFO - 2025-02-05 23:54:55 --> Router Class Initialized
INFO - 2025-02-05 23:54:55 --> Output Class Initialized
INFO - 2025-02-05 23:54:55 --> Security Class Initialized
DEBUG - 2025-02-05 23:54:55 --> Global POST, GET and COOKIE data sanitized
INFO - 2025-02-05 23:54:55 --> Input Class Initialized
INFO - 2025-02-05 23:54:55 --> Language Class Initialized
INFO - 2025-02-05 23:54:55 --> Language Class Initialized
INFO - 2025-02-05 23:54:55 --> Config Class Initialized
INFO - 2025-02-05 23:54:55 --> Loader Class Initialized
INFO - 2025-02-05 23:54:55 --> Helper loaded: url_helper
INFO - 2025-02-05 23:54:55 --> Helper loaded: easyui_helper
INFO - 2025-02-05 23:54:55 --> Helper loaded: param_helper
INFO - 2025-02-05 23:54:55 --> Helper loaded: credential_helper
INFO - 2025-02-05 23:54:55 --> Helper loaded: template_helper
INFO - 2025-02-05 23:54:55 --> Helper loaded: rest_helper
INFO - 2025-02-05 23:54:55 --> Database Driver Class Initialized
DEBUG - 2025-02-05 23:54:55 --> Idgenerator class already loaded. Second attempt ignored.
INFO - 2025-02-05 23:54:55 --> Controller Class Initialized
INFO - 2025-02-05 23:54:55 --> Final output sent to browser
DEBUG - 2025-02-05 23:54:55 --> Total execution time: 0.0080
INFO - 2025-02-05 23:54:55 --> Config Class Initialized
INFO - 2025-02-05 23:54:55 --> Hooks Class Initialized
DEBUG - 2025-02-05 23:54:55 --> UTF-8 Support Enabled
INFO - 2025-02-05 23:54:55 --> Utf8 Class Initialized
INFO - 2025-02-05 23:54:55 --> URI Class Initialized
INFO - 2025-02-05 23:54:55 --> Router Class Initialized
INFO - 2025-02-05 23:54:55 --> Output Class Initialized
INFO - 2025-02-05 23:54:55 --> Security Class Initialized
DEBUG - 2025-02-05 23:54:55 --> Global POST, GET and COOKIE data sanitized
INFO - 2025-02-05 23:54:55 --> Input Class Initialized
INFO - 2025-02-05 23:54:55 --> Language Class Initialized
INFO - 2025-02-05 23:54:55 --> Language Class Initialized
INFO - 2025-02-05 23:54:55 --> Config Class Initialized
INFO - 2025-02-05 23:54:55 --> Loader Class Initialized
INFO - 2025-02-05 23:54:55 --> Helper loaded: url_helper
INFO - 2025-02-05 23:54:55 --> Helper loaded: easyui_helper
INFO - 2025-02-05 23:54:55 --> Helper loaded: param_helper
INFO - 2025-02-05 23:54:55 --> Helper loaded: credential_helper
INFO - 2025-02-05 23:54:55 --> Helper loaded: template_helper
INFO - 2025-02-05 23:54:55 --> Helper loaded: rest_helper
INFO - 2025-02-05 23:54:55 --> Database Driver Class Initialized
DEBUG - 2025-02-05 23:54:55 --> Idgenerator class already loaded. Second attempt ignored.
INFO - 2025-02-05 23:54:55 --> Controller Class Initialized
INFO - 2025-02-05 23:54:55 --> Model Class Initialized
DEBUG - 2025-02-05 23:54:55 --> File loaded: /apps/web-drc/application/modules/app_dashboard/models/App_dashboard_model.php
INFO - 2025-02-05 23:54:55 --> Model Class Initialized
DEBUG - 2025-02-05 23:54:55 --> File loaded: /apps/web-drc/application/modules/app_dashboard/views/content.php
DEBUG - 2025-02-05 23:54:55 --> File loaded: /apps/web-drc/application/views/templates/header.php
DEBUG - 2025-02-05 23:54:55 --> File loaded: /apps/web-drc/application/views/templates/toolbar.php
DEBUG - 2025-02-05 23:54:55 --> File loaded: /apps/web-drc/application/views/templates/sidebar.php
DEBUG - 2025-02-05 23:54:55 --> File loaded: /apps/web-drc/application/views/templates/contents.php
DEBUG - 2025-02-05 23:54:55 --> File loaded: /apps/web-drc/application/views/templates/content_footer.php
DEBUG - 2025-02-05 23:54:55 --> File loaded: /apps/web-drc/application/views/templates/footer.php
DEBUG - 2025-02-05 23:54:55 --> File loaded: /apps/web-drc/application/views/templates/default.php
INFO - 2025-02-05 23:54:55 --> Final output sent to browser
DEBUG - 2025-02-05 23:54:55 --> Total execution time: 0.0218
INFO - 2025-02-05 23:54:57 --> Config Class Initialized
INFO - 2025-02-05 23:54:57 --> Hooks Class Initialized
DEBUG - 2025-02-05 23:54:57 --> UTF-8 Support Enabled
INFO - 2025-02-05 23:54:57 --> Utf8 Class Initialized
INFO - 2025-02-05 23:54:57 --> URI Class Initialized
INFO - 2025-02-05 23:54:57 --> Router Class Initialized
INFO - 2025-02-05 23:54:57 --> Output Class Initialized
INFO - 2025-02-05 23:54:57 --> Security Class Initialized
DEBUG - 2025-02-05 23:54:57 --> Global POST, GET and COOKIE data sanitized
INFO - 2025-02-05 23:54:57 --> Input Class Initialized
INFO - 2025-02-05 23:54:57 --> Language Class Initialized
INFO - 2025-02-05 23:54:57 --> Language Class Initialized
INFO - 2025-02-05 23:54:57 --> Config Class Initialized
INFO - 2025-02-05 23:54:57 --> Loader Class Initialized
INFO - 2025-02-05 23:54:57 --> Helper loaded: url_helper
INFO - 2025-02-05 23:54:57 --> Helper loaded: easyui_helper
INFO - 2025-02-05 23:54:57 --> Helper loaded: param_helper
INFO - 2025-02-05 23:54:57 --> Helper loaded: credential_helper
INFO - 2025-02-05 23:54:57 --> Helper loaded: template_helper
INFO - 2025-02-05 23:54:57 --> Helper loaded: rest_helper
INFO - 2025-02-05 23:54:57 --> Database Driver Class Initialized
DEBUG - 2025-02-05 23:54:57 --> Idgenerator class already loaded. Second attempt ignored.
INFO - 2025-02-05 23:54:57 --> Controller Class Initialized
INFO - 2025-02-05 23:54:57 --> Model Class Initialized
DEBUG - 2025-02-05 23:54:57 --> File loaded: /apps/web-drc/application/modules/app_dashboard/models/App_dashboard_model.php
INFO - 2025-02-05 23:54:57 --> Model Class Initialized
INFO - 2025-02-05 23:54:57 --> Final output sent to browser
DEBUG - 2025-02-05 23:54:57 --> Total execution time: 0.0158
INFO - 2025-02-05 23:54:57 --> Config Class Initialized
INFO - 2025-02-05 23:54:57 --> Hooks Class Initialized
DEBUG - 2025-02-05 23:54:57 --> UTF-8 Support Enabled
INFO - 2025-02-05 23:54:57 --> Utf8 Class Initialized
INFO - 2025-02-05 23:54:57 --> URI Class Initialized
INFO - 2025-02-05 23:54:57 --> Router Class Initialized
INFO - 2025-02-05 23:54:57 --> Output Class Initialized
INFO - 2025-02-05 23:54:57 --> Security Class Initialized
DEBUG - 2025-02-05 23:54:57 --> Global POST, GET and COOKIE data sanitized
INFO - 2025-02-05 23:54:57 --> Input Class Initialized
INFO - 2025-02-05 23:54:57 --> Language Class Initialized
INFO - 2025-02-05 23:54:57 --> Language Class Initialized
INFO - 2025-02-05 23:54:57 --> Config Class Initialized
INFO - 2025-02-05 23:54:57 --> Loader Class Initialized
INFO - 2025-02-05 23:54:57 --> Helper loaded: url_helper
INFO - 2025-02-05 23:54:57 --> Helper loaded: easyui_helper
INFO - 2025-02-05 23:54:57 --> Helper loaded: param_helper
INFO - 2025-02-05 23:54:57 --> Helper loaded: credential_helper
INFO - 2025-02-05 23:54:57 --> Helper loaded: template_helper
INFO - 2025-02-05 23:54:57 --> Helper loaded: rest_helper
INFO - 2025-02-05 23:54:57 --> Database Driver Class Initialized
DEBUG - 2025-02-05 23:54:57 --> Idgenerator class already loaded. Second attempt ignored.
INFO - 2025-02-05 23:54:57 --> Controller Class Initialized
INFO - 2025-02-05 23:54:57 --> Model Class Initialized
DEBUG - 2025-02-05 23:54:57 --> File loaded: /apps/web-drc/application/modules/api_v1/models/Api_v1_model.php
INFO - 2025-02-05 23:54:57 --> Model Class Initialized
INFO - 2025-02-05 23:54:57 --> Final output sent to browser
DEBUG - 2025-02-05 23:54:57 --> Total execution time: 0.0133
INFO - 2025-02-05 23:54:57 --> Config Class Initialized
INFO - 2025-02-05 23:54:57 --> Hooks Class Initialized
DEBUG - 2025-02-05 23:54:57 --> UTF-8 Support Enabled
INFO - 2025-02-05 23:54:57 --> Utf8 Class Initialized
INFO - 2025-02-05 23:54:57 --> URI Class Initialized
INFO - 2025-02-05 23:54:57 --> Router Class Initialized
INFO - 2025-02-05 23:54:57 --> Output Class Initialized
INFO - 2025-02-05 23:54:57 --> Security Class Initialized
DEBUG - 2025-02-05 23:54:57 --> Global POST, GET and COOKIE data sanitized
INFO - 2025-02-05 23:54:57 --> Input Class Initialized
INFO - 2025-02-05 23:54:57 --> Language Class Initialized
ERROR - 2025-02-05 23:54:57 --> 404 Page Not Found: /index
INFO - 2025-02-05 23:54:57 --> Config Class Initialized
INFO - 2025-02-05 23:54:57 --> Hooks Class Initialized
DEBUG - 2025-02-05 23:54:57 --> UTF-8 Support Enabled
INFO - 2025-02-05 23:54:57 --> Utf8 Class Initialized
INFO - 2025-02-05 23:54:57 --> URI Class Initialized
INFO - 2025-02-05 23:54:57 --> Router Class Initialized
INFO - 2025-02-05 23:54:57 --> Output Class Initialized
INFO - 2025-02-05 23:54:57 --> Security Class Initialized
DEBUG - 2025-02-05 23:54:57 --> Global POST, GET and COOKIE data sanitized
INFO - 2025-02-05 23:54:57 --> Input Class Initialized
INFO - 2025-02-05 23:54:57 --> Language Class Initialized
ERROR - 2025-02-05 23:54:57 --> 404 Page Not Found: /index
INFO - 2025-02-05 23:55:05 --> Config Class Initialized
INFO - 2025-02-05 23:55:05 --> Hooks Class Initialized
DEBUG - 2025-02-05 23:55:05 --> UTF-8 Support Enabled
INFO - 2025-02-05 23:55:05 --> Utf8 Class Initialized
INFO - 2025-02-05 23:55:05 --> URI Class Initialized
INFO - 2025-02-05 23:55:05 --> Router Class Initialized
INFO - 2025-02-05 23:55:05 --> Output Class Initialized
INFO - 2025-02-05 23:55:05 --> Security Class Initialized
DEBUG - 2025-02-05 23:55:05 --> Global POST, GET and COOKIE data sanitized
INFO - 2025-02-05 23:55:05 --> Input Class Initialized
INFO - 2025-02-05 23:55:05 --> Language Class Initialized
INFO - 2025-02-05 23:55:05 --> Language Class Initialized
INFO - 2025-02-05 23:55:05 --> Config Class Initialized
INFO - 2025-02-05 23:55:05 --> Loader Class Initialized
INFO - 2025-02-05 23:55:05 --> Helper loaded: url_helper
INFO - 2025-02-05 23:55:05 --> Helper loaded: easyui_helper
INFO - 2025-02-05 23:55:05 --> Helper loaded: param_helper
INFO - 2025-02-05 23:55:05 --> Helper loaded: credential_helper
INFO - 2025-02-05 23:55:05 --> Helper loaded: template_helper
INFO - 2025-02-05 23:55:05 --> Helper loaded: rest_helper
INFO - 2025-02-05 23:55:05 --> Database Driver Class Initialized
DEBUG - 2025-02-05 23:55:05 --> Idgenerator class already loaded. Second attempt ignored.
INFO - 2025-02-05 23:55:05 --> Controller Class Initialized
INFO - 2025-02-05 23:55:05 --> Model Class Initialized
DEBUG - 2025-02-05 23:55:05 --> File loaded: /apps/web-drc/application/modules/change_mypassword/models/Change_mypassword_model.php
INFO - 2025-02-05 23:55:05 --> Model Class Initialized
DEBUG - 2025-02-05 23:55:05 --> File loaded: /apps/web-drc/application/modules/change_mypassword/views/form.php
DEBUG - 2025-02-05 23:55:05 --> File loaded: /apps/web-drc/application/views/templates/header.php
DEBUG - 2025-02-05 23:55:05 --> File loaded: /apps/web-drc/application/views/templates/toolbar.php
DEBUG - 2025-02-05 23:55:05 --> File loaded: /apps/web-drc/application/views/templates/sidebar.php
DEBUG - 2025-02-05 23:55:05 --> File loaded: /apps/web-drc/application/views/templates/contents.php
DEBUG - 2025-02-05 23:55:05 --> File loaded: /apps/web-drc/application/views/templates/content_footer.php
DEBUG - 2025-02-05 23:55:05 --> File loaded: /apps/web-drc/application/views/templates/footer.php
DEBUG - 2025-02-05 23:55:05 --> File loaded: /apps/web-drc/application/views/templates/default.php
INFO - 2025-02-05 23:55:05 --> Final output sent to browser
DEBUG - 2025-02-05 23:55:05 --> Total execution time: 0.0166
INFO - 2025-02-05 23:55:21 --> Config Class Initialized
INFO - 2025-02-05 23:55:21 --> Hooks Class Initialized
DEBUG - 2025-02-05 23:55:21 --> UTF-8 Support Enabled
INFO - 2025-02-05 23:55:21 --> Utf8 Class Initialized
INFO - 2025-02-05 23:55:21 --> URI Class Initialized
INFO - 2025-02-05 23:55:21 --> Router Class Initialized
INFO - 2025-02-05 23:55:21 --> Output Class Initialized
INFO - 2025-02-05 23:55:21 --> Security Class Initialized
DEBUG - 2025-02-05 23:55:21 --> Global POST, GET and COOKIE data sanitized
INFO - 2025-02-05 23:55:21 --> Input Class Initialized
INFO - 2025-02-05 23:55:21 --> Language Class Initialized
INFO - 2025-02-05 23:55:21 --> Language Class Initialized
INFO - 2025-02-05 23:55:21 --> Config Class Initialized
INFO - 2025-02-05 23:55:21 --> Loader Class Initialized
INFO - 2025-02-05 23:55:21 --> Helper loaded: url_helper
INFO - 2025-02-05 23:55:21 --> Helper loaded: easyui_helper
INFO - 2025-02-05 23:55:21 --> Helper loaded: param_helper
INFO - 2025-02-05 23:55:21 --> Helper loaded: credential_helper
INFO - 2025-02-05 23:55:21 --> Helper loaded: template_helper
INFO - 2025-02-05 23:55:21 --> Helper loaded: rest_helper
INFO - 2025-02-05 23:55:21 --> Database Driver Class Initialized
DEBUG - 2025-02-05 23:55:21 --> Idgenerator class already loaded. Second attempt ignored.
INFO - 2025-02-05 23:55:21 --> Controller Class Initialized
INFO - 2025-02-05 23:55:21 --> Model Class Initialized
DEBUG - 2025-02-05 23:55:21 --> File loaded: /apps/web-drc/application/modules/app_dashboard/models/App_dashboard_model.php
INFO - 2025-02-05 23:55:21 --> Model Class Initialized
DEBUG - 2025-02-05 23:55:21 --> File loaded: /apps/web-drc/application/modules/app_dashboard/views/content.php
DEBUG - 2025-02-05 23:55:21 --> File loaded: /apps/web-drc/application/views/templates/header.php
DEBUG - 2025-02-05 23:55:21 --> File loaded: /apps/web-drc/application/views/templates/toolbar.php
DEBUG - 2025-02-05 23:55:21 --> File loaded: /apps/web-drc/application/views/templates/sidebar.php
DEBUG - 2025-02-05 23:55:21 --> File loaded: /apps/web-drc/application/views/templates/contents.php
DEBUG - 2025-02-05 23:55:21 --> File loaded: /apps/web-drc/application/views/templates/content_footer.php
DEBUG - 2025-02-05 23:55:21 --> File loaded: /apps/web-drc/application/views/templates/footer.php
DEBUG - 2025-02-05 23:55:21 --> File loaded: /apps/web-drc/application/views/templates/default.php
INFO - 2025-02-05 23:55:21 --> Final output sent to browser
DEBUG - 2025-02-05 23:55:21 --> Total execution time: 0.0077
INFO - 2025-02-05 23:55:21 --> Config Class Initialized
INFO - 2025-02-05 23:55:21 --> Hooks Class Initialized
DEBUG - 2025-02-05 23:55:21 --> UTF-8 Support Enabled
INFO - 2025-02-05 23:55:21 --> Utf8 Class Initialized
INFO - 2025-02-05 23:55:21 --> URI Class Initialized
INFO - 2025-02-05 23:55:21 --> Router Class Initialized
INFO - 2025-02-05 23:55:21 --> Output Class Initialized
INFO - 2025-02-05 23:55:21 --> Security Class Initialized
DEBUG - 2025-02-05 23:55:21 --> Global POST, GET and COOKIE data sanitized
INFO - 2025-02-05 23:55:21 --> Input Class Initialized
INFO - 2025-02-05 23:55:21 --> Language Class Initialized
INFO - 2025-02-05 23:55:21 --> Language Class Initialized
INFO - 2025-02-05 23:55:21 --> Config Class Initialized
INFO - 2025-02-05 23:55:21 --> Loader Class Initialized
INFO - 2025-02-05 23:55:21 --> Helper loaded: url_helper
INFO - 2025-02-05 23:55:21 --> Helper loaded: easyui_helper
INFO - 2025-02-05 23:55:21 --> Helper loaded: param_helper
INFO - 2025-02-05 23:55:21 --> Helper loaded: credential_helper
INFO - 2025-02-05 23:55:21 --> Helper loaded: template_helper
INFO - 2025-02-05 23:55:21 --> Helper loaded: rest_helper
INFO - 2025-02-05 23:55:21 --> Database Driver Class Initialized
DEBUG - 2025-02-05 23:55:21 --> Idgenerator class already loaded. Second attempt ignored.
INFO - 2025-02-05 23:55:21 --> Controller Class Initialized
INFO - 2025-02-05 23:55:21 --> Model Class Initialized
DEBUG - 2025-02-05 23:55:21 --> File loaded: /apps/web-drc/application/modules/app_dashboard/models/App_dashboard_model.php
INFO - 2025-02-05 23:55:21 --> Model Class Initialized
INFO - 2025-02-05 23:55:21 --> Final output sent to browser
DEBUG - 2025-02-05 23:55:21 --> Total execution time: 0.0087
INFO - 2025-02-05 23:55:21 --> Config Class Initialized
INFO - 2025-02-05 23:55:21 --> Hooks Class Initialized
DEBUG - 2025-02-05 23:55:21 --> UTF-8 Support Enabled
INFO - 2025-02-05 23:55:21 --> Utf8 Class Initialized
INFO - 2025-02-05 23:55:21 --> URI Class Initialized
INFO - 2025-02-05 23:55:21 --> Router Class Initialized
INFO - 2025-02-05 23:55:21 --> Output Class Initialized
INFO - 2025-02-05 23:55:21 --> Security Class Initialized
DEBUG - 2025-02-05 23:55:21 --> Global POST, GET and COOKIE data sanitized
INFO - 2025-02-05 23:55:21 --> Input Class Initialized
INFO - 2025-02-05 23:55:21 --> Language Class Initialized
INFO - 2025-02-05 23:55:21 --> Language Class Initialized
INFO - 2025-02-05 23:55:21 --> Config Class Initialized
INFO - 2025-02-05 23:55:21 --> Loader Class Initialized
INFO - 2025-02-05 23:55:21 --> Helper loaded: url_helper
INFO - 2025-02-05 23:55:21 --> Helper loaded: easyui_helper
INFO - 2025-02-05 23:55:21 --> Helper loaded: param_helper
INFO - 2025-02-05 23:55:21 --> Helper loaded: credential_helper
INFO - 2025-02-05 23:55:21 --> Helper loaded: template_helper
INFO - 2025-02-05 23:55:21 --> Helper loaded: rest_helper
INFO - 2025-02-05 23:55:21 --> Database Driver Class Initialized
DEBUG - 2025-02-05 23:55:21 --> Idgenerator class already loaded. Second attempt ignored.
INFO - 2025-02-05 23:55:21 --> Controller Class Initialized
INFO - 2025-02-05 23:55:21 --> Model Class Initialized
DEBUG - 2025-02-05 23:55:21 --> File loaded: /apps/web-drc/application/modules/api_v1/models/Api_v1_model.php
INFO - 2025-02-05 23:55:21 --> Model Class Initialized
INFO - 2025-02-05 23:55:21 --> Final output sent to browser
DEBUG - 2025-02-05 23:55:21 --> Total execution time: 0.0036
INFO - 2025-02-05 23:55:29 --> Config Class Initialized
INFO - 2025-02-05 23:55:29 --> Hooks Class Initialized
DEBUG - 2025-02-05 23:55:29 --> UTF-8 Support Enabled
INFO - 2025-02-05 23:55:29 --> Utf8 Class Initialized
INFO - 2025-02-05 23:55:29 --> URI Class Initialized
INFO - 2025-02-05 23:55:29 --> Router Class Initialized
INFO - 2025-02-05 23:55:29 --> Output Class Initialized
INFO - 2025-02-05 23:55:29 --> Security Class Initialized
DEBUG - 2025-02-05 23:55:29 --> Global POST, GET and COOKIE data sanitized
INFO - 2025-02-05 23:55:29 --> Input Class Initialized
INFO - 2025-02-05 23:55:29 --> Language Class Initialized
INFO - 2025-02-05 23:55:29 --> Language Class Initialized
INFO - 2025-02-05 23:55:29 --> Config Class Initialized
INFO - 2025-02-05 23:55:29 --> Loader Class Initialized
INFO - 2025-02-05 23:55:29 --> Helper loaded: url_helper
INFO - 2025-02-05 23:55:29 --> Helper loaded: easyui_helper
INFO - 2025-02-05 23:55:29 --> Helper loaded: param_helper
INFO - 2025-02-05 23:55:29 --> Helper loaded: credential_helper
INFO - 2025-02-05 23:55:29 --> Helper loaded: template_helper
INFO - 2025-02-05 23:55:29 --> Helper loaded: rest_helper
INFO - 2025-02-05 23:55:29 --> Database Driver Class Initialized
DEBUG - 2025-02-05 23:55:29 --> Idgenerator class already loaded. Second attempt ignored.
INFO - 2025-02-05 23:55:29 --> Controller Class Initialized
INFO - 2025-02-05 23:55:29 --> Model Class Initialized
DEBUG - 2025-02-05 23:55:29 --> File loaded: /apps/web-drc/application/modules/app_dashboard/models/App_dashboard_model.php
INFO - 2025-02-05 23:55:29 --> Model Class Initialized
INFO - 2025-02-05 23:55:29 --> Final output sent to browser
DEBUG - 2025-02-05 23:55:29 --> Total execution time: 0.0099
INFO - 2025-02-05 23:55:41 --> Config Class Initialized
INFO - 2025-02-05 23:55:41 --> Hooks Class Initialized
DEBUG - 2025-02-05 23:55:41 --> UTF-8 Support Enabled
INFO - 2025-02-05 23:55:41 --> Utf8 Class Initialized
INFO - 2025-02-05 23:55:41 --> URI Class Initialized
INFO - 2025-02-05 23:55:41 --> Router Class Initialized
INFO - 2025-02-05 23:55:41 --> Output Class Initialized
INFO - 2025-02-05 23:55:41 --> Security Class Initialized
DEBUG - 2025-02-05 23:55:41 --> Global POST, GET and COOKIE data sanitized
INFO - 2025-02-05 23:55:41 --> Input Class Initialized
INFO - 2025-02-05 23:55:41 --> Language Class Initialized
INFO - 2025-02-05 23:55:41 --> Language Class Initialized
INFO - 2025-02-05 23:55:41 --> Config Class Initialized
INFO - 2025-02-05 23:55:41 --> Loader Class Initialized
INFO - 2025-02-05 23:55:41 --> Helper loaded: url_helper
INFO - 2025-02-05 23:55:41 --> Helper loaded: easyui_helper
INFO - 2025-02-05 23:55:41 --> Helper loaded: param_helper
INFO - 2025-02-05 23:55:41 --> Helper loaded: credential_helper
INFO - 2025-02-05 23:55:41 --> Helper loaded: template_helper
INFO - 2025-02-05 23:55:41 --> Helper loaded: rest_helper
INFO - 2025-02-05 23:55:41 --> Database Driver Class Initialized
DEBUG - 2025-02-05 23:55:41 --> Idgenerator class already loaded. Second attempt ignored.
INFO - 2025-02-05 23:55:41 --> Controller Class Initialized
INFO - 2025-02-05 23:55:41 --> Model Class Initialized
DEBUG - 2025-02-05 23:55:41 --> File loaded: /apps/web-drc/application/modules/app_dashboard/models/App_dashboard_model.php
INFO - 2025-02-05 23:55:41 --> Model Class Initialized
INFO - 2025-02-05 23:55:41 --> Final output sent to browser
DEBUG - 2025-02-05 23:55:41 --> Total execution time: 0.0070
INFO - 2025-02-05 23:55:45 --> Config Class Initialized
INFO - 2025-02-05 23:55:45 --> Hooks Class Initialized
DEBUG - 2025-02-05 23:55:45 --> UTF-8 Support Enabled
INFO - 2025-02-05 23:55:45 --> Utf8 Class Initialized
INFO - 2025-02-05 23:55:45 --> URI Class Initialized
INFO - 2025-02-05 23:55:45 --> Router Class Initialized
INFO - 2025-02-05 23:55:45 --> Output Class Initialized
INFO - 2025-02-05 23:55:45 --> Security Class Initialized
DEBUG - 2025-02-05 23:55:45 --> Global POST, GET and COOKIE data sanitized
INFO - 2025-02-05 23:55:45 --> Input Class Initialized
INFO - 2025-02-05 23:55:45 --> Language Class Initialized
INFO - 2025-02-05 23:55:45 --> Language Class Initialized
INFO - 2025-02-05 23:55:45 --> Config Class Initialized
INFO - 2025-02-05 23:55:45 --> Loader Class Initialized
INFO - 2025-02-05 23:55:45 --> Helper loaded: url_helper
INFO - 2025-02-05 23:55:45 --> Helper loaded: easyui_helper
INFO - 2025-02-05 23:55:45 --> Helper loaded: param_helper
INFO - 2025-02-05 23:55:45 --> Helper loaded: credential_helper
INFO - 2025-02-05 23:55:45 --> Helper loaded: template_helper
INFO - 2025-02-05 23:55:45 --> Helper loaded: rest_helper
INFO - 2025-02-05 23:55:45 --> Database Driver Class Initialized
DEBUG - 2025-02-05 23:55:45 --> Idgenerator class already loaded. Second attempt ignored.
INFO - 2025-02-05 23:55:45 --> Controller Class Initialized
INFO - 2025-02-05 23:55:45 --> Model Class Initialized
DEBUG - 2025-02-05 23:55:45 --> File loaded: /apps/web-drc/application/modules/app_dashboard/models/App_dashboard_model.php
INFO - 2025-02-05 23:55:45 --> Model Class Initialized
INFO - 2025-02-05 23:55:46 --> Final output sent to browser
DEBUG - 2025-02-05 23:55:46 --> Total execution time: 0.0209
INFO - 2025-02-05 23:55:53 --> Config Class Initialized
INFO - 2025-02-05 23:55:53 --> Hooks Class Initialized
DEBUG - 2025-02-05 23:55:53 --> UTF-8 Support Enabled
INFO - 2025-02-05 23:55:53 --> Utf8 Class Initialized
INFO - 2025-02-05 23:55:53 --> URI Class Initialized
INFO - 2025-02-05 23:55:53 --> Router Class Initialized
INFO - 2025-02-05 23:55:53 --> Output Class Initialized
INFO - 2025-02-05 23:55:53 --> Security Class Initialized
DEBUG - 2025-02-05 23:55:53 --> Global POST, GET and COOKIE data sanitized
INFO - 2025-02-05 23:55:53 --> Input Class Initialized
INFO - 2025-02-05 23:55:53 --> Language Class Initialized
INFO - 2025-02-05 23:55:53 --> Language Class Initialized
INFO - 2025-02-05 23:55:53 --> Config Class Initialized
INFO - 2025-02-05 23:55:53 --> Loader Class Initialized
INFO - 2025-02-05 23:55:53 --> Helper loaded: url_helper
INFO - 2025-02-05 23:55:53 --> Helper loaded: easyui_helper
INFO - 2025-02-05 23:55:53 --> Helper loaded: param_helper
INFO - 2025-02-05 23:55:53 --> Helper loaded: credential_helper
INFO - 2025-02-05 23:55:53 --> Helper loaded: template_helper
INFO - 2025-02-05 23:55:53 --> Helper loaded: rest_helper
INFO - 2025-02-05 23:55:53 --> Database Driver Class Initialized
DEBUG - 2025-02-05 23:55:53 --> Idgenerator class already loaded. Second attempt ignored.
INFO - 2025-02-05 23:55:53 --> Controller Class Initialized
INFO - 2025-02-05 23:55:53 --> Model Class Initialized
DEBUG - 2025-02-05 23:55:53 --> File loaded: /apps/web-drc/application/modules/app_dashboard/models/App_dashboard_model.php
INFO - 2025-02-05 23:55:53 --> Model Class Initialized
INFO - 2025-02-05 23:55:53 --> Final output sent to browser
DEBUG - 2025-02-05 23:55:53 --> Total execution time: 0.3764
INFO - 2025-02-05 23:56:45 --> Config Class Initialized
INFO - 2025-02-05 23:56:45 --> Hooks Class Initialized
DEBUG - 2025-02-05 23:56:45 --> UTF-8 Support Enabled
INFO - 2025-02-05 23:56:45 --> Utf8 Class Initialized
INFO - 2025-02-05 23:56:45 --> URI Class Initialized
INFO - 2025-02-05 23:56:45 --> Router Class Initialized
INFO - 2025-02-05 23:56:45 --> Output Class Initialized
INFO - 2025-02-05 23:56:45 --> Security Class Initialized
DEBUG - 2025-02-05 23:56:45 --> Global POST, GET and COOKIE data sanitized
INFO - 2025-02-05 23:56:45 --> Input Class Initialized
INFO - 2025-02-05 23:56:45 --> Language Class Initialized
INFO - 2025-02-05 23:56:45 --> Language Class Initialized
INFO - 2025-02-05 23:56:45 --> Config Class Initialized
INFO - 2025-02-05 23:56:45 --> Loader Class Initialized
INFO - 2025-02-05 23:56:45 --> Helper loaded: url_helper
INFO - 2025-02-05 23:56:45 --> Helper loaded: easyui_helper
INFO - 2025-02-05 23:56:45 --> Helper loaded: param_helper
INFO - 2025-02-05 23:56:45 --> Helper loaded: credential_helper
INFO - 2025-02-05 23:56:45 --> Helper loaded: template_helper
INFO - 2025-02-05 23:56:45 --> Helper loaded: rest_helper
INFO - 2025-02-05 23:56:45 --> Database Driver Class Initialized
DEBUG - 2025-02-05 23:56:45 --> Idgenerator class already loaded. Second attempt ignored.
INFO - 2025-02-05 23:56:45 --> Controller Class Initialized
INFO - 2025-02-05 23:56:45 --> Model Class Initialized
DEBUG - 2025-02-05 23:56:45 --> File loaded: /apps/web-drc/application/modules/app_dashboard/models/App_dashboard_model.php
INFO - 2025-02-05 23:56:45 --> Model Class Initialized
INFO - 2025-02-05 23:56:45 --> Final output sent to browser
DEBUG - 2025-02-05 23:56:45 --> Total execution time: 0.0064
