INFO - 2025-05-04 16:36:35 --> Config Class Initialized
INFO - 2025-05-04 16:36:35 --> Hooks Class Initialized
DEBUG - 2025-05-04 16:36:35 --> UTF-8 Support Enabled
INFO - 2025-05-04 16:36:35 --> Utf8 Class Initialized
INFO - 2025-05-04 16:36:35 --> URI Class Initialized
DEBUG - 2025-05-04 16:36:35 --> No URI present. Default controller set.
INFO - 2025-05-04 16:36:35 --> Router Class Initialized
INFO - 2025-05-04 16:36:35 --> Output Class Initialized
INFO - 2025-05-04 16:36:35 --> Security Class Initialized
DEBUG - 2025-05-04 16:36:35 --> Global POST, GET and COOKIE data sanitized
INFO - 2025-05-04 16:36:35 --> Input Class Initialized
INFO - 2025-05-04 16:36:35 --> Language Class Initialized
INFO - 2025-05-04 16:36:35 --> Language Class Initialized
INFO - 2025-05-04 16:36:35 --> Config Class Initialized
INFO - 2025-05-04 16:36:35 --> Loader Class Initialized
INFO - 2025-05-04 16:36:35 --> Helper loaded: url_helper
INFO - 2025-05-04 16:36:35 --> Helper loaded: easyui_helper
INFO - 2025-05-04 16:36:35 --> Helper loaded: param_helper
INFO - 2025-05-04 16:36:35 --> Helper loaded: credential_helper
INFO - 2025-05-04 16:36:35 --> Helper loaded: template_helper
INFO - 2025-05-04 16:36:35 --> Helper loaded: rest_helper
INFO - 2025-05-04 16:36:35 --> Database Driver Class Initialized
DEBUG - 2025-05-04 16:36:35 --> Idgenerator class already loaded. Second attempt ignored.
INFO - 2025-05-04 16:36:35 --> Controller Class Initialized
DEBUG - 2025-05-04 16:36:35 --> File loaded: /apps/web-drc/application/modules/app_auth/views/login_lte_template.php
DEBUG - 2025-05-04 16:36:35 --> File loaded: /apps/web-drc/application/views/template_login_lte/header.php
DEBUG - 2025-05-04 16:36:35 --> File loaded: /apps/web-drc/application/views/template_login_lte/contents.php
DEBUG - 2025-05-04 16:36:35 --> File loaded: /apps/web-drc/application/views/template_login_lte/default.php
INFO - 2025-05-04 16:36:35 --> Final output sent to browser
DEBUG - 2025-05-04 16:36:35 --> Total execution time: 0.0943
INFO - 2025-05-04 22:30:23 --> Config Class Initialized
INFO - 2025-05-04 22:30:23 --> Hooks Class Initialized
DEBUG - 2025-05-04 22:30:23 --> UTF-8 Support Enabled
INFO - 2025-05-04 22:30:23 --> Utf8 Class Initialized
INFO - 2025-05-04 22:30:23 --> URI Class Initialized
DEBUG - 2025-05-04 22:30:23 --> No URI present. Default controller set.
INFO - 2025-05-04 22:30:23 --> Router Class Initialized
INFO - 2025-05-04 22:30:23 --> Output Class Initialized
INFO - 2025-05-04 22:30:23 --> Security Class Initialized
DEBUG - 2025-05-04 22:30:23 --> Global POST, GET and COOKIE data sanitized
INFO - 2025-05-04 22:30:23 --> Input Class Initialized
INFO - 2025-05-04 22:30:23 --> Language Class Initialized
INFO - 2025-05-04 22:30:23 --> Language Class Initialized
INFO - 2025-05-04 22:30:23 --> Config Class Initialized
INFO - 2025-05-04 22:30:23 --> Loader Class Initialized
INFO - 2025-05-04 22:30:23 --> Helper loaded: url_helper
INFO - 2025-05-04 22:30:23 --> Helper loaded: easyui_helper
INFO - 2025-05-04 22:30:23 --> Helper loaded: param_helper
INFO - 2025-05-04 22:30:23 --> Helper loaded: credential_helper
INFO - 2025-05-04 22:30:23 --> Helper loaded: template_helper
INFO - 2025-05-04 22:30:23 --> Helper loaded: rest_helper
INFO - 2025-05-04 22:30:23 --> Database Driver Class Initialized
DEBUG - 2025-05-04 22:30:23 --> Idgenerator class already loaded. Second attempt ignored.
INFO - 2025-05-04 22:30:23 --> Controller Class Initialized
DEBUG - 2025-05-04 22:30:23 --> File loaded: /apps/web-drc/application/modules/app_auth/views/login_lte_template.php
DEBUG - 2025-05-04 22:30:23 --> File loaded: /apps/web-drc/application/views/template_login_lte/header.php
DEBUG - 2025-05-04 22:30:23 --> File loaded: /apps/web-drc/application/views/template_login_lte/contents.php
DEBUG - 2025-05-04 22:30:23 --> File loaded: /apps/web-drc/application/views/template_login_lte/default.php
INFO - 2025-05-04 22:30:23 --> Final output sent to browser
DEBUG - 2025-05-04 22:30:23 --> Total execution time: 0.0691
INFO - 2025-05-04 22:30:28 --> Config Class Initialized
INFO - 2025-05-04 22:30:28 --> Hooks Class Initialized
DEBUG - 2025-05-04 22:30:28 --> UTF-8 Support Enabled
INFO - 2025-05-04 22:30:28 --> Utf8 Class Initialized
INFO - 2025-05-04 22:30:28 --> URI Class Initialized
INFO - 2025-05-04 22:30:28 --> Router Class Initialized
INFO - 2025-05-04 22:30:28 --> Output Class Initialized
INFO - 2025-05-04 22:30:28 --> Security Class Initialized
DEBUG - 2025-05-04 22:30:28 --> Global POST, GET and COOKIE data sanitized
INFO - 2025-05-04 22:30:28 --> Input Class Initialized
INFO - 2025-05-04 22:30:28 --> Language Class Initialized
ERROR - 2025-05-04 22:30:28 --> 404 Page Not Found: /index
INFO - 2025-05-04 22:30:29 --> Config Class Initialized
INFO - 2025-05-04 22:30:29 --> Hooks Class Initialized
DEBUG - 2025-05-04 22:30:29 --> UTF-8 Support Enabled
INFO - 2025-05-04 22:30:29 --> Utf8 Class Initialized
INFO - 2025-05-04 22:30:29 --> URI Class Initialized
INFO - 2025-05-04 22:30:29 --> Router Class Initialized
INFO - 2025-05-04 22:30:29 --> Output Class Initialized
INFO - 2025-05-04 22:30:29 --> Security Class Initialized
DEBUG - 2025-05-04 22:30:29 --> Global POST, GET and COOKIE data sanitized
INFO - 2025-05-04 22:30:29 --> Input Class Initialized
INFO - 2025-05-04 22:30:29 --> Language Class Initialized
ERROR - 2025-05-04 22:30:29 --> 404 Page Not Found: /index
