INFO - 2025-01-21 19:24:32 --> Config Class Initialized
INFO - 2025-01-21 19:24:32 --> Hooks Class Initialized
DEBUG - 2025-01-21 19:24:32 --> UTF-8 Support Enabled
INFO - 2025-01-21 19:24:32 --> Utf8 Class Initialized
INFO - 2025-01-21 19:24:32 --> URI Class Initialized
INFO - 2025-01-21 19:24:32 --> Router Class Initialized
INFO - 2025-01-21 19:24:32 --> Output Class Initialized
INFO - 2025-01-21 19:24:32 --> Security Class Initialized
DEBUG - 2025-01-21 19:24:32 --> Global POST, GET and COOKIE data sanitized
INFO - 2025-01-21 19:24:32 --> Input Class Initialized
INFO - 2025-01-21 19:24:32 --> Language Class Initialized
INFO - 2025-01-21 19:24:32 --> Language Class Initialized
INFO - 2025-01-21 19:24:32 --> Config Class Initialized
INFO - 2025-01-21 19:24:32 --> Loader Class Initialized
INFO - 2025-01-21 19:24:32 --> Helper loaded: url_helper
INFO - 2025-01-21 19:24:32 --> Helper loaded: easyui_helper
INFO - 2025-01-21 19:24:32 --> Helper loaded: param_helper
INFO - 2025-01-21 19:24:32 --> Helper loaded: credential_helper
INFO - 2025-01-21 19:24:32 --> Helper loaded: template_helper
INFO - 2025-01-21 19:24:33 --> Helper loaded: rest_helper
INFO - 2025-01-21 19:24:33 --> Database Driver Class Initialized
DEBUG - 2025-01-21 19:24:33 --> Idgenerator class already loaded. Second attempt ignored.
INFO - 2025-01-21 19:24:33 --> Controller Class Initialized
INFO - 2025-01-21 19:24:33 --> Model Class Initialized
DEBUG - 2025-01-21 19:24:33 --> File loaded: /apps/web-drc/application/modules/ref_sales_salesman/models/Sales_salesman_model.php
INFO - 2025-01-21 19:24:33 --> Model Class Initialized
DEBUG - 2025-01-21 19:24:33 --> File loaded: /apps/web-drc/application/modules/ref_sales_salesman/views/content.php
DEBUG - 2025-01-21 19:24:33 --> File loaded: /apps/web-drc/application/views/templates/header.php
DEBUG - 2025-01-21 19:24:33 --> File loaded: /apps/web-drc/application/views/templates/toolbar.php
DEBUG - 2025-01-21 19:24:33 --> File loaded: /apps/web-drc/application/views/templates/sidebar.php
DEBUG - 2025-01-21 19:24:33 --> File loaded: /apps/web-drc/application/views/templates/contents.php
DEBUG - 2025-01-21 19:24:33 --> File loaded: /apps/web-drc/application/views/templates/content_footer.php
DEBUG - 2025-01-21 19:24:33 --> File loaded: /apps/web-drc/application/views/templates/footer.php
INFO - 2025-01-21 19:24:33 --> Config Class Initialized
INFO - 2025-01-21 19:24:33 --> Hooks Class Initialized
DEBUG - 2025-01-21 19:24:33 --> UTF-8 Support Enabled
INFO - 2025-01-21 19:24:33 --> Utf8 Class Initialized
INFO - 2025-01-21 19:24:33 --> URI Class Initialized
DEBUG - 2025-01-21 19:24:33 --> No URI present. Default controller set.
INFO - 2025-01-21 19:24:33 --> Router Class Initialized
INFO - 2025-01-21 19:24:33 --> Output Class Initialized
INFO - 2025-01-21 19:24:33 --> Security Class Initialized
DEBUG - 2025-01-21 19:24:33 --> Global POST, GET and COOKIE data sanitized
INFO - 2025-01-21 19:24:33 --> Input Class Initialized
INFO - 2025-01-21 19:24:33 --> Language Class Initialized
INFO - 2025-01-21 19:24:33 --> Language Class Initialized
INFO - 2025-01-21 19:24:33 --> Config Class Initialized
INFO - 2025-01-21 19:24:33 --> Loader Class Initialized
INFO - 2025-01-21 19:24:33 --> Helper loaded: url_helper
INFO - 2025-01-21 19:24:33 --> Helper loaded: easyui_helper
INFO - 2025-01-21 19:24:33 --> Helper loaded: param_helper
INFO - 2025-01-21 19:24:33 --> Helper loaded: credential_helper
INFO - 2025-01-21 19:24:33 --> Helper loaded: template_helper
INFO - 2025-01-21 19:24:33 --> Helper loaded: rest_helper
INFO - 2025-01-21 19:24:33 --> Database Driver Class Initialized
DEBUG - 2025-01-21 19:24:33 --> Idgenerator class already loaded. Second attempt ignored.
INFO - 2025-01-21 19:24:33 --> Controller Class Initialized
DEBUG - 2025-01-21 19:24:33 --> File loaded: /apps/web-drc/application/modules/app_auth/views/login_lte_template.php
DEBUG - 2025-01-21 19:24:33 --> File loaded: /apps/web-drc/application/views/template_login_lte/header.php
DEBUG - 2025-01-21 19:24:33 --> File loaded: /apps/web-drc/application/views/template_login_lte/contents.php
DEBUG - 2025-01-21 19:24:33 --> File loaded: /apps/web-drc/application/views/template_login_lte/default.php
INFO - 2025-01-21 19:24:33 --> Final output sent to browser
DEBUG - 2025-01-21 19:24:33 --> Total execution time: 0.0073
INFO - 2025-01-21 19:24:33 --> Config Class Initialized
INFO - 2025-01-21 19:24:33 --> Hooks Class Initialized
DEBUG - 2025-01-21 19:24:33 --> UTF-8 Support Enabled
INFO - 2025-01-21 19:24:33 --> Utf8 Class Initialized
INFO - 2025-01-21 19:24:33 --> URI Class Initialized
INFO - 2025-01-21 19:24:33 --> Router Class Initialized
INFO - 2025-01-21 19:24:33 --> Output Class Initialized
INFO - 2025-01-21 19:24:33 --> Security Class Initialized
DEBUG - 2025-01-21 19:24:33 --> Global POST, GET and COOKIE data sanitized
INFO - 2025-01-21 19:24:33 --> Input Class Initialized
INFO - 2025-01-21 19:24:33 --> Language Class Initialized
ERROR - 2025-01-21 19:24:33 --> 404 Page Not Found: /index
INFO - 2025-01-21 19:24:34 --> Config Class Initialized
INFO - 2025-01-21 19:24:34 --> Hooks Class Initialized
DEBUG - 2025-01-21 19:24:34 --> UTF-8 Support Enabled
INFO - 2025-01-21 19:24:34 --> Utf8 Class Initialized
INFO - 2025-01-21 19:24:34 --> URI Class Initialized
INFO - 2025-01-21 19:24:34 --> Router Class Initialized
INFO - 2025-01-21 19:24:34 --> Output Class Initialized
INFO - 2025-01-21 19:24:34 --> Security Class Initialized
DEBUG - 2025-01-21 19:24:34 --> Global POST, GET and COOKIE data sanitized
INFO - 2025-01-21 19:24:34 --> Input Class Initialized
INFO - 2025-01-21 19:24:34 --> Language Class Initialized
INFO - 2025-01-21 19:24:34 --> Language Class Initialized
INFO - 2025-01-21 19:24:34 --> Config Class Initialized
INFO - 2025-01-21 19:24:34 --> Loader Class Initialized
INFO - 2025-01-21 19:24:34 --> Helper loaded: url_helper
INFO - 2025-01-21 19:24:34 --> Helper loaded: easyui_helper
INFO - 2025-01-21 19:24:34 --> Helper loaded: param_helper
INFO - 2025-01-21 19:24:34 --> Helper loaded: credential_helper
INFO - 2025-01-21 19:24:34 --> Helper loaded: template_helper
INFO - 2025-01-21 19:24:34 --> Helper loaded: rest_helper
INFO - 2025-01-21 19:24:34 --> Database Driver Class Initialized
DEBUG - 2025-01-21 19:24:34 --> Idgenerator class already loaded. Second attempt ignored.
INFO - 2025-01-21 19:24:34 --> Controller Class Initialized
INFO - 2025-01-21 19:24:34 --> Final output sent to browser
DEBUG - 2025-01-21 19:24:34 --> Total execution time: 0.0387
INFO - 2025-01-21 19:24:35 --> Config Class Initialized
INFO - 2025-01-21 19:24:35 --> Hooks Class Initialized
DEBUG - 2025-01-21 19:24:35 --> UTF-8 Support Enabled
INFO - 2025-01-21 19:24:35 --> Utf8 Class Initialized
INFO - 2025-01-21 19:24:35 --> URI Class Initialized
INFO - 2025-01-21 19:24:35 --> Router Class Initialized
INFO - 2025-01-21 19:24:35 --> Output Class Initialized
INFO - 2025-01-21 19:24:35 --> Security Class Initialized
DEBUG - 2025-01-21 19:24:35 --> Global POST, GET and COOKIE data sanitized
INFO - 2025-01-21 19:24:35 --> Input Class Initialized
INFO - 2025-01-21 19:24:35 --> Language Class Initialized
INFO - 2025-01-21 19:24:35 --> Language Class Initialized
INFO - 2025-01-21 19:24:35 --> Config Class Initialized
INFO - 2025-01-21 19:24:35 --> Loader Class Initialized
INFO - 2025-01-21 19:24:35 --> Helper loaded: url_helper
INFO - 2025-01-21 19:24:35 --> Helper loaded: easyui_helper
INFO - 2025-01-21 19:24:35 --> Helper loaded: param_helper
INFO - 2025-01-21 19:24:35 --> Helper loaded: credential_helper
INFO - 2025-01-21 19:24:35 --> Helper loaded: template_helper
INFO - 2025-01-21 19:24:35 --> Helper loaded: rest_helper
INFO - 2025-01-21 19:24:35 --> Database Driver Class Initialized
DEBUG - 2025-01-21 19:24:35 --> Idgenerator class already loaded. Second attempt ignored.
INFO - 2025-01-21 19:24:35 --> Controller Class Initialized
INFO - 2025-01-21 19:24:35 --> Model Class Initialized
DEBUG - 2025-01-21 19:24:35 --> File loaded: /apps/web-drc/application/modules/app_dashboard/models/App_dashboard_model.php
INFO - 2025-01-21 19:24:35 --> Model Class Initialized
DEBUG - 2025-01-21 19:24:35 --> File loaded: /apps/web-drc/application/modules/app_dashboard/views/content.php
DEBUG - 2025-01-21 19:24:35 --> File loaded: /apps/web-drc/application/views/templates/header.php
DEBUG - 2025-01-21 19:24:35 --> File loaded: /apps/web-drc/application/views/templates/toolbar.php
DEBUG - 2025-01-21 19:24:35 --> File loaded: /apps/web-drc/application/views/templates/sidebar.php
DEBUG - 2025-01-21 19:24:35 --> File loaded: /apps/web-drc/application/views/templates/contents.php
DEBUG - 2025-01-21 19:24:35 --> File loaded: /apps/web-drc/application/views/templates/content_footer.php
DEBUG - 2025-01-21 19:24:35 --> File loaded: /apps/web-drc/application/views/templates/footer.php
DEBUG - 2025-01-21 19:24:35 --> File loaded: /apps/web-drc/application/views/templates/default.php
INFO - 2025-01-21 19:24:35 --> Final output sent to browser
DEBUG - 2025-01-21 19:24:35 --> Total execution time: 0.0488
INFO - 2025-01-21 19:24:35 --> Config Class Initialized
INFO - 2025-01-21 19:24:35 --> Hooks Class Initialized
DEBUG - 2025-01-21 19:24:35 --> UTF-8 Support Enabled
INFO - 2025-01-21 19:24:35 --> Utf8 Class Initialized
INFO - 2025-01-21 19:24:35 --> URI Class Initialized
INFO - 2025-01-21 19:24:35 --> Router Class Initialized
INFO - 2025-01-21 19:24:35 --> Output Class Initialized
INFO - 2025-01-21 19:24:35 --> Security Class Initialized
DEBUG - 2025-01-21 19:24:35 --> Global POST, GET and COOKIE data sanitized
INFO - 2025-01-21 19:24:35 --> Input Class Initialized
INFO - 2025-01-21 19:24:35 --> Language Class Initialized
INFO - 2025-01-21 19:24:35 --> Language Class Initialized
INFO - 2025-01-21 19:24:35 --> Config Class Initialized
INFO - 2025-01-21 19:24:35 --> Loader Class Initialized
INFO - 2025-01-21 19:24:35 --> Helper loaded: url_helper
INFO - 2025-01-21 19:24:35 --> Helper loaded: easyui_helper
INFO - 2025-01-21 19:24:35 --> Helper loaded: param_helper
INFO - 2025-01-21 19:24:35 --> Helper loaded: credential_helper
INFO - 2025-01-21 19:24:35 --> Helper loaded: template_helper
INFO - 2025-01-21 19:24:35 --> Helper loaded: rest_helper
INFO - 2025-01-21 19:24:35 --> Database Driver Class Initialized
DEBUG - 2025-01-21 19:24:35 --> Idgenerator class already loaded. Second attempt ignored.
INFO - 2025-01-21 19:24:35 --> Controller Class Initialized
INFO - 2025-01-21 19:24:35 --> Model Class Initialized
DEBUG - 2025-01-21 19:24:35 --> File loaded: /apps/web-drc/application/modules/app_dashboard/models/App_dashboard_model.php
INFO - 2025-01-21 19:24:35 --> Model Class Initialized
INFO - 2025-01-21 19:24:35 --> Final output sent to browser
DEBUG - 2025-01-21 19:24:35 --> Total execution time: 0.0904
INFO - 2025-01-21 19:24:36 --> Config Class Initialized
INFO - 2025-01-21 19:24:36 --> Hooks Class Initialized
DEBUG - 2025-01-21 19:24:36 --> UTF-8 Support Enabled
INFO - 2025-01-21 19:24:36 --> Utf8 Class Initialized
INFO - 2025-01-21 19:24:36 --> URI Class Initialized
INFO - 2025-01-21 19:24:36 --> Router Class Initialized
INFO - 2025-01-21 19:24:36 --> Output Class Initialized
INFO - 2025-01-21 19:24:36 --> Security Class Initialized
DEBUG - 2025-01-21 19:24:36 --> Global POST, GET and COOKIE data sanitized
INFO - 2025-01-21 19:24:36 --> Input Class Initialized
INFO - 2025-01-21 19:24:36 --> Language Class Initialized
INFO - 2025-01-21 19:24:36 --> Language Class Initialized
INFO - 2025-01-21 19:24:36 --> Config Class Initialized
INFO - 2025-01-21 19:24:36 --> Loader Class Initialized
INFO - 2025-01-21 19:24:36 --> Helper loaded: url_helper
INFO - 2025-01-21 19:24:36 --> Helper loaded: easyui_helper
INFO - 2025-01-21 19:24:36 --> Helper loaded: param_helper
INFO - 2025-01-21 19:24:36 --> Helper loaded: credential_helper
INFO - 2025-01-21 19:24:36 --> Helper loaded: template_helper
INFO - 2025-01-21 19:24:36 --> Helper loaded: rest_helper
INFO - 2025-01-21 19:24:36 --> Database Driver Class Initialized
DEBUG - 2025-01-21 19:24:36 --> Idgenerator class already loaded. Second attempt ignored.
INFO - 2025-01-21 19:24:36 --> Controller Class Initialized
INFO - 2025-01-21 19:24:36 --> Model Class Initialized
DEBUG - 2025-01-21 19:24:36 --> File loaded: /apps/web-drc/application/modules/api_v1/models/Api_v1_model.php
INFO - 2025-01-21 19:24:36 --> Model Class Initialized
INFO - 2025-01-21 19:24:36 --> Final output sent to browser
DEBUG - 2025-01-21 19:24:36 --> Total execution time: 0.0321
INFO - 2025-01-21 19:30:33 --> Config Class Initialized
INFO - 2025-01-21 19:30:33 --> Hooks Class Initialized
DEBUG - 2025-01-21 19:30:33 --> UTF-8 Support Enabled
INFO - 2025-01-21 19:30:33 --> Utf8 Class Initialized
INFO - 2025-01-21 19:30:33 --> URI Class Initialized
INFO - 2025-01-21 19:30:33 --> Router Class Initialized
INFO - 2025-01-21 19:30:33 --> Output Class Initialized
INFO - 2025-01-21 19:30:33 --> Security Class Initialized
DEBUG - 2025-01-21 19:30:33 --> Global POST, GET and COOKIE data sanitized
INFO - 2025-01-21 19:30:33 --> Input Class Initialized
INFO - 2025-01-21 19:30:33 --> Language Class Initialized
INFO - 2025-01-21 19:30:33 --> Language Class Initialized
INFO - 2025-01-21 19:30:33 --> Config Class Initialized
INFO - 2025-01-21 19:30:33 --> Loader Class Initialized
INFO - 2025-01-21 19:30:33 --> Helper loaded: url_helper
INFO - 2025-01-21 19:30:33 --> Helper loaded: easyui_helper
INFO - 2025-01-21 19:30:33 --> Helper loaded: param_helper
INFO - 2025-01-21 19:30:33 --> Helper loaded: credential_helper
INFO - 2025-01-21 19:30:33 --> Helper loaded: template_helper
INFO - 2025-01-21 19:30:33 --> Helper loaded: rest_helper
INFO - 2025-01-21 19:30:33 --> Database Driver Class Initialized
DEBUG - 2025-01-21 19:30:33 --> Idgenerator class already loaded. Second attempt ignored.
INFO - 2025-01-21 19:30:33 --> Controller Class Initialized
INFO - 2025-01-21 19:30:33 --> Model Class Initialized
DEBUG - 2025-01-21 19:30:33 --> File loaded: /apps/web-drc/application/modules/app_resource/models/Resource_model.php
INFO - 2025-01-21 19:30:33 --> Model Class Initialized
DEBUG - 2025-01-21 19:30:33 --> File loaded: /apps/web-drc/application/modules/app_resource/views/content.php
DEBUG - 2025-01-21 19:30:33 --> File loaded: /apps/web-drc/application/views/templates/header.php
DEBUG - 2025-01-21 19:30:33 --> File loaded: /apps/web-drc/application/views/templates/toolbar.php
DEBUG - 2025-01-21 19:30:33 --> File loaded: /apps/web-drc/application/views/templates/sidebar.php
DEBUG - 2025-01-21 19:30:33 --> File loaded: /apps/web-drc/application/views/templates/contents.php
DEBUG - 2025-01-21 19:30:33 --> File loaded: /apps/web-drc/application/views/templates/content_footer.php
DEBUG - 2025-01-21 19:30:33 --> File loaded: /apps/web-drc/application/views/templates/footer.php
DEBUG - 2025-01-21 19:30:33 --> File loaded: /apps/web-drc/application/views/templates/default.php
INFO - 2025-01-21 19:30:33 --> Final output sent to browser
DEBUG - 2025-01-21 19:30:33 --> Total execution time: 0.0737
INFO - 2025-01-21 19:30:33 --> Config Class Initialized
INFO - 2025-01-21 19:30:33 --> Hooks Class Initialized
DEBUG - 2025-01-21 19:30:33 --> UTF-8 Support Enabled
INFO - 2025-01-21 19:30:33 --> Utf8 Class Initialized
INFO - 2025-01-21 19:30:33 --> URI Class Initialized
INFO - 2025-01-21 19:30:33 --> Router Class Initialized
INFO - 2025-01-21 19:30:33 --> Output Class Initialized
INFO - 2025-01-21 19:30:33 --> Security Class Initialized
DEBUG - 2025-01-21 19:30:33 --> Global POST, GET and COOKIE data sanitized
INFO - 2025-01-21 19:30:33 --> Input Class Initialized
INFO - 2025-01-21 19:30:33 --> Language Class Initialized
INFO - 2025-01-21 19:30:33 --> Language Class Initialized
INFO - 2025-01-21 19:30:33 --> Config Class Initialized
INFO - 2025-01-21 19:30:33 --> Loader Class Initialized
INFO - 2025-01-21 19:30:33 --> Helper loaded: url_helper
INFO - 2025-01-21 19:30:33 --> Helper loaded: easyui_helper
INFO - 2025-01-21 19:30:33 --> Helper loaded: param_helper
INFO - 2025-01-21 19:30:33 --> Helper loaded: credential_helper
INFO - 2025-01-21 19:30:33 --> Helper loaded: template_helper
INFO - 2025-01-21 19:30:33 --> Helper loaded: rest_helper
INFO - 2025-01-21 19:30:33 --> Database Driver Class Initialized
DEBUG - 2025-01-21 19:30:33 --> Idgenerator class already loaded. Second attempt ignored.
INFO - 2025-01-21 19:30:33 --> Controller Class Initialized
INFO - 2025-01-21 19:30:33 --> Model Class Initialized
DEBUG - 2025-01-21 19:30:33 --> File loaded: /apps/web-drc/application/modules/app_resource/models/Resource_model.php
INFO - 2025-01-21 19:30:33 --> Model Class Initialized
INFO - 2025-01-21 19:30:34 --> Final output sent to browser
DEBUG - 2025-01-21 19:30:34 --> Total execution time: 0.5194
INFO - 2025-01-21 19:30:35 --> Config Class Initialized
INFO - 2025-01-21 19:30:35 --> Hooks Class Initialized
DEBUG - 2025-01-21 19:30:35 --> UTF-8 Support Enabled
INFO - 2025-01-21 19:30:35 --> Utf8 Class Initialized
INFO - 2025-01-21 19:30:35 --> URI Class Initialized
INFO - 2025-01-21 19:30:35 --> Router Class Initialized
INFO - 2025-01-21 19:30:35 --> Output Class Initialized
INFO - 2025-01-21 19:30:35 --> Security Class Initialized
DEBUG - 2025-01-21 19:30:35 --> Global POST, GET and COOKIE data sanitized
INFO - 2025-01-21 19:30:35 --> Input Class Initialized
INFO - 2025-01-21 19:30:35 --> Language Class Initialized
INFO - 2025-01-21 19:30:35 --> Language Class Initialized
INFO - 2025-01-21 19:30:35 --> Config Class Initialized
INFO - 2025-01-21 19:30:35 --> Loader Class Initialized
INFO - 2025-01-21 19:30:35 --> Helper loaded: url_helper
INFO - 2025-01-21 19:30:35 --> Helper loaded: easyui_helper
INFO - 2025-01-21 19:30:35 --> Helper loaded: param_helper
INFO - 2025-01-21 19:30:35 --> Helper loaded: credential_helper
INFO - 2025-01-21 19:30:35 --> Helper loaded: template_helper
INFO - 2025-01-21 19:30:35 --> Helper loaded: rest_helper
INFO - 2025-01-21 19:30:35 --> Database Driver Class Initialized
DEBUG - 2025-01-21 19:30:35 --> Idgenerator class already loaded. Second attempt ignored.
INFO - 2025-01-21 19:30:35 --> Controller Class Initialized
INFO - 2025-01-21 19:30:35 --> Model Class Initialized
DEBUG - 2025-01-21 19:30:35 --> File loaded: /apps/web-drc/application/modules/app_resource/models/Resource_model.php
INFO - 2025-01-21 19:30:35 --> Model Class Initialized
DEBUG - 2025-01-21 19:30:35 --> File loaded: /apps/web-drc/application/modules/app_resource/views/form.php
DEBUG - 2025-01-21 19:30:35 --> File loaded: /apps/web-drc/application/views/templates/header.php
DEBUG - 2025-01-21 19:30:35 --> File loaded: /apps/web-drc/application/views/templates/toolbar.php
DEBUG - 2025-01-21 19:30:35 --> File loaded: /apps/web-drc/application/views/templates/sidebar.php
DEBUG - 2025-01-21 19:30:35 --> File loaded: /apps/web-drc/application/views/templates/contents.php
DEBUG - 2025-01-21 19:30:35 --> File loaded: /apps/web-drc/application/views/templates/content_footer.php
DEBUG - 2025-01-21 19:30:35 --> File loaded: /apps/web-drc/application/views/templates/footer.php
DEBUG - 2025-01-21 19:30:35 --> File loaded: /apps/web-drc/application/views/templates/default.php
INFO - 2025-01-21 19:30:35 --> Final output sent to browser
DEBUG - 2025-01-21 19:30:35 --> Total execution time: 0.0267
INFO - 2025-01-21 19:30:36 --> Config Class Initialized
INFO - 2025-01-21 19:30:36 --> Hooks Class Initialized
DEBUG - 2025-01-21 19:30:36 --> UTF-8 Support Enabled
INFO - 2025-01-21 19:30:36 --> Utf8 Class Initialized
INFO - 2025-01-21 19:30:36 --> URI Class Initialized
INFO - 2025-01-21 19:30:36 --> Router Class Initialized
INFO - 2025-01-21 19:30:36 --> Output Class Initialized
INFO - 2025-01-21 19:30:36 --> Security Class Initialized
DEBUG - 2025-01-21 19:30:36 --> Global POST, GET and COOKIE data sanitized
INFO - 2025-01-21 19:30:36 --> Input Class Initialized
INFO - 2025-01-21 19:30:36 --> Language Class Initialized
INFO - 2025-01-21 19:30:36 --> Language Class Initialized
INFO - 2025-01-21 19:30:36 --> Config Class Initialized
INFO - 2025-01-21 19:30:36 --> Loader Class Initialized
INFO - 2025-01-21 19:30:36 --> Helper loaded: url_helper
INFO - 2025-01-21 19:30:36 --> Helper loaded: easyui_helper
INFO - 2025-01-21 19:30:36 --> Helper loaded: param_helper
INFO - 2025-01-21 19:30:36 --> Helper loaded: credential_helper
INFO - 2025-01-21 19:30:36 --> Helper loaded: template_helper
INFO - 2025-01-21 19:30:36 --> Helper loaded: rest_helper
INFO - 2025-01-21 19:30:36 --> Database Driver Class Initialized
DEBUG - 2025-01-21 19:30:36 --> Idgenerator class already loaded. Second attempt ignored.
INFO - 2025-01-21 19:30:36 --> Controller Class Initialized
INFO - 2025-01-21 19:30:36 --> Model Class Initialized
DEBUG - 2025-01-21 19:30:36 --> File loaded: /apps/web-drc/application/modules/api_v1/models/Api_v1_model.php
INFO - 2025-01-21 19:30:36 --> Model Class Initialized
INFO - 2025-01-21 19:30:36 --> Final output sent to browser
DEBUG - 2025-01-21 19:30:36 --> Total execution time: 0.0058
INFO - 2025-01-21 19:30:36 --> Config Class Initialized
INFO - 2025-01-21 19:30:36 --> Hooks Class Initialized
DEBUG - 2025-01-21 19:30:36 --> UTF-8 Support Enabled
INFO - 2025-01-21 19:30:36 --> Utf8 Class Initialized
INFO - 2025-01-21 19:30:36 --> URI Class Initialized
INFO - 2025-01-21 19:30:36 --> Router Class Initialized
INFO - 2025-01-21 19:30:36 --> Output Class Initialized
INFO - 2025-01-21 19:30:36 --> Security Class Initialized
DEBUG - 2025-01-21 19:30:36 --> Global POST, GET and COOKIE data sanitized
INFO - 2025-01-21 19:30:36 --> Input Class Initialized
INFO - 2025-01-21 19:30:36 --> Language Class Initialized
INFO - 2025-01-21 19:30:36 --> Language Class Initialized
INFO - 2025-01-21 19:30:36 --> Config Class Initialized
INFO - 2025-01-21 19:30:36 --> Loader Class Initialized
INFO - 2025-01-21 19:30:36 --> Helper loaded: url_helper
INFO - 2025-01-21 19:30:36 --> Helper loaded: easyui_helper
INFO - 2025-01-21 19:30:36 --> Helper loaded: param_helper
INFO - 2025-01-21 19:30:36 --> Helper loaded: credential_helper
INFO - 2025-01-21 19:30:36 --> Helper loaded: template_helper
INFO - 2025-01-21 19:30:36 --> Helper loaded: rest_helper
INFO - 2025-01-21 19:30:36 --> Database Driver Class Initialized
DEBUG - 2025-01-21 19:30:36 --> Idgenerator class already loaded. Second attempt ignored.
INFO - 2025-01-21 19:30:36 --> Controller Class Initialized
INFO - 2025-01-21 19:30:36 --> Model Class Initialized
DEBUG - 2025-01-21 19:30:36 --> File loaded: /apps/web-drc/application/modules/app_resource/models/Resource_model.php
INFO - 2025-01-21 19:30:36 --> Model Class Initialized
INFO - 2025-01-21 19:30:36 --> Final output sent to browser
DEBUG - 2025-01-21 19:30:36 --> Total execution time: 0.0119
INFO - 2025-01-21 19:30:36 --> Config Class Initialized
INFO - 2025-01-21 19:30:36 --> Hooks Class Initialized
DEBUG - 2025-01-21 19:30:36 --> UTF-8 Support Enabled
INFO - 2025-01-21 19:30:36 --> Utf8 Class Initialized
INFO - 2025-01-21 19:30:36 --> URI Class Initialized
INFO - 2025-01-21 19:30:36 --> Router Class Initialized
INFO - 2025-01-21 19:30:36 --> Output Class Initialized
INFO - 2025-01-21 19:30:36 --> Security Class Initialized
DEBUG - 2025-01-21 19:30:36 --> Global POST, GET and COOKIE data sanitized
INFO - 2025-01-21 19:30:36 --> Input Class Initialized
INFO - 2025-01-21 19:30:36 --> Language Class Initialized
INFO - 2025-01-21 19:30:36 --> Language Class Initialized
INFO - 2025-01-21 19:30:36 --> Config Class Initialized
INFO - 2025-01-21 19:30:36 --> Loader Class Initialized
INFO - 2025-01-21 19:30:36 --> Helper loaded: url_helper
INFO - 2025-01-21 19:30:36 --> Helper loaded: easyui_helper
INFO - 2025-01-21 19:30:36 --> Helper loaded: param_helper
INFO - 2025-01-21 19:30:36 --> Helper loaded: credential_helper
INFO - 2025-01-21 19:30:36 --> Helper loaded: template_helper
INFO - 2025-01-21 19:30:36 --> Helper loaded: rest_helper
INFO - 2025-01-21 19:30:36 --> Database Driver Class Initialized
DEBUG - 2025-01-21 19:30:36 --> Idgenerator class already loaded. Second attempt ignored.
INFO - 2025-01-21 19:30:36 --> Controller Class Initialized
INFO - 2025-01-21 19:30:36 --> Model Class Initialized
DEBUG - 2025-01-21 19:30:36 --> File loaded: /apps/web-drc/application/modules/app_resource/models/Resource_model.php
INFO - 2025-01-21 19:30:36 --> Model Class Initialized
INFO - 2025-01-21 19:30:36 --> Final output sent to browser
DEBUG - 2025-01-21 19:30:36 --> Total execution time: 0.0095
INFO - 2025-01-21 19:30:36 --> Config Class Initialized
INFO - 2025-01-21 19:30:36 --> Hooks Class Initialized
DEBUG - 2025-01-21 19:30:36 --> UTF-8 Support Enabled
INFO - 2025-01-21 19:30:36 --> Utf8 Class Initialized
INFO - 2025-01-21 19:30:36 --> URI Class Initialized
INFO - 2025-01-21 19:30:36 --> Router Class Initialized
INFO - 2025-01-21 19:30:36 --> Output Class Initialized
INFO - 2025-01-21 19:30:36 --> Security Class Initialized
DEBUG - 2025-01-21 19:30:36 --> Global POST, GET and COOKIE data sanitized
INFO - 2025-01-21 19:30:36 --> Input Class Initialized
INFO - 2025-01-21 19:30:36 --> Language Class Initialized
INFO - 2025-01-21 19:30:36 --> Language Class Initialized
INFO - 2025-01-21 19:30:36 --> Config Class Initialized
INFO - 2025-01-21 19:30:36 --> Loader Class Initialized
INFO - 2025-01-21 19:30:36 --> Helper loaded: url_helper
INFO - 2025-01-21 19:30:36 --> Helper loaded: easyui_helper
INFO - 2025-01-21 19:30:36 --> Helper loaded: param_helper
INFO - 2025-01-21 19:30:36 --> Helper loaded: credential_helper
INFO - 2025-01-21 19:30:36 --> Helper loaded: template_helper
INFO - 2025-01-21 19:30:36 --> Helper loaded: rest_helper
INFO - 2025-01-21 19:30:36 --> Database Driver Class Initialized
DEBUG - 2025-01-21 19:30:36 --> Idgenerator class already loaded. Second attempt ignored.
INFO - 2025-01-21 19:30:36 --> Controller Class Initialized
INFO - 2025-01-21 19:30:36 --> Model Class Initialized
DEBUG - 2025-01-21 19:30:36 --> File loaded: /apps/web-drc/application/modules/app_role/models/Role_model.php
INFO - 2025-01-21 19:30:36 --> Model Class Initialized
INFO - 2025-01-21 19:30:36 --> Final output sent to browser
DEBUG - 2025-01-21 19:30:36 --> Total execution time: 0.0144
INFO - 2025-01-21 19:30:36 --> Config Class Initialized
INFO - 2025-01-21 19:30:36 --> Hooks Class Initialized
DEBUG - 2025-01-21 19:30:36 --> UTF-8 Support Enabled
INFO - 2025-01-21 19:30:36 --> Utf8 Class Initialized
INFO - 2025-01-21 19:30:36 --> URI Class Initialized
INFO - 2025-01-21 19:30:36 --> Router Class Initialized
INFO - 2025-01-21 19:30:36 --> Output Class Initialized
INFO - 2025-01-21 19:30:36 --> Security Class Initialized
DEBUG - 2025-01-21 19:30:36 --> Global POST, GET and COOKIE data sanitized
INFO - 2025-01-21 19:30:36 --> Input Class Initialized
INFO - 2025-01-21 19:30:36 --> Language Class Initialized
INFO - 2025-01-21 19:30:36 --> Language Class Initialized
INFO - 2025-01-21 19:30:36 --> Config Class Initialized
INFO - 2025-01-21 19:30:36 --> Loader Class Initialized
INFO - 2025-01-21 19:30:36 --> Helper loaded: url_helper
INFO - 2025-01-21 19:30:36 --> Helper loaded: easyui_helper
INFO - 2025-01-21 19:30:36 --> Helper loaded: param_helper
INFO - 2025-01-21 19:30:36 --> Helper loaded: credential_helper
INFO - 2025-01-21 19:30:36 --> Helper loaded: template_helper
INFO - 2025-01-21 19:30:36 --> Helper loaded: rest_helper
INFO - 2025-01-21 19:30:36 --> Database Driver Class Initialized
DEBUG - 2025-01-21 19:30:36 --> Idgenerator class already loaded. Second attempt ignored.
INFO - 2025-01-21 19:30:36 --> Controller Class Initialized
INFO - 2025-01-21 19:30:36 --> Model Class Initialized
DEBUG - 2025-01-21 19:30:36 --> File loaded: /apps/web-drc/application/modules/ref_jabatan/models/Jabatan_model.php
INFO - 2025-01-21 19:30:36 --> Model Class Initialized
INFO - 2025-01-21 19:30:36 --> Final output sent to browser
DEBUG - 2025-01-21 19:30:36 --> Total execution time: 0.0229
INFO - 2025-01-21 19:30:39 --> Config Class Initialized
INFO - 2025-01-21 19:30:39 --> Hooks Class Initialized
DEBUG - 2025-01-21 19:30:39 --> UTF-8 Support Enabled
INFO - 2025-01-21 19:30:39 --> Utf8 Class Initialized
INFO - 2025-01-21 19:30:39 --> URI Class Initialized
INFO - 2025-01-21 19:30:39 --> Router Class Initialized
INFO - 2025-01-21 19:30:39 --> Output Class Initialized
INFO - 2025-01-21 19:30:39 --> Security Class Initialized
DEBUG - 2025-01-21 19:30:39 --> Global POST, GET and COOKIE data sanitized
INFO - 2025-01-21 19:30:39 --> Input Class Initialized
INFO - 2025-01-21 19:30:39 --> Language Class Initialized
INFO - 2025-01-21 19:30:39 --> Language Class Initialized
INFO - 2025-01-21 19:30:39 --> Config Class Initialized
INFO - 2025-01-21 19:30:39 --> Loader Class Initialized
INFO - 2025-01-21 19:30:39 --> Helper loaded: url_helper
INFO - 2025-01-21 19:30:39 --> Helper loaded: easyui_helper
INFO - 2025-01-21 19:30:39 --> Helper loaded: param_helper
INFO - 2025-01-21 19:30:39 --> Helper loaded: credential_helper
INFO - 2025-01-21 19:30:39 --> Helper loaded: template_helper
INFO - 2025-01-21 19:30:39 --> Helper loaded: rest_helper
INFO - 2025-01-21 19:30:39 --> Database Driver Class Initialized
DEBUG - 2025-01-21 19:30:39 --> Idgenerator class already loaded. Second attempt ignored.
INFO - 2025-01-21 19:30:39 --> Controller Class Initialized
INFO - 2025-01-21 19:30:39 --> Model Class Initialized
DEBUG - 2025-01-21 19:30:39 --> File loaded: /apps/web-drc/application/modules/app_resource/models/Resource_model.php
INFO - 2025-01-21 19:30:39 --> Model Class Initialized
DEBUG - 2025-01-21 19:30:39 --> File loaded: /apps/web-drc/application/modules/app_resource/views/content.php
DEBUG - 2025-01-21 19:30:39 --> File loaded: /apps/web-drc/application/views/templates/header.php
DEBUG - 2025-01-21 19:30:39 --> File loaded: /apps/web-drc/application/views/templates/toolbar.php
DEBUG - 2025-01-21 19:30:39 --> File loaded: /apps/web-drc/application/views/templates/sidebar.php
DEBUG - 2025-01-21 19:30:39 --> File loaded: /apps/web-drc/application/views/templates/contents.php
DEBUG - 2025-01-21 19:30:39 --> File loaded: /apps/web-drc/application/views/templates/content_footer.php
DEBUG - 2025-01-21 19:30:39 --> File loaded: /apps/web-drc/application/views/templates/footer.php
DEBUG - 2025-01-21 19:30:40 --> File loaded: /apps/web-drc/application/views/templates/default.php
INFO - 2025-01-21 19:30:40 --> Final output sent to browser
DEBUG - 2025-01-21 19:30:40 --> Total execution time: 0.0246
INFO - 2025-01-21 19:30:40 --> Config Class Initialized
INFO - 2025-01-21 19:30:40 --> Hooks Class Initialized
DEBUG - 2025-01-21 19:30:40 --> UTF-8 Support Enabled
INFO - 2025-01-21 19:30:40 --> Utf8 Class Initialized
INFO - 2025-01-21 19:30:40 --> URI Class Initialized
INFO - 2025-01-21 19:30:40 --> Router Class Initialized
INFO - 2025-01-21 19:30:40 --> Output Class Initialized
INFO - 2025-01-21 19:30:40 --> Security Class Initialized
DEBUG - 2025-01-21 19:30:40 --> Global POST, GET and COOKIE data sanitized
INFO - 2025-01-21 19:30:40 --> Input Class Initialized
INFO - 2025-01-21 19:30:40 --> Language Class Initialized
INFO - 2025-01-21 19:30:40 --> Language Class Initialized
INFO - 2025-01-21 19:30:40 --> Config Class Initialized
INFO - 2025-01-21 19:30:40 --> Loader Class Initialized
INFO - 2025-01-21 19:30:40 --> Helper loaded: url_helper
INFO - 2025-01-21 19:30:40 --> Helper loaded: easyui_helper
INFO - 2025-01-21 19:30:40 --> Helper loaded: param_helper
INFO - 2025-01-21 19:30:40 --> Helper loaded: credential_helper
INFO - 2025-01-21 19:30:40 --> Helper loaded: template_helper
INFO - 2025-01-21 19:30:40 --> Helper loaded: rest_helper
INFO - 2025-01-21 19:30:40 --> Database Driver Class Initialized
DEBUG - 2025-01-21 19:30:40 --> Idgenerator class already loaded. Second attempt ignored.
INFO - 2025-01-21 19:30:40 --> Controller Class Initialized
INFO - 2025-01-21 19:30:40 --> Model Class Initialized
DEBUG - 2025-01-21 19:30:40 --> File loaded: /apps/web-drc/application/modules/app_resource/models/Resource_model.php
INFO - 2025-01-21 19:30:40 --> Model Class Initialized
INFO - 2025-01-21 19:30:40 --> Final output sent to browser
DEBUG - 2025-01-21 19:30:40 --> Total execution time: 0.1862
INFO - 2025-01-21 19:30:44 --> Config Class Initialized
INFO - 2025-01-21 19:30:44 --> Hooks Class Initialized
DEBUG - 2025-01-21 19:30:44 --> UTF-8 Support Enabled
INFO - 2025-01-21 19:30:44 --> Utf8 Class Initialized
INFO - 2025-01-21 19:30:44 --> URI Class Initialized
INFO - 2025-01-21 19:30:44 --> Router Class Initialized
INFO - 2025-01-21 19:30:44 --> Output Class Initialized
INFO - 2025-01-21 19:30:44 --> Security Class Initialized
DEBUG - 2025-01-21 19:30:44 --> Global POST, GET and COOKIE data sanitized
INFO - 2025-01-21 19:30:44 --> Input Class Initialized
INFO - 2025-01-21 19:30:44 --> Language Class Initialized
INFO - 2025-01-21 19:30:44 --> Language Class Initialized
INFO - 2025-01-21 19:30:44 --> Config Class Initialized
INFO - 2025-01-21 19:30:44 --> Loader Class Initialized
INFO - 2025-01-21 19:30:44 --> Helper loaded: url_helper
INFO - 2025-01-21 19:30:44 --> Helper loaded: easyui_helper
INFO - 2025-01-21 19:30:44 --> Helper loaded: param_helper
INFO - 2025-01-21 19:30:44 --> Helper loaded: credential_helper
INFO - 2025-01-21 19:30:44 --> Helper loaded: template_helper
INFO - 2025-01-21 19:30:44 --> Helper loaded: rest_helper
INFO - 2025-01-21 19:30:44 --> Database Driver Class Initialized
DEBUG - 2025-01-21 19:30:44 --> Idgenerator class already loaded. Second attempt ignored.
INFO - 2025-01-21 19:30:44 --> Controller Class Initialized
INFO - 2025-01-21 19:30:44 --> Model Class Initialized
DEBUG - 2025-01-21 19:30:44 --> File loaded: /apps/web-drc/application/modules/app_resource/models/Resource_model.php
INFO - 2025-01-21 19:30:44 --> Model Class Initialized
INFO - 2025-01-21 19:30:44 --> Final output sent to browser
DEBUG - 2025-01-21 19:30:44 --> Total execution time: 0.0947
INFO - 2025-01-21 19:31:02 --> Config Class Initialized
INFO - 2025-01-21 19:31:02 --> Hooks Class Initialized
DEBUG - 2025-01-21 19:31:02 --> UTF-8 Support Enabled
INFO - 2025-01-21 19:31:02 --> Utf8 Class Initialized
INFO - 2025-01-21 19:31:02 --> URI Class Initialized
INFO - 2025-01-21 19:31:02 --> Router Class Initialized
INFO - 2025-01-21 19:31:02 --> Output Class Initialized
INFO - 2025-01-21 19:31:02 --> Security Class Initialized
DEBUG - 2025-01-21 19:31:02 --> Global POST, GET and COOKIE data sanitized
INFO - 2025-01-21 19:31:02 --> Input Class Initialized
INFO - 2025-01-21 19:31:02 --> Language Class Initialized
INFO - 2025-01-21 19:31:02 --> Language Class Initialized
INFO - 2025-01-21 19:31:02 --> Config Class Initialized
INFO - 2025-01-21 19:31:02 --> Loader Class Initialized
INFO - 2025-01-21 19:31:02 --> Helper loaded: url_helper
INFO - 2025-01-21 19:31:02 --> Helper loaded: easyui_helper
INFO - 2025-01-21 19:31:02 --> Helper loaded: param_helper
INFO - 2025-01-21 19:31:02 --> Helper loaded: credential_helper
INFO - 2025-01-21 19:31:02 --> Helper loaded: template_helper
INFO - 2025-01-21 19:31:02 --> Helper loaded: rest_helper
INFO - 2025-01-21 19:31:02 --> Database Driver Class Initialized
DEBUG - 2025-01-21 19:31:02 --> Idgenerator class already loaded. Second attempt ignored.
INFO - 2025-01-21 19:31:02 --> Controller Class Initialized
INFO - 2025-01-21 19:31:02 --> Model Class Initialized
DEBUG - 2025-01-21 19:31:02 --> File loaded: /apps/web-drc/application/modules/app_resource/models/Resource_model.php
INFO - 2025-01-21 19:31:02 --> Model Class Initialized
DEBUG - 2025-01-21 19:31:02 --> File loaded: /apps/web-drc/application/modules/app_resource/views/form.php
DEBUG - 2025-01-21 19:31:02 --> File loaded: /apps/web-drc/application/views/templates/header.php
DEBUG - 2025-01-21 19:31:02 --> File loaded: /apps/web-drc/application/views/templates/toolbar.php
DEBUG - 2025-01-21 19:31:02 --> File loaded: /apps/web-drc/application/views/templates/sidebar.php
DEBUG - 2025-01-21 19:31:02 --> File loaded: /apps/web-drc/application/views/templates/contents.php
DEBUG - 2025-01-21 19:31:02 --> File loaded: /apps/web-drc/application/views/templates/content_footer.php
DEBUG - 2025-01-21 19:31:02 --> File loaded: /apps/web-drc/application/views/templates/footer.php
DEBUG - 2025-01-21 19:31:02 --> File loaded: /apps/web-drc/application/views/templates/default.php
INFO - 2025-01-21 19:31:02 --> Final output sent to browser
DEBUG - 2025-01-21 19:31:02 --> Total execution time: 0.0264
INFO - 2025-01-21 19:31:02 --> Config Class Initialized
INFO - 2025-01-21 19:31:02 --> Hooks Class Initialized
DEBUG - 2025-01-21 19:31:02 --> UTF-8 Support Enabled
INFO - 2025-01-21 19:31:02 --> Utf8 Class Initialized
INFO - 2025-01-21 19:31:02 --> URI Class Initialized
INFO - 2025-01-21 19:31:02 --> Router Class Initialized
INFO - 2025-01-21 19:31:02 --> Output Class Initialized
INFO - 2025-01-21 19:31:02 --> Security Class Initialized
DEBUG - 2025-01-21 19:31:02 --> Global POST, GET and COOKIE data sanitized
INFO - 2025-01-21 19:31:02 --> Input Class Initialized
INFO - 2025-01-21 19:31:02 --> Language Class Initialized
INFO - 2025-01-21 19:31:02 --> Language Class Initialized
INFO - 2025-01-21 19:31:02 --> Config Class Initialized
INFO - 2025-01-21 19:31:02 --> Loader Class Initialized
INFO - 2025-01-21 19:31:02 --> Helper loaded: url_helper
INFO - 2025-01-21 19:31:02 --> Helper loaded: easyui_helper
INFO - 2025-01-21 19:31:02 --> Helper loaded: param_helper
INFO - 2025-01-21 19:31:02 --> Helper loaded: credential_helper
INFO - 2025-01-21 19:31:02 --> Helper loaded: template_helper
INFO - 2025-01-21 19:31:02 --> Helper loaded: rest_helper
INFO - 2025-01-21 19:31:02 --> Database Driver Class Initialized
DEBUG - 2025-01-21 19:31:02 --> Idgenerator class already loaded. Second attempt ignored.
INFO - 2025-01-21 19:31:02 --> Controller Class Initialized
INFO - 2025-01-21 19:31:02 --> Model Class Initialized
DEBUG - 2025-01-21 19:31:02 --> File loaded: /apps/web-drc/application/modules/api_v1/models/Api_v1_model.php
INFO - 2025-01-21 19:31:02 --> Model Class Initialized
INFO - 2025-01-21 19:31:02 --> Final output sent to browser
DEBUG - 2025-01-21 19:31:02 --> Total execution time: 0.0144
INFO - 2025-01-21 19:31:02 --> Config Class Initialized
INFO - 2025-01-21 19:31:02 --> Hooks Class Initialized
DEBUG - 2025-01-21 19:31:02 --> UTF-8 Support Enabled
INFO - 2025-01-21 19:31:02 --> Utf8 Class Initialized
INFO - 2025-01-21 19:31:02 --> URI Class Initialized
INFO - 2025-01-21 19:31:02 --> Router Class Initialized
INFO - 2025-01-21 19:31:02 --> Output Class Initialized
INFO - 2025-01-21 19:31:02 --> Security Class Initialized
DEBUG - 2025-01-21 19:31:02 --> Global POST, GET and COOKIE data sanitized
INFO - 2025-01-21 19:31:02 --> Input Class Initialized
INFO - 2025-01-21 19:31:02 --> Language Class Initialized
INFO - 2025-01-21 19:31:02 --> Language Class Initialized
INFO - 2025-01-21 19:31:02 --> Config Class Initialized
INFO - 2025-01-21 19:31:02 --> Loader Class Initialized
INFO - 2025-01-21 19:31:02 --> Helper loaded: url_helper
INFO - 2025-01-21 19:31:02 --> Helper loaded: easyui_helper
INFO - 2025-01-21 19:31:02 --> Helper loaded: param_helper
INFO - 2025-01-21 19:31:02 --> Helper loaded: credential_helper
INFO - 2025-01-21 19:31:02 --> Helper loaded: template_helper
INFO - 2025-01-21 19:31:02 --> Helper loaded: rest_helper
INFO - 2025-01-21 19:31:02 --> Database Driver Class Initialized
DEBUG - 2025-01-21 19:31:02 --> Idgenerator class already loaded. Second attempt ignored.
INFO - 2025-01-21 19:31:02 --> Controller Class Initialized
INFO - 2025-01-21 19:31:02 --> Model Class Initialized
DEBUG - 2025-01-21 19:31:02 --> File loaded: /apps/web-drc/application/modules/app_resource/models/Resource_model.php
INFO - 2025-01-21 19:31:02 --> Model Class Initialized
INFO - 2025-01-21 19:31:02 --> Final output sent to browser
DEBUG - 2025-01-21 19:31:02 --> Total execution time: 0.0060
INFO - 2025-01-21 19:31:02 --> Config Class Initialized
INFO - 2025-01-21 19:31:02 --> Hooks Class Initialized
DEBUG - 2025-01-21 19:31:02 --> UTF-8 Support Enabled
INFO - 2025-01-21 19:31:02 --> Utf8 Class Initialized
INFO - 2025-01-21 19:31:02 --> URI Class Initialized
INFO - 2025-01-21 19:31:02 --> Router Class Initialized
INFO - 2025-01-21 19:31:02 --> Output Class Initialized
INFO - 2025-01-21 19:31:02 --> Security Class Initialized
DEBUG - 2025-01-21 19:31:02 --> Global POST, GET and COOKIE data sanitized
INFO - 2025-01-21 19:31:02 --> Input Class Initialized
INFO - 2025-01-21 19:31:02 --> Language Class Initialized
INFO - 2025-01-21 19:31:02 --> Language Class Initialized
INFO - 2025-01-21 19:31:02 --> Config Class Initialized
INFO - 2025-01-21 19:31:02 --> Loader Class Initialized
INFO - 2025-01-21 19:31:02 --> Helper loaded: url_helper
INFO - 2025-01-21 19:31:02 --> Helper loaded: easyui_helper
INFO - 2025-01-21 19:31:02 --> Helper loaded: param_helper
INFO - 2025-01-21 19:31:02 --> Helper loaded: credential_helper
INFO - 2025-01-21 19:31:02 --> Helper loaded: template_helper
INFO - 2025-01-21 19:31:02 --> Helper loaded: rest_helper
INFO - 2025-01-21 19:31:02 --> Database Driver Class Initialized
DEBUG - 2025-01-21 19:31:02 --> Idgenerator class already loaded. Second attempt ignored.
INFO - 2025-01-21 19:31:02 --> Controller Class Initialized
INFO - 2025-01-21 19:31:02 --> Model Class Initialized
DEBUG - 2025-01-21 19:31:02 --> File loaded: /apps/web-drc/application/modules/ref_jabatan/models/Jabatan_model.php
INFO - 2025-01-21 19:31:02 --> Model Class Initialized
INFO - 2025-01-21 19:31:02 --> Final output sent to browser
DEBUG - 2025-01-21 19:31:02 --> Total execution time: 0.0227
INFO - 2025-01-21 19:31:02 --> Config Class Initialized
INFO - 2025-01-21 19:31:02 --> Hooks Class Initialized
DEBUG - 2025-01-21 19:31:02 --> UTF-8 Support Enabled
INFO - 2025-01-21 19:31:02 --> Utf8 Class Initialized
INFO - 2025-01-21 19:31:02 --> URI Class Initialized
INFO - 2025-01-21 19:31:02 --> Router Class Initialized
INFO - 2025-01-21 19:31:02 --> Output Class Initialized
INFO - 2025-01-21 19:31:02 --> Security Class Initialized
DEBUG - 2025-01-21 19:31:02 --> Global POST, GET and COOKIE data sanitized
INFO - 2025-01-21 19:31:02 --> Input Class Initialized
INFO - 2025-01-21 19:31:02 --> Language Class Initialized
INFO - 2025-01-21 19:31:02 --> Language Class Initialized
INFO - 2025-01-21 19:31:02 --> Config Class Initialized
INFO - 2025-01-21 19:31:02 --> Loader Class Initialized
INFO - 2025-01-21 19:31:02 --> Helper loaded: url_helper
INFO - 2025-01-21 19:31:02 --> Helper loaded: easyui_helper
INFO - 2025-01-21 19:31:02 --> Helper loaded: param_helper
INFO - 2025-01-21 19:31:02 --> Helper loaded: credential_helper
INFO - 2025-01-21 19:31:02 --> Helper loaded: template_helper
INFO - 2025-01-21 19:31:02 --> Helper loaded: rest_helper
INFO - 2025-01-21 19:31:02 --> Database Driver Class Initialized
DEBUG - 2025-01-21 19:31:02 --> Idgenerator class already loaded. Second attempt ignored.
INFO - 2025-01-21 19:31:02 --> Controller Class Initialized
INFO - 2025-01-21 19:31:02 --> Model Class Initialized
DEBUG - 2025-01-21 19:31:02 --> File loaded: /apps/web-drc/application/modules/app_resource/models/Resource_model.php
INFO - 2025-01-21 19:31:02 --> Model Class Initialized
INFO - 2025-01-21 19:31:02 --> Final output sent to browser
DEBUG - 2025-01-21 19:31:02 --> Total execution time: 0.0042
INFO - 2025-01-21 19:31:02 --> Config Class Initialized
INFO - 2025-01-21 19:31:02 --> Hooks Class Initialized
DEBUG - 2025-01-21 19:31:02 --> UTF-8 Support Enabled
INFO - 2025-01-21 19:31:02 --> Utf8 Class Initialized
INFO - 2025-01-21 19:31:02 --> URI Class Initialized
INFO - 2025-01-21 19:31:02 --> Router Class Initialized
INFO - 2025-01-21 19:31:02 --> Output Class Initialized
INFO - 2025-01-21 19:31:02 --> Security Class Initialized
DEBUG - 2025-01-21 19:31:02 --> Global POST, GET and COOKIE data sanitized
INFO - 2025-01-21 19:31:02 --> Input Class Initialized
INFO - 2025-01-21 19:31:02 --> Language Class Initialized
INFO - 2025-01-21 19:31:02 --> Language Class Initialized
INFO - 2025-01-21 19:31:02 --> Config Class Initialized
INFO - 2025-01-21 19:31:02 --> Loader Class Initialized
INFO - 2025-01-21 19:31:02 --> Helper loaded: url_helper
INFO - 2025-01-21 19:31:02 --> Helper loaded: easyui_helper
INFO - 2025-01-21 19:31:02 --> Helper loaded: param_helper
INFO - 2025-01-21 19:31:02 --> Helper loaded: credential_helper
INFO - 2025-01-21 19:31:02 --> Helper loaded: template_helper
INFO - 2025-01-21 19:31:02 --> Helper loaded: rest_helper
INFO - 2025-01-21 19:31:02 --> Database Driver Class Initialized
DEBUG - 2025-01-21 19:31:02 --> Idgenerator class already loaded. Second attempt ignored.
INFO - 2025-01-21 19:31:02 --> Controller Class Initialized
INFO - 2025-01-21 19:31:02 --> Model Class Initialized
DEBUG - 2025-01-21 19:31:02 --> File loaded: /apps/web-drc/application/modules/app_role/models/Role_model.php
INFO - 2025-01-21 19:31:02 --> Model Class Initialized
INFO - 2025-01-21 19:31:02 --> Final output sent to browser
DEBUG - 2025-01-21 19:31:02 --> Total execution time: 0.0086
INFO - 2025-01-21 19:31:46 --> Config Class Initialized
INFO - 2025-01-21 19:31:46 --> Hooks Class Initialized
DEBUG - 2025-01-21 19:31:46 --> UTF-8 Support Enabled
INFO - 2025-01-21 19:31:46 --> Utf8 Class Initialized
INFO - 2025-01-21 19:31:46 --> URI Class Initialized
INFO - 2025-01-21 19:31:46 --> Router Class Initialized
INFO - 2025-01-21 19:31:46 --> Output Class Initialized
INFO - 2025-01-21 19:31:46 --> Security Class Initialized
DEBUG - 2025-01-21 19:31:46 --> Global POST, GET and COOKIE data sanitized
INFO - 2025-01-21 19:31:46 --> Input Class Initialized
INFO - 2025-01-21 19:31:46 --> Language Class Initialized
INFO - 2025-01-21 19:31:46 --> Language Class Initialized
INFO - 2025-01-21 19:31:46 --> Config Class Initialized
INFO - 2025-01-21 19:31:46 --> Loader Class Initialized
INFO - 2025-01-21 19:31:46 --> Helper loaded: url_helper
INFO - 2025-01-21 19:31:46 --> Helper loaded: easyui_helper
INFO - 2025-01-21 19:31:46 --> Helper loaded: param_helper
INFO - 2025-01-21 19:31:46 --> Helper loaded: credential_helper
INFO - 2025-01-21 19:31:46 --> Helper loaded: template_helper
INFO - 2025-01-21 19:31:46 --> Helper loaded: rest_helper
INFO - 2025-01-21 19:31:46 --> Database Driver Class Initialized
DEBUG - 2025-01-21 19:31:46 --> Idgenerator class already loaded. Second attempt ignored.
INFO - 2025-01-21 19:31:46 --> Controller Class Initialized
INFO - 2025-01-21 19:31:46 --> Model Class Initialized
DEBUG - 2025-01-21 19:31:46 --> File loaded: /apps/web-drc/application/modules/app_resource/models/Resource_model.php
INFO - 2025-01-21 19:31:46 --> Model Class Initialized
INFO - 2025-01-21 19:31:46 --> Final output sent to browser
DEBUG - 2025-01-21 19:31:46 --> Total execution time: 0.0135
INFO - 2025-01-21 19:31:56 --> Config Class Initialized
INFO - 2025-01-21 19:31:56 --> Hooks Class Initialized
DEBUG - 2025-01-21 19:31:56 --> UTF-8 Support Enabled
INFO - 2025-01-21 19:31:56 --> Utf8 Class Initialized
INFO - 2025-01-21 19:31:56 --> URI Class Initialized
INFO - 2025-01-21 19:31:56 --> Router Class Initialized
INFO - 2025-01-21 19:31:56 --> Output Class Initialized
INFO - 2025-01-21 19:31:56 --> Security Class Initialized
DEBUG - 2025-01-21 19:31:56 --> Global POST, GET and COOKIE data sanitized
INFO - 2025-01-21 19:31:56 --> Input Class Initialized
INFO - 2025-01-21 19:31:56 --> Language Class Initialized
INFO - 2025-01-21 19:31:56 --> Language Class Initialized
INFO - 2025-01-21 19:31:56 --> Config Class Initialized
INFO - 2025-01-21 19:31:56 --> Loader Class Initialized
INFO - 2025-01-21 19:31:56 --> Helper loaded: url_helper
INFO - 2025-01-21 19:31:56 --> Helper loaded: easyui_helper
INFO - 2025-01-21 19:31:56 --> Helper loaded: param_helper
INFO - 2025-01-21 19:31:56 --> Helper loaded: credential_helper
INFO - 2025-01-21 19:31:56 --> Helper loaded: template_helper
INFO - 2025-01-21 19:31:56 --> Helper loaded: rest_helper
INFO - 2025-01-21 19:31:56 --> Database Driver Class Initialized
DEBUG - 2025-01-21 19:31:56 --> Idgenerator class already loaded. Second attempt ignored.
INFO - 2025-01-21 19:31:56 --> Controller Class Initialized
INFO - 2025-01-21 19:31:56 --> Model Class Initialized
DEBUG - 2025-01-21 19:31:56 --> File loaded: /apps/web-drc/application/modules/app_resource/models/Resource_model.php
INFO - 2025-01-21 19:31:56 --> Model Class Initialized
INFO - 2025-01-21 19:31:56 --> Final output sent to browser
DEBUG - 2025-01-21 19:31:56 --> Total execution time: 0.0070
INFO - 2025-01-21 19:31:59 --> Config Class Initialized
INFO - 2025-01-21 19:31:59 --> Hooks Class Initialized
DEBUG - 2025-01-21 19:31:59 --> UTF-8 Support Enabled
INFO - 2025-01-21 19:31:59 --> Utf8 Class Initialized
INFO - 2025-01-21 19:31:59 --> URI Class Initialized
INFO - 2025-01-21 19:31:59 --> Router Class Initialized
INFO - 2025-01-21 19:31:59 --> Output Class Initialized
INFO - 2025-01-21 19:31:59 --> Security Class Initialized
DEBUG - 2025-01-21 19:31:59 --> Global POST, GET and COOKIE data sanitized
INFO - 2025-01-21 19:31:59 --> Input Class Initialized
INFO - 2025-01-21 19:31:59 --> Language Class Initialized
INFO - 2025-01-21 19:31:59 --> Language Class Initialized
INFO - 2025-01-21 19:31:59 --> Config Class Initialized
INFO - 2025-01-21 19:31:59 --> Loader Class Initialized
INFO - 2025-01-21 19:31:59 --> Helper loaded: url_helper
INFO - 2025-01-21 19:31:59 --> Helper loaded: easyui_helper
INFO - 2025-01-21 19:31:59 --> Helper loaded: param_helper
INFO - 2025-01-21 19:31:59 --> Helper loaded: credential_helper
INFO - 2025-01-21 19:31:59 --> Helper loaded: template_helper
INFO - 2025-01-21 19:31:59 --> Helper loaded: rest_helper
INFO - 2025-01-21 19:31:59 --> Database Driver Class Initialized
DEBUG - 2025-01-21 19:31:59 --> Idgenerator class already loaded. Second attempt ignored.
INFO - 2025-01-21 19:31:59 --> Controller Class Initialized
INFO - 2025-01-21 19:31:59 --> Model Class Initialized
DEBUG - 2025-01-21 19:31:59 --> File loaded: /apps/web-drc/application/modules/app_resource/models/Resource_model.php
INFO - 2025-01-21 19:31:59 --> Model Class Initialized
INFO - 2025-01-21 19:31:59 --> Final output sent to browser
DEBUG - 2025-01-21 19:31:59 --> Total execution time: 0.0045
INFO - 2025-01-21 19:32:02 --> Config Class Initialized
INFO - 2025-01-21 19:32:02 --> Hooks Class Initialized
DEBUG - 2025-01-21 19:32:02 --> UTF-8 Support Enabled
INFO - 2025-01-21 19:32:02 --> Utf8 Class Initialized
INFO - 2025-01-21 19:32:02 --> URI Class Initialized
INFO - 2025-01-21 19:32:02 --> Router Class Initialized
INFO - 2025-01-21 19:32:02 --> Output Class Initialized
INFO - 2025-01-21 19:32:02 --> Security Class Initialized
DEBUG - 2025-01-21 19:32:02 --> Global POST, GET and COOKIE data sanitized
INFO - 2025-01-21 19:32:02 --> Input Class Initialized
INFO - 2025-01-21 19:32:02 --> Language Class Initialized
INFO - 2025-01-21 19:32:02 --> Language Class Initialized
INFO - 2025-01-21 19:32:02 --> Config Class Initialized
INFO - 2025-01-21 19:32:02 --> Loader Class Initialized
INFO - 2025-01-21 19:32:02 --> Helper loaded: url_helper
INFO - 2025-01-21 19:32:02 --> Helper loaded: easyui_helper
INFO - 2025-01-21 19:32:02 --> Helper loaded: param_helper
INFO - 2025-01-21 19:32:02 --> Helper loaded: credential_helper
INFO - 2025-01-21 19:32:02 --> Helper loaded: template_helper
INFO - 2025-01-21 19:32:02 --> Helper loaded: rest_helper
INFO - 2025-01-21 19:32:02 --> Database Driver Class Initialized
DEBUG - 2025-01-21 19:32:02 --> Idgenerator class already loaded. Second attempt ignored.
INFO - 2025-01-21 19:32:02 --> Controller Class Initialized
INFO - 2025-01-21 19:32:02 --> Model Class Initialized
DEBUG - 2025-01-21 19:32:02 --> File loaded: /apps/web-drc/application/modules/app_resource/models/Resource_model.php
INFO - 2025-01-21 19:32:02 --> Model Class Initialized
INFO - 2025-01-21 19:32:02 --> Final output sent to browser
DEBUG - 2025-01-21 19:32:02 --> Total execution time: 0.0101
INFO - 2025-01-21 19:32:11 --> Config Class Initialized
INFO - 2025-01-21 19:32:11 --> Hooks Class Initialized
DEBUG - 2025-01-21 19:32:11 --> UTF-8 Support Enabled
INFO - 2025-01-21 19:32:11 --> Utf8 Class Initialized
INFO - 2025-01-21 19:32:11 --> URI Class Initialized
INFO - 2025-01-21 19:32:11 --> Router Class Initialized
INFO - 2025-01-21 19:32:11 --> Output Class Initialized
INFO - 2025-01-21 19:32:11 --> Security Class Initialized
DEBUG - 2025-01-21 19:32:11 --> Global POST, GET and COOKIE data sanitized
INFO - 2025-01-21 19:32:11 --> Input Class Initialized
INFO - 2025-01-21 19:32:11 --> Language Class Initialized
INFO - 2025-01-21 19:32:11 --> Language Class Initialized
INFO - 2025-01-21 19:32:11 --> Config Class Initialized
INFO - 2025-01-21 19:32:11 --> Loader Class Initialized
INFO - 2025-01-21 19:32:11 --> Helper loaded: url_helper
INFO - 2025-01-21 19:32:11 --> Helper loaded: easyui_helper
INFO - 2025-01-21 19:32:11 --> Helper loaded: param_helper
INFO - 2025-01-21 19:32:11 --> Helper loaded: credential_helper
INFO - 2025-01-21 19:32:11 --> Helper loaded: template_helper
INFO - 2025-01-21 19:32:11 --> Helper loaded: rest_helper
INFO - 2025-01-21 19:32:11 --> Database Driver Class Initialized
DEBUG - 2025-01-21 19:32:11 --> Idgenerator class already loaded. Second attempt ignored.
INFO - 2025-01-21 19:32:11 --> Controller Class Initialized
INFO - 2025-01-21 19:32:11 --> Model Class Initialized
DEBUG - 2025-01-21 19:32:11 --> File loaded: /apps/web-drc/application/modules/app_resource/models/Resource_model.php
INFO - 2025-01-21 19:32:11 --> Model Class Initialized
ERROR - 2025-01-21 19:32:11 --> Cache: Failed to initialize APC; extension not loaded/enabled?
INFO - 2025-01-21 19:32:11 --> Helper loaded: file_helper
ERROR - 2025-01-21 19:32:11 --> Cache adapter "apc" and backup "file" are both unavailable. Cache is now using "Dummy" adapter.
ERROR - 2025-01-21 19:32:11 --> Severity: Warning --> fopen(/apps/web-drc/resource/files/lock/lock.txt): failed to open stream: Permission denied /apps/web-drc/application/libraries/IDGenerator.php 30
ERROR - 2025-01-21 19:32:11 --> Severity: Warning --> flock() expects parameter 1 to be resource, bool given /apps/web-drc/application/libraries/IDGenerator.php 31
ERROR - 2025-01-21 19:32:11 --> Severity: Warning --> fclose() expects parameter 1 to be resource, bool given /apps/web-drc/application/libraries/IDGenerator.php 67
INFO - 2025-01-21 19:32:11 --> Final output sent to browser
DEBUG - 2025-01-21 19:32:11 --> Total execution time: 0.0303
