INFO - 2025-05-03 18:42:51 --> Config Class Initialized
INFO - 2025-05-03 18:42:51 --> Hooks Class Initialized
DEBUG - 2025-05-03 18:42:51 --> UTF-8 Support Enabled
INFO - 2025-05-03 18:42:51 --> Utf8 Class Initialized
INFO - 2025-05-03 18:42:51 --> URI Class Initialized
DEBUG - 2025-05-03 18:42:51 --> No URI present. Default controller set.
INFO - 2025-05-03 18:42:51 --> Router Class Initialized
INFO - 2025-05-03 18:42:51 --> Output Class Initialized
INFO - 2025-05-03 18:42:51 --> Security Class Initialized
DEBUG - 2025-05-03 18:42:51 --> Global POST, GET and COOKIE data sanitized
INFO - 2025-05-03 18:42:51 --> Input Class Initialized
INFO - 2025-05-03 18:42:51 --> Language Class Initialized
INFO - 2025-05-03 18:42:51 --> Language Class Initialized
INFO - 2025-05-03 18:42:51 --> Config Class Initialized
INFO - 2025-05-03 18:42:51 --> Loader Class Initialized
INFO - 2025-05-03 18:42:51 --> Helper loaded: url_helper
INFO - 2025-05-03 18:42:51 --> Helper loaded: easyui_helper
INFO - 2025-05-03 18:42:51 --> Helper loaded: param_helper
INFO - 2025-05-03 18:42:51 --> Helper loaded: credential_helper
INFO - 2025-05-03 18:42:51 --> Helper loaded: template_helper
INFO - 2025-05-03 18:42:51 --> Helper loaded: rest_helper
INFO - 2025-05-03 18:42:51 --> Database Driver Class Initialized
DEBUG - 2025-05-03 18:42:51 --> Idgenerator class already loaded. Second attempt ignored.
INFO - 2025-05-03 18:42:51 --> Controller Class Initialized
DEBUG - 2025-05-03 18:42:51 --> File loaded: /apps/web-drc/application/modules/app_auth/views/login_lte_template.php
DEBUG - 2025-05-03 18:42:51 --> File loaded: /apps/web-drc/application/views/template_login_lte/header.php
DEBUG - 2025-05-03 18:42:51 --> File loaded: /apps/web-drc/application/views/template_login_lte/contents.php
DEBUG - 2025-05-03 18:42:51 --> File loaded: /apps/web-drc/application/views/template_login_lte/default.php
INFO - 2025-05-03 18:42:51 --> Final output sent to browser
DEBUG - 2025-05-03 18:42:51 --> Total execution time: 0.0968
