INFO - 2024-12-29 08:21:34 --> Config Class Initialized
INFO - 2024-12-29 08:21:34 --> Hooks Class Initialized
DEBUG - 2024-12-29 08:21:34 --> UTF-8 Support Enabled
INFO - 2024-12-29 08:21:34 --> Utf8 Class Initialized
INFO - 2024-12-29 08:21:34 --> URI Class Initialized
INFO - 2024-12-29 08:21:34 --> Router Class Initialized
INFO - 2024-12-29 08:21:34 --> Output Class Initialized
INFO - 2024-12-29 08:21:34 --> Security Class Initialized
DEBUG - 2024-12-29 08:21:34 --> Global POST, GET and COOKIE data sanitized
INFO - 2024-12-29 08:21:34 --> Input Class Initialized
INFO - 2024-12-29 08:21:34 --> Language Class Initialized
ERROR - 2024-12-29 08:21:34 --> 404 Page Not Found: /index
INFO - 2024-12-29 16:31:55 --> Config Class Initialized
INFO - 2024-12-29 16:31:55 --> Hooks Class Initialized
DEBUG - 2024-12-29 16:31:55 --> UTF-8 Support Enabled
INFO - 2024-12-29 16:31:55 --> Utf8 Class Initialized
INFO - 2024-12-29 16:31:55 --> URI Class Initialized
DEBUG - 2024-12-29 16:31:55 --> No URI present. Default controller set.
INFO - 2024-12-29 16:31:55 --> Router Class Initialized
INFO - 2024-12-29 16:31:55 --> Output Class Initialized
INFO - 2024-12-29 16:31:55 --> Security Class Initialized
DEBUG - 2024-12-29 16:31:55 --> Global POST, GET and COOKIE data sanitized
INFO - 2024-12-29 16:31:55 --> Input Class Initialized
INFO - 2024-12-29 16:31:55 --> Language Class Initialized
INFO - 2024-12-29 16:31:55 --> Language Class Initialized
INFO - 2024-12-29 16:31:55 --> Config Class Initialized
INFO - 2024-12-29 16:31:55 --> Loader Class Initialized
INFO - 2024-12-29 16:31:55 --> Helper loaded: url_helper
INFO - 2024-12-29 16:31:55 --> Helper loaded: easyui_helper
INFO - 2024-12-29 16:31:55 --> Helper loaded: param_helper
INFO - 2024-12-29 16:31:55 --> Helper loaded: credential_helper
INFO - 2024-12-29 16:31:55 --> Helper loaded: template_helper
INFO - 2024-12-29 16:31:55 --> Helper loaded: rest_helper
INFO - 2024-12-29 16:31:56 --> Database Driver Class Initialized
DEBUG - 2024-12-29 16:31:56 --> Idgenerator class already loaded. Second attempt ignored.
INFO - 2024-12-29 16:31:56 --> Controller Class Initialized
DEBUG - 2024-12-29 16:31:56 --> File loaded: /apps/web-drc/application/modules/app_auth/views/login_lte_template.php
DEBUG - 2024-12-29 16:31:56 --> File loaded: /apps/web-drc/application/views/template_login_lte/header.php
DEBUG - 2024-12-29 16:31:56 --> File loaded: /apps/web-drc/application/views/template_login_lte/contents.php
DEBUG - 2024-12-29 16:31:56 --> File loaded: /apps/web-drc/application/views/template_login_lte/default.php
INFO - 2024-12-29 16:31:56 --> Final output sent to browser
DEBUG - 2024-12-29 16:31:56 --> Total execution time: 0.1428
INFO - 2024-12-29 16:32:01 --> Config Class Initialized
INFO - 2024-12-29 16:32:01 --> Hooks Class Initialized
DEBUG - 2024-12-29 16:32:01 --> UTF-8 Support Enabled
INFO - 2024-12-29 16:32:01 --> Utf8 Class Initialized
INFO - 2024-12-29 16:32:01 --> URI Class Initialized
INFO - 2024-12-29 16:32:01 --> Router Class Initialized
INFO - 2024-12-29 16:32:01 --> Output Class Initialized
INFO - 2024-12-29 16:32:01 --> Security Class Initialized
DEBUG - 2024-12-29 16:32:01 --> Global POST, GET and COOKIE data sanitized
INFO - 2024-12-29 16:32:01 --> Input Class Initialized
INFO - 2024-12-29 16:32:01 --> Language Class Initialized
ERROR - 2024-12-29 16:32:01 --> 404 Page Not Found: /index
INFO - 2024-12-29 16:32:03 --> Config Class Initialized
INFO - 2024-12-29 16:32:03 --> Hooks Class Initialized
DEBUG - 2024-12-29 16:32:03 --> UTF-8 Support Enabled
INFO - 2024-12-29 16:32:03 --> Utf8 Class Initialized
INFO - 2024-12-29 16:32:03 --> URI Class Initialized
INFO - 2024-12-29 16:32:03 --> Router Class Initialized
INFO - 2024-12-29 16:32:03 --> Output Class Initialized
INFO - 2024-12-29 16:32:03 --> Security Class Initialized
DEBUG - 2024-12-29 16:32:03 --> Global POST, GET and COOKIE data sanitized
INFO - 2024-12-29 16:32:03 --> Input Class Initialized
INFO - 2024-12-29 16:32:03 --> Language Class Initialized
ERROR - 2024-12-29 16:32:03 --> 404 Page Not Found: /index
