INFO - 2025-04-02 02:16:21 --> Config Class Initialized
INFO - 2025-04-02 02:16:21 --> Hooks Class Initialized
DEBUG - 2025-04-02 02:16:21 --> UTF-8 Support Enabled
INFO - 2025-04-02 02:16:21 --> Utf8 Class Initialized
INFO - 2025-04-02 02:16:21 --> URI Class Initialized
DEBUG - 2025-04-02 02:16:21 --> No URI present. Default controller set.
INFO - 2025-04-02 02:16:21 --> Router Class Initialized
INFO - 2025-04-02 02:16:21 --> Output Class Initialized
INFO - 2025-04-02 02:16:21 --> Security Class Initialized
DEBUG - 2025-04-02 02:16:21 --> Global POST, GET and COOKIE data sanitized
INFO - 2025-04-02 02:16:21 --> Input Class Initialized
INFO - 2025-04-02 02:16:21 --> Language Class Initialized
INFO - 2025-04-02 02:16:21 --> Language Class Initialized
INFO - 2025-04-02 02:16:21 --> Config Class Initialized
INFO - 2025-04-02 02:16:21 --> Loader Class Initialized
INFO - 2025-04-02 02:16:21 --> Helper loaded: url_helper
INFO - 2025-04-02 02:16:21 --> Helper loaded: easyui_helper
INFO - 2025-04-02 02:16:21 --> Helper loaded: param_helper
INFO - 2025-04-02 02:16:21 --> Helper loaded: credential_helper
INFO - 2025-04-02 02:16:21 --> Helper loaded: template_helper
INFO - 2025-04-02 02:16:21 --> Helper loaded: rest_helper
INFO - 2025-04-02 02:16:21 --> Database Driver Class Initialized
DEBUG - 2025-04-02 02:16:21 --> Idgenerator class already loaded. Second attempt ignored.
INFO - 2025-04-02 02:16:21 --> Controller Class Initialized
DEBUG - 2025-04-02 02:16:21 --> File loaded: /apps/web-drc/application/modules/app_auth/views/login_lte_template.php
DEBUG - 2025-04-02 02:16:21 --> File loaded: /apps/web-drc/application/views/template_login_lte/header.php
DEBUG - 2025-04-02 02:16:21 --> File loaded: /apps/web-drc/application/views/template_login_lte/contents.php
DEBUG - 2025-04-02 02:16:21 --> File loaded: /apps/web-drc/application/views/template_login_lte/default.php
INFO - 2025-04-02 02:16:21 --> Final output sent to browser
DEBUG - 2025-04-02 02:16:21 --> Total execution time: 0.0959
INFO - 2025-04-02 07:58:11 --> Config Class Initialized
INFO - 2025-04-02 07:58:11 --> Hooks Class Initialized
DEBUG - 2025-04-02 07:58:11 --> UTF-8 Support Enabled
INFO - 2025-04-02 07:58:11 --> Utf8 Class Initialized
INFO - 2025-04-02 07:58:11 --> URI Class Initialized
INFO - 2025-04-02 07:58:11 --> Router Class Initialized
INFO - 2025-04-02 07:58:11 --> Output Class Initialized
INFO - 2025-04-02 07:58:11 --> Security Class Initialized
DEBUG - 2025-04-02 07:58:11 --> Global POST, GET and COOKIE data sanitized
INFO - 2025-04-02 07:58:11 --> Input Class Initialized
INFO - 2025-04-02 07:58:11 --> Language Class Initialized
INFO - 2025-04-02 07:58:11 --> Language Class Initialized
INFO - 2025-04-02 07:58:11 --> Config Class Initialized
INFO - 2025-04-02 07:58:11 --> Loader Class Initialized
INFO - 2025-04-02 07:58:11 --> Helper loaded: url_helper
INFO - 2025-04-02 07:58:11 --> Helper loaded: easyui_helper
INFO - 2025-04-02 07:58:11 --> Helper loaded: param_helper
INFO - 2025-04-02 07:58:11 --> Helper loaded: credential_helper
INFO - 2025-04-02 07:58:11 --> Helper loaded: template_helper
INFO - 2025-04-02 07:58:11 --> Helper loaded: rest_helper
INFO - 2025-04-02 07:58:11 --> Database Driver Class Initialized
DEBUG - 2025-04-02 07:58:11 --> Idgenerator class already loaded. Second attempt ignored.
INFO - 2025-04-02 07:58:11 --> Controller Class Initialized
INFO - 2025-04-02 07:58:11 --> Model Class Initialized
DEBUG - 2025-04-02 07:58:11 --> File loaded: /apps/web-drc/application/modules/visibility_program_active/models/Visibility_program_model.php
INFO - 2025-04-02 07:58:11 --> Model Class Initialized
DEBUG - 2025-04-02 07:58:11 --> File loaded: /apps/web-drc/application/modules/visibility_program_active/views/form.php
DEBUG - 2025-04-02 07:58:11 --> File loaded: /apps/web-drc/application/views/templates/header.php
DEBUG - 2025-04-02 07:58:11 --> File loaded: /apps/web-drc/application/views/templates/toolbar.php
DEBUG - 2025-04-02 07:58:11 --> File loaded: /apps/web-drc/application/views/templates/sidebar.php
DEBUG - 2025-04-02 07:58:11 --> File loaded: /apps/web-drc/application/views/templates/contents.php
DEBUG - 2025-04-02 07:58:11 --> File loaded: /apps/web-drc/application/views/templates/content_footer.php
DEBUG - 2025-04-02 07:58:11 --> File loaded: /apps/web-drc/application/views/templates/footer.php
INFO - 2025-04-02 07:58:11 --> Config Class Initialized
INFO - 2025-04-02 07:58:11 --> Hooks Class Initialized
DEBUG - 2025-04-02 07:58:11 --> UTF-8 Support Enabled
INFO - 2025-04-02 07:58:11 --> Utf8 Class Initialized
INFO - 2025-04-02 07:58:11 --> URI Class Initialized
DEBUG - 2025-04-02 07:58:11 --> No URI present. Default controller set.
INFO - 2025-04-02 07:58:11 --> Router Class Initialized
INFO - 2025-04-02 07:58:11 --> Output Class Initialized
INFO - 2025-04-02 07:58:11 --> Security Class Initialized
DEBUG - 2025-04-02 07:58:11 --> Global POST, GET and COOKIE data sanitized
INFO - 2025-04-02 07:58:11 --> Input Class Initialized
INFO - 2025-04-02 07:58:11 --> Language Class Initialized
INFO - 2025-04-02 07:58:11 --> Language Class Initialized
INFO - 2025-04-02 07:58:11 --> Config Class Initialized
INFO - 2025-04-02 07:58:11 --> Loader Class Initialized
INFO - 2025-04-02 07:58:11 --> Helper loaded: url_helper
INFO - 2025-04-02 07:58:11 --> Helper loaded: easyui_helper
INFO - 2025-04-02 07:58:11 --> Helper loaded: param_helper
INFO - 2025-04-02 07:58:11 --> Helper loaded: credential_helper
INFO - 2025-04-02 07:58:11 --> Helper loaded: template_helper
INFO - 2025-04-02 07:58:11 --> Helper loaded: rest_helper
INFO - 2025-04-02 07:58:11 --> Database Driver Class Initialized
DEBUG - 2025-04-02 07:58:11 --> Idgenerator class already loaded. Second attempt ignored.
INFO - 2025-04-02 07:58:11 --> Controller Class Initialized
DEBUG - 2025-04-02 07:58:11 --> File loaded: /apps/web-drc/application/modules/app_auth/views/login_lte_template.php
DEBUG - 2025-04-02 07:58:11 --> File loaded: /apps/web-drc/application/views/template_login_lte/header.php
DEBUG - 2025-04-02 07:58:11 --> File loaded: /apps/web-drc/application/views/template_login_lte/contents.php
DEBUG - 2025-04-02 07:58:11 --> File loaded: /apps/web-drc/application/views/template_login_lte/default.php
INFO - 2025-04-02 07:58:11 --> Final output sent to browser
DEBUG - 2025-04-02 07:58:11 --> Total execution time: 0.0056
INFO - 2025-04-02 07:58:11 --> Config Class Initialized
INFO - 2025-04-02 07:58:11 --> Hooks Class Initialized
DEBUG - 2025-04-02 07:58:11 --> UTF-8 Support Enabled
INFO - 2025-04-02 07:58:11 --> Utf8 Class Initialized
INFO - 2025-04-02 07:58:11 --> URI Class Initialized
INFO - 2025-04-02 07:58:11 --> Router Class Initialized
INFO - 2025-04-02 07:58:11 --> Output Class Initialized
INFO - 2025-04-02 07:58:11 --> Security Class Initialized
DEBUG - 2025-04-02 07:58:11 --> Global POST, GET and COOKIE data sanitized
INFO - 2025-04-02 07:58:11 --> Input Class Initialized
INFO - 2025-04-02 07:58:11 --> Language Class Initialized
ERROR - 2025-04-02 07:58:11 --> 404 Page Not Found: /index
INFO - 2025-04-02 15:46:03 --> Config Class Initialized
INFO - 2025-04-02 15:46:03 --> Hooks Class Initialized
DEBUG - 2025-04-02 15:46:03 --> UTF-8 Support Enabled
INFO - 2025-04-02 15:46:03 --> Utf8 Class Initialized
INFO - 2025-04-02 15:46:03 --> URI Class Initialized
DEBUG - 2025-04-02 15:46:03 --> No URI present. Default controller set.
INFO - 2025-04-02 15:46:03 --> Router Class Initialized
INFO - 2025-04-02 15:46:03 --> Output Class Initialized
INFO - 2025-04-02 15:46:03 --> Security Class Initialized
DEBUG - 2025-04-02 15:46:03 --> Global POST, GET and COOKIE data sanitized
INFO - 2025-04-02 15:46:03 --> Input Class Initialized
INFO - 2025-04-02 15:46:03 --> Language Class Initialized
INFO - 2025-04-02 15:46:03 --> Language Class Initialized
INFO - 2025-04-02 15:46:03 --> Config Class Initialized
INFO - 2025-04-02 15:46:03 --> Loader Class Initialized
INFO - 2025-04-02 15:46:03 --> Helper loaded: url_helper
INFO - 2025-04-02 15:46:03 --> Helper loaded: easyui_helper
INFO - 2025-04-02 15:46:03 --> Helper loaded: param_helper
INFO - 2025-04-02 15:46:03 --> Helper loaded: credential_helper
INFO - 2025-04-02 15:46:03 --> Helper loaded: template_helper
INFO - 2025-04-02 15:46:03 --> Helper loaded: rest_helper
INFO - 2025-04-02 15:46:03 --> Database Driver Class Initialized
DEBUG - 2025-04-02 15:46:03 --> Idgenerator class already loaded. Second attempt ignored.
INFO - 2025-04-02 15:46:03 --> Controller Class Initialized
DEBUG - 2025-04-02 15:46:03 --> File loaded: /apps/web-drc/application/modules/app_auth/views/login_lte_template.php
DEBUG - 2025-04-02 15:46:03 --> File loaded: /apps/web-drc/application/views/template_login_lte/header.php
DEBUG - 2025-04-02 15:46:03 --> File loaded: /apps/web-drc/application/views/template_login_lte/contents.php
DEBUG - 2025-04-02 15:46:03 --> File loaded: /apps/web-drc/application/views/template_login_lte/default.php
INFO - 2025-04-02 15:46:03 --> Final output sent to browser
DEBUG - 2025-04-02 15:46:03 --> Total execution time: 0.0667
