INFO - 2024-12-23 05:50:57 --> Config Class Initialized
INFO - 2024-12-23 05:50:57 --> Hooks Class Initialized
DEBUG - 2024-12-23 05:50:57 --> UTF-8 Support Enabled
INFO - 2024-12-23 05:50:57 --> Utf8 Class Initialized
INFO - 2024-12-23 05:50:57 --> URI Class Initialized
DEBUG - 2024-12-23 05:50:57 --> No URI present. Default controller set.
INFO - 2024-12-23 05:50:57 --> Router Class Initialized
INFO - 2024-12-23 05:50:57 --> Output Class Initialized
INFO - 2024-12-23 05:50:57 --> Security Class Initialized
DEBUG - 2024-12-23 05:50:57 --> Global POST, GET and COOKIE data sanitized
INFO - 2024-12-23 05:50:57 --> Input Class Initialized
INFO - 2024-12-23 05:50:57 --> Language Class Initialized
INFO - 2024-12-23 05:50:57 --> Language Class Initialized
INFO - 2024-12-23 05:50:57 --> Config Class Initialized
INFO - 2024-12-23 05:50:57 --> Loader Class Initialized
INFO - 2024-12-23 05:50:57 --> Helper loaded: url_helper
INFO - 2024-12-23 05:50:57 --> Helper loaded: easyui_helper
INFO - 2024-12-23 05:50:57 --> Helper loaded: param_helper
INFO - 2024-12-23 05:50:57 --> Helper loaded: credential_helper
INFO - 2024-12-23 05:50:57 --> Helper loaded: template_helper
INFO - 2024-12-23 05:50:57 --> Helper loaded: rest_helper
INFO - 2024-12-23 05:50:57 --> Database Driver Class Initialized
DEBUG - 2024-12-23 05:50:57 --> Idgenerator class already loaded. Second attempt ignored.
INFO - 2024-12-23 05:50:57 --> Controller Class Initialized
DEBUG - 2024-12-23 05:50:57 --> File loaded: /apps/web-drc/application/modules/app_auth/views/login_lte_template.php
DEBUG - 2024-12-23 05:50:57 --> File loaded: /apps/web-drc/application/views/template_login_lte/header.php
DEBUG - 2024-12-23 05:50:57 --> File loaded: /apps/web-drc/application/views/template_login_lte/contents.php
DEBUG - 2024-12-23 05:50:57 --> File loaded: /apps/web-drc/application/views/template_login_lte/default.php
INFO - 2024-12-23 05:50:57 --> Final output sent to browser
DEBUG - 2024-12-23 05:50:57 --> Total execution time: 0.0773
