INFO - 2025-01-06 16:03:02 --> Config Class Initialized
INFO - 2025-01-06 16:03:02 --> Hooks Class Initialized
DEBUG - 2025-01-06 16:03:02 --> UTF-8 Support Enabled
INFO - 2025-01-06 16:03:02 --> Utf8 Class Initialized
INFO - 2025-01-06 16:03:02 --> URI Class Initialized
DEBUG - 2025-01-06 16:03:02 --> No URI present. Default controller set.
INFO - 2025-01-06 16:03:02 --> Router Class Initialized
INFO - 2025-01-06 16:03:02 --> Output Class Initialized
INFO - 2025-01-06 16:03:02 --> Security Class Initialized
DEBUG - 2025-01-06 16:03:02 --> Global POST, GET and COOKIE data sanitized
INFO - 2025-01-06 16:03:02 --> Input Class Initialized
INFO - 2025-01-06 16:03:02 --> Language Class Initialized
INFO - 2025-01-06 16:03:02 --> Language Class Initialized
INFO - 2025-01-06 16:03:02 --> Config Class Initialized
INFO - 2025-01-06 16:03:02 --> Loader Class Initialized
INFO - 2025-01-06 16:03:02 --> Helper loaded: url_helper
INFO - 2025-01-06 16:03:02 --> Helper loaded: easyui_helper
INFO - 2025-01-06 16:03:02 --> Helper loaded: param_helper
INFO - 2025-01-06 16:03:02 --> Helper loaded: credential_helper
INFO - 2025-01-06 16:03:02 --> Helper loaded: template_helper
INFO - 2025-01-06 16:03:02 --> Helper loaded: rest_helper
INFO - 2025-01-06 16:03:02 --> Database Driver Class Initialized
DEBUG - 2025-01-06 16:03:02 --> Idgenerator class already loaded. Second attempt ignored.
INFO - 2025-01-06 16:03:02 --> Controller Class Initialized
DEBUG - 2025-01-06 16:03:02 --> File loaded: /apps/web-drc/application/modules/app_auth/views/login_lte_template.php
DEBUG - 2025-01-06 16:03:02 --> File loaded: /apps/web-drc/application/views/template_login_lte/header.php
DEBUG - 2025-01-06 16:03:02 --> File loaded: /apps/web-drc/application/views/template_login_lte/contents.php
DEBUG - 2025-01-06 16:03:02 --> File loaded: /apps/web-drc/application/views/template_login_lte/default.php
INFO - 2025-01-06 16:03:02 --> Final output sent to browser
DEBUG - 2025-01-06 16:03:02 --> Total execution time: 0.1093
INFO - 2025-01-06 16:03:03 --> Config Class Initialized
INFO - 2025-01-06 16:03:03 --> Hooks Class Initialized
DEBUG - 2025-01-06 16:03:03 --> UTF-8 Support Enabled
INFO - 2025-01-06 16:03:03 --> Utf8 Class Initialized
INFO - 2025-01-06 16:03:03 --> URI Class Initialized
INFO - 2025-01-06 16:03:03 --> Router Class Initialized
INFO - 2025-01-06 16:03:03 --> Output Class Initialized
INFO - 2025-01-06 16:03:03 --> Security Class Initialized
DEBUG - 2025-01-06 16:03:03 --> Global POST, GET and COOKIE data sanitized
INFO - 2025-01-06 16:03:03 --> Input Class Initialized
INFO - 2025-01-06 16:03:03 --> Language Class Initialized
ERROR - 2025-01-06 16:03:03 --> 404 Page Not Found: /index
INFO - 2025-01-06 18:44:41 --> Config Class Initialized
INFO - 2025-01-06 18:44:41 --> Hooks Class Initialized
DEBUG - 2025-01-06 18:44:41 --> UTF-8 Support Enabled
INFO - 2025-01-06 18:44:41 --> Utf8 Class Initialized
INFO - 2025-01-06 18:44:41 --> URI Class Initialized
INFO - 2025-01-06 18:44:41 --> Router Class Initialized
INFO - 2025-01-06 18:44:41 --> Output Class Initialized
INFO - 2025-01-06 18:44:41 --> Security Class Initialized
DEBUG - 2025-01-06 18:44:41 --> Global POST, GET and COOKIE data sanitized
INFO - 2025-01-06 18:44:41 --> Input Class Initialized
INFO - 2025-01-06 18:44:41 --> Language Class Initialized
ERROR - 2025-01-06 18:44:41 --> 404 Page Not Found: /index
INFO - 2025-01-06 20:01:57 --> Config Class Initialized
INFO - 2025-01-06 20:01:57 --> Hooks Class Initialized
DEBUG - 2025-01-06 20:01:57 --> UTF-8 Support Enabled
INFO - 2025-01-06 20:01:57 --> Utf8 Class Initialized
INFO - 2025-01-06 20:01:57 --> URI Class Initialized
INFO - 2025-01-06 20:01:57 --> Router Class Initialized
INFO - 2025-01-06 20:01:57 --> Output Class Initialized
INFO - 2025-01-06 20:01:57 --> Security Class Initialized
DEBUG - 2025-01-06 20:01:57 --> Global POST, GET and COOKIE data sanitized
INFO - 2025-01-06 20:01:57 --> Input Class Initialized
INFO - 2025-01-06 20:01:57 --> Language Class Initialized
INFO - 2025-01-06 20:01:57 --> Language Class Initialized
INFO - 2025-01-06 20:01:57 --> Config Class Initialized
INFO - 2025-01-06 20:01:57 --> Loader Class Initialized
INFO - 2025-01-06 20:01:57 --> Helper loaded: url_helper
INFO - 2025-01-06 20:01:57 --> Helper loaded: easyui_helper
INFO - 2025-01-06 20:01:57 --> Helper loaded: param_helper
INFO - 2025-01-06 20:01:57 --> Helper loaded: credential_helper
INFO - 2025-01-06 20:01:57 --> Helper loaded: template_helper
INFO - 2025-01-06 20:01:57 --> Helper loaded: rest_helper
INFO - 2025-01-06 20:01:57 --> Database Driver Class Initialized
DEBUG - 2025-01-06 20:01:57 --> Idgenerator class already loaded. Second attempt ignored.
INFO - 2025-01-06 20:01:57 --> Controller Class Initialized
INFO - 2025-01-06 20:01:57 --> Model Class Initialized
DEBUG - 2025-01-06 20:01:57 --> File loaded: /apps/web-drc/application/modules/api_v1/models/Api_v1_model.php
INFO - 2025-01-06 20:01:57 --> Model Class Initialized
INFO - 2025-01-06 20:02:18 --> Final output sent to browser
DEBUG - 2025-01-06 20:02:18 --> Total execution time: 21.1946
