INFO - 2025-01-23 11:11:42 --> Config Class Initialized
INFO - 2025-01-23 11:11:42 --> Hooks Class Initialized
DEBUG - 2025-01-23 11:11:42 --> UTF-8 Support Enabled
INFO - 2025-01-23 11:11:42 --> Utf8 Class Initialized
INFO - 2025-01-23 11:11:42 --> URI Class Initialized
INFO - 2025-01-23 11:11:42 --> Router Class Initialized
INFO - 2025-01-23 11:11:42 --> Output Class Initialized
INFO - 2025-01-23 11:11:42 --> Security Class Initialized
DEBUG - 2025-01-23 11:11:42 --> Global POST, GET and COOKIE data sanitized
INFO - 2025-01-23 11:11:42 --> Input Class Initialized
INFO - 2025-01-23 11:11:42 --> Language Class Initialized
INFO - 2025-01-23 11:11:42 --> Language Class Initialized
INFO - 2025-01-23 11:11:42 --> Config Class Initialized
INFO - 2025-01-23 11:11:42 --> Loader Class Initialized
INFO - 2025-01-23 11:11:42 --> Helper loaded: url_helper
INFO - 2025-01-23 11:11:42 --> Helper loaded: easyui_helper
INFO - 2025-01-23 11:11:42 --> Helper loaded: param_helper
INFO - 2025-01-23 11:11:42 --> Helper loaded: credential_helper
INFO - 2025-01-23 11:11:42 --> Helper loaded: template_helper
INFO - 2025-01-23 11:11:42 --> Helper loaded: rest_helper
INFO - 2025-01-23 11:11:42 --> Database Driver Class Initialized
DEBUG - 2025-01-23 11:11:42 --> Idgenerator class already loaded. Second attempt ignored.
INFO - 2025-01-23 11:11:42 --> Controller Class Initialized
INFO - 2025-01-23 11:11:42 --> Model Class Initialized
DEBUG - 2025-01-23 11:11:42 --> File loaded: /apps/web-drc/application/modules/api_v1/models/Api_v1_model.php
INFO - 2025-01-23 11:11:42 --> Model Class Initialized
INFO - 2025-01-23 11:11:59 --> Final output sent to browser
DEBUG - 2025-01-23 11:11:59 --> Total execution time: 16.3133
INFO - 2025-01-23 11:11:59 --> Config Class Initialized
INFO - 2025-01-23 11:11:59 --> Hooks Class Initialized
DEBUG - 2025-01-23 11:11:59 --> UTF-8 Support Enabled
INFO - 2025-01-23 11:11:59 --> Utf8 Class Initialized
INFO - 2025-01-23 11:11:59 --> URI Class Initialized
INFO - 2025-01-23 11:11:59 --> Router Class Initialized
INFO - 2025-01-23 11:11:59 --> Output Class Initialized
INFO - 2025-01-23 11:11:59 --> Security Class Initialized
DEBUG - 2025-01-23 11:11:59 --> Global POST, GET and COOKIE data sanitized
INFO - 2025-01-23 11:11:59 --> Input Class Initialized
INFO - 2025-01-23 11:11:59 --> Language Class Initialized
INFO - 2025-01-23 11:11:59 --> Language Class Initialized
INFO - 2025-01-23 11:11:59 --> Config Class Initialized
INFO - 2025-01-23 11:11:59 --> Loader Class Initialized
INFO - 2025-01-23 11:11:59 --> Helper loaded: url_helper
INFO - 2025-01-23 11:11:59 --> Helper loaded: easyui_helper
INFO - 2025-01-23 11:11:59 --> Helper loaded: param_helper
INFO - 2025-01-23 11:11:59 --> Helper loaded: credential_helper
INFO - 2025-01-23 11:11:59 --> Helper loaded: template_helper
INFO - 2025-01-23 11:11:59 --> Helper loaded: rest_helper
INFO - 2025-01-23 11:11:59 --> Database Driver Class Initialized
DEBUG - 2025-01-23 11:11:59 --> Idgenerator class already loaded. Second attempt ignored.
INFO - 2025-01-23 11:11:59 --> Controller Class Initialized
INFO - 2025-01-23 11:11:59 --> Model Class Initialized
DEBUG - 2025-01-23 11:11:59 --> File loaded: /apps/web-drc/application/modules/api_v1/models/Api_v1_model.php
INFO - 2025-01-23 11:11:59 --> Model Class Initialized
INFO - 2025-01-23 11:11:59 --> Final output sent to browser
DEBUG - 2025-01-23 11:11:59 --> Total execution time: 0.0741
INFO - 2025-01-23 11:11:59 --> Config Class Initialized
INFO - 2025-01-23 11:11:59 --> Hooks Class Initialized
DEBUG - 2025-01-23 11:11:59 --> UTF-8 Support Enabled
INFO - 2025-01-23 11:11:59 --> Utf8 Class Initialized
INFO - 2025-01-23 11:11:59 --> URI Class Initialized
INFO - 2025-01-23 11:11:59 --> Router Class Initialized
INFO - 2025-01-23 11:11:59 --> Output Class Initialized
INFO - 2025-01-23 11:11:59 --> Security Class Initialized
DEBUG - 2025-01-23 11:11:59 --> Global POST, GET and COOKIE data sanitized
INFO - 2025-01-23 11:11:59 --> Input Class Initialized
INFO - 2025-01-23 11:11:59 --> Language Class Initialized
ERROR - 2025-01-23 11:11:59 --> 404 Page Not Found: /index
