INFO - 2025-01-13 13:32:15 --> Config Class Initialized
INFO - 2025-01-13 13:32:15 --> Hooks Class Initialized
DEBUG - 2025-01-13 13:32:15 --> UTF-8 Support Enabled
INFO - 2025-01-13 13:32:15 --> Utf8 Class Initialized
INFO - 2025-01-13 13:32:15 --> URI Class Initialized
DEBUG - 2025-01-13 13:32:15 --> No URI present. Default controller set.
INFO - 2025-01-13 13:32:15 --> Router Class Initialized
INFO - 2025-01-13 13:32:15 --> Output Class Initialized
INFO - 2025-01-13 13:32:15 --> Security Class Initialized
DEBUG - 2025-01-13 13:32:15 --> Global POST, GET and COOKIE data sanitized
INFO - 2025-01-13 13:32:15 --> Input Class Initialized
INFO - 2025-01-13 13:32:15 --> Language Class Initialized
INFO - 2025-01-13 13:32:15 --> Language Class Initialized
INFO - 2025-01-13 13:32:15 --> Config Class Initialized
INFO - 2025-01-13 13:32:15 --> Loader Class Initialized
INFO - 2025-01-13 13:32:15 --> Helper loaded: url_helper
INFO - 2025-01-13 13:32:15 --> Helper loaded: easyui_helper
INFO - 2025-01-13 13:32:15 --> Helper loaded: param_helper
INFO - 2025-01-13 13:32:15 --> Helper loaded: credential_helper
INFO - 2025-01-13 13:32:15 --> Helper loaded: template_helper
INFO - 2025-01-13 13:32:15 --> Helper loaded: rest_helper
INFO - 2025-01-13 13:32:15 --> Database Driver Class Initialized
DEBUG - 2025-01-13 13:32:15 --> Idgenerator class already loaded. Second attempt ignored.
INFO - 2025-01-13 13:32:15 --> Controller Class Initialized
DEBUG - 2025-01-13 13:32:15 --> File loaded: /apps/web-drc/application/modules/app_auth/views/login_lte_template.php
DEBUG - 2025-01-13 13:32:15 --> File loaded: /apps/web-drc/application/views/template_login_lte/header.php
DEBUG - 2025-01-13 13:32:15 --> File loaded: /apps/web-drc/application/views/template_login_lte/contents.php
DEBUG - 2025-01-13 13:32:15 --> File loaded: /apps/web-drc/application/views/template_login_lte/default.php
INFO - 2025-01-13 13:32:15 --> Final output sent to browser
DEBUG - 2025-01-13 13:32:15 --> Total execution time: 0.1097
