INFO - 2024-12-31 10:33:46 --> Config Class Initialized
INFO - 2024-12-31 10:33:46 --> Hooks Class Initialized
DEBUG - 2024-12-31 10:33:46 --> UTF-8 Support Enabled
INFO - 2024-12-31 10:33:46 --> Utf8 Class Initialized
INFO - 2024-12-31 10:33:46 --> URI Class Initialized
DEBUG - 2024-12-31 10:33:46 --> No URI present. Default controller set.
INFO - 2024-12-31 10:33:46 --> Router Class Initialized
INFO - 2024-12-31 10:33:46 --> Output Class Initialized
INFO - 2024-12-31 10:33:46 --> Security Class Initialized
DEBUG - 2024-12-31 10:33:46 --> Global POST, GET and COOKIE data sanitized
INFO - 2024-12-31 10:33:46 --> Input Class Initialized
INFO - 2024-12-31 10:33:46 --> Language Class Initialized
INFO - 2024-12-31 10:33:46 --> Language Class Initialized
INFO - 2024-12-31 10:33:46 --> Config Class Initialized
INFO - 2024-12-31 10:33:46 --> Loader Class Initialized
INFO - 2024-12-31 10:33:46 --> Helper loaded: url_helper
INFO - 2024-12-31 10:33:46 --> Helper loaded: easyui_helper
INFO - 2024-12-31 10:33:46 --> Helper loaded: param_helper
INFO - 2024-12-31 10:33:46 --> Helper loaded: credential_helper
INFO - 2024-12-31 10:33:46 --> Helper loaded: template_helper
INFO - 2024-12-31 10:33:46 --> Helper loaded: rest_helper
INFO - 2024-12-31 10:33:46 --> Database Driver Class Initialized
DEBUG - 2024-12-31 10:33:46 --> Idgenerator class already loaded. Second attempt ignored.
INFO - 2024-12-31 10:33:46 --> Controller Class Initialized
DEBUG - 2024-12-31 10:33:46 --> File loaded: /apps/web-drc/application/modules/app_auth/views/login_lte_template.php
DEBUG - 2024-12-31 10:33:46 --> File loaded: /apps/web-drc/application/views/template_login_lte/header.php
DEBUG - 2024-12-31 10:33:46 --> File loaded: /apps/web-drc/application/views/template_login_lte/contents.php
DEBUG - 2024-12-31 10:33:46 --> File loaded: /apps/web-drc/application/views/template_login_lte/default.php
INFO - 2024-12-31 10:33:46 --> Final output sent to browser
DEBUG - 2024-12-31 10:33:46 --> Total execution time: 0.0692
INFO - 2024-12-31 10:33:46 --> Config Class Initialized
INFO - 2024-12-31 10:33:46 --> Hooks Class Initialized
DEBUG - 2024-12-31 10:33:46 --> UTF-8 Support Enabled
INFO - 2024-12-31 10:33:46 --> Utf8 Class Initialized
INFO - 2024-12-31 10:33:46 --> URI Class Initialized
INFO - 2024-12-31 10:33:46 --> Router Class Initialized
INFO - 2024-12-31 10:33:46 --> Output Class Initialized
INFO - 2024-12-31 10:33:46 --> Security Class Initialized
DEBUG - 2024-12-31 10:33:46 --> Global POST, GET and COOKIE data sanitized
INFO - 2024-12-31 10:33:46 --> Input Class Initialized
INFO - 2024-12-31 10:33:46 --> Language Class Initialized
ERROR - 2024-12-31 10:33:46 --> 404 Page Not Found: /index
INFO - 2024-12-31 10:33:52 --> Config Class Initialized
INFO - 2024-12-31 10:33:52 --> Hooks Class Initialized
DEBUG - 2024-12-31 10:33:52 --> UTF-8 Support Enabled
INFO - 2024-12-31 10:33:52 --> Utf8 Class Initialized
INFO - 2024-12-31 10:33:52 --> URI Class Initialized
INFO - 2024-12-31 10:33:52 --> Router Class Initialized
INFO - 2024-12-31 10:33:52 --> Output Class Initialized
INFO - 2024-12-31 10:33:52 --> Security Class Initialized
DEBUG - 2024-12-31 10:33:52 --> Global POST, GET and COOKIE data sanitized
INFO - 2024-12-31 10:33:52 --> Input Class Initialized
INFO - 2024-12-31 10:33:52 --> Language Class Initialized
INFO - 2024-12-31 10:33:52 --> Language Class Initialized
INFO - 2024-12-31 10:33:52 --> Config Class Initialized
INFO - 2024-12-31 10:33:52 --> Loader Class Initialized
INFO - 2024-12-31 10:33:52 --> Helper loaded: url_helper
INFO - 2024-12-31 10:33:52 --> Helper loaded: easyui_helper
INFO - 2024-12-31 10:33:52 --> Helper loaded: param_helper
INFO - 2024-12-31 10:33:52 --> Helper loaded: credential_helper
INFO - 2024-12-31 10:33:52 --> Helper loaded: template_helper
INFO - 2024-12-31 10:33:52 --> Helper loaded: rest_helper
INFO - 2024-12-31 10:33:52 --> Database Driver Class Initialized
DEBUG - 2024-12-31 10:33:52 --> Idgenerator class already loaded. Second attempt ignored.
INFO - 2024-12-31 10:33:52 --> Controller Class Initialized
INFO - 2024-12-31 10:33:52 --> Final output sent to browser
DEBUG - 2024-12-31 10:33:52 --> Total execution time: 0.0186
INFO - 2024-12-31 10:33:52 --> Config Class Initialized
INFO - 2024-12-31 10:33:52 --> Hooks Class Initialized
DEBUG - 2024-12-31 10:33:52 --> UTF-8 Support Enabled
INFO - 2024-12-31 10:33:52 --> Utf8 Class Initialized
INFO - 2024-12-31 10:33:52 --> URI Class Initialized
INFO - 2024-12-31 10:33:52 --> Router Class Initialized
INFO - 2024-12-31 10:33:52 --> Output Class Initialized
INFO - 2024-12-31 10:33:52 --> Security Class Initialized
DEBUG - 2024-12-31 10:33:52 --> Global POST, GET and COOKIE data sanitized
INFO - 2024-12-31 10:33:52 --> Input Class Initialized
INFO - 2024-12-31 10:33:52 --> Language Class Initialized
INFO - 2024-12-31 10:33:52 --> Language Class Initialized
INFO - 2024-12-31 10:33:52 --> Config Class Initialized
INFO - 2024-12-31 10:33:52 --> Loader Class Initialized
INFO - 2024-12-31 10:33:52 --> Helper loaded: url_helper
INFO - 2024-12-31 10:33:52 --> Helper loaded: easyui_helper
INFO - 2024-12-31 10:33:52 --> Helper loaded: param_helper
INFO - 2024-12-31 10:33:52 --> Helper loaded: credential_helper
INFO - 2024-12-31 10:33:52 --> Helper loaded: template_helper
INFO - 2024-12-31 10:33:52 --> Helper loaded: rest_helper
INFO - 2024-12-31 10:33:52 --> Database Driver Class Initialized
DEBUG - 2024-12-31 10:33:52 --> Idgenerator class already loaded. Second attempt ignored.
INFO - 2024-12-31 10:33:52 --> Controller Class Initialized
INFO - 2024-12-31 10:33:52 --> Model Class Initialized
DEBUG - 2024-12-31 10:33:52 --> File loaded: /apps/web-drc/application/modules/app_dashboard/models/App_dashboard_model.php
INFO - 2024-12-31 10:33:52 --> Model Class Initialized
DEBUG - 2024-12-31 10:33:52 --> File loaded: /apps/web-drc/application/modules/app_dashboard/views/content.php
DEBUG - 2024-12-31 10:33:52 --> File loaded: /apps/web-drc/application/views/templates/header.php
DEBUG - 2024-12-31 10:33:52 --> File loaded: /apps/web-drc/application/views/templates/toolbar.php
DEBUG - 2024-12-31 10:33:52 --> File loaded: /apps/web-drc/application/views/templates/sidebar.php
DEBUG - 2024-12-31 10:33:52 --> File loaded: /apps/web-drc/application/views/templates/contents.php
DEBUG - 2024-12-31 10:33:52 --> File loaded: /apps/web-drc/application/views/templates/content_footer.php
DEBUG - 2024-12-31 10:33:52 --> File loaded: /apps/web-drc/application/views/templates/footer.php
DEBUG - 2024-12-31 10:33:52 --> File loaded: /apps/web-drc/application/views/templates/default.php
INFO - 2024-12-31 10:33:52 --> Final output sent to browser
DEBUG - 2024-12-31 10:33:52 --> Total execution time: 0.0262
INFO - 2024-12-31 10:33:52 --> Config Class Initialized
INFO - 2024-12-31 10:33:52 --> Hooks Class Initialized
DEBUG - 2024-12-31 10:33:52 --> UTF-8 Support Enabled
INFO - 2024-12-31 10:33:52 --> Utf8 Class Initialized
INFO - 2024-12-31 10:33:52 --> URI Class Initialized
INFO - 2024-12-31 10:33:52 --> Router Class Initialized
INFO - 2024-12-31 10:33:52 --> Output Class Initialized
INFO - 2024-12-31 10:33:52 --> Security Class Initialized
DEBUG - 2024-12-31 10:33:52 --> Global POST, GET and COOKIE data sanitized
INFO - 2024-12-31 10:33:52 --> Input Class Initialized
INFO - 2024-12-31 10:33:52 --> Language Class Initialized
ERROR - 2024-12-31 10:33:52 --> 404 Page Not Found: /index
INFO - 2024-12-31 10:33:52 --> Config Class Initialized
INFO - 2024-12-31 10:33:52 --> Hooks Class Initialized
DEBUG - 2024-12-31 10:33:52 --> UTF-8 Support Enabled
INFO - 2024-12-31 10:33:52 --> Utf8 Class Initialized
INFO - 2024-12-31 10:33:52 --> URI Class Initialized
INFO - 2024-12-31 10:33:52 --> Router Class Initialized
INFO - 2024-12-31 10:33:52 --> Output Class Initialized
INFO - 2024-12-31 10:33:52 --> Security Class Initialized
DEBUG - 2024-12-31 10:33:52 --> Global POST, GET and COOKIE data sanitized
INFO - 2024-12-31 10:33:52 --> Input Class Initialized
INFO - 2024-12-31 10:33:52 --> Language Class Initialized
INFO - 2024-12-31 10:33:52 --> Language Class Initialized
INFO - 2024-12-31 10:33:52 --> Config Class Initialized
INFO - 2024-12-31 10:33:52 --> Loader Class Initialized
INFO - 2024-12-31 10:33:52 --> Helper loaded: url_helper
INFO - 2024-12-31 10:33:52 --> Helper loaded: easyui_helper
INFO - 2024-12-31 10:33:52 --> Helper loaded: param_helper
INFO - 2024-12-31 10:33:52 --> Helper loaded: credential_helper
INFO - 2024-12-31 10:33:52 --> Helper loaded: template_helper
INFO - 2024-12-31 10:33:52 --> Helper loaded: rest_helper
INFO - 2024-12-31 10:33:52 --> Database Driver Class Initialized
DEBUG - 2024-12-31 10:33:52 --> Idgenerator class already loaded. Second attempt ignored.
INFO - 2024-12-31 10:33:52 --> Controller Class Initialized
INFO - 2024-12-31 10:33:52 --> Model Class Initialized
DEBUG - 2024-12-31 10:33:52 --> File loaded: /apps/web-drc/application/modules/api_v1/models/Api_v1_model.php
INFO - 2024-12-31 10:33:52 --> Model Class Initialized
INFO - 2024-12-31 10:33:52 --> Final output sent to browser
DEBUG - 2024-12-31 10:33:52 --> Total execution time: 0.0120
INFO - 2024-12-31 10:33:52 --> Config Class Initialized
INFO - 2024-12-31 10:33:52 --> Hooks Class Initialized
DEBUG - 2024-12-31 10:33:52 --> UTF-8 Support Enabled
INFO - 2024-12-31 10:33:52 --> Utf8 Class Initialized
INFO - 2024-12-31 10:33:52 --> URI Class Initialized
INFO - 2024-12-31 10:33:52 --> Router Class Initialized
INFO - 2024-12-31 10:33:52 --> Output Class Initialized
INFO - 2024-12-31 10:33:52 --> Security Class Initialized
DEBUG - 2024-12-31 10:33:52 --> Global POST, GET and COOKIE data sanitized
INFO - 2024-12-31 10:33:52 --> Input Class Initialized
INFO - 2024-12-31 10:33:52 --> Language Class Initialized
INFO - 2024-12-31 10:33:52 --> Language Class Initialized
INFO - 2024-12-31 10:33:52 --> Config Class Initialized
INFO - 2024-12-31 10:33:52 --> Loader Class Initialized
INFO - 2024-12-31 10:33:52 --> Helper loaded: url_helper
INFO - 2024-12-31 10:33:52 --> Helper loaded: easyui_helper
INFO - 2024-12-31 10:33:52 --> Helper loaded: param_helper
INFO - 2024-12-31 10:33:52 --> Helper loaded: credential_helper
INFO - 2024-12-31 10:33:52 --> Helper loaded: template_helper
INFO - 2024-12-31 10:33:52 --> Helper loaded: rest_helper
INFO - 2024-12-31 10:33:52 --> Database Driver Class Initialized
DEBUG - 2024-12-31 10:33:52 --> Idgenerator class already loaded. Second attempt ignored.
INFO - 2024-12-31 10:33:52 --> Controller Class Initialized
INFO - 2024-12-31 10:33:52 --> Model Class Initialized
DEBUG - 2024-12-31 10:33:52 --> File loaded: /apps/web-drc/application/modules/app_dashboard/models/App_dashboard_model.php
INFO - 2024-12-31 10:33:52 --> Model Class Initialized
INFO - 2024-12-31 10:33:52 --> Final output sent to browser
DEBUG - 2024-12-31 10:33:52 --> Total execution time: 0.0264
INFO - 2024-12-31 10:34:05 --> Config Class Initialized
INFO - 2024-12-31 10:34:05 --> Hooks Class Initialized
DEBUG - 2024-12-31 10:34:05 --> UTF-8 Support Enabled
INFO - 2024-12-31 10:34:05 --> Utf8 Class Initialized
INFO - 2024-12-31 10:34:05 --> URI Class Initialized
INFO - 2024-12-31 10:34:05 --> Router Class Initialized
INFO - 2024-12-31 10:34:05 --> Output Class Initialized
INFO - 2024-12-31 10:34:05 --> Security Class Initialized
DEBUG - 2024-12-31 10:34:05 --> Global POST, GET and COOKIE data sanitized
INFO - 2024-12-31 10:34:05 --> Input Class Initialized
INFO - 2024-12-31 10:34:05 --> Language Class Initialized
INFO - 2024-12-31 10:34:05 --> Language Class Initialized
INFO - 2024-12-31 10:34:05 --> Config Class Initialized
INFO - 2024-12-31 10:34:05 --> Loader Class Initialized
INFO - 2024-12-31 10:34:05 --> Helper loaded: url_helper
INFO - 2024-12-31 10:34:05 --> Helper loaded: easyui_helper
INFO - 2024-12-31 10:34:05 --> Helper loaded: param_helper
INFO - 2024-12-31 10:34:05 --> Helper loaded: credential_helper
INFO - 2024-12-31 10:34:05 --> Helper loaded: template_helper
INFO - 2024-12-31 10:34:05 --> Helper loaded: rest_helper
INFO - 2024-12-31 10:34:05 --> Database Driver Class Initialized
DEBUG - 2024-12-31 10:34:05 --> Idgenerator class already loaded. Second attempt ignored.
INFO - 2024-12-31 10:34:05 --> Controller Class Initialized
INFO - 2024-12-31 10:34:05 --> Model Class Initialized
DEBUG - 2024-12-31 10:34:05 --> File loaded: /apps/web-drc/application/modules/ref_request_new_outlet/models/Request_new_outlet_model.php
INFO - 2024-12-31 10:34:05 --> Model Class Initialized
DEBUG - 2024-12-31 10:34:05 --> File loaded: /apps/web-drc/application/modules/ref_request_new_outlet/views/content.php
DEBUG - 2024-12-31 10:34:05 --> File loaded: /apps/web-drc/application/views/templates/header.php
DEBUG - 2024-12-31 10:34:05 --> File loaded: /apps/web-drc/application/views/templates/toolbar.php
DEBUG - 2024-12-31 10:34:05 --> File loaded: /apps/web-drc/application/views/templates/sidebar.php
DEBUG - 2024-12-31 10:34:05 --> File loaded: /apps/web-drc/application/views/templates/contents.php
DEBUG - 2024-12-31 10:34:05 --> File loaded: /apps/web-drc/application/views/templates/content_footer.php
DEBUG - 2024-12-31 10:34:05 --> File loaded: /apps/web-drc/application/views/templates/footer.php
DEBUG - 2024-12-31 10:34:05 --> File loaded: /apps/web-drc/application/views/templates/default.php
INFO - 2024-12-31 10:34:05 --> Final output sent to browser
DEBUG - 2024-12-31 10:34:05 --> Total execution time: 0.0127
INFO - 2024-12-31 10:34:05 --> Config Class Initialized
INFO - 2024-12-31 10:34:05 --> Hooks Class Initialized
DEBUG - 2024-12-31 10:34:05 --> UTF-8 Support Enabled
INFO - 2024-12-31 10:34:05 --> Utf8 Class Initialized
INFO - 2024-12-31 10:34:05 --> URI Class Initialized
INFO - 2024-12-31 10:34:05 --> Router Class Initialized
INFO - 2024-12-31 10:34:05 --> Output Class Initialized
INFO - 2024-12-31 10:34:05 --> Security Class Initialized
DEBUG - 2024-12-31 10:34:05 --> Global POST, GET and COOKIE data sanitized
INFO - 2024-12-31 10:34:05 --> Input Class Initialized
INFO - 2024-12-31 10:34:05 --> Language Class Initialized
ERROR - 2024-12-31 10:34:05 --> 404 Page Not Found: /index
INFO - 2024-12-31 10:34:05 --> Config Class Initialized
INFO - 2024-12-31 10:34:05 --> Hooks Class Initialized
DEBUG - 2024-12-31 10:34:05 --> UTF-8 Support Enabled
INFO - 2024-12-31 10:34:05 --> Utf8 Class Initialized
INFO - 2024-12-31 10:34:05 --> URI Class Initialized
INFO - 2024-12-31 10:34:05 --> Router Class Initialized
INFO - 2024-12-31 10:34:05 --> Output Class Initialized
INFO - 2024-12-31 10:34:05 --> Security Class Initialized
DEBUG - 2024-12-31 10:34:05 --> Global POST, GET and COOKIE data sanitized
INFO - 2024-12-31 10:34:05 --> Input Class Initialized
INFO - 2024-12-31 10:34:05 --> Language Class Initialized
INFO - 2024-12-31 10:34:05 --> Language Class Initialized
INFO - 2024-12-31 10:34:05 --> Config Class Initialized
INFO - 2024-12-31 10:34:05 --> Loader Class Initialized
INFO - 2024-12-31 10:34:05 --> Helper loaded: url_helper
INFO - 2024-12-31 10:34:05 --> Helper loaded: easyui_helper
INFO - 2024-12-31 10:34:05 --> Helper loaded: param_helper
INFO - 2024-12-31 10:34:05 --> Helper loaded: credential_helper
INFO - 2024-12-31 10:34:05 --> Helper loaded: template_helper
INFO - 2024-12-31 10:34:05 --> Helper loaded: rest_helper
INFO - 2024-12-31 10:34:05 --> Database Driver Class Initialized
DEBUG - 2024-12-31 10:34:05 --> Idgenerator class already loaded. Second attempt ignored.
INFO - 2024-12-31 10:34:05 --> Controller Class Initialized
INFO - 2024-12-31 10:34:05 --> Model Class Initialized
DEBUG - 2024-12-31 10:34:05 --> File loaded: /apps/web-drc/application/modules/ref_request_new_outlet/models/Request_new_outlet_model.php
INFO - 2024-12-31 10:34:05 --> Model Class Initialized
INFO - 2024-12-31 10:34:05 --> Final output sent to browser
DEBUG - 2024-12-31 10:34:05 --> Total execution time: 0.3756
INFO - 2024-12-31 10:34:08 --> Config Class Initialized
INFO - 2024-12-31 10:34:08 --> Hooks Class Initialized
DEBUG - 2024-12-31 10:34:08 --> UTF-8 Support Enabled
INFO - 2024-12-31 10:34:08 --> Utf8 Class Initialized
INFO - 2024-12-31 10:34:08 --> URI Class Initialized
INFO - 2024-12-31 10:34:08 --> Router Class Initialized
INFO - 2024-12-31 10:34:08 --> Output Class Initialized
INFO - 2024-12-31 10:34:08 --> Security Class Initialized
DEBUG - 2024-12-31 10:34:08 --> Global POST, GET and COOKIE data sanitized
INFO - 2024-12-31 10:34:08 --> Input Class Initialized
INFO - 2024-12-31 10:34:08 --> Language Class Initialized
INFO - 2024-12-31 10:34:08 --> Language Class Initialized
INFO - 2024-12-31 10:34:08 --> Config Class Initialized
INFO - 2024-12-31 10:34:08 --> Loader Class Initialized
INFO - 2024-12-31 10:34:08 --> Helper loaded: url_helper
INFO - 2024-12-31 10:34:08 --> Helper loaded: easyui_helper
INFO - 2024-12-31 10:34:08 --> Helper loaded: param_helper
INFO - 2024-12-31 10:34:08 --> Helper loaded: credential_helper
INFO - 2024-12-31 10:34:08 --> Helper loaded: template_helper
INFO - 2024-12-31 10:34:08 --> Helper loaded: rest_helper
INFO - 2024-12-31 10:34:08 --> Database Driver Class Initialized
DEBUG - 2024-12-31 10:34:08 --> Idgenerator class already loaded. Second attempt ignored.
INFO - 2024-12-31 10:34:08 --> Controller Class Initialized
INFO - 2024-12-31 10:34:08 --> Model Class Initialized
DEBUG - 2024-12-31 10:34:08 --> File loaded: /apps/web-drc/application/modules/ref_request_new_outlet/models/Request_new_outlet_model.php
INFO - 2024-12-31 10:34:08 --> Model Class Initialized
DEBUG - 2024-12-31 10:34:08 --> File loaded: /apps/web-drc/application/modules/ref_request_new_outlet/views/form.php
DEBUG - 2024-12-31 10:34:08 --> File loaded: /apps/web-drc/application/views/templates/header.php
DEBUG - 2024-12-31 10:34:08 --> File loaded: /apps/web-drc/application/views/templates/toolbar.php
DEBUG - 2024-12-31 10:34:08 --> File loaded: /apps/web-drc/application/views/templates/sidebar.php
DEBUG - 2024-12-31 10:34:08 --> File loaded: /apps/web-drc/application/views/templates/contents.php
DEBUG - 2024-12-31 10:34:08 --> File loaded: /apps/web-drc/application/views/templates/content_footer.php
DEBUG - 2024-12-31 10:34:08 --> File loaded: /apps/web-drc/application/views/templates/footer.php
DEBUG - 2024-12-31 10:34:08 --> File loaded: /apps/web-drc/application/views/templates/default.php
INFO - 2024-12-31 10:34:08 --> Final output sent to browser
DEBUG - 2024-12-31 10:34:08 --> Total execution time: 0.0112
INFO - 2024-12-31 10:34:08 --> Config Class Initialized
INFO - 2024-12-31 10:34:08 --> Hooks Class Initialized
DEBUG - 2024-12-31 10:34:08 --> UTF-8 Support Enabled
INFO - 2024-12-31 10:34:08 --> Utf8 Class Initialized
INFO - 2024-12-31 10:34:08 --> URI Class Initialized
INFO - 2024-12-31 10:34:08 --> Router Class Initialized
INFO - 2024-12-31 10:34:08 --> Output Class Initialized
INFO - 2024-12-31 10:34:08 --> Security Class Initialized
DEBUG - 2024-12-31 10:34:08 --> Global POST, GET and COOKIE data sanitized
INFO - 2024-12-31 10:34:08 --> Input Class Initialized
INFO - 2024-12-31 10:34:08 --> Language Class Initialized
ERROR - 2024-12-31 10:34:08 --> 404 Page Not Found: /index
INFO - 2024-12-31 10:34:08 --> Config Class Initialized
INFO - 2024-12-31 10:34:08 --> Hooks Class Initialized
DEBUG - 2024-12-31 10:34:08 --> UTF-8 Support Enabled
INFO - 2024-12-31 10:34:08 --> Utf8 Class Initialized
INFO - 2024-12-31 10:34:08 --> URI Class Initialized
INFO - 2024-12-31 10:34:08 --> Router Class Initialized
INFO - 2024-12-31 10:34:08 --> Output Class Initialized
INFO - 2024-12-31 10:34:08 --> Security Class Initialized
DEBUG - 2024-12-31 10:34:08 --> Global POST, GET and COOKIE data sanitized
INFO - 2024-12-31 10:34:08 --> Input Class Initialized
INFO - 2024-12-31 10:34:08 --> Language Class Initialized
INFO - 2024-12-31 10:34:08 --> Language Class Initialized
INFO - 2024-12-31 10:34:08 --> Config Class Initialized
INFO - 2024-12-31 10:34:08 --> Loader Class Initialized
INFO - 2024-12-31 10:34:08 --> Helper loaded: url_helper
INFO - 2024-12-31 10:34:08 --> Helper loaded: easyui_helper
INFO - 2024-12-31 10:34:08 --> Helper loaded: param_helper
INFO - 2024-12-31 10:34:08 --> Helper loaded: credential_helper
INFO - 2024-12-31 10:34:08 --> Helper loaded: template_helper
INFO - 2024-12-31 10:34:08 --> Helper loaded: rest_helper
INFO - 2024-12-31 10:34:08 --> Database Driver Class Initialized
DEBUG - 2024-12-31 10:34:08 --> Idgenerator class already loaded. Second attempt ignored.
INFO - 2024-12-31 10:34:08 --> Controller Class Initialized
INFO - 2024-12-31 10:34:08 --> Model Class Initialized
DEBUG - 2024-12-31 10:34:08 --> File loaded: /apps/web-drc/application/modules/ref_customer_type/models/Customer_type_model.php
INFO - 2024-12-31 10:34:08 --> Model Class Initialized
INFO - 2024-12-31 10:34:08 --> Final output sent to browser
DEBUG - 2024-12-31 10:34:08 --> Total execution time: 0.0065
INFO - 2024-12-31 10:34:08 --> Config Class Initialized
INFO - 2024-12-31 10:34:08 --> Hooks Class Initialized
DEBUG - 2024-12-31 10:34:08 --> UTF-8 Support Enabled
INFO - 2024-12-31 10:34:08 --> Utf8 Class Initialized
INFO - 2024-12-31 10:34:08 --> URI Class Initialized
INFO - 2024-12-31 10:34:08 --> Router Class Initialized
INFO - 2024-12-31 10:34:08 --> Output Class Initialized
INFO - 2024-12-31 10:34:08 --> Security Class Initialized
DEBUG - 2024-12-31 10:34:08 --> Global POST, GET and COOKIE data sanitized
INFO - 2024-12-31 10:34:08 --> Input Class Initialized
INFO - 2024-12-31 10:34:08 --> Language Class Initialized
INFO - 2024-12-31 10:34:08 --> Language Class Initialized
INFO - 2024-12-31 10:34:08 --> Config Class Initialized
INFO - 2024-12-31 10:34:08 --> Loader Class Initialized
INFO - 2024-12-31 10:34:08 --> Helper loaded: url_helper
INFO - 2024-12-31 10:34:08 --> Helper loaded: easyui_helper
INFO - 2024-12-31 10:34:08 --> Helper loaded: param_helper
INFO - 2024-12-31 10:34:08 --> Helper loaded: credential_helper
INFO - 2024-12-31 10:34:08 --> Helper loaded: template_helper
INFO - 2024-12-31 10:34:08 --> Helper loaded: rest_helper
INFO - 2024-12-31 10:34:08 --> Database Driver Class Initialized
DEBUG - 2024-12-31 10:34:08 --> Idgenerator class already loaded. Second attempt ignored.
INFO - 2024-12-31 10:34:08 --> Controller Class Initialized
INFO - 2024-12-31 10:34:08 --> Model Class Initialized
DEBUG - 2024-12-31 10:34:08 --> File loaded: /apps/web-drc/application/modules/ref_customer_segment/models/Customer_segment_model.php
INFO - 2024-12-31 10:34:08 --> Model Class Initialized
INFO - 2024-12-31 10:34:08 --> Final output sent to browser
DEBUG - 2024-12-31 10:34:08 --> Total execution time: 0.0079
INFO - 2024-12-31 10:34:08 --> Config Class Initialized
INFO - 2024-12-31 10:34:08 --> Hooks Class Initialized
DEBUG - 2024-12-31 10:34:08 --> UTF-8 Support Enabled
INFO - 2024-12-31 10:34:08 --> Utf8 Class Initialized
INFO - 2024-12-31 10:34:08 --> URI Class Initialized
INFO - 2024-12-31 10:34:08 --> Router Class Initialized
INFO - 2024-12-31 10:34:08 --> Output Class Initialized
INFO - 2024-12-31 10:34:08 --> Security Class Initialized
DEBUG - 2024-12-31 10:34:08 --> Global POST, GET and COOKIE data sanitized
INFO - 2024-12-31 10:34:08 --> Input Class Initialized
INFO - 2024-12-31 10:34:08 --> Language Class Initialized
INFO - 2024-12-31 10:34:08 --> Language Class Initialized
INFO - 2024-12-31 10:34:08 --> Config Class Initialized
INFO - 2024-12-31 10:34:08 --> Loader Class Initialized
INFO - 2024-12-31 10:34:08 --> Helper loaded: url_helper
INFO - 2024-12-31 10:34:08 --> Helper loaded: easyui_helper
INFO - 2024-12-31 10:34:08 --> Helper loaded: param_helper
INFO - 2024-12-31 10:34:08 --> Helper loaded: credential_helper
INFO - 2024-12-31 10:34:08 --> Helper loaded: template_helper
INFO - 2024-12-31 10:34:08 --> Helper loaded: rest_helper
INFO - 2024-12-31 10:34:08 --> Database Driver Class Initialized
DEBUG - 2024-12-31 10:34:08 --> Idgenerator class already loaded. Second attempt ignored.
INFO - 2024-12-31 10:34:08 --> Controller Class Initialized
INFO - 2024-12-31 10:34:08 --> Model Class Initialized
DEBUG - 2024-12-31 10:34:08 --> File loaded: /apps/web-drc/application/modules/api_v1/models/Api_v1_model.php
INFO - 2024-12-31 10:34:08 --> Model Class Initialized
INFO - 2024-12-31 10:34:08 --> Final output sent to browser
DEBUG - 2024-12-31 10:34:08 --> Total execution time: 0.0040
INFO - 2024-12-31 10:34:08 --> Config Class Initialized
INFO - 2024-12-31 10:34:08 --> Hooks Class Initialized
DEBUG - 2024-12-31 10:34:08 --> UTF-8 Support Enabled
INFO - 2024-12-31 10:34:08 --> Utf8 Class Initialized
INFO - 2024-12-31 10:34:08 --> URI Class Initialized
INFO - 2024-12-31 10:34:08 --> Router Class Initialized
INFO - 2024-12-31 10:34:08 --> Output Class Initialized
INFO - 2024-12-31 10:34:08 --> Security Class Initialized
DEBUG - 2024-12-31 10:34:08 --> Global POST, GET and COOKIE data sanitized
INFO - 2024-12-31 10:34:08 --> Input Class Initialized
INFO - 2024-12-31 10:34:08 --> Language Class Initialized
INFO - 2024-12-31 10:34:08 --> Language Class Initialized
INFO - 2024-12-31 10:34:08 --> Config Class Initialized
INFO - 2024-12-31 10:34:08 --> Loader Class Initialized
INFO - 2024-12-31 10:34:08 --> Helper loaded: url_helper
INFO - 2024-12-31 10:34:08 --> Helper loaded: easyui_helper
INFO - 2024-12-31 10:34:08 --> Helper loaded: param_helper
INFO - 2024-12-31 10:34:08 --> Helper loaded: credential_helper
INFO - 2024-12-31 10:34:08 --> Helper loaded: template_helper
INFO - 2024-12-31 10:34:08 --> Helper loaded: rest_helper
INFO - 2024-12-31 10:34:08 --> Database Driver Class Initialized
DEBUG - 2024-12-31 10:34:08 --> Idgenerator class already loaded. Second attempt ignored.
INFO - 2024-12-31 10:34:08 --> Controller Class Initialized
INFO - 2024-12-31 10:34:08 --> Model Class Initialized
DEBUG - 2024-12-31 10:34:08 --> File loaded: /apps/web-drc/application/modules/api_v1/models/Api_v1_model.php
INFO - 2024-12-31 10:34:08 --> Model Class Initialized
INFO - 2024-12-31 10:34:08 --> Final output sent to browser
DEBUG - 2024-12-31 10:34:08 --> Total execution time: 0.0041
INFO - 2024-12-31 10:34:09 --> Config Class Initialized
INFO - 2024-12-31 10:34:09 --> Hooks Class Initialized
DEBUG - 2024-12-31 10:34:09 --> UTF-8 Support Enabled
INFO - 2024-12-31 10:34:09 --> Utf8 Class Initialized
INFO - 2024-12-31 10:34:09 --> URI Class Initialized
INFO - 2024-12-31 10:34:09 --> Router Class Initialized
INFO - 2024-12-31 10:34:09 --> Output Class Initialized
INFO - 2024-12-31 10:34:09 --> Security Class Initialized
DEBUG - 2024-12-31 10:34:09 --> Global POST, GET and COOKIE data sanitized
INFO - 2024-12-31 10:34:09 --> Input Class Initialized
INFO - 2024-12-31 10:34:09 --> Language Class Initialized
INFO - 2024-12-31 10:34:09 --> Language Class Initialized
INFO - 2024-12-31 10:34:09 --> Config Class Initialized
INFO - 2024-12-31 10:34:09 --> Loader Class Initialized
INFO - 2024-12-31 10:34:09 --> Helper loaded: url_helper
INFO - 2024-12-31 10:34:09 --> Helper loaded: easyui_helper
INFO - 2024-12-31 10:34:09 --> Helper loaded: param_helper
INFO - 2024-12-31 10:34:09 --> Helper loaded: credential_helper
INFO - 2024-12-31 10:34:09 --> Helper loaded: template_helper
INFO - 2024-12-31 10:34:09 --> Helper loaded: rest_helper
INFO - 2024-12-31 10:34:09 --> Database Driver Class Initialized
DEBUG - 2024-12-31 10:34:09 --> Idgenerator class already loaded. Second attempt ignored.
INFO - 2024-12-31 10:34:09 --> Controller Class Initialized
INFO - 2024-12-31 10:34:09 --> Model Class Initialized
DEBUG - 2024-12-31 10:34:09 --> File loaded: /apps/web-drc/application/modules/ref_customer_class/models/Customer_class_model.php
INFO - 2024-12-31 10:34:09 --> Model Class Initialized
INFO - 2024-12-31 10:34:09 --> Final output sent to browser
DEBUG - 2024-12-31 10:34:09 --> Total execution time: 0.0054
INFO - 2024-12-31 10:34:09 --> Config Class Initialized
INFO - 2024-12-31 10:34:09 --> Hooks Class Initialized
DEBUG - 2024-12-31 10:34:09 --> UTF-8 Support Enabled
INFO - 2024-12-31 10:34:09 --> Utf8 Class Initialized
INFO - 2024-12-31 10:34:09 --> URI Class Initialized
INFO - 2024-12-31 10:34:09 --> Router Class Initialized
INFO - 2024-12-31 10:34:09 --> Output Class Initialized
INFO - 2024-12-31 10:34:09 --> Security Class Initialized
DEBUG - 2024-12-31 10:34:09 --> Global POST, GET and COOKIE data sanitized
INFO - 2024-12-31 10:34:09 --> Input Class Initialized
INFO - 2024-12-31 10:34:09 --> Language Class Initialized
INFO - 2024-12-31 10:34:09 --> Language Class Initialized
INFO - 2024-12-31 10:34:09 --> Config Class Initialized
INFO - 2024-12-31 10:34:09 --> Loader Class Initialized
INFO - 2024-12-31 10:34:09 --> Helper loaded: url_helper
INFO - 2024-12-31 10:34:09 --> Helper loaded: easyui_helper
INFO - 2024-12-31 10:34:09 --> Helper loaded: param_helper
INFO - 2024-12-31 10:34:09 --> Helper loaded: credential_helper
INFO - 2024-12-31 10:34:09 --> Helper loaded: template_helper
INFO - 2024-12-31 10:34:09 --> Helper loaded: rest_helper
INFO - 2024-12-31 10:34:09 --> Database Driver Class Initialized
DEBUG - 2024-12-31 10:34:09 --> Idgenerator class already loaded. Second attempt ignored.
INFO - 2024-12-31 10:34:09 --> Controller Class Initialized
INFO - 2024-12-31 10:34:09 --> Model Class Initialized
DEBUG - 2024-12-31 10:34:09 --> File loaded: /apps/web-drc/application/modules/api_v1/models/Api_v1_model.php
INFO - 2024-12-31 10:34:09 --> Model Class Initialized
INFO - 2024-12-31 10:34:09 --> Final output sent to browser
DEBUG - 2024-12-31 10:34:09 --> Total execution time: 0.0074
INFO - 2024-12-31 10:34:09 --> Config Class Initialized
INFO - 2024-12-31 10:34:09 --> Hooks Class Initialized
DEBUG - 2024-12-31 10:34:09 --> UTF-8 Support Enabled
INFO - 2024-12-31 10:34:09 --> Utf8 Class Initialized
INFO - 2024-12-31 10:34:09 --> URI Class Initialized
INFO - 2024-12-31 10:34:09 --> Router Class Initialized
INFO - 2024-12-31 10:34:09 --> Output Class Initialized
INFO - 2024-12-31 10:34:09 --> Security Class Initialized
DEBUG - 2024-12-31 10:34:09 --> Global POST, GET and COOKIE data sanitized
INFO - 2024-12-31 10:34:09 --> Input Class Initialized
INFO - 2024-12-31 10:34:09 --> Language Class Initialized
INFO - 2024-12-31 10:34:09 --> Language Class Initialized
INFO - 2024-12-31 10:34:09 --> Config Class Initialized
INFO - 2024-12-31 10:34:09 --> Loader Class Initialized
INFO - 2024-12-31 10:34:09 --> Helper loaded: url_helper
INFO - 2024-12-31 10:34:09 --> Helper loaded: easyui_helper
INFO - 2024-12-31 10:34:09 --> Helper loaded: param_helper
INFO - 2024-12-31 10:34:09 --> Helper loaded: credential_helper
INFO - 2024-12-31 10:34:09 --> Helper loaded: template_helper
INFO - 2024-12-31 10:34:09 --> Helper loaded: rest_helper
INFO - 2024-12-31 10:34:09 --> Database Driver Class Initialized
DEBUG - 2024-12-31 10:34:09 --> Idgenerator class already loaded. Second attempt ignored.
INFO - 2024-12-31 10:34:09 --> Controller Class Initialized
INFO - 2024-12-31 10:34:09 --> Model Class Initialized
DEBUG - 2024-12-31 10:34:09 --> File loaded: /apps/web-drc/application/modules/api_v1/models/Api_v1_model.php
INFO - 2024-12-31 10:34:09 --> Model Class Initialized
INFO - 2024-12-31 10:34:09 --> Final output sent to browser
DEBUG - 2024-12-31 10:34:09 --> Total execution time: 0.0055
INFO - 2024-12-31 10:34:09 --> Config Class Initialized
INFO - 2024-12-31 10:34:09 --> Hooks Class Initialized
DEBUG - 2024-12-31 10:34:09 --> UTF-8 Support Enabled
INFO - 2024-12-31 10:34:09 --> Utf8 Class Initialized
INFO - 2024-12-31 10:34:09 --> URI Class Initialized
INFO - 2024-12-31 10:34:09 --> Router Class Initialized
INFO - 2024-12-31 10:34:09 --> Output Class Initialized
INFO - 2024-12-31 10:34:09 --> Security Class Initialized
DEBUG - 2024-12-31 10:34:09 --> Global POST, GET and COOKIE data sanitized
INFO - 2024-12-31 10:34:09 --> Input Class Initialized
INFO - 2024-12-31 10:34:09 --> Language Class Initialized
INFO - 2024-12-31 10:34:09 --> Language Class Initialized
INFO - 2024-12-31 10:34:09 --> Config Class Initialized
INFO - 2024-12-31 10:34:09 --> Loader Class Initialized
INFO - 2024-12-31 10:34:09 --> Helper loaded: url_helper
INFO - 2024-12-31 10:34:09 --> Helper loaded: easyui_helper
INFO - 2024-12-31 10:34:09 --> Helper loaded: param_helper
INFO - 2024-12-31 10:34:09 --> Helper loaded: credential_helper
INFO - 2024-12-31 10:34:09 --> Helper loaded: template_helper
INFO - 2024-12-31 10:34:09 --> Helper loaded: rest_helper
INFO - 2024-12-31 10:34:09 --> Database Driver Class Initialized
DEBUG - 2024-12-31 10:34:09 --> Idgenerator class already loaded. Second attempt ignored.
INFO - 2024-12-31 10:34:09 --> Controller Class Initialized
INFO - 2024-12-31 10:34:09 --> Model Class Initialized
DEBUG - 2024-12-31 10:34:09 --> File loaded: /apps/web-drc/application/modules/api_v1/models/Api_v1_model.php
INFO - 2024-12-31 10:34:09 --> Model Class Initialized
INFO - 2024-12-31 10:34:09 --> Final output sent to browser
DEBUG - 2024-12-31 10:34:09 --> Total execution time: 0.0042
INFO - 2024-12-31 10:34:09 --> Config Class Initialized
INFO - 2024-12-31 10:34:09 --> Hooks Class Initialized
DEBUG - 2024-12-31 10:34:09 --> UTF-8 Support Enabled
INFO - 2024-12-31 10:34:09 --> Utf8 Class Initialized
INFO - 2024-12-31 10:34:09 --> URI Class Initialized
INFO - 2024-12-31 10:34:09 --> Router Class Initialized
INFO - 2024-12-31 10:34:09 --> Output Class Initialized
INFO - 2024-12-31 10:34:09 --> Security Class Initialized
DEBUG - 2024-12-31 10:34:09 --> Global POST, GET and COOKIE data sanitized
INFO - 2024-12-31 10:34:09 --> Input Class Initialized
INFO - 2024-12-31 10:34:09 --> Language Class Initialized
INFO - 2024-12-31 10:34:09 --> Language Class Initialized
INFO - 2024-12-31 10:34:09 --> Config Class Initialized
INFO - 2024-12-31 10:34:09 --> Loader Class Initialized
INFO - 2024-12-31 10:34:09 --> Helper loaded: url_helper
INFO - 2024-12-31 10:34:09 --> Helper loaded: easyui_helper
INFO - 2024-12-31 10:34:09 --> Helper loaded: param_helper
INFO - 2024-12-31 10:34:09 --> Helper loaded: credential_helper
INFO - 2024-12-31 10:34:09 --> Helper loaded: template_helper
INFO - 2024-12-31 10:34:09 --> Helper loaded: rest_helper
INFO - 2024-12-31 10:34:09 --> Database Driver Class Initialized
DEBUG - 2024-12-31 10:34:09 --> Idgenerator class already loaded. Second attempt ignored.
INFO - 2024-12-31 10:34:09 --> Controller Class Initialized
INFO - 2024-12-31 10:34:09 --> Model Class Initialized
DEBUG - 2024-12-31 10:34:09 --> File loaded: /apps/web-drc/application/modules/api_v1/models/Api_v1_model.php
INFO - 2024-12-31 10:34:09 --> Model Class Initialized
INFO - 2024-12-31 10:34:09 --> Final output sent to browser
DEBUG - 2024-12-31 10:34:09 --> Total execution time: 0.0069
INFO - 2024-12-31 10:34:09 --> Config Class Initialized
INFO - 2024-12-31 10:34:09 --> Hooks Class Initialized
DEBUG - 2024-12-31 10:34:09 --> UTF-8 Support Enabled
INFO - 2024-12-31 10:34:09 --> Utf8 Class Initialized
INFO - 2024-12-31 10:34:09 --> URI Class Initialized
INFO - 2024-12-31 10:34:09 --> Router Class Initialized
INFO - 2024-12-31 10:34:09 --> Output Class Initialized
INFO - 2024-12-31 10:34:09 --> Security Class Initialized
DEBUG - 2024-12-31 10:34:09 --> Global POST, GET and COOKIE data sanitized
INFO - 2024-12-31 10:34:09 --> Input Class Initialized
INFO - 2024-12-31 10:34:09 --> Language Class Initialized
INFO - 2024-12-31 10:34:09 --> Language Class Initialized
INFO - 2024-12-31 10:34:09 --> Config Class Initialized
INFO - 2024-12-31 10:34:09 --> Loader Class Initialized
INFO - 2024-12-31 10:34:09 --> Helper loaded: url_helper
INFO - 2024-12-31 10:34:09 --> Helper loaded: easyui_helper
INFO - 2024-12-31 10:34:09 --> Helper loaded: param_helper
INFO - 2024-12-31 10:34:09 --> Helper loaded: credential_helper
INFO - 2024-12-31 10:34:09 --> Helper loaded: template_helper
INFO - 2024-12-31 10:34:09 --> Helper loaded: rest_helper
INFO - 2024-12-31 10:34:09 --> Database Driver Class Initialized
DEBUG - 2024-12-31 10:34:09 --> Idgenerator class already loaded. Second attempt ignored.
INFO - 2024-12-31 10:34:09 --> Controller Class Initialized
INFO - 2024-12-31 10:34:09 --> Model Class Initialized
DEBUG - 2024-12-31 10:34:09 --> File loaded: /apps/web-drc/application/modules/api_v1/models/Api_v1_model.php
INFO - 2024-12-31 10:34:09 --> Model Class Initialized
INFO - 2024-12-31 10:34:09 --> Final output sent to browser
DEBUG - 2024-12-31 10:34:09 --> Total execution time: 0.1970
INFO - 2024-12-31 10:34:09 --> Config Class Initialized
INFO - 2024-12-31 10:34:09 --> Hooks Class Initialized
DEBUG - 2024-12-31 10:34:09 --> UTF-8 Support Enabled
INFO - 2024-12-31 10:34:09 --> Utf8 Class Initialized
INFO - 2024-12-31 10:34:09 --> URI Class Initialized
INFO - 2024-12-31 10:34:09 --> Router Class Initialized
INFO - 2024-12-31 10:34:09 --> Output Class Initialized
INFO - 2024-12-31 10:34:09 --> Security Class Initialized
DEBUG - 2024-12-31 10:34:09 --> Global POST, GET and COOKIE data sanitized
INFO - 2024-12-31 10:34:09 --> Input Class Initialized
INFO - 2024-12-31 10:34:09 --> Language Class Initialized
INFO - 2024-12-31 10:34:09 --> Language Class Initialized
INFO - 2024-12-31 10:34:09 --> Config Class Initialized
INFO - 2024-12-31 10:34:09 --> Loader Class Initialized
INFO - 2024-12-31 10:34:09 --> Helper loaded: url_helper
INFO - 2024-12-31 10:34:09 --> Helper loaded: easyui_helper
INFO - 2024-12-31 10:34:09 --> Helper loaded: param_helper
INFO - 2024-12-31 10:34:09 --> Helper loaded: credential_helper
INFO - 2024-12-31 10:34:09 --> Helper loaded: template_helper
INFO - 2024-12-31 10:34:09 --> Helper loaded: rest_helper
INFO - 2024-12-31 10:34:09 --> Database Driver Class Initialized
DEBUG - 2024-12-31 10:34:09 --> Idgenerator class already loaded. Second attempt ignored.
INFO - 2024-12-31 10:34:09 --> Controller Class Initialized
INFO - 2024-12-31 10:34:09 --> Model Class Initialized
DEBUG - 2024-12-31 10:34:09 --> File loaded: /apps/web-drc/application/modules/api_v1/models/Api_v1_model.php
INFO - 2024-12-31 10:34:09 --> Model Class Initialized
INFO - 2024-12-31 10:34:09 --> Final output sent to browser
DEBUG - 2024-12-31 10:34:09 --> Total execution time: 0.2241
INFO - 2024-12-31 10:34:09 --> Config Class Initialized
INFO - 2024-12-31 10:34:09 --> Hooks Class Initialized
DEBUG - 2024-12-31 10:34:09 --> UTF-8 Support Enabled
INFO - 2024-12-31 10:34:09 --> Utf8 Class Initialized
INFO - 2024-12-31 10:34:09 --> URI Class Initialized
INFO - 2024-12-31 10:34:09 --> Router Class Initialized
INFO - 2024-12-31 10:34:09 --> Output Class Initialized
INFO - 2024-12-31 10:34:09 --> Security Class Initialized
DEBUG - 2024-12-31 10:34:09 --> Global POST, GET and COOKIE data sanitized
INFO - 2024-12-31 10:34:09 --> Input Class Initialized
INFO - 2024-12-31 10:34:09 --> Language Class Initialized
INFO - 2024-12-31 10:34:09 --> Language Class Initialized
INFO - 2024-12-31 10:34:09 --> Config Class Initialized
INFO - 2024-12-31 10:34:09 --> Loader Class Initialized
INFO - 2024-12-31 10:34:09 --> Helper loaded: url_helper
INFO - 2024-12-31 10:34:09 --> Helper loaded: easyui_helper
INFO - 2024-12-31 10:34:09 --> Helper loaded: param_helper
INFO - 2024-12-31 10:34:09 --> Helper loaded: credential_helper
INFO - 2024-12-31 10:34:09 --> Helper loaded: template_helper
INFO - 2024-12-31 10:34:09 --> Helper loaded: rest_helper
INFO - 2024-12-31 10:34:09 --> Database Driver Class Initialized
DEBUG - 2024-12-31 10:34:09 --> Idgenerator class already loaded. Second attempt ignored.
INFO - 2024-12-31 10:34:09 --> Controller Class Initialized
INFO - 2024-12-31 10:34:09 --> Model Class Initialized
DEBUG - 2024-12-31 10:34:09 --> File loaded: /apps/web-drc/application/modules/api_v1/models/Api_v1_model.php
INFO - 2024-12-31 10:34:09 --> Model Class Initialized
INFO - 2024-12-31 10:34:09 --> Final output sent to browser
DEBUG - 2024-12-31 10:34:09 --> Total execution time: 0.0046
INFO - 2024-12-31 10:34:09 --> Config Class Initialized
INFO - 2024-12-31 10:34:09 --> Hooks Class Initialized
DEBUG - 2024-12-31 10:34:09 --> UTF-8 Support Enabled
INFO - 2024-12-31 10:34:09 --> Utf8 Class Initialized
INFO - 2024-12-31 10:34:09 --> URI Class Initialized
INFO - 2024-12-31 10:34:09 --> Router Class Initialized
INFO - 2024-12-31 10:34:09 --> Output Class Initialized
INFO - 2024-12-31 10:34:09 --> Security Class Initialized
DEBUG - 2024-12-31 10:34:09 --> Global POST, GET and COOKIE data sanitized
INFO - 2024-12-31 10:34:09 --> Input Class Initialized
INFO - 2024-12-31 10:34:09 --> Language Class Initialized
INFO - 2024-12-31 10:34:09 --> Language Class Initialized
INFO - 2024-12-31 10:34:09 --> Config Class Initialized
INFO - 2024-12-31 10:34:09 --> Loader Class Initialized
INFO - 2024-12-31 10:34:09 --> Helper loaded: url_helper
INFO - 2024-12-31 10:34:09 --> Helper loaded: easyui_helper
INFO - 2024-12-31 10:34:09 --> Helper loaded: param_helper
INFO - 2024-12-31 10:34:09 --> Helper loaded: credential_helper
INFO - 2024-12-31 10:34:09 --> Helper loaded: template_helper
INFO - 2024-12-31 10:34:09 --> Helper loaded: rest_helper
INFO - 2024-12-31 10:34:09 --> Database Driver Class Initialized
DEBUG - 2024-12-31 10:34:09 --> Idgenerator class already loaded. Second attempt ignored.
INFO - 2024-12-31 10:34:09 --> Controller Class Initialized
INFO - 2024-12-31 10:34:09 --> Model Class Initialized
DEBUG - 2024-12-31 10:34:09 --> File loaded: /apps/web-drc/application/modules/api_v1/models/Api_v1_model.php
INFO - 2024-12-31 10:34:09 --> Model Class Initialized
INFO - 2024-12-31 10:34:09 --> Final output sent to browser
DEBUG - 2024-12-31 10:34:09 --> Total execution time: 0.0085
INFO - 2024-12-31 10:34:09 --> Config Class Initialized
INFO - 2024-12-31 10:34:09 --> Hooks Class Initialized
DEBUG - 2024-12-31 10:34:09 --> UTF-8 Support Enabled
INFO - 2024-12-31 10:34:09 --> Utf8 Class Initialized
INFO - 2024-12-31 10:34:09 --> URI Class Initialized
INFO - 2024-12-31 10:34:09 --> Router Class Initialized
INFO - 2024-12-31 10:34:09 --> Output Class Initialized
INFO - 2024-12-31 10:34:09 --> Security Class Initialized
DEBUG - 2024-12-31 10:34:09 --> Global POST, GET and COOKIE data sanitized
INFO - 2024-12-31 10:34:09 --> Input Class Initialized
INFO - 2024-12-31 10:34:09 --> Language Class Initialized
INFO - 2024-12-31 10:34:09 --> Language Class Initialized
INFO - 2024-12-31 10:34:09 --> Config Class Initialized
INFO - 2024-12-31 10:34:09 --> Loader Class Initialized
INFO - 2024-12-31 10:34:09 --> Helper loaded: url_helper
INFO - 2024-12-31 10:34:09 --> Helper loaded: easyui_helper
INFO - 2024-12-31 10:34:09 --> Helper loaded: param_helper
INFO - 2024-12-31 10:34:09 --> Helper loaded: credential_helper
INFO - 2024-12-31 10:34:09 --> Helper loaded: template_helper
INFO - 2024-12-31 10:34:09 --> Helper loaded: rest_helper
INFO - 2024-12-31 10:34:09 --> Database Driver Class Initialized
DEBUG - 2024-12-31 10:34:09 --> Idgenerator class already loaded. Second attempt ignored.
INFO - 2024-12-31 10:34:09 --> Controller Class Initialized
INFO - 2024-12-31 10:34:09 --> Model Class Initialized
DEBUG - 2024-12-31 10:34:09 --> File loaded: /apps/web-drc/application/modules/api_v1/models/Api_v1_model.php
INFO - 2024-12-31 10:34:09 --> Model Class Initialized
INFO - 2024-12-31 10:34:09 --> Final output sent to browser
DEBUG - 2024-12-31 10:34:09 --> Total execution time: 0.0073
INFO - 2024-12-31 10:34:09 --> Config Class Initialized
INFO - 2024-12-31 10:34:09 --> Hooks Class Initialized
DEBUG - 2024-12-31 10:34:09 --> UTF-8 Support Enabled
INFO - 2024-12-31 10:34:09 --> Utf8 Class Initialized
INFO - 2024-12-31 10:34:09 --> URI Class Initialized
INFO - 2024-12-31 10:34:09 --> Router Class Initialized
INFO - 2024-12-31 10:34:09 --> Output Class Initialized
INFO - 2024-12-31 10:34:09 --> Security Class Initialized
DEBUG - 2024-12-31 10:34:09 --> Global POST, GET and COOKIE data sanitized
INFO - 2024-12-31 10:34:09 --> Input Class Initialized
INFO - 2024-12-31 10:34:09 --> Language Class Initialized
INFO - 2024-12-31 10:34:09 --> Language Class Initialized
INFO - 2024-12-31 10:34:09 --> Config Class Initialized
INFO - 2024-12-31 10:34:09 --> Loader Class Initialized
INFO - 2024-12-31 10:34:09 --> Helper loaded: url_helper
INFO - 2024-12-31 10:34:09 --> Helper loaded: easyui_helper
INFO - 2024-12-31 10:34:09 --> Helper loaded: param_helper
INFO - 2024-12-31 10:34:09 --> Helper loaded: credential_helper
INFO - 2024-12-31 10:34:09 --> Helper loaded: template_helper
INFO - 2024-12-31 10:34:09 --> Helper loaded: rest_helper
INFO - 2024-12-31 10:34:09 --> Database Driver Class Initialized
DEBUG - 2024-12-31 10:34:09 --> Idgenerator class already loaded. Second attempt ignored.
INFO - 2024-12-31 10:34:09 --> Controller Class Initialized
INFO - 2024-12-31 10:34:09 --> Model Class Initialized
DEBUG - 2024-12-31 10:34:09 --> File loaded: /apps/web-drc/application/modules/api_v1/models/Api_v1_model.php
INFO - 2024-12-31 10:34:09 --> Model Class Initialized
INFO - 2024-12-31 10:34:09 --> Final output sent to browser
DEBUG - 2024-12-31 10:34:09 --> Total execution time: 0.0037
INFO - 2024-12-31 10:34:09 --> Config Class Initialized
INFO - 2024-12-31 10:34:09 --> Hooks Class Initialized
DEBUG - 2024-12-31 10:34:09 --> UTF-8 Support Enabled
INFO - 2024-12-31 10:34:09 --> Utf8 Class Initialized
INFO - 2024-12-31 10:34:09 --> URI Class Initialized
INFO - 2024-12-31 10:34:09 --> Router Class Initialized
INFO - 2024-12-31 10:34:09 --> Output Class Initialized
INFO - 2024-12-31 10:34:09 --> Security Class Initialized
DEBUG - 2024-12-31 10:34:09 --> Global POST, GET and COOKIE data sanitized
INFO - 2024-12-31 10:34:09 --> Input Class Initialized
INFO - 2024-12-31 10:34:09 --> Language Class Initialized
INFO - 2024-12-31 10:34:09 --> Language Class Initialized
INFO - 2024-12-31 10:34:09 --> Config Class Initialized
INFO - 2024-12-31 10:34:09 --> Loader Class Initialized
INFO - 2024-12-31 10:34:09 --> Helper loaded: url_helper
INFO - 2024-12-31 10:34:09 --> Helper loaded: easyui_helper
INFO - 2024-12-31 10:34:09 --> Helper loaded: param_helper
INFO - 2024-12-31 10:34:09 --> Helper loaded: credential_helper
INFO - 2024-12-31 10:34:09 --> Helper loaded: template_helper
INFO - 2024-12-31 10:34:09 --> Helper loaded: rest_helper
INFO - 2024-12-31 10:34:09 --> Database Driver Class Initialized
DEBUG - 2024-12-31 10:34:09 --> Idgenerator class already loaded. Second attempt ignored.
INFO - 2024-12-31 10:34:09 --> Controller Class Initialized
INFO - 2024-12-31 10:34:09 --> Model Class Initialized
DEBUG - 2024-12-31 10:34:09 --> File loaded: /apps/web-drc/application/modules/api_v1/models/Api_v1_model.php
INFO - 2024-12-31 10:34:09 --> Model Class Initialized
INFO - 2024-12-31 10:34:09 --> Final output sent to browser
DEBUG - 2024-12-31 10:34:09 --> Total execution time: 0.0039
INFO - 2024-12-31 20:54:53 --> Config Class Initialized
INFO - 2024-12-31 20:54:53 --> Hooks Class Initialized
DEBUG - 2024-12-31 20:54:53 --> UTF-8 Support Enabled
INFO - 2024-12-31 20:54:53 --> Utf8 Class Initialized
INFO - 2024-12-31 20:54:53 --> URI Class Initialized
INFO - 2024-12-31 20:54:53 --> Router Class Initialized
INFO - 2024-12-31 20:54:53 --> Output Class Initialized
INFO - 2024-12-31 20:54:53 --> Security Class Initialized
DEBUG - 2024-12-31 20:54:53 --> Global POST, GET and COOKIE data sanitized
INFO - 2024-12-31 20:54:53 --> Input Class Initialized
INFO - 2024-12-31 20:54:53 --> Language Class Initialized
INFO - 2024-12-31 20:54:53 --> Language Class Initialized
INFO - 2024-12-31 20:54:53 --> Config Class Initialized
INFO - 2024-12-31 20:54:53 --> Loader Class Initialized
INFO - 2024-12-31 20:54:53 --> Helper loaded: url_helper
INFO - 2024-12-31 20:54:53 --> Helper loaded: easyui_helper
INFO - 2024-12-31 20:54:53 --> Helper loaded: param_helper
INFO - 2024-12-31 20:54:53 --> Helper loaded: credential_helper
INFO - 2024-12-31 20:54:53 --> Helper loaded: template_helper
INFO - 2024-12-31 20:54:53 --> Helper loaded: rest_helper
INFO - 2024-12-31 20:54:53 --> Database Driver Class Initialized
DEBUG - 2024-12-31 20:54:53 --> Idgenerator class already loaded. Second attempt ignored.
INFO - 2024-12-31 20:54:53 --> Controller Class Initialized
INFO - 2024-12-31 20:54:53 --> Model Class Initialized
DEBUG - 2024-12-31 20:54:53 --> File loaded: /apps/web-drc/application/modules/ref_request_new_outlet/models/Request_new_outlet_model.php
INFO - 2024-12-31 20:54:53 --> Model Class Initialized
DEBUG - 2024-12-31 20:54:53 --> File loaded: /apps/web-drc/application/modules/ref_request_new_outlet/views/content.php
DEBUG - 2024-12-31 20:54:53 --> File loaded: /apps/web-drc/application/views/templates/header.php
DEBUG - 2024-12-31 20:54:53 --> File loaded: /apps/web-drc/application/views/templates/toolbar.php
DEBUG - 2024-12-31 20:54:53 --> File loaded: /apps/web-drc/application/views/templates/sidebar.php
DEBUG - 2024-12-31 20:54:53 --> File loaded: /apps/web-drc/application/views/templates/contents.php
DEBUG - 2024-12-31 20:54:53 --> File loaded: /apps/web-drc/application/views/templates/content_footer.php
DEBUG - 2024-12-31 20:54:53 --> File loaded: /apps/web-drc/application/views/templates/footer.php
INFO - 2024-12-31 20:54:53 --> Config Class Initialized
INFO - 2024-12-31 20:54:53 --> Hooks Class Initialized
DEBUG - 2024-12-31 20:54:53 --> UTF-8 Support Enabled
INFO - 2024-12-31 20:54:53 --> Utf8 Class Initialized
INFO - 2024-12-31 20:54:53 --> URI Class Initialized
DEBUG - 2024-12-31 20:54:53 --> No URI present. Default controller set.
INFO - 2024-12-31 20:54:53 --> Router Class Initialized
INFO - 2024-12-31 20:54:53 --> Output Class Initialized
INFO - 2024-12-31 20:54:53 --> Security Class Initialized
DEBUG - 2024-12-31 20:54:53 --> Global POST, GET and COOKIE data sanitized
INFO - 2024-12-31 20:54:53 --> Input Class Initialized
INFO - 2024-12-31 20:54:53 --> Language Class Initialized
INFO - 2024-12-31 20:54:53 --> Language Class Initialized
INFO - 2024-12-31 20:54:53 --> Config Class Initialized
INFO - 2024-12-31 20:54:53 --> Loader Class Initialized
INFO - 2024-12-31 20:54:53 --> Helper loaded: url_helper
INFO - 2024-12-31 20:54:53 --> Helper loaded: easyui_helper
INFO - 2024-12-31 20:54:53 --> Helper loaded: param_helper
INFO - 2024-12-31 20:54:53 --> Helper loaded: credential_helper
INFO - 2024-12-31 20:54:53 --> Helper loaded: template_helper
INFO - 2024-12-31 20:54:53 --> Helper loaded: rest_helper
INFO - 2024-12-31 20:54:53 --> Database Driver Class Initialized
DEBUG - 2024-12-31 20:54:53 --> Idgenerator class already loaded. Second attempt ignored.
INFO - 2024-12-31 20:54:53 --> Controller Class Initialized
DEBUG - 2024-12-31 20:54:53 --> File loaded: /apps/web-drc/application/modules/app_auth/views/login_lte_template.php
DEBUG - 2024-12-31 20:54:53 --> File loaded: /apps/web-drc/application/views/template_login_lte/header.php
DEBUG - 2024-12-31 20:54:53 --> File loaded: /apps/web-drc/application/views/template_login_lte/contents.php
DEBUG - 2024-12-31 20:54:53 --> File loaded: /apps/web-drc/application/views/template_login_lte/default.php
INFO - 2024-12-31 20:54:53 --> Final output sent to browser
DEBUG - 2024-12-31 20:54:53 --> Total execution time: 0.0071
INFO - 2024-12-31 20:54:54 --> Config Class Initialized
INFO - 2024-12-31 20:54:54 --> Hooks Class Initialized
DEBUG - 2024-12-31 20:54:54 --> UTF-8 Support Enabled
INFO - 2024-12-31 20:54:54 --> Utf8 Class Initialized
INFO - 2024-12-31 20:54:54 --> URI Class Initialized
INFO - 2024-12-31 20:54:54 --> Router Class Initialized
INFO - 2024-12-31 20:54:54 --> Output Class Initialized
INFO - 2024-12-31 20:54:54 --> Security Class Initialized
DEBUG - 2024-12-31 20:54:54 --> Global POST, GET and COOKIE data sanitized
INFO - 2024-12-31 20:54:54 --> Input Class Initialized
INFO - 2024-12-31 20:54:54 --> Language Class Initialized
ERROR - 2024-12-31 20:54:54 --> 404 Page Not Found: /index
