INFO - 2025-03-24 06:55:53 --> Config Class Initialized
INFO - 2025-03-24 06:55:53 --> Hooks Class Initialized
DEBUG - 2025-03-24 06:55:53 --> UTF-8 Support Enabled
INFO - 2025-03-24 06:55:53 --> Utf8 Class Initialized
INFO - 2025-03-24 06:55:53 --> URI Class Initialized
INFO - 2025-03-24 06:55:53 --> Router Class Initialized
INFO - 2025-03-24 06:55:53 --> Output Class Initialized
INFO - 2025-03-24 06:55:53 --> Security Class Initialized
DEBUG - 2025-03-24 06:55:53 --> Global POST, GET and COOKIE data sanitized
INFO - 2025-03-24 06:55:53 --> Input Class Initialized
INFO - 2025-03-24 06:55:53 --> Language Class Initialized
ERROR - 2025-03-24 06:55:53 --> 404 Page Not Found: /index
INFO - 2025-03-24 17:34:25 --> Config Class Initialized
INFO - 2025-03-24 17:34:25 --> Hooks Class Initialized
DEBUG - 2025-03-24 17:34:25 --> UTF-8 Support Enabled
INFO - 2025-03-24 17:34:25 --> Utf8 Class Initialized
INFO - 2025-03-24 17:34:25 --> URI Class Initialized
DEBUG - 2025-03-24 17:34:25 --> No URI present. Default controller set.
INFO - 2025-03-24 17:34:25 --> Router Class Initialized
INFO - 2025-03-24 17:34:25 --> Output Class Initialized
INFO - 2025-03-24 17:34:25 --> Security Class Initialized
DEBUG - 2025-03-24 17:34:25 --> Global POST, GET and COOKIE data sanitized
INFO - 2025-03-24 17:34:25 --> Input Class Initialized
INFO - 2025-03-24 17:34:25 --> Language Class Initialized
INFO - 2025-03-24 17:34:25 --> Language Class Initialized
INFO - 2025-03-24 17:34:25 --> Config Class Initialized
INFO - 2025-03-24 17:34:25 --> Loader Class Initialized
INFO - 2025-03-24 17:34:25 --> Helper loaded: url_helper
INFO - 2025-03-24 17:34:25 --> Helper loaded: easyui_helper
INFO - 2025-03-24 17:34:25 --> Helper loaded: param_helper
INFO - 2025-03-24 17:34:25 --> Helper loaded: credential_helper
INFO - 2025-03-24 17:34:25 --> Helper loaded: template_helper
INFO - 2025-03-24 17:34:25 --> Helper loaded: rest_helper
INFO - 2025-03-24 17:34:25 --> Database Driver Class Initialized
DEBUG - 2025-03-24 17:34:25 --> Idgenerator class already loaded. Second attempt ignored.
INFO - 2025-03-24 17:34:25 --> Controller Class Initialized
DEBUG - 2025-03-24 17:34:25 --> File loaded: /apps/web-drc/application/modules/app_auth/views/login_lte_template.php
DEBUG - 2025-03-24 17:34:25 --> File loaded: /apps/web-drc/application/views/template_login_lte/header.php
DEBUG - 2025-03-24 17:34:25 --> File loaded: /apps/web-drc/application/views/template_login_lte/contents.php
DEBUG - 2025-03-24 17:34:25 --> File loaded: /apps/web-drc/application/views/template_login_lte/default.php
INFO - 2025-03-24 17:34:25 --> Final output sent to browser
DEBUG - 2025-03-24 17:34:25 --> Total execution time: 0.0821
