INFO - 2025-04-15 12:59:20 --> Config Class Initialized
INFO - 2025-04-15 12:59:20 --> Hooks Class Initialized
DEBUG - 2025-04-15 12:59:20 --> UTF-8 Support Enabled
INFO - 2025-04-15 12:59:20 --> Utf8 Class Initialized
INFO - 2025-04-15 12:59:20 --> URI Class Initialized
DEBUG - 2025-04-15 12:59:20 --> No URI present. Default controller set.
INFO - 2025-04-15 12:59:20 --> Router Class Initialized
INFO - 2025-04-15 12:59:20 --> Output Class Initialized
INFO - 2025-04-15 12:59:20 --> Security Class Initialized
DEBUG - 2025-04-15 12:59:20 --> Global POST, GET and COOKIE data sanitized
INFO - 2025-04-15 12:59:20 --> Input Class Initialized
INFO - 2025-04-15 12:59:20 --> Language Class Initialized
INFO - 2025-04-15 12:59:20 --> Language Class Initialized
INFO - 2025-04-15 12:59:20 --> Config Class Initialized
INFO - 2025-04-15 12:59:20 --> Loader Class Initialized
INFO - 2025-04-15 12:59:20 --> Helper loaded: url_helper
INFO - 2025-04-15 12:59:20 --> Helper loaded: easyui_helper
INFO - 2025-04-15 12:59:20 --> Helper loaded: param_helper
INFO - 2025-04-15 12:59:20 --> Helper loaded: credential_helper
INFO - 2025-04-15 12:59:20 --> Helper loaded: template_helper
INFO - 2025-04-15 12:59:20 --> Helper loaded: rest_helper
INFO - 2025-04-15 12:59:20 --> Database Driver Class Initialized
DEBUG - 2025-04-15 12:59:20 --> Idgenerator class already loaded. Second attempt ignored.
INFO - 2025-04-15 12:59:20 --> Controller Class Initialized
DEBUG - 2025-04-15 12:59:20 --> File loaded: /apps/web-drc/application/modules/app_auth/views/login_lte_template.php
DEBUG - 2025-04-15 12:59:20 --> File loaded: /apps/web-drc/application/views/template_login_lte/header.php
DEBUG - 2025-04-15 12:59:20 --> File loaded: /apps/web-drc/application/views/template_login_lte/contents.php
DEBUG - 2025-04-15 12:59:20 --> File loaded: /apps/web-drc/application/views/template_login_lte/default.php
INFO - 2025-04-15 12:59:20 --> Final output sent to browser
DEBUG - 2025-04-15 12:59:20 --> Total execution time: 0.0817
INFO - 2025-04-15 17:25:14 --> Config Class Initialized
INFO - 2025-04-15 17:25:14 --> Hooks Class Initialized
DEBUG - 2025-04-15 17:25:14 --> UTF-8 Support Enabled
INFO - 2025-04-15 17:25:14 --> Utf8 Class Initialized
INFO - 2025-04-15 17:25:14 --> URI Class Initialized
DEBUG - 2025-04-15 17:25:14 --> No URI present. Default controller set.
INFO - 2025-04-15 17:25:14 --> Router Class Initialized
INFO - 2025-04-15 17:25:14 --> Output Class Initialized
INFO - 2025-04-15 17:25:14 --> Security Class Initialized
DEBUG - 2025-04-15 17:25:14 --> Global POST, GET and COOKIE data sanitized
INFO - 2025-04-15 17:25:14 --> Input Class Initialized
INFO - 2025-04-15 17:25:14 --> Language Class Initialized
INFO - 2025-04-15 17:25:14 --> Language Class Initialized
INFO - 2025-04-15 17:25:14 --> Config Class Initialized
INFO - 2025-04-15 17:25:14 --> Loader Class Initialized
INFO - 2025-04-15 17:25:14 --> Helper loaded: url_helper
INFO - 2025-04-15 17:25:14 --> Helper loaded: easyui_helper
INFO - 2025-04-15 17:25:14 --> Helper loaded: param_helper
INFO - 2025-04-15 17:25:14 --> Helper loaded: credential_helper
INFO - 2025-04-15 17:25:14 --> Helper loaded: template_helper
INFO - 2025-04-15 17:25:14 --> Helper loaded: rest_helper
INFO - 2025-04-15 17:25:14 --> Database Driver Class Initialized
DEBUG - 2025-04-15 17:25:14 --> Idgenerator class already loaded. Second attempt ignored.
INFO - 2025-04-15 17:25:14 --> Controller Class Initialized
DEBUG - 2025-04-15 17:25:14 --> File loaded: /apps/web-drc/application/modules/app_auth/views/login_lte_template.php
DEBUG - 2025-04-15 17:25:14 --> File loaded: /apps/web-drc/application/views/template_login_lte/header.php
DEBUG - 2025-04-15 17:25:14 --> File loaded: /apps/web-drc/application/views/template_login_lte/contents.php
DEBUG - 2025-04-15 17:25:14 --> File loaded: /apps/web-drc/application/views/template_login_lte/default.php
INFO - 2025-04-15 17:25:14 --> Final output sent to browser
DEBUG - 2025-04-15 17:25:14 --> Total execution time: 0.0524
INFO - 2025-04-15 17:25:15 --> Config Class Initialized
INFO - 2025-04-15 17:25:15 --> Hooks Class Initialized
DEBUG - 2025-04-15 17:25:15 --> UTF-8 Support Enabled
INFO - 2025-04-15 17:25:15 --> Utf8 Class Initialized
INFO - 2025-04-15 17:25:15 --> URI Class Initialized
INFO - 2025-04-15 17:25:15 --> Router Class Initialized
INFO - 2025-04-15 17:25:15 --> Output Class Initialized
INFO - 2025-04-15 17:25:15 --> Security Class Initialized
DEBUG - 2025-04-15 17:25:15 --> Global POST, GET and COOKIE data sanitized
INFO - 2025-04-15 17:25:15 --> Input Class Initialized
INFO - 2025-04-15 17:25:15 --> Language Class Initialized
ERROR - 2025-04-15 17:25:15 --> 404 Page Not Found: /index
