INFO - 2025-01-18 16:42:34 --> Config Class Initialized
INFO - 2025-01-18 16:42:34 --> Hooks Class Initialized
DEBUG - 2025-01-18 16:42:34 --> UTF-8 Support Enabled
INFO - 2025-01-18 16:42:34 --> Utf8 Class Initialized
INFO - 2025-01-18 16:42:34 --> URI Class Initialized
DEBUG - 2025-01-18 16:42:34 --> No URI present. Default controller set.
INFO - 2025-01-18 16:42:34 --> Router Class Initialized
INFO - 2025-01-18 16:42:34 --> Output Class Initialized
INFO - 2025-01-18 16:42:34 --> Security Class Initialized
DEBUG - 2025-01-18 16:42:34 --> Global POST, GET and COOKIE data sanitized
INFO - 2025-01-18 16:42:34 --> Input Class Initialized
INFO - 2025-01-18 16:42:34 --> Language Class Initialized
INFO - 2025-01-18 16:42:34 --> Language Class Initialized
INFO - 2025-01-18 16:42:34 --> Config Class Initialized
INFO - 2025-01-18 16:42:34 --> Loader Class Initialized
INFO - 2025-01-18 16:42:34 --> Helper loaded: url_helper
INFO - 2025-01-18 16:42:34 --> Helper loaded: easyui_helper
INFO - 2025-01-18 16:42:34 --> Helper loaded: param_helper
INFO - 2025-01-18 16:42:34 --> Helper loaded: credential_helper
INFO - 2025-01-18 16:42:34 --> Helper loaded: template_helper
INFO - 2025-01-18 16:42:34 --> Helper loaded: rest_helper
INFO - 2025-01-18 16:42:34 --> Database Driver Class Initialized
DEBUG - 2025-01-18 16:42:34 --> Idgenerator class already loaded. Second attempt ignored.
INFO - 2025-01-18 16:42:34 --> Controller Class Initialized
DEBUG - 2025-01-18 16:42:34 --> File loaded: /apps/web-drc/application/modules/app_auth/views/login_lte_template.php
DEBUG - 2025-01-18 16:42:34 --> File loaded: /apps/web-drc/application/views/template_login_lte/header.php
DEBUG - 2025-01-18 16:42:34 --> File loaded: /apps/web-drc/application/views/template_login_lte/contents.php
DEBUG - 2025-01-18 16:42:34 --> File loaded: /apps/web-drc/application/views/template_login_lte/default.php
INFO - 2025-01-18 16:42:34 --> Final output sent to browser
DEBUG - 2025-01-18 16:42:34 --> Total execution time: 0.1324
