INFO - 2025-01-02 01:19:49 --> Config Class Initialized
INFO - 2025-01-02 01:19:49 --> Hooks Class Initialized
DEBUG - 2025-01-02 01:19:49 --> UTF-8 Support Enabled
INFO - 2025-01-02 01:19:49 --> Utf8 Class Initialized
INFO - 2025-01-02 01:19:49 --> URI Class Initialized
DEBUG - 2025-01-02 01:19:49 --> No URI present. Default controller set.
INFO - 2025-01-02 01:19:49 --> Router Class Initialized
INFO - 2025-01-02 01:19:49 --> Output Class Initialized
INFO - 2025-01-02 01:19:49 --> Security Class Initialized
DEBUG - 2025-01-02 01:19:49 --> Global POST, GET and COOKIE data sanitized
INFO - 2025-01-02 01:19:49 --> Input Class Initialized
INFO - 2025-01-02 01:19:49 --> Language Class Initialized
INFO - 2025-01-02 01:19:49 --> Language Class Initialized
INFO - 2025-01-02 01:19:49 --> Config Class Initialized
INFO - 2025-01-02 01:19:49 --> Loader Class Initialized
INFO - 2025-01-02 01:19:49 --> Helper loaded: url_helper
INFO - 2025-01-02 01:19:49 --> Helper loaded: easyui_helper
INFO - 2025-01-02 01:19:49 --> Helper loaded: param_helper
INFO - 2025-01-02 01:19:49 --> Helper loaded: credential_helper
INFO - 2025-01-02 01:19:49 --> Helper loaded: template_helper
INFO - 2025-01-02 01:19:49 --> Helper loaded: rest_helper
INFO - 2025-01-02 01:19:49 --> Database Driver Class Initialized
DEBUG - 2025-01-02 01:19:49 --> Idgenerator class already loaded. Second attempt ignored.
INFO - 2025-01-02 01:19:49 --> Controller Class Initialized
DEBUG - 2025-01-02 01:19:49 --> File loaded: /apps/web-drc/application/modules/app_auth/views/login_lte_template.php
DEBUG - 2025-01-02 01:19:49 --> File loaded: /apps/web-drc/application/views/template_login_lte/header.php
DEBUG - 2025-01-02 01:19:49 --> File loaded: /apps/web-drc/application/views/template_login_lte/contents.php
DEBUG - 2025-01-02 01:19:49 --> File loaded: /apps/web-drc/application/views/template_login_lte/default.php
INFO - 2025-01-02 01:19:49 --> Final output sent to browser
DEBUG - 2025-01-02 01:19:49 --> Total execution time: 0.0583
INFO - 2025-01-02 20:22:51 --> Config Class Initialized
INFO - 2025-01-02 20:22:51 --> Hooks Class Initialized
DEBUG - 2025-01-02 20:22:51 --> UTF-8 Support Enabled
INFO - 2025-01-02 20:22:51 --> Utf8 Class Initialized
INFO - 2025-01-02 20:22:51 --> URI Class Initialized
DEBUG - 2025-01-02 20:22:51 --> No URI present. Default controller set.
INFO - 2025-01-02 20:22:51 --> Router Class Initialized
INFO - 2025-01-02 20:22:51 --> Output Class Initialized
INFO - 2025-01-02 20:22:51 --> Security Class Initialized
DEBUG - 2025-01-02 20:22:51 --> Global POST, GET and COOKIE data sanitized
INFO - 2025-01-02 20:22:51 --> Input Class Initialized
INFO - 2025-01-02 20:22:51 --> Language Class Initialized
INFO - 2025-01-02 20:22:51 --> Language Class Initialized
INFO - 2025-01-02 20:22:51 --> Config Class Initialized
INFO - 2025-01-02 20:22:51 --> Loader Class Initialized
INFO - 2025-01-02 20:22:51 --> Helper loaded: url_helper
INFO - 2025-01-02 20:22:51 --> Helper loaded: easyui_helper
INFO - 2025-01-02 20:22:51 --> Helper loaded: param_helper
INFO - 2025-01-02 20:22:51 --> Helper loaded: credential_helper
INFO - 2025-01-02 20:22:51 --> Helper loaded: template_helper
INFO - 2025-01-02 20:22:51 --> Helper loaded: rest_helper
INFO - 2025-01-02 20:22:51 --> Database Driver Class Initialized
DEBUG - 2025-01-02 20:22:51 --> Idgenerator class already loaded. Second attempt ignored.
INFO - 2025-01-02 20:22:51 --> Controller Class Initialized
DEBUG - 2025-01-02 20:22:51 --> File loaded: /apps/web-drc/application/modules/app_auth/views/login_lte_template.php
DEBUG - 2025-01-02 20:22:51 --> File loaded: /apps/web-drc/application/views/template_login_lte/header.php
DEBUG - 2025-01-02 20:22:51 --> File loaded: /apps/web-drc/application/views/template_login_lte/contents.php
DEBUG - 2025-01-02 20:22:51 --> File loaded: /apps/web-drc/application/views/template_login_lte/default.php
INFO - 2025-01-02 20:22:51 --> Final output sent to browser
DEBUG - 2025-01-02 20:22:51 --> Total execution time: 0.0882
INFO - 2025-01-02 20:22:52 --> Config Class Initialized
INFO - 2025-01-02 20:22:52 --> Hooks Class Initialized
DEBUG - 2025-01-02 20:22:52 --> UTF-8 Support Enabled
INFO - 2025-01-02 20:22:52 --> Utf8 Class Initialized
INFO - 2025-01-02 20:22:52 --> URI Class Initialized
DEBUG - 2025-01-02 20:22:52 --> No URI present. Default controller set.
INFO - 2025-01-02 20:22:52 --> Router Class Initialized
INFO - 2025-01-02 20:22:52 --> Output Class Initialized
INFO - 2025-01-02 20:22:52 --> Security Class Initialized
DEBUG - 2025-01-02 20:22:52 --> Global POST, GET and COOKIE data sanitized
INFO - 2025-01-02 20:22:52 --> Input Class Initialized
INFO - 2025-01-02 20:22:52 --> Language Class Initialized
INFO - 2025-01-02 20:22:52 --> Language Class Initialized
INFO - 2025-01-02 20:22:52 --> Config Class Initialized
INFO - 2025-01-02 20:22:52 --> Loader Class Initialized
INFO - 2025-01-02 20:22:52 --> Helper loaded: url_helper
INFO - 2025-01-02 20:22:52 --> Helper loaded: easyui_helper
INFO - 2025-01-02 20:22:52 --> Helper loaded: param_helper
INFO - 2025-01-02 20:22:52 --> Helper loaded: credential_helper
INFO - 2025-01-02 20:22:52 --> Helper loaded: template_helper
INFO - 2025-01-02 20:22:52 --> Helper loaded: rest_helper
INFO - 2025-01-02 20:22:52 --> Database Driver Class Initialized
DEBUG - 2025-01-02 20:22:52 --> Idgenerator class already loaded. Second attempt ignored.
INFO - 2025-01-02 20:22:52 --> Controller Class Initialized
DEBUG - 2025-01-02 20:22:52 --> File loaded: /apps/web-drc/application/modules/app_auth/views/login_lte_template.php
DEBUG - 2025-01-02 20:22:52 --> File loaded: /apps/web-drc/application/views/template_login_lte/header.php
DEBUG - 2025-01-02 20:22:52 --> File loaded: /apps/web-drc/application/views/template_login_lte/contents.php
DEBUG - 2025-01-02 20:22:52 --> File loaded: /apps/web-drc/application/views/template_login_lte/default.php
INFO - 2025-01-02 20:22:52 --> Final output sent to browser
DEBUG - 2025-01-02 20:22:52 --> Total execution time: 0.0067
INFO - 2025-01-02 20:22:54 --> Config Class Initialized
INFO - 2025-01-02 20:22:54 --> Hooks Class Initialized
DEBUG - 2025-01-02 20:22:54 --> UTF-8 Support Enabled
INFO - 2025-01-02 20:22:54 --> Utf8 Class Initialized
INFO - 2025-01-02 20:22:54 --> URI Class Initialized
DEBUG - 2025-01-02 20:22:54 --> No URI present. Default controller set.
INFO - 2025-01-02 20:22:54 --> Router Class Initialized
INFO - 2025-01-02 20:22:54 --> Output Class Initialized
INFO - 2025-01-02 20:22:54 --> Security Class Initialized
DEBUG - 2025-01-02 20:22:54 --> Global POST, GET and COOKIE data sanitized
INFO - 2025-01-02 20:22:54 --> Input Class Initialized
INFO - 2025-01-02 20:22:54 --> Language Class Initialized
INFO - 2025-01-02 20:22:54 --> Language Class Initialized
INFO - 2025-01-02 20:22:54 --> Config Class Initialized
INFO - 2025-01-02 20:22:54 --> Loader Class Initialized
INFO - 2025-01-02 20:22:54 --> Helper loaded: url_helper
INFO - 2025-01-02 20:22:54 --> Helper loaded: easyui_helper
INFO - 2025-01-02 20:22:54 --> Helper loaded: param_helper
INFO - 2025-01-02 20:22:54 --> Helper loaded: credential_helper
INFO - 2025-01-02 20:22:54 --> Helper loaded: template_helper
INFO - 2025-01-02 20:22:54 --> Helper loaded: rest_helper
INFO - 2025-01-02 20:22:54 --> Database Driver Class Initialized
DEBUG - 2025-01-02 20:22:54 --> Idgenerator class already loaded. Second attempt ignored.
INFO - 2025-01-02 20:22:54 --> Controller Class Initialized
DEBUG - 2025-01-02 20:22:54 --> File loaded: /apps/web-drc/application/modules/app_auth/views/login_lte_template.php
DEBUG - 2025-01-02 20:22:54 --> File loaded: /apps/web-drc/application/views/template_login_lte/header.php
DEBUG - 2025-01-02 20:22:54 --> File loaded: /apps/web-drc/application/views/template_login_lte/contents.php
DEBUG - 2025-01-02 20:22:54 --> File loaded: /apps/web-drc/application/views/template_login_lte/default.php
INFO - 2025-01-02 20:22:54 --> Final output sent to browser
DEBUG - 2025-01-02 20:22:54 --> Total execution time: 0.0110
INFO - 2025-01-02 20:23:02 --> Config Class Initialized
INFO - 2025-01-02 20:23:02 --> Hooks Class Initialized
DEBUG - 2025-01-02 20:23:02 --> UTF-8 Support Enabled
INFO - 2025-01-02 20:23:02 --> Utf8 Class Initialized
INFO - 2025-01-02 20:23:02 --> URI Class Initialized
INFO - 2025-01-02 20:23:02 --> Router Class Initialized
INFO - 2025-01-02 20:23:02 --> Output Class Initialized
INFO - 2025-01-02 20:23:02 --> Security Class Initialized
DEBUG - 2025-01-02 20:23:02 --> Global POST, GET and COOKIE data sanitized
INFO - 2025-01-02 20:23:02 --> Input Class Initialized
INFO - 2025-01-02 20:23:02 --> Language Class Initialized
ERROR - 2025-01-02 20:23:02 --> 404 Page Not Found: /index
