INFO - 2025-03-04 00:23:09 --> Config Class Initialized
INFO - 2025-03-04 00:23:09 --> Hooks Class Initialized
DEBUG - 2025-03-04 00:23:09 --> UTF-8 Support Enabled
INFO - 2025-03-04 00:23:09 --> Utf8 Class Initialized
INFO - 2025-03-04 00:23:09 --> URI Class Initialized
INFO - 2025-03-04 00:23:09 --> Router Class Initialized
INFO - 2025-03-04 00:23:09 --> Output Class Initialized
INFO - 2025-03-04 00:23:09 --> Security Class Initialized
DEBUG - 2025-03-04 00:23:09 --> Global POST, GET and COOKIE data sanitized
INFO - 2025-03-04 00:23:09 --> Input Class Initialized
INFO - 2025-03-04 00:23:09 --> Language Class Initialized
INFO - 2025-03-04 00:23:09 --> Language Class Initialized
INFO - 2025-03-04 00:23:09 --> Config Class Initialized
INFO - 2025-03-04 00:23:09 --> Loader Class Initialized
INFO - 2025-03-04 00:23:09 --> Helper loaded: url_helper
INFO - 2025-03-04 00:23:09 --> Helper loaded: easyui_helper
INFO - 2025-03-04 00:23:09 --> Helper loaded: param_helper
INFO - 2025-03-04 00:23:09 --> Helper loaded: credential_helper
INFO - 2025-03-04 00:23:09 --> Helper loaded: template_helper
INFO - 2025-03-04 00:23:09 --> Helper loaded: rest_helper
INFO - 2025-03-04 00:23:09 --> Database Driver Class Initialized
DEBUG - 2025-03-04 00:23:09 --> Idgenerator class already loaded. Second attempt ignored.
INFO - 2025-03-04 00:23:09 --> Controller Class Initialized
INFO - 2025-03-04 00:23:09 --> Model Class Initialized
DEBUG - 2025-03-04 00:23:09 --> File loaded: /apps/web-drc/application/modules/api_v1/models/Api_v1_model.php
INFO - 2025-03-04 00:23:09 --> Model Class Initialized
INFO - 2025-03-04 00:23:24 --> Final output sent to browser
DEBUG - 2025-03-04 00:23:24 --> Total execution time: 14.6563
INFO - 2025-03-04 04:16:01 --> Config Class Initialized
INFO - 2025-03-04 04:16:01 --> Hooks Class Initialized
DEBUG - 2025-03-04 04:16:01 --> UTF-8 Support Enabled
INFO - 2025-03-04 04:16:01 --> Utf8 Class Initialized
INFO - 2025-03-04 04:16:01 --> URI Class Initialized
DEBUG - 2025-03-04 04:16:01 --> No URI present. Default controller set.
INFO - 2025-03-04 04:16:01 --> Router Class Initialized
INFO - 2025-03-04 04:16:01 --> Output Class Initialized
INFO - 2025-03-04 04:16:01 --> Security Class Initialized
DEBUG - 2025-03-04 04:16:01 --> Global POST, GET and COOKIE data sanitized
INFO - 2025-03-04 04:16:01 --> Input Class Initialized
INFO - 2025-03-04 04:16:01 --> Language Class Initialized
INFO - 2025-03-04 04:16:01 --> Language Class Initialized
INFO - 2025-03-04 04:16:01 --> Config Class Initialized
INFO - 2025-03-04 04:16:01 --> Loader Class Initialized
INFO - 2025-03-04 04:16:01 --> Helper loaded: url_helper
INFO - 2025-03-04 04:16:01 --> Helper loaded: easyui_helper
INFO - 2025-03-04 04:16:01 --> Helper loaded: param_helper
INFO - 2025-03-04 04:16:01 --> Helper loaded: credential_helper
INFO - 2025-03-04 04:16:01 --> Helper loaded: template_helper
INFO - 2025-03-04 04:16:01 --> Helper loaded: rest_helper
INFO - 2025-03-04 04:16:01 --> Database Driver Class Initialized
DEBUG - 2025-03-04 04:16:01 --> Idgenerator class already loaded. Second attempt ignored.
INFO - 2025-03-04 04:16:01 --> Controller Class Initialized
DEBUG - 2025-03-04 04:16:01 --> File loaded: /apps/web-drc/application/modules/app_auth/views/login_lte_template.php
DEBUG - 2025-03-04 04:16:01 --> File loaded: /apps/web-drc/application/views/template_login_lte/header.php
DEBUG - 2025-03-04 04:16:01 --> File loaded: /apps/web-drc/application/views/template_login_lte/contents.php
DEBUG - 2025-03-04 04:16:01 --> File loaded: /apps/web-drc/application/views/template_login_lte/default.php
INFO - 2025-03-04 04:16:01 --> Final output sent to browser
DEBUG - 2025-03-04 04:16:01 --> Total execution time: 0.0107
INFO - 2025-03-04 04:16:07 --> Config Class Initialized
INFO - 2025-03-04 04:16:07 --> Hooks Class Initialized
DEBUG - 2025-03-04 04:16:07 --> UTF-8 Support Enabled
INFO - 2025-03-04 04:16:07 --> Utf8 Class Initialized
INFO - 2025-03-04 04:16:07 --> URI Class Initialized
INFO - 2025-03-04 04:16:07 --> Router Class Initialized
INFO - 2025-03-04 04:16:07 --> Output Class Initialized
INFO - 2025-03-04 04:16:07 --> Security Class Initialized
DEBUG - 2025-03-04 04:16:07 --> Global POST, GET and COOKIE data sanitized
INFO - 2025-03-04 04:16:07 --> Input Class Initialized
INFO - 2025-03-04 04:16:07 --> Language Class Initialized
ERROR - 2025-03-04 04:16:07 --> 404 Page Not Found: /index
INFO - 2025-03-04 04:16:11 --> Config Class Initialized
INFO - 2025-03-04 04:16:11 --> Hooks Class Initialized
DEBUG - 2025-03-04 04:16:11 --> UTF-8 Support Enabled
INFO - 2025-03-04 04:16:11 --> Utf8 Class Initialized
INFO - 2025-03-04 04:16:11 --> URI Class Initialized
INFO - 2025-03-04 04:16:11 --> Router Class Initialized
INFO - 2025-03-04 04:16:11 --> Output Class Initialized
INFO - 2025-03-04 04:16:11 --> Security Class Initialized
DEBUG - 2025-03-04 04:16:11 --> Global POST, GET and COOKIE data sanitized
INFO - 2025-03-04 04:16:11 --> Input Class Initialized
INFO - 2025-03-04 04:16:11 --> Language Class Initialized
ERROR - 2025-03-04 04:16:11 --> 404 Page Not Found: /index
INFO - 2025-03-04 04:16:24 --> Config Class Initialized
INFO - 2025-03-04 04:16:24 --> Hooks Class Initialized
DEBUG - 2025-03-04 04:16:24 --> UTF-8 Support Enabled
INFO - 2025-03-04 04:16:24 --> Utf8 Class Initialized
INFO - 2025-03-04 04:16:24 --> URI Class Initialized
INFO - 2025-03-04 04:16:24 --> Router Class Initialized
INFO - 2025-03-04 04:16:24 --> Output Class Initialized
INFO - 2025-03-04 04:16:24 --> Security Class Initialized
DEBUG - 2025-03-04 04:16:24 --> Global POST, GET and COOKIE data sanitized
INFO - 2025-03-04 04:16:24 --> Input Class Initialized
INFO - 2025-03-04 04:16:24 --> Language Class Initialized
ERROR - 2025-03-04 04:16:24 --> 404 Page Not Found: /index
INFO - 2025-03-04 04:16:33 --> Config Class Initialized
INFO - 2025-03-04 04:16:33 --> Hooks Class Initialized
DEBUG - 2025-03-04 04:16:33 --> UTF-8 Support Enabled
INFO - 2025-03-04 04:16:33 --> Utf8 Class Initialized
INFO - 2025-03-04 04:16:33 --> URI Class Initialized
INFO - 2025-03-04 04:16:33 --> Router Class Initialized
INFO - 2025-03-04 04:16:33 --> Output Class Initialized
INFO - 2025-03-04 04:16:33 --> Security Class Initialized
DEBUG - 2025-03-04 04:16:33 --> Global POST, GET and COOKIE data sanitized
INFO - 2025-03-04 04:16:33 --> Input Class Initialized
INFO - 2025-03-04 04:16:33 --> Language Class Initialized
ERROR - 2025-03-04 04:16:33 --> 404 Page Not Found: /index
INFO - 2025-03-04 04:16:37 --> Config Class Initialized
INFO - 2025-03-04 04:16:37 --> Hooks Class Initialized
DEBUG - 2025-03-04 04:16:37 --> UTF-8 Support Enabled
INFO - 2025-03-04 04:16:37 --> Utf8 Class Initialized
INFO - 2025-03-04 04:16:37 --> URI Class Initialized
INFO - 2025-03-04 04:16:37 --> Router Class Initialized
INFO - 2025-03-04 04:16:37 --> Output Class Initialized
INFO - 2025-03-04 04:16:37 --> Security Class Initialized
DEBUG - 2025-03-04 04:16:37 --> Global POST, GET and COOKIE data sanitized
INFO - 2025-03-04 04:16:37 --> Input Class Initialized
INFO - 2025-03-04 04:16:37 --> Language Class Initialized
ERROR - 2025-03-04 04:16:37 --> 404 Page Not Found: /index
INFO - 2025-03-04 04:16:41 --> Config Class Initialized
INFO - 2025-03-04 04:16:41 --> Hooks Class Initialized
DEBUG - 2025-03-04 04:16:41 --> UTF-8 Support Enabled
INFO - 2025-03-04 04:16:41 --> Utf8 Class Initialized
INFO - 2025-03-04 04:16:41 --> URI Class Initialized
INFO - 2025-03-04 04:16:41 --> Router Class Initialized
INFO - 2025-03-04 04:16:41 --> Output Class Initialized
INFO - 2025-03-04 04:16:41 --> Security Class Initialized
DEBUG - 2025-03-04 04:16:41 --> Global POST, GET and COOKIE data sanitized
INFO - 2025-03-04 04:16:41 --> Input Class Initialized
INFO - 2025-03-04 04:16:41 --> Language Class Initialized
ERROR - 2025-03-04 04:16:41 --> 404 Page Not Found: /index
INFO - 2025-03-04 04:16:48 --> Config Class Initialized
INFO - 2025-03-04 04:16:48 --> Hooks Class Initialized
DEBUG - 2025-03-04 04:16:48 --> UTF-8 Support Enabled
INFO - 2025-03-04 04:16:48 --> Utf8 Class Initialized
INFO - 2025-03-04 04:16:48 --> URI Class Initialized
INFO - 2025-03-04 04:16:48 --> Router Class Initialized
INFO - 2025-03-04 04:16:48 --> Output Class Initialized
INFO - 2025-03-04 04:16:48 --> Security Class Initialized
DEBUG - 2025-03-04 04:16:48 --> Global POST, GET and COOKIE data sanitized
INFO - 2025-03-04 04:16:48 --> Input Class Initialized
INFO - 2025-03-04 04:16:48 --> Language Class Initialized
ERROR - 2025-03-04 04:16:48 --> 404 Page Not Found: /index
INFO - 2025-03-04 04:16:54 --> Config Class Initialized
INFO - 2025-03-04 04:16:54 --> Hooks Class Initialized
DEBUG - 2025-03-04 04:16:54 --> UTF-8 Support Enabled
INFO - 2025-03-04 04:16:54 --> Utf8 Class Initialized
INFO - 2025-03-04 04:16:54 --> URI Class Initialized
INFO - 2025-03-04 04:16:54 --> Router Class Initialized
INFO - 2025-03-04 04:16:54 --> Output Class Initialized
INFO - 2025-03-04 04:16:54 --> Security Class Initialized
DEBUG - 2025-03-04 04:16:54 --> Global POST, GET and COOKIE data sanitized
INFO - 2025-03-04 04:16:54 --> Input Class Initialized
INFO - 2025-03-04 04:16:54 --> Language Class Initialized
ERROR - 2025-03-04 04:16:54 --> 404 Page Not Found: /index
INFO - 2025-03-04 04:17:00 --> Config Class Initialized
INFO - 2025-03-04 04:17:00 --> Hooks Class Initialized
DEBUG - 2025-03-04 04:17:00 --> UTF-8 Support Enabled
INFO - 2025-03-04 04:17:00 --> Utf8 Class Initialized
INFO - 2025-03-04 04:17:00 --> URI Class Initialized
INFO - 2025-03-04 04:17:00 --> Router Class Initialized
INFO - 2025-03-04 04:17:00 --> Output Class Initialized
INFO - 2025-03-04 04:17:00 --> Security Class Initialized
DEBUG - 2025-03-04 04:17:00 --> Global POST, GET and COOKIE data sanitized
INFO - 2025-03-04 04:17:00 --> Input Class Initialized
INFO - 2025-03-04 04:17:00 --> Language Class Initialized
ERROR - 2025-03-04 04:17:00 --> 404 Page Not Found: /index
INFO - 2025-03-04 04:17:03 --> Config Class Initialized
INFO - 2025-03-04 04:17:03 --> Hooks Class Initialized
DEBUG - 2025-03-04 04:17:03 --> UTF-8 Support Enabled
INFO - 2025-03-04 04:17:03 --> Utf8 Class Initialized
INFO - 2025-03-04 04:17:03 --> URI Class Initialized
INFO - 2025-03-04 04:17:03 --> Router Class Initialized
INFO - 2025-03-04 04:17:03 --> Output Class Initialized
INFO - 2025-03-04 04:17:03 --> Security Class Initialized
DEBUG - 2025-03-04 04:17:03 --> Global POST, GET and COOKIE data sanitized
INFO - 2025-03-04 04:17:03 --> Input Class Initialized
INFO - 2025-03-04 04:17:03 --> Language Class Initialized
ERROR - 2025-03-04 04:17:03 --> 404 Page Not Found: /index
INFO - 2025-03-04 04:17:08 --> Config Class Initialized
INFO - 2025-03-04 04:17:08 --> Hooks Class Initialized
DEBUG - 2025-03-04 04:17:08 --> UTF-8 Support Enabled
INFO - 2025-03-04 04:17:08 --> Utf8 Class Initialized
INFO - 2025-03-04 04:17:08 --> URI Class Initialized
INFO - 2025-03-04 04:17:08 --> Router Class Initialized
INFO - 2025-03-04 04:17:08 --> Output Class Initialized
INFO - 2025-03-04 04:17:08 --> Security Class Initialized
DEBUG - 2025-03-04 04:17:08 --> Global POST, GET and COOKIE data sanitized
INFO - 2025-03-04 04:17:08 --> Input Class Initialized
INFO - 2025-03-04 04:17:08 --> Language Class Initialized
ERROR - 2025-03-04 04:17:08 --> 404 Page Not Found: /index
INFO - 2025-03-04 04:36:42 --> Config Class Initialized
INFO - 2025-03-04 04:36:42 --> Hooks Class Initialized
DEBUG - 2025-03-04 04:36:42 --> UTF-8 Support Enabled
INFO - 2025-03-04 04:36:42 --> Utf8 Class Initialized
INFO - 2025-03-04 04:36:42 --> URI Class Initialized
INFO - 2025-03-04 04:36:42 --> Router Class Initialized
INFO - 2025-03-04 04:36:42 --> Output Class Initialized
INFO - 2025-03-04 04:36:42 --> Security Class Initialized
DEBUG - 2025-03-04 04:36:42 --> Global POST, GET and COOKIE data sanitized
INFO - 2025-03-04 04:36:42 --> Input Class Initialized
INFO - 2025-03-04 04:36:42 --> Language Class Initialized
ERROR - 2025-03-04 04:36:42 --> 404 Page Not Found: /index
