INFO - 2025-05-26 21:19:46 --> Config Class Initialized
INFO - 2025-05-26 21:19:46 --> Hooks Class Initialized
DEBUG - 2025-05-26 21:19:46 --> UTF-8 Support Enabled
INFO - 2025-05-26 21:19:46 --> Utf8 Class Initialized
INFO - 2025-05-26 21:19:46 --> URI Class Initialized
DEBUG - 2025-05-26 21:19:46 --> No URI present. Default controller set.
INFO - 2025-05-26 21:19:46 --> Router Class Initialized
INFO - 2025-05-26 21:19:46 --> Output Class Initialized
INFO - 2025-05-26 21:19:46 --> Security Class Initialized
DEBUG - 2025-05-26 21:19:46 --> Global POST, GET and COOKIE data sanitized
INFO - 2025-05-26 21:19:46 --> Input Class Initialized
INFO - 2025-05-26 21:19:46 --> Language Class Initialized
INFO - 2025-05-26 21:19:46 --> Language Class Initialized
INFO - 2025-05-26 21:19:46 --> Config Class Initialized
INFO - 2025-05-26 21:19:46 --> Loader Class Initialized
INFO - 2025-05-26 21:19:46 --> Helper loaded: url_helper
INFO - 2025-05-26 21:19:46 --> Helper loaded: easyui_helper
INFO - 2025-05-26 21:19:46 --> Helper loaded: param_helper
INFO - 2025-05-26 21:19:46 --> Helper loaded: credential_helper
INFO - 2025-05-26 21:19:46 --> Helper loaded: template_helper
INFO - 2025-05-26 21:19:46 --> Helper loaded: rest_helper
INFO - 2025-05-26 21:19:46 --> Database Driver Class Initialized
DEBUG - 2025-05-26 21:19:46 --> Idgenerator class already loaded. Second attempt ignored.
INFO - 2025-05-26 21:19:46 --> Controller Class Initialized
DEBUG - 2025-05-26 21:19:46 --> File loaded: /Library/WebServer/Documents/web-drc/application/modules/app_auth/views/login_lte_template.php
DEBUG - 2025-05-26 21:19:46 --> File loaded: /Library/WebServer/Documents/web-drc/application/views/template_login_lte/header.php
DEBUG - 2025-05-26 21:19:46 --> File loaded: /Library/WebServer/Documents/web-drc/application/views/template_login_lte/contents.php
DEBUG - 2025-05-26 21:19:46 --> File loaded: /Library/WebServer/Documents/web-drc/application/views/template_login_lte/default.php
INFO - 2025-05-26 21:19:46 --> Final output sent to browser
DEBUG - 2025-05-26 21:19:46 --> Total execution time: 0.0472
INFO - 2025-05-26 21:19:47 --> Config Class Initialized
INFO - 2025-05-26 21:19:47 --> Hooks Class Initialized
DEBUG - 2025-05-26 21:19:47 --> UTF-8 Support Enabled
INFO - 2025-05-26 21:19:47 --> Utf8 Class Initialized
INFO - 2025-05-26 21:19:47 --> URI Class Initialized
INFO - 2025-05-26 21:19:47 --> Router Class Initialized
INFO - 2025-05-26 21:19:47 --> Output Class Initialized
INFO - 2025-05-26 21:19:47 --> Security Class Initialized
DEBUG - 2025-05-26 21:19:47 --> Global POST, GET and COOKIE data sanitized
INFO - 2025-05-26 21:19:47 --> Input Class Initialized
INFO - 2025-05-26 21:19:47 --> Language Class Initialized
ERROR - 2025-05-26 21:19:47 --> 404 Page Not Found: /index
INFO - 2025-05-26 21:19:48 --> Config Class Initialized
INFO - 2025-05-26 21:19:48 --> Hooks Class Initialized
DEBUG - 2025-05-26 21:19:48 --> UTF-8 Support Enabled
INFO - 2025-05-26 21:19:48 --> Utf8 Class Initialized
INFO - 2025-05-26 21:19:48 --> URI Class Initialized
INFO - 2025-05-26 21:19:48 --> Router Class Initialized
INFO - 2025-05-26 21:19:48 --> Output Class Initialized
INFO - 2025-05-26 21:19:48 --> Security Class Initialized
DEBUG - 2025-05-26 21:19:48 --> Global POST, GET and COOKIE data sanitized
INFO - 2025-05-26 21:19:48 --> Input Class Initialized
INFO - 2025-05-26 21:19:48 --> Language Class Initialized
INFO - 2025-05-26 21:19:48 --> Language Class Initialized
INFO - 2025-05-26 21:19:48 --> Config Class Initialized
INFO - 2025-05-26 21:19:48 --> Loader Class Initialized
INFO - 2025-05-26 21:19:48 --> Helper loaded: url_helper
INFO - 2025-05-26 21:19:48 --> Helper loaded: easyui_helper
INFO - 2025-05-26 21:19:48 --> Helper loaded: param_helper
INFO - 2025-05-26 21:19:48 --> Helper loaded: credential_helper
INFO - 2025-05-26 21:19:48 --> Helper loaded: template_helper
INFO - 2025-05-26 21:19:48 --> Helper loaded: rest_helper
INFO - 2025-05-26 21:19:48 --> Database Driver Class Initialized
DEBUG - 2025-05-26 21:19:48 --> Idgenerator class already loaded. Second attempt ignored.
INFO - 2025-05-26 21:19:48 --> Controller Class Initialized
INFO - 2025-05-26 21:19:48 --> Final output sent to browser
DEBUG - 2025-05-26 21:19:48 --> Total execution time: 0.0310
INFO - 2025-05-26 21:19:48 --> Config Class Initialized
INFO - 2025-05-26 21:19:48 --> Hooks Class Initialized
DEBUG - 2025-05-26 21:19:48 --> UTF-8 Support Enabled
INFO - 2025-05-26 21:19:48 --> Utf8 Class Initialized
INFO - 2025-05-26 21:19:48 --> URI Class Initialized
INFO - 2025-05-26 21:19:48 --> Router Class Initialized
INFO - 2025-05-26 21:19:48 --> Output Class Initialized
INFO - 2025-05-26 21:19:48 --> Security Class Initialized
DEBUG - 2025-05-26 21:19:48 --> Global POST, GET and COOKIE data sanitized
INFO - 2025-05-26 21:19:48 --> Input Class Initialized
INFO - 2025-05-26 21:19:48 --> Language Class Initialized
INFO - 2025-05-26 21:19:48 --> Language Class Initialized
INFO - 2025-05-26 21:19:48 --> Config Class Initialized
INFO - 2025-05-26 21:19:48 --> Loader Class Initialized
INFO - 2025-05-26 21:19:48 --> Helper loaded: url_helper
INFO - 2025-05-26 21:19:48 --> Helper loaded: easyui_helper
INFO - 2025-05-26 21:19:48 --> Helper loaded: param_helper
INFO - 2025-05-26 21:19:48 --> Helper loaded: credential_helper
INFO - 2025-05-26 21:19:48 --> Helper loaded: template_helper
INFO - 2025-05-26 21:19:48 --> Helper loaded: rest_helper
INFO - 2025-05-26 21:19:48 --> Database Driver Class Initialized
DEBUG - 2025-05-26 21:19:48 --> Idgenerator class already loaded. Second attempt ignored.
INFO - 2025-05-26 21:19:48 --> Controller Class Initialized
INFO - 2025-05-26 21:19:48 --> Model Class Initialized
DEBUG - 2025-05-26 21:19:48 --> File loaded: /Library/WebServer/Documents/web-drc/application/modules/app_dashboard/models/App_dashboard_model.php
INFO - 2025-05-26 21:19:48 --> Model Class Initialized
DEBUG - 2025-05-26 21:19:48 --> File loaded: /Library/WebServer/Documents/web-drc/application/modules/app_dashboard/views/content.php
DEBUG - 2025-05-26 21:19:48 --> File loaded: /Library/WebServer/Documents/web-drc/application/views/templates/header.php
DEBUG - 2025-05-26 21:19:48 --> File loaded: /Library/WebServer/Documents/web-drc/application/views/templates/toolbar.php
DEBUG - 2025-05-26 21:19:48 --> File loaded: /Library/WebServer/Documents/web-drc/application/views/templates/sidebar.php
DEBUG - 2025-05-26 21:19:48 --> File loaded: /Library/WebServer/Documents/web-drc/application/views/templates/contents.php
DEBUG - 2025-05-26 21:19:48 --> File loaded: /Library/WebServer/Documents/web-drc/application/views/templates/content_footer.php
DEBUG - 2025-05-26 21:19:48 --> File loaded: /Library/WebServer/Documents/web-drc/application/views/templates/footer.php
DEBUG - 2025-05-26 21:19:48 --> File loaded: /Library/WebServer/Documents/web-drc/application/views/templates/default.php
INFO - 2025-05-26 21:19:48 --> Final output sent to browser
DEBUG - 2025-05-26 21:19:48 --> Total execution time: 0.0162
INFO - 2025-05-26 21:19:48 --> Config Class Initialized
INFO - 2025-05-26 21:19:48 --> Hooks Class Initialized
DEBUG - 2025-05-26 21:19:48 --> UTF-8 Support Enabled
INFO - 2025-05-26 21:19:48 --> Utf8 Class Initialized
INFO - 2025-05-26 21:19:48 --> URI Class Initialized
INFO - 2025-05-26 21:19:48 --> Router Class Initialized
INFO - 2025-05-26 21:19:48 --> Output Class Initialized
INFO - 2025-05-26 21:19:48 --> Security Class Initialized
DEBUG - 2025-05-26 21:19:48 --> Global POST, GET and COOKIE data sanitized
INFO - 2025-05-26 21:19:48 --> Input Class Initialized
INFO - 2025-05-26 21:19:48 --> Language Class Initialized
INFO - 2025-05-26 21:19:48 --> Language Class Initialized
INFO - 2025-05-26 21:19:48 --> Config Class Initialized
INFO - 2025-05-26 21:19:48 --> Loader Class Initialized
INFO - 2025-05-26 21:19:48 --> Helper loaded: url_helper
INFO - 2025-05-26 21:19:48 --> Helper loaded: easyui_helper
INFO - 2025-05-26 21:19:48 --> Helper loaded: param_helper
INFO - 2025-05-26 21:19:48 --> Helper loaded: credential_helper
INFO - 2025-05-26 21:19:48 --> Helper loaded: template_helper
INFO - 2025-05-26 21:19:48 --> Helper loaded: rest_helper
INFO - 2025-05-26 21:19:48 --> Database Driver Class Initialized
DEBUG - 2025-05-26 21:19:48 --> Idgenerator class already loaded. Second attempt ignored.
INFO - 2025-05-26 21:19:48 --> Controller Class Initialized
INFO - 2025-05-26 21:19:48 --> Model Class Initialized
DEBUG - 2025-05-26 21:19:48 --> File loaded: /Library/WebServer/Documents/web-drc/application/modules/app_dashboard/models/App_dashboard_model.php
INFO - 2025-05-26 21:19:48 --> Model Class Initialized
ERROR - 2025-05-26 21:19:48 --> Severity: Warning --> Undefined array key "get_date" /Library/WebServer/Documents/web-drc/application/modules/app_dashboard/models/App_dashboard_model.php 120
INFO - 2025-05-26 21:19:48 --> Final output sent to browser
DEBUG - 2025-05-26 21:19:48 --> Total execution time: 0.0729
INFO - 2025-05-26 21:19:48 --> Config Class Initialized
INFO - 2025-05-26 21:19:48 --> Hooks Class Initialized
DEBUG - 2025-05-26 21:19:48 --> UTF-8 Support Enabled
INFO - 2025-05-26 21:19:48 --> Utf8 Class Initialized
INFO - 2025-05-26 21:19:48 --> URI Class Initialized
INFO - 2025-05-26 21:19:48 --> Router Class Initialized
INFO - 2025-05-26 21:19:48 --> Output Class Initialized
INFO - 2025-05-26 21:19:48 --> Security Class Initialized
DEBUG - 2025-05-26 21:19:48 --> Global POST, GET and COOKIE data sanitized
INFO - 2025-05-26 21:19:48 --> Input Class Initialized
INFO - 2025-05-26 21:19:48 --> Language Class Initialized
INFO - 2025-05-26 21:19:48 --> Language Class Initialized
INFO - 2025-05-26 21:19:48 --> Config Class Initialized
INFO - 2025-05-26 21:19:48 --> Loader Class Initialized
INFO - 2025-05-26 21:19:48 --> Helper loaded: url_helper
INFO - 2025-05-26 21:19:48 --> Helper loaded: easyui_helper
INFO - 2025-05-26 21:19:48 --> Helper loaded: param_helper
INFO - 2025-05-26 21:19:48 --> Helper loaded: credential_helper
INFO - 2025-05-26 21:19:48 --> Helper loaded: template_helper
INFO - 2025-05-26 21:19:48 --> Helper loaded: rest_helper
INFO - 2025-05-26 21:19:48 --> Database Driver Class Initialized
DEBUG - 2025-05-26 21:19:48 --> Idgenerator class already loaded. Second attempt ignored.
INFO - 2025-05-26 21:19:48 --> Controller Class Initialized
INFO - 2025-05-26 21:19:48 --> Model Class Initialized
DEBUG - 2025-05-26 21:19:48 --> File loaded: /Library/WebServer/Documents/web-drc/application/modules/api_v1/models/Api_v1_model.php
INFO - 2025-05-26 21:19:48 --> Model Class Initialized
INFO - 2025-05-26 21:19:48 --> Final output sent to browser
DEBUG - 2025-05-26 21:19:48 --> Total execution time: 0.0091
INFO - 2025-05-26 21:19:51 --> Config Class Initialized
INFO - 2025-05-26 21:19:51 --> Hooks Class Initialized
DEBUG - 2025-05-26 21:19:51 --> UTF-8 Support Enabled
INFO - 2025-05-26 21:19:51 --> Utf8 Class Initialized
INFO - 2025-05-26 21:19:51 --> URI Class Initialized
INFO - 2025-05-26 21:19:51 --> Router Class Initialized
INFO - 2025-05-26 21:19:51 --> Output Class Initialized
INFO - 2025-05-26 21:19:51 --> Security Class Initialized
DEBUG - 2025-05-26 21:19:51 --> Global POST, GET and COOKIE data sanitized
INFO - 2025-05-26 21:19:51 --> Input Class Initialized
INFO - 2025-05-26 21:19:51 --> Language Class Initialized
INFO - 2025-05-26 21:19:51 --> Language Class Initialized
INFO - 2025-05-26 21:19:51 --> Config Class Initialized
INFO - 2025-05-26 21:19:51 --> Loader Class Initialized
INFO - 2025-05-26 21:19:51 --> Helper loaded: url_helper
INFO - 2025-05-26 21:19:51 --> Helper loaded: easyui_helper
INFO - 2025-05-26 21:19:51 --> Helper loaded: param_helper
INFO - 2025-05-26 21:19:51 --> Helper loaded: credential_helper
INFO - 2025-05-26 21:19:51 --> Helper loaded: template_helper
INFO - 2025-05-26 21:19:51 --> Helper loaded: rest_helper
INFO - 2025-05-26 21:19:51 --> Database Driver Class Initialized
DEBUG - 2025-05-26 21:19:51 --> Idgenerator class already loaded. Second attempt ignored.
INFO - 2025-05-26 21:19:51 --> Controller Class Initialized
INFO - 2025-05-26 21:19:51 --> Model Class Initialized
DEBUG - 2025-05-26 21:19:51 --> File loaded: /Library/WebServer/Documents/web-drc/application/modules/ref_customer/models/Customer_model.php
INFO - 2025-05-26 21:19:51 --> Model Class Initialized
DEBUG - 2025-05-26 21:19:51 --> File loaded: /Library/WebServer/Documents/web-drc/application/modules/ref_customer/views/content.php
DEBUG - 2025-05-26 21:19:51 --> File loaded: /Library/WebServer/Documents/web-drc/application/views/templates/header.php
DEBUG - 2025-05-26 21:19:51 --> File loaded: /Library/WebServer/Documents/web-drc/application/views/templates/toolbar.php
DEBUG - 2025-05-26 21:19:51 --> File loaded: /Library/WebServer/Documents/web-drc/application/views/templates/sidebar.php
DEBUG - 2025-05-26 21:19:51 --> File loaded: /Library/WebServer/Documents/web-drc/application/views/templates/contents.php
DEBUG - 2025-05-26 21:19:51 --> File loaded: /Library/WebServer/Documents/web-drc/application/views/templates/content_footer.php
DEBUG - 2025-05-26 21:19:51 --> File loaded: /Library/WebServer/Documents/web-drc/application/views/templates/footer.php
DEBUG - 2025-05-26 21:19:51 --> File loaded: /Library/WebServer/Documents/web-drc/application/views/templates/default.php
INFO - 2025-05-26 21:19:51 --> Final output sent to browser
DEBUG - 2025-05-26 21:19:51 --> Total execution time: 0.0156
INFO - 2025-05-26 21:19:51 --> Config Class Initialized
INFO - 2025-05-26 21:19:51 --> Hooks Class Initialized
DEBUG - 2025-05-26 21:19:51 --> UTF-8 Support Enabled
INFO - 2025-05-26 21:19:51 --> Utf8 Class Initialized
INFO - 2025-05-26 21:19:51 --> URI Class Initialized
INFO - 2025-05-26 21:19:51 --> Router Class Initialized
INFO - 2025-05-26 21:19:51 --> Output Class Initialized
INFO - 2025-05-26 21:19:51 --> Security Class Initialized
DEBUG - 2025-05-26 21:19:51 --> Global POST, GET and COOKIE data sanitized
INFO - 2025-05-26 21:19:51 --> Input Class Initialized
INFO - 2025-05-26 21:19:51 --> Language Class Initialized
INFO - 2025-05-26 21:19:51 --> Language Class Initialized
INFO - 2025-05-26 21:19:51 --> Config Class Initialized
INFO - 2025-05-26 21:19:51 --> Loader Class Initialized
INFO - 2025-05-26 21:19:51 --> Helper loaded: url_helper
INFO - 2025-05-26 21:19:51 --> Helper loaded: easyui_helper
INFO - 2025-05-26 21:19:51 --> Helper loaded: param_helper
INFO - 2025-05-26 21:19:51 --> Helper loaded: credential_helper
INFO - 2025-05-26 21:19:51 --> Helper loaded: template_helper
INFO - 2025-05-26 21:19:51 --> Helper loaded: rest_helper
INFO - 2025-05-26 21:19:51 --> Database Driver Class Initialized
DEBUG - 2025-05-26 21:19:51 --> Idgenerator class already loaded. Second attempt ignored.
INFO - 2025-05-26 21:19:51 --> Controller Class Initialized
INFO - 2025-05-26 21:19:51 --> Model Class Initialized
DEBUG - 2025-05-26 21:19:51 --> File loaded: /Library/WebServer/Documents/web-drc/application/modules/ref_customer/models/Customer_model.php
INFO - 2025-05-26 21:19:51 --> Model Class Initialized
INFO - 2025-05-26 21:19:58 --> Final output sent to browser
DEBUG - 2025-05-26 21:19:58 --> Total execution time: 6.4124
