INFO - 2025-03-25 08:29:32 --> Config Class Initialized
INFO - 2025-03-25 08:29:32 --> Hooks Class Initialized
DEBUG - 2025-03-25 08:29:32 --> UTF-8 Support Enabled
INFO - 2025-03-25 08:29:32 --> Utf8 Class Initialized
INFO - 2025-03-25 08:29:32 --> URI Class Initialized
INFO - 2025-03-25 08:29:32 --> Router Class Initialized
INFO - 2025-03-25 08:29:32 --> Output Class Initialized
INFO - 2025-03-25 08:29:32 --> Security Class Initialized
DEBUG - 2025-03-25 08:29:32 --> Global POST, GET and COOKIE data sanitized
INFO - 2025-03-25 08:29:32 --> Input Class Initialized
INFO - 2025-03-25 08:29:32 --> Language Class Initialized
ERROR - 2025-03-25 08:29:32 --> 404 Page Not Found: /index
INFO - 2025-03-25 08:29:33 --> Config Class Initialized
INFO - 2025-03-25 08:29:33 --> Hooks Class Initialized
DEBUG - 2025-03-25 08:29:33 --> UTF-8 Support Enabled
INFO - 2025-03-25 08:29:33 --> Utf8 Class Initialized
INFO - 2025-03-25 08:29:33 --> URI Class Initialized
INFO - 2025-03-25 08:29:33 --> Router Class Initialized
INFO - 2025-03-25 08:29:33 --> Output Class Initialized
INFO - 2025-03-25 08:29:33 --> Security Class Initialized
DEBUG - 2025-03-25 08:29:33 --> Global POST, GET and COOKIE data sanitized
INFO - 2025-03-25 08:29:33 --> Input Class Initialized
INFO - 2025-03-25 08:29:33 --> Language Class Initialized
ERROR - 2025-03-25 08:29:33 --> 404 Page Not Found: /index
INFO - 2025-03-25 23:38:14 --> Config Class Initialized
INFO - 2025-03-25 23:38:14 --> Hooks Class Initialized
DEBUG - 2025-03-25 23:38:14 --> UTF-8 Support Enabled
INFO - 2025-03-25 23:38:14 --> Utf8 Class Initialized
INFO - 2025-03-25 23:38:14 --> URI Class Initialized
DEBUG - 2025-03-25 23:38:14 --> No URI present. Default controller set.
INFO - 2025-03-25 23:38:14 --> Router Class Initialized
INFO - 2025-03-25 23:38:14 --> Output Class Initialized
INFO - 2025-03-25 23:38:14 --> Security Class Initialized
DEBUG - 2025-03-25 23:38:14 --> Global POST, GET and COOKIE data sanitized
INFO - 2025-03-25 23:38:14 --> Input Class Initialized
INFO - 2025-03-25 23:38:14 --> Language Class Initialized
INFO - 2025-03-25 23:38:14 --> Language Class Initialized
INFO - 2025-03-25 23:38:14 --> Config Class Initialized
INFO - 2025-03-25 23:38:14 --> Loader Class Initialized
INFO - 2025-03-25 23:38:14 --> Helper loaded: url_helper
INFO - 2025-03-25 23:38:14 --> Helper loaded: easyui_helper
INFO - 2025-03-25 23:38:14 --> Helper loaded: param_helper
INFO - 2025-03-25 23:38:14 --> Helper loaded: credential_helper
INFO - 2025-03-25 23:38:14 --> Helper loaded: template_helper
INFO - 2025-03-25 23:38:14 --> Helper loaded: rest_helper
INFO - 2025-03-25 23:38:14 --> Database Driver Class Initialized
DEBUG - 2025-03-25 23:38:14 --> Idgenerator class already loaded. Second attempt ignored.
INFO - 2025-03-25 23:38:14 --> Controller Class Initialized
DEBUG - 2025-03-25 23:38:14 --> File loaded: /apps/web-drc/application/modules/app_auth/views/login_lte_template.php
DEBUG - 2025-03-25 23:38:14 --> File loaded: /apps/web-drc/application/views/template_login_lte/header.php
DEBUG - 2025-03-25 23:38:14 --> File loaded: /apps/web-drc/application/views/template_login_lte/contents.php
DEBUG - 2025-03-25 23:38:14 --> File loaded: /apps/web-drc/application/views/template_login_lte/default.php
INFO - 2025-03-25 23:38:14 --> Final output sent to browser
DEBUG - 2025-03-25 23:38:14 --> Total execution time: 0.1454
