INFO - 2025-05-16 07:59:17 --> Config Class Initialized
INFO - 2025-05-16 07:59:17 --> Hooks Class Initialized
DEBUG - 2025-05-16 07:59:17 --> UTF-8 Support Enabled
INFO - 2025-05-16 07:59:17 --> Utf8 Class Initialized
INFO - 2025-05-16 07:59:17 --> URI Class Initialized
DEBUG - 2025-05-16 07:59:17 --> No URI present. Default controller set.
INFO - 2025-05-16 07:59:17 --> Router Class Initialized
INFO - 2025-05-16 07:59:17 --> Output Class Initialized
INFO - 2025-05-16 07:59:17 --> Security Class Initialized
DEBUG - 2025-05-16 07:59:17 --> Global POST, GET and COOKIE data sanitized
INFO - 2025-05-16 07:59:17 --> Input Class Initialized
INFO - 2025-05-16 07:59:17 --> Language Class Initialized
INFO - 2025-05-16 07:59:17 --> Language Class Initialized
INFO - 2025-05-16 07:59:17 --> Config Class Initialized
INFO - 2025-05-16 07:59:17 --> Loader Class Initialized
INFO - 2025-05-16 07:59:17 --> Helper loaded: url_helper
INFO - 2025-05-16 07:59:17 --> Helper loaded: easyui_helper
INFO - 2025-05-16 07:59:17 --> Helper loaded: param_helper
INFO - 2025-05-16 07:59:17 --> Helper loaded: credential_helper
INFO - 2025-05-16 07:59:17 --> Helper loaded: template_helper
INFO - 2025-05-16 07:59:17 --> Helper loaded: rest_helper
INFO - 2025-05-16 07:59:17 --> Database Driver Class Initialized
DEBUG - 2025-05-16 07:59:17 --> Idgenerator class already loaded. Second attempt ignored.
INFO - 2025-05-16 07:59:17 --> Controller Class Initialized
DEBUG - 2025-05-16 07:59:17 --> File loaded: /apps/web-drc/application/modules/app_auth/views/login_lte_template.php
DEBUG - 2025-05-16 07:59:17 --> File loaded: /apps/web-drc/application/views/template_login_lte/header.php
DEBUG - 2025-05-16 07:59:17 --> File loaded: /apps/web-drc/application/views/template_login_lte/contents.php
DEBUG - 2025-05-16 07:59:17 --> File loaded: /apps/web-drc/application/views/template_login_lte/default.php
INFO - 2025-05-16 07:59:17 --> Final output sent to browser
DEBUG - 2025-05-16 07:59:17 --> Total execution time: 0.0657
INFO - 2025-05-16 07:59:21 --> Config Class Initialized
INFO - 2025-05-16 07:59:21 --> Hooks Class Initialized
DEBUG - 2025-05-16 07:59:21 --> UTF-8 Support Enabled
INFO - 2025-05-16 07:59:21 --> Utf8 Class Initialized
INFO - 2025-05-16 07:59:21 --> URI Class Initialized
INFO - 2025-05-16 07:59:21 --> Router Class Initialized
INFO - 2025-05-16 07:59:21 --> Output Class Initialized
INFO - 2025-05-16 07:59:21 --> Security Class Initialized
DEBUG - 2025-05-16 07:59:21 --> Global POST, GET and COOKIE data sanitized
INFO - 2025-05-16 07:59:21 --> Input Class Initialized
INFO - 2025-05-16 07:59:21 --> Language Class Initialized
ERROR - 2025-05-16 07:59:21 --> 404 Page Not Found: /index
