INFO - 2025-03-16 01:00:58 --> Config Class Initialized
INFO - 2025-03-16 01:00:58 --> Hooks Class Initialized
DEBUG - 2025-03-16 01:00:58 --> UTF-8 Support Enabled
INFO - 2025-03-16 01:00:58 --> Utf8 Class Initialized
INFO - 2025-03-16 01:00:58 --> URI Class Initialized
DEBUG - 2025-03-16 01:00:58 --> No URI present. Default controller set.
INFO - 2025-03-16 01:00:58 --> Router Class Initialized
INFO - 2025-03-16 01:00:58 --> Output Class Initialized
INFO - 2025-03-16 01:00:58 --> Security Class Initialized
DEBUG - 2025-03-16 01:00:58 --> Global POST, GET and COOKIE data sanitized
INFO - 2025-03-16 01:00:58 --> Input Class Initialized
INFO - 2025-03-16 01:00:58 --> Language Class Initialized
INFO - 2025-03-16 01:00:58 --> Language Class Initialized
INFO - 2025-03-16 01:00:58 --> Config Class Initialized
INFO - 2025-03-16 01:00:58 --> Loader Class Initialized
INFO - 2025-03-16 01:00:58 --> Helper loaded: url_helper
INFO - 2025-03-16 01:00:58 --> Helper loaded: easyui_helper
INFO - 2025-03-16 01:00:58 --> Helper loaded: param_helper
INFO - 2025-03-16 01:00:58 --> Helper loaded: credential_helper
INFO - 2025-03-16 01:00:58 --> Helper loaded: template_helper
INFO - 2025-03-16 01:00:58 --> Helper loaded: rest_helper
INFO - 2025-03-16 01:00:58 --> Database Driver Class Initialized
DEBUG - 2025-03-16 01:00:58 --> Idgenerator class already loaded. Second attempt ignored.
INFO - 2025-03-16 01:00:58 --> Controller Class Initialized
DEBUG - 2025-03-16 01:00:58 --> File loaded: /apps/web-drc/application/modules/app_auth/views/login_lte_template.php
DEBUG - 2025-03-16 01:00:58 --> File loaded: /apps/web-drc/application/views/template_login_lte/header.php
DEBUG - 2025-03-16 01:00:58 --> File loaded: /apps/web-drc/application/views/template_login_lte/contents.php
DEBUG - 2025-03-16 01:00:58 --> File loaded: /apps/web-drc/application/views/template_login_lte/default.php
INFO - 2025-03-16 01:00:58 --> Final output sent to browser
DEBUG - 2025-03-16 01:00:58 --> Total execution time: 0.0224
INFO - 2025-03-16 04:49:58 --> Config Class Initialized
INFO - 2025-03-16 04:49:58 --> Hooks Class Initialized
DEBUG - 2025-03-16 04:49:58 --> UTF-8 Support Enabled
INFO - 2025-03-16 04:49:58 --> Utf8 Class Initialized
INFO - 2025-03-16 04:49:58 --> URI Class Initialized
INFO - 2025-03-16 04:49:58 --> Router Class Initialized
INFO - 2025-03-16 04:49:58 --> Output Class Initialized
INFO - 2025-03-16 04:49:58 --> Security Class Initialized
DEBUG - 2025-03-16 04:49:58 --> Global POST, GET and COOKIE data sanitized
INFO - 2025-03-16 04:49:58 --> Input Class Initialized
INFO - 2025-03-16 04:49:58 --> Language Class Initialized
ERROR - 2025-03-16 04:49:58 --> 404 Page Not Found: /index
INFO - 2025-03-16 09:31:39 --> Config Class Initialized
INFO - 2025-03-16 09:31:39 --> Hooks Class Initialized
DEBUG - 2025-03-16 09:31:39 --> UTF-8 Support Enabled
INFO - 2025-03-16 09:31:39 --> Utf8 Class Initialized
INFO - 2025-03-16 09:31:39 --> URI Class Initialized
DEBUG - 2025-03-16 09:31:39 --> No URI present. Default controller set.
INFO - 2025-03-16 09:31:39 --> Router Class Initialized
INFO - 2025-03-16 09:31:39 --> Output Class Initialized
INFO - 2025-03-16 09:31:39 --> Security Class Initialized
DEBUG - 2025-03-16 09:31:39 --> Global POST, GET and COOKIE data sanitized
INFO - 2025-03-16 09:31:39 --> Input Class Initialized
INFO - 2025-03-16 09:31:39 --> Language Class Initialized
INFO - 2025-03-16 09:31:40 --> Language Class Initialized
INFO - 2025-03-16 09:31:40 --> Config Class Initialized
INFO - 2025-03-16 09:31:40 --> Loader Class Initialized
INFO - 2025-03-16 09:31:40 --> Helper loaded: url_helper
INFO - 2025-03-16 09:31:40 --> Helper loaded: easyui_helper
INFO - 2025-03-16 09:31:40 --> Helper loaded: param_helper
INFO - 2025-03-16 09:31:40 --> Helper loaded: credential_helper
INFO - 2025-03-16 09:31:40 --> Helper loaded: template_helper
INFO - 2025-03-16 09:31:40 --> Helper loaded: rest_helper
INFO - 2025-03-16 09:31:40 --> Database Driver Class Initialized
DEBUG - 2025-03-16 09:31:40 --> Idgenerator class already loaded. Second attempt ignored.
INFO - 2025-03-16 09:31:40 --> Controller Class Initialized
DEBUG - 2025-03-16 09:31:40 --> File loaded: /apps/web-drc/application/modules/app_auth/views/login_lte_template.php
DEBUG - 2025-03-16 09:31:40 --> File loaded: /apps/web-drc/application/views/template_login_lte/header.php
DEBUG - 2025-03-16 09:31:40 --> File loaded: /apps/web-drc/application/views/template_login_lte/contents.php
DEBUG - 2025-03-16 09:31:40 --> File loaded: /apps/web-drc/application/views/template_login_lte/default.php
INFO - 2025-03-16 09:31:40 --> Final output sent to browser
DEBUG - 2025-03-16 09:31:40 --> Total execution time: 0.0740
INFO - 2025-03-16 09:31:40 --> Config Class Initialized
INFO - 2025-03-16 09:31:40 --> Hooks Class Initialized
DEBUG - 2025-03-16 09:31:40 --> UTF-8 Support Enabled
INFO - 2025-03-16 09:31:40 --> Utf8 Class Initialized
INFO - 2025-03-16 09:31:40 --> URI Class Initialized
INFO - 2025-03-16 09:31:40 --> Router Class Initialized
INFO - 2025-03-16 09:31:40 --> Output Class Initialized
INFO - 2025-03-16 09:31:40 --> Security Class Initialized
DEBUG - 2025-03-16 09:31:40 --> Global POST, GET and COOKIE data sanitized
INFO - 2025-03-16 09:31:40 --> Input Class Initialized
INFO - 2025-03-16 09:31:40 --> Language Class Initialized
ERROR - 2025-03-16 09:31:40 --> 404 Page Not Found: /index
INFO - 2025-03-16 14:38:32 --> Config Class Initialized
INFO - 2025-03-16 14:38:32 --> Hooks Class Initialized
DEBUG - 2025-03-16 14:38:32 --> UTF-8 Support Enabled
INFO - 2025-03-16 14:38:32 --> Utf8 Class Initialized
INFO - 2025-03-16 14:38:32 --> URI Class Initialized
DEBUG - 2025-03-16 14:38:32 --> No URI present. Default controller set.
INFO - 2025-03-16 14:38:32 --> Router Class Initialized
INFO - 2025-03-16 14:38:32 --> Output Class Initialized
INFO - 2025-03-16 14:38:32 --> Security Class Initialized
DEBUG - 2025-03-16 14:38:32 --> Global POST, GET and COOKIE data sanitized
INFO - 2025-03-16 14:38:32 --> Input Class Initialized
INFO - 2025-03-16 14:38:32 --> Language Class Initialized
INFO - 2025-03-16 14:38:32 --> Language Class Initialized
INFO - 2025-03-16 14:38:32 --> Config Class Initialized
INFO - 2025-03-16 14:38:32 --> Loader Class Initialized
INFO - 2025-03-16 14:38:32 --> Helper loaded: url_helper
INFO - 2025-03-16 14:38:32 --> Helper loaded: easyui_helper
INFO - 2025-03-16 14:38:32 --> Helper loaded: param_helper
INFO - 2025-03-16 14:38:32 --> Helper loaded: credential_helper
INFO - 2025-03-16 14:38:32 --> Helper loaded: template_helper
INFO - 2025-03-16 14:38:32 --> Helper loaded: rest_helper
INFO - 2025-03-16 14:38:32 --> Database Driver Class Initialized
DEBUG - 2025-03-16 14:38:32 --> Idgenerator class already loaded. Second attempt ignored.
INFO - 2025-03-16 14:38:32 --> Controller Class Initialized
DEBUG - 2025-03-16 14:38:32 --> File loaded: /apps/web-drc/application/modules/app_auth/views/login_lte_template.php
DEBUG - 2025-03-16 14:38:32 --> File loaded: /apps/web-drc/application/views/template_login_lte/header.php
DEBUG - 2025-03-16 14:38:32 --> File loaded: /apps/web-drc/application/views/template_login_lte/contents.php
DEBUG - 2025-03-16 14:38:32 --> File loaded: /apps/web-drc/application/views/template_login_lte/default.php
INFO - 2025-03-16 14:38:32 --> Final output sent to browser
DEBUG - 2025-03-16 14:38:32 --> Total execution time: 0.0565
INFO - 2025-03-16 14:38:32 --> Config Class Initialized
INFO - 2025-03-16 14:38:32 --> Hooks Class Initialized
DEBUG - 2025-03-16 14:38:32 --> UTF-8 Support Enabled
INFO - 2025-03-16 14:38:32 --> Utf8 Class Initialized
INFO - 2025-03-16 14:38:32 --> URI Class Initialized
INFO - 2025-03-16 14:38:32 --> Router Class Initialized
INFO - 2025-03-16 14:38:32 --> Output Class Initialized
INFO - 2025-03-16 14:38:32 --> Security Class Initialized
DEBUG - 2025-03-16 14:38:32 --> Global POST, GET and COOKIE data sanitized
INFO - 2025-03-16 14:38:32 --> Input Class Initialized
INFO - 2025-03-16 14:38:32 --> Language Class Initialized
ERROR - 2025-03-16 14:38:32 --> 404 Page Not Found: /index
INFO - 2025-03-16 14:38:32 --> Config Class Initialized
INFO - 2025-03-16 14:38:32 --> Hooks Class Initialized
DEBUG - 2025-03-16 14:38:32 --> UTF-8 Support Enabled
INFO - 2025-03-16 14:38:32 --> Utf8 Class Initialized
INFO - 2025-03-16 14:38:32 --> URI Class Initialized
INFO - 2025-03-16 14:38:32 --> Router Class Initialized
INFO - 2025-03-16 14:38:32 --> Output Class Initialized
INFO - 2025-03-16 14:38:32 --> Security Class Initialized
DEBUG - 2025-03-16 14:38:32 --> Global POST, GET and COOKIE data sanitized
INFO - 2025-03-16 14:38:32 --> Input Class Initialized
INFO - 2025-03-16 14:38:32 --> Language Class Initialized
ERROR - 2025-03-16 14:38:32 --> 404 Page Not Found: /index
INFO - 2025-03-16 14:38:32 --> Config Class Initialized
INFO - 2025-03-16 14:38:32 --> Hooks Class Initialized
DEBUG - 2025-03-16 14:38:32 --> UTF-8 Support Enabled
INFO - 2025-03-16 14:38:32 --> Utf8 Class Initialized
INFO - 2025-03-16 14:38:32 --> URI Class Initialized
DEBUG - 2025-03-16 14:38:32 --> No URI present. Default controller set.
INFO - 2025-03-16 14:38:32 --> Router Class Initialized
INFO - 2025-03-16 14:38:32 --> Output Class Initialized
INFO - 2025-03-16 14:38:32 --> Security Class Initialized
DEBUG - 2025-03-16 14:38:32 --> Global POST, GET and COOKIE data sanitized
INFO - 2025-03-16 14:38:32 --> Input Class Initialized
INFO - 2025-03-16 14:38:32 --> Language Class Initialized
INFO - 2025-03-16 14:38:32 --> Language Class Initialized
INFO - 2025-03-16 14:38:32 --> Config Class Initialized
INFO - 2025-03-16 14:38:32 --> Loader Class Initialized
INFO - 2025-03-16 14:38:32 --> Helper loaded: url_helper
INFO - 2025-03-16 14:38:32 --> Helper loaded: easyui_helper
INFO - 2025-03-16 14:38:32 --> Helper loaded: param_helper
INFO - 2025-03-16 14:38:32 --> Helper loaded: credential_helper
INFO - 2025-03-16 14:38:32 --> Helper loaded: template_helper
INFO - 2025-03-16 14:38:32 --> Helper loaded: rest_helper
INFO - 2025-03-16 14:38:32 --> Database Driver Class Initialized
DEBUG - 2025-03-16 14:38:32 --> Idgenerator class already loaded. Second attempt ignored.
INFO - 2025-03-16 14:38:32 --> Controller Class Initialized
DEBUG - 2025-03-16 14:38:32 --> File loaded: /apps/web-drc/application/modules/app_auth/views/login_lte_template.php
DEBUG - 2025-03-16 14:38:32 --> File loaded: /apps/web-drc/application/views/template_login_lte/header.php
DEBUG - 2025-03-16 14:38:32 --> File loaded: /apps/web-drc/application/views/template_login_lte/contents.php
DEBUG - 2025-03-16 14:38:32 --> File loaded: /apps/web-drc/application/views/template_login_lte/default.php
INFO - 2025-03-16 14:38:32 --> Final output sent to browser
DEBUG - 2025-03-16 14:38:32 --> Total execution time: 0.0032
INFO - 2025-03-16 14:38:32 --> Config Class Initialized
INFO - 2025-03-16 14:38:32 --> Hooks Class Initialized
DEBUG - 2025-03-16 14:38:32 --> UTF-8 Support Enabled
INFO - 2025-03-16 14:38:32 --> Utf8 Class Initialized
INFO - 2025-03-16 14:38:32 --> URI Class Initialized
INFO - 2025-03-16 14:38:32 --> Router Class Initialized
INFO - 2025-03-16 14:38:32 --> Output Class Initialized
INFO - 2025-03-16 14:38:32 --> Security Class Initialized
DEBUG - 2025-03-16 14:38:32 --> Global POST, GET and COOKIE data sanitized
INFO - 2025-03-16 14:38:32 --> Input Class Initialized
INFO - 2025-03-16 14:38:32 --> Language Class Initialized
ERROR - 2025-03-16 14:38:32 --> 404 Page Not Found: /index
INFO - 2025-03-16 14:38:33 --> Config Class Initialized
INFO - 2025-03-16 14:38:33 --> Hooks Class Initialized
DEBUG - 2025-03-16 14:38:33 --> UTF-8 Support Enabled
INFO - 2025-03-16 14:38:33 --> Utf8 Class Initialized
INFO - 2025-03-16 14:38:33 --> URI Class Initialized
INFO - 2025-03-16 14:38:33 --> Router Class Initialized
INFO - 2025-03-16 14:38:33 --> Output Class Initialized
INFO - 2025-03-16 14:38:33 --> Security Class Initialized
DEBUG - 2025-03-16 14:38:33 --> Global POST, GET and COOKIE data sanitized
INFO - 2025-03-16 14:38:33 --> Input Class Initialized
INFO - 2025-03-16 14:38:33 --> Language Class Initialized
ERROR - 2025-03-16 14:38:33 --> 404 Page Not Found: /index
INFO - 2025-03-16 14:38:33 --> Config Class Initialized
INFO - 2025-03-16 14:38:33 --> Hooks Class Initialized
DEBUG - 2025-03-16 14:38:33 --> UTF-8 Support Enabled
INFO - 2025-03-16 14:38:33 --> Utf8 Class Initialized
INFO - 2025-03-16 14:38:33 --> URI Class Initialized
INFO - 2025-03-16 14:38:33 --> Router Class Initialized
INFO - 2025-03-16 14:38:33 --> Output Class Initialized
INFO - 2025-03-16 14:38:33 --> Security Class Initialized
DEBUG - 2025-03-16 14:38:33 --> Global POST, GET and COOKIE data sanitized
INFO - 2025-03-16 14:38:33 --> Input Class Initialized
INFO - 2025-03-16 14:38:33 --> Language Class Initialized
ERROR - 2025-03-16 14:38:33 --> 404 Page Not Found: /index
INFO - 2025-03-16 14:38:33 --> Config Class Initialized
INFO - 2025-03-16 14:38:33 --> Hooks Class Initialized
DEBUG - 2025-03-16 14:38:33 --> UTF-8 Support Enabled
INFO - 2025-03-16 14:38:33 --> Utf8 Class Initialized
INFO - 2025-03-16 14:38:33 --> URI Class Initialized
INFO - 2025-03-16 14:38:33 --> Router Class Initialized
INFO - 2025-03-16 14:38:33 --> Output Class Initialized
INFO - 2025-03-16 14:38:33 --> Security Class Initialized
DEBUG - 2025-03-16 14:38:33 --> Global POST, GET and COOKIE data sanitized
INFO - 2025-03-16 14:38:33 --> Input Class Initialized
INFO - 2025-03-16 14:38:33 --> Language Class Initialized
ERROR - 2025-03-16 14:38:33 --> 404 Page Not Found: /index
INFO - 2025-03-16 14:38:33 --> Config Class Initialized
INFO - 2025-03-16 14:38:33 --> Hooks Class Initialized
DEBUG - 2025-03-16 14:38:33 --> UTF-8 Support Enabled
INFO - 2025-03-16 14:38:33 --> Utf8 Class Initialized
INFO - 2025-03-16 14:38:33 --> URI Class Initialized
INFO - 2025-03-16 14:38:33 --> Router Class Initialized
INFO - 2025-03-16 14:38:33 --> Output Class Initialized
INFO - 2025-03-16 14:38:33 --> Security Class Initialized
DEBUG - 2025-03-16 14:38:33 --> Global POST, GET and COOKIE data sanitized
INFO - 2025-03-16 14:38:33 --> Input Class Initialized
INFO - 2025-03-16 14:38:33 --> Language Class Initialized
ERROR - 2025-03-16 14:38:33 --> 404 Page Not Found: /index
INFO - 2025-03-16 14:38:33 --> Config Class Initialized
INFO - 2025-03-16 14:38:33 --> Hooks Class Initialized
DEBUG - 2025-03-16 14:38:33 --> UTF-8 Support Enabled
INFO - 2025-03-16 14:38:33 --> Utf8 Class Initialized
INFO - 2025-03-16 14:38:33 --> URI Class Initialized
INFO - 2025-03-16 14:38:33 --> Router Class Initialized
INFO - 2025-03-16 14:38:33 --> Output Class Initialized
INFO - 2025-03-16 14:38:33 --> Security Class Initialized
DEBUG - 2025-03-16 14:38:33 --> Global POST, GET and COOKIE data sanitized
INFO - 2025-03-16 14:38:33 --> Input Class Initialized
INFO - 2025-03-16 14:38:33 --> Language Class Initialized
ERROR - 2025-03-16 14:38:33 --> 404 Page Not Found: /index
INFO - 2025-03-16 14:38:34 --> Config Class Initialized
INFO - 2025-03-16 14:38:34 --> Hooks Class Initialized
DEBUG - 2025-03-16 14:38:34 --> UTF-8 Support Enabled
INFO - 2025-03-16 14:38:34 --> Utf8 Class Initialized
INFO - 2025-03-16 14:38:34 --> URI Class Initialized
INFO - 2025-03-16 14:38:34 --> Router Class Initialized
INFO - 2025-03-16 14:38:34 --> Output Class Initialized
INFO - 2025-03-16 14:38:34 --> Security Class Initialized
DEBUG - 2025-03-16 14:38:34 --> Global POST, GET and COOKIE data sanitized
INFO - 2025-03-16 14:38:34 --> Input Class Initialized
INFO - 2025-03-16 14:38:34 --> Language Class Initialized
ERROR - 2025-03-16 14:38:34 --> 404 Page Not Found: /index
INFO - 2025-03-16 14:38:34 --> Config Class Initialized
INFO - 2025-03-16 14:38:34 --> Hooks Class Initialized
DEBUG - 2025-03-16 14:38:34 --> UTF-8 Support Enabled
INFO - 2025-03-16 14:38:34 --> Utf8 Class Initialized
INFO - 2025-03-16 14:38:34 --> URI Class Initialized
INFO - 2025-03-16 14:38:34 --> Router Class Initialized
INFO - 2025-03-16 14:38:34 --> Output Class Initialized
INFO - 2025-03-16 14:38:34 --> Security Class Initialized
DEBUG - 2025-03-16 14:38:34 --> Global POST, GET and COOKIE data sanitized
INFO - 2025-03-16 14:38:34 --> Input Class Initialized
INFO - 2025-03-16 14:38:34 --> Language Class Initialized
ERROR - 2025-03-16 14:38:34 --> 404 Page Not Found: /index
INFO - 2025-03-16 14:38:34 --> Config Class Initialized
INFO - 2025-03-16 14:38:34 --> Hooks Class Initialized
DEBUG - 2025-03-16 14:38:34 --> UTF-8 Support Enabled
INFO - 2025-03-16 14:38:34 --> Utf8 Class Initialized
INFO - 2025-03-16 14:38:34 --> URI Class Initialized
INFO - 2025-03-16 14:38:34 --> Router Class Initialized
INFO - 2025-03-16 14:38:34 --> Output Class Initialized
INFO - 2025-03-16 14:38:34 --> Security Class Initialized
DEBUG - 2025-03-16 14:38:34 --> Global POST, GET and COOKIE data sanitized
INFO - 2025-03-16 14:38:34 --> Input Class Initialized
INFO - 2025-03-16 14:38:34 --> Language Class Initialized
ERROR - 2025-03-16 14:38:34 --> 404 Page Not Found: /index
INFO - 2025-03-16 14:38:34 --> Config Class Initialized
INFO - 2025-03-16 14:38:34 --> Hooks Class Initialized
DEBUG - 2025-03-16 14:38:34 --> UTF-8 Support Enabled
INFO - 2025-03-16 14:38:34 --> Utf8 Class Initialized
INFO - 2025-03-16 14:38:34 --> URI Class Initialized
INFO - 2025-03-16 14:38:34 --> Router Class Initialized
INFO - 2025-03-16 14:38:34 --> Output Class Initialized
INFO - 2025-03-16 14:38:34 --> Security Class Initialized
DEBUG - 2025-03-16 14:38:34 --> Global POST, GET and COOKIE data sanitized
INFO - 2025-03-16 14:38:34 --> Input Class Initialized
INFO - 2025-03-16 14:38:34 --> Language Class Initialized
ERROR - 2025-03-16 14:38:34 --> 404 Page Not Found: /index
INFO - 2025-03-16 14:38:34 --> Config Class Initialized
INFO - 2025-03-16 14:38:34 --> Hooks Class Initialized
DEBUG - 2025-03-16 14:38:34 --> UTF-8 Support Enabled
INFO - 2025-03-16 14:38:34 --> Utf8 Class Initialized
INFO - 2025-03-16 14:38:34 --> URI Class Initialized
INFO - 2025-03-16 14:38:34 --> Router Class Initialized
INFO - 2025-03-16 14:38:34 --> Output Class Initialized
INFO - 2025-03-16 14:38:34 --> Security Class Initialized
DEBUG - 2025-03-16 14:38:34 --> Global POST, GET and COOKIE data sanitized
INFO - 2025-03-16 14:38:34 --> Input Class Initialized
INFO - 2025-03-16 14:38:34 --> Language Class Initialized
ERROR - 2025-03-16 14:38:34 --> 404 Page Not Found: /index
INFO - 2025-03-16 14:38:35 --> Config Class Initialized
INFO - 2025-03-16 14:38:35 --> Hooks Class Initialized
DEBUG - 2025-03-16 14:38:35 --> UTF-8 Support Enabled
INFO - 2025-03-16 14:38:35 --> Utf8 Class Initialized
INFO - 2025-03-16 14:38:35 --> URI Class Initialized
INFO - 2025-03-16 14:38:35 --> Router Class Initialized
INFO - 2025-03-16 14:38:35 --> Output Class Initialized
INFO - 2025-03-16 14:38:35 --> Security Class Initialized
DEBUG - 2025-03-16 14:38:35 --> Global POST, GET and COOKIE data sanitized
INFO - 2025-03-16 14:38:35 --> Input Class Initialized
INFO - 2025-03-16 14:38:35 --> Language Class Initialized
ERROR - 2025-03-16 14:38:35 --> 404 Page Not Found: /index
INFO - 2025-03-16 14:38:35 --> Config Class Initialized
INFO - 2025-03-16 14:38:35 --> Hooks Class Initialized
DEBUG - 2025-03-16 14:38:35 --> UTF-8 Support Enabled
INFO - 2025-03-16 14:38:35 --> Utf8 Class Initialized
INFO - 2025-03-16 14:38:35 --> URI Class Initialized
INFO - 2025-03-16 14:38:35 --> Router Class Initialized
INFO - 2025-03-16 14:38:35 --> Output Class Initialized
INFO - 2025-03-16 14:38:35 --> Security Class Initialized
DEBUG - 2025-03-16 14:38:35 --> Global POST, GET and COOKIE data sanitized
INFO - 2025-03-16 14:38:35 --> Input Class Initialized
INFO - 2025-03-16 14:38:35 --> Language Class Initialized
ERROR - 2025-03-16 14:38:35 --> 404 Page Not Found: /index
INFO - 2025-03-16 14:38:35 --> Config Class Initialized
INFO - 2025-03-16 14:38:35 --> Hooks Class Initialized
DEBUG - 2025-03-16 14:38:35 --> UTF-8 Support Enabled
INFO - 2025-03-16 14:38:35 --> Utf8 Class Initialized
INFO - 2025-03-16 14:38:35 --> URI Class Initialized
INFO - 2025-03-16 14:38:35 --> Router Class Initialized
INFO - 2025-03-16 14:38:35 --> Output Class Initialized
INFO - 2025-03-16 14:38:35 --> Security Class Initialized
DEBUG - 2025-03-16 14:38:35 --> Global POST, GET and COOKIE data sanitized
INFO - 2025-03-16 14:38:35 --> Input Class Initialized
INFO - 2025-03-16 14:38:35 --> Language Class Initialized
ERROR - 2025-03-16 14:38:35 --> 404 Page Not Found: /index
INFO - 2025-03-16 14:38:35 --> Config Class Initialized
INFO - 2025-03-16 14:38:35 --> Hooks Class Initialized
DEBUG - 2025-03-16 14:38:35 --> UTF-8 Support Enabled
INFO - 2025-03-16 14:38:35 --> Utf8 Class Initialized
INFO - 2025-03-16 14:38:35 --> URI Class Initialized
INFO - 2025-03-16 14:38:35 --> Router Class Initialized
INFO - 2025-03-16 14:38:35 --> Output Class Initialized
INFO - 2025-03-16 14:38:35 --> Security Class Initialized
DEBUG - 2025-03-16 14:38:35 --> Global POST, GET and COOKIE data sanitized
INFO - 2025-03-16 14:38:35 --> Input Class Initialized
INFO - 2025-03-16 14:38:35 --> Language Class Initialized
ERROR - 2025-03-16 14:38:35 --> 404 Page Not Found: /index
