INFO - 2025-02-26 11:15:06 --> Config Class Initialized
INFO - 2025-02-26 11:15:06 --> Hooks Class Initialized
DEBUG - 2025-02-26 11:15:06 --> UTF-8 Support Enabled
INFO - 2025-02-26 11:15:06 --> Utf8 Class Initialized
INFO - 2025-02-26 11:15:06 --> URI Class Initialized
INFO - 2025-02-26 11:15:06 --> Router Class Initialized
INFO - 2025-02-26 11:15:06 --> Output Class Initialized
INFO - 2025-02-26 11:15:06 --> Security Class Initialized
DEBUG - 2025-02-26 11:15:06 --> Global POST, GET and COOKIE data sanitized
INFO - 2025-02-26 11:15:06 --> Input Class Initialized
INFO - 2025-02-26 11:15:06 --> Language Class Initialized
ERROR - 2025-02-26 11:15:06 --> 404 Page Not Found: /index
INFO - 2025-02-26 18:23:16 --> Config Class Initialized
INFO - 2025-02-26 18:23:16 --> Hooks Class Initialized
DEBUG - 2025-02-26 18:23:16 --> UTF-8 Support Enabled
INFO - 2025-02-26 18:23:16 --> Utf8 Class Initialized
INFO - 2025-02-26 18:23:16 --> URI Class Initialized
DEBUG - 2025-02-26 18:23:16 --> No URI present. Default controller set.
INFO - 2025-02-26 18:23:16 --> Router Class Initialized
INFO - 2025-02-26 18:23:16 --> Output Class Initialized
INFO - 2025-02-26 18:23:16 --> Security Class Initialized
DEBUG - 2025-02-26 18:23:16 --> Global POST, GET and COOKIE data sanitized
INFO - 2025-02-26 18:23:16 --> Input Class Initialized
INFO - 2025-02-26 18:23:16 --> Language Class Initialized
INFO - 2025-02-26 18:23:16 --> Language Class Initialized
INFO - 2025-02-26 18:23:16 --> Config Class Initialized
INFO - 2025-02-26 18:23:16 --> Loader Class Initialized
INFO - 2025-02-26 18:23:16 --> Helper loaded: url_helper
INFO - 2025-02-26 18:23:16 --> Helper loaded: easyui_helper
INFO - 2025-02-26 18:23:16 --> Helper loaded: param_helper
INFO - 2025-02-26 18:23:16 --> Helper loaded: credential_helper
INFO - 2025-02-26 18:23:16 --> Helper loaded: template_helper
INFO - 2025-02-26 18:23:16 --> Helper loaded: rest_helper
INFO - 2025-02-26 18:23:16 --> Database Driver Class Initialized
DEBUG - 2025-02-26 18:23:16 --> Idgenerator class already loaded. Second attempt ignored.
INFO - 2025-02-26 18:23:16 --> Controller Class Initialized
DEBUG - 2025-02-26 18:23:16 --> File loaded: /apps/web-drc/application/modules/app_auth/views/login_lte_template.php
DEBUG - 2025-02-26 18:23:16 --> File loaded: /apps/web-drc/application/views/template_login_lte/header.php
DEBUG - 2025-02-26 18:23:16 --> File loaded: /apps/web-drc/application/views/template_login_lte/contents.php
DEBUG - 2025-02-26 18:23:16 --> File loaded: /apps/web-drc/application/views/template_login_lte/default.php
INFO - 2025-02-26 18:23:16 --> Final output sent to browser
DEBUG - 2025-02-26 18:23:16 --> Total execution time: 0.1397
