INFO - 2025-05-05 22:05:29 --> Config Class Initialized
INFO - 2025-05-05 22:05:29 --> Hooks Class Initialized
DEBUG - 2025-05-05 22:05:29 --> UTF-8 Support Enabled
INFO - 2025-05-05 22:05:29 --> Utf8 Class Initialized
INFO - 2025-05-05 22:05:29 --> URI Class Initialized
DEBUG - 2025-05-05 22:05:29 --> No URI present. Default controller set.
INFO - 2025-05-05 22:05:29 --> Router Class Initialized
INFO - 2025-05-05 22:05:29 --> Output Class Initialized
INFO - 2025-05-05 22:05:29 --> Security Class Initialized
DEBUG - 2025-05-05 22:05:29 --> Global POST, GET and COOKIE data sanitized
INFO - 2025-05-05 22:05:29 --> Input Class Initialized
INFO - 2025-05-05 22:05:29 --> Language Class Initialized
INFO - 2025-05-05 22:05:29 --> Language Class Initialized
INFO - 2025-05-05 22:05:29 --> Config Class Initialized
INFO - 2025-05-05 22:05:29 --> Loader Class Initialized
INFO - 2025-05-05 22:05:29 --> Helper loaded: url_helper
INFO - 2025-05-05 22:05:29 --> Helper loaded: easyui_helper
INFO - 2025-05-05 22:05:29 --> Helper loaded: param_helper
INFO - 2025-05-05 22:05:29 --> Helper loaded: credential_helper
INFO - 2025-05-05 22:05:29 --> Helper loaded: template_helper
INFO - 2025-05-05 22:05:29 --> Helper loaded: rest_helper
INFO - 2025-05-05 22:05:29 --> Database Driver Class Initialized
DEBUG - 2025-05-05 22:05:29 --> Idgenerator class already loaded. Second attempt ignored.
INFO - 2025-05-05 22:05:29 --> Controller Class Initialized
DEBUG - 2025-05-05 22:05:29 --> File loaded: /apps/web-drc/application/modules/app_auth/views/login_lte_template.php
DEBUG - 2025-05-05 22:05:29 --> File loaded: /apps/web-drc/application/views/template_login_lte/header.php
DEBUG - 2025-05-05 22:05:29 --> File loaded: /apps/web-drc/application/views/template_login_lte/contents.php
DEBUG - 2025-05-05 22:05:29 --> File loaded: /apps/web-drc/application/views/template_login_lte/default.php
INFO - 2025-05-05 22:05:29 --> Final output sent to browser
DEBUG - 2025-05-05 22:05:29 --> Total execution time: 0.1019
INFO - 2025-05-05 22:05:32 --> Config Class Initialized
INFO - 2025-05-05 22:05:32 --> Hooks Class Initialized
DEBUG - 2025-05-05 22:05:32 --> UTF-8 Support Enabled
INFO - 2025-05-05 22:05:32 --> Utf8 Class Initialized
INFO - 2025-05-05 22:05:32 --> URI Class Initialized
INFO - 2025-05-05 22:05:32 --> Router Class Initialized
INFO - 2025-05-05 22:05:32 --> Output Class Initialized
INFO - 2025-05-05 22:05:32 --> Security Class Initialized
DEBUG - 2025-05-05 22:05:32 --> Global POST, GET and COOKIE data sanitized
INFO - 2025-05-05 22:05:32 --> Input Class Initialized
INFO - 2025-05-05 22:05:32 --> Language Class Initialized
ERROR - 2025-05-05 22:05:32 --> 404 Page Not Found: /index
INFO - 2025-05-05 22:05:34 --> Config Class Initialized
INFO - 2025-05-05 22:05:34 --> Hooks Class Initialized
DEBUG - 2025-05-05 22:05:34 --> UTF-8 Support Enabled
INFO - 2025-05-05 22:05:34 --> Utf8 Class Initialized
INFO - 2025-05-05 22:05:34 --> URI Class Initialized
INFO - 2025-05-05 22:05:34 --> Router Class Initialized
INFO - 2025-05-05 22:05:34 --> Output Class Initialized
INFO - 2025-05-05 22:05:34 --> Security Class Initialized
DEBUG - 2025-05-05 22:05:34 --> Global POST, GET and COOKIE data sanitized
INFO - 2025-05-05 22:05:34 --> Input Class Initialized
INFO - 2025-05-05 22:05:34 --> Language Class Initialized
ERROR - 2025-05-05 22:05:34 --> 404 Page Not Found: /index
INFO - 2025-05-05 22:05:36 --> Config Class Initialized
INFO - 2025-05-05 22:05:36 --> Hooks Class Initialized
DEBUG - 2025-05-05 22:05:36 --> UTF-8 Support Enabled
INFO - 2025-05-05 22:05:36 --> Utf8 Class Initialized
INFO - 2025-05-05 22:05:36 --> URI Class Initialized
INFO - 2025-05-05 22:05:36 --> Router Class Initialized
INFO - 2025-05-05 22:05:36 --> Output Class Initialized
INFO - 2025-05-05 22:05:36 --> Security Class Initialized
DEBUG - 2025-05-05 22:05:36 --> Global POST, GET and COOKIE data sanitized
INFO - 2025-05-05 22:05:36 --> Input Class Initialized
INFO - 2025-05-05 22:05:36 --> Language Class Initialized
ERROR - 2025-05-05 22:05:36 --> 404 Page Not Found: /index
INFO - 2025-05-05 22:05:37 --> Config Class Initialized
INFO - 2025-05-05 22:05:37 --> Hooks Class Initialized
DEBUG - 2025-05-05 22:05:37 --> UTF-8 Support Enabled
INFO - 2025-05-05 22:05:37 --> Utf8 Class Initialized
INFO - 2025-05-05 22:05:37 --> URI Class Initialized
INFO - 2025-05-05 22:05:37 --> Router Class Initialized
INFO - 2025-05-05 22:05:37 --> Output Class Initialized
INFO - 2025-05-05 22:05:37 --> Security Class Initialized
DEBUG - 2025-05-05 22:05:37 --> Global POST, GET and COOKIE data sanitized
INFO - 2025-05-05 22:05:37 --> Input Class Initialized
INFO - 2025-05-05 22:05:37 --> Language Class Initialized
ERROR - 2025-05-05 22:05:37 --> 404 Page Not Found: /index
INFO - 2025-05-05 22:05:39 --> Config Class Initialized
INFO - 2025-05-05 22:05:39 --> Hooks Class Initialized
DEBUG - 2025-05-05 22:05:39 --> UTF-8 Support Enabled
INFO - 2025-05-05 22:05:39 --> Utf8 Class Initialized
INFO - 2025-05-05 22:05:39 --> URI Class Initialized
INFO - 2025-05-05 22:05:39 --> Router Class Initialized
INFO - 2025-05-05 22:05:39 --> Output Class Initialized
INFO - 2025-05-05 22:05:39 --> Security Class Initialized
DEBUG - 2025-05-05 22:05:39 --> Global POST, GET and COOKIE data sanitized
INFO - 2025-05-05 22:05:39 --> Input Class Initialized
INFO - 2025-05-05 22:05:39 --> Language Class Initialized
ERROR - 2025-05-05 22:05:39 --> 404 Page Not Found: /index
INFO - 2025-05-05 22:05:40 --> Config Class Initialized
INFO - 2025-05-05 22:05:40 --> Hooks Class Initialized
DEBUG - 2025-05-05 22:05:40 --> UTF-8 Support Enabled
INFO - 2025-05-05 22:05:40 --> Utf8 Class Initialized
INFO - 2025-05-05 22:05:40 --> URI Class Initialized
INFO - 2025-05-05 22:05:40 --> Router Class Initialized
INFO - 2025-05-05 22:05:40 --> Output Class Initialized
INFO - 2025-05-05 22:05:40 --> Security Class Initialized
DEBUG - 2025-05-05 22:05:40 --> Global POST, GET and COOKIE data sanitized
INFO - 2025-05-05 22:05:40 --> Input Class Initialized
INFO - 2025-05-05 22:05:40 --> Language Class Initialized
ERROR - 2025-05-05 22:05:40 --> 404 Page Not Found: /index
INFO - 2025-05-05 22:05:42 --> Config Class Initialized
INFO - 2025-05-05 22:05:42 --> Hooks Class Initialized
DEBUG - 2025-05-05 22:05:42 --> UTF-8 Support Enabled
INFO - 2025-05-05 22:05:42 --> Utf8 Class Initialized
INFO - 2025-05-05 22:05:42 --> URI Class Initialized
INFO - 2025-05-05 22:05:42 --> Router Class Initialized
INFO - 2025-05-05 22:05:42 --> Output Class Initialized
INFO - 2025-05-05 22:05:42 --> Security Class Initialized
DEBUG - 2025-05-05 22:05:42 --> Global POST, GET and COOKIE data sanitized
INFO - 2025-05-05 22:05:42 --> Input Class Initialized
INFO - 2025-05-05 22:05:42 --> Language Class Initialized
ERROR - 2025-05-05 22:05:42 --> 404 Page Not Found: /index
INFO - 2025-05-05 22:05:42 --> Config Class Initialized
INFO - 2025-05-05 22:05:42 --> Hooks Class Initialized
DEBUG - 2025-05-05 22:05:42 --> UTF-8 Support Enabled
INFO - 2025-05-05 22:05:42 --> Utf8 Class Initialized
INFO - 2025-05-05 22:05:42 --> URI Class Initialized
INFO - 2025-05-05 22:05:42 --> Router Class Initialized
INFO - 2025-05-05 22:05:42 --> Output Class Initialized
INFO - 2025-05-05 22:05:42 --> Security Class Initialized
DEBUG - 2025-05-05 22:05:42 --> Global POST, GET and COOKIE data sanitized
INFO - 2025-05-05 22:05:42 --> Input Class Initialized
INFO - 2025-05-05 22:05:42 --> Language Class Initialized
ERROR - 2025-05-05 22:05:42 --> 404 Page Not Found: /index
INFO - 2025-05-05 22:05:44 --> Config Class Initialized
INFO - 2025-05-05 22:05:44 --> Hooks Class Initialized
DEBUG - 2025-05-05 22:05:44 --> UTF-8 Support Enabled
INFO - 2025-05-05 22:05:44 --> Utf8 Class Initialized
INFO - 2025-05-05 22:05:44 --> URI Class Initialized
INFO - 2025-05-05 22:05:44 --> Router Class Initialized
INFO - 2025-05-05 22:05:44 --> Output Class Initialized
INFO - 2025-05-05 22:05:44 --> Security Class Initialized
DEBUG - 2025-05-05 22:05:44 --> Global POST, GET and COOKIE data sanitized
INFO - 2025-05-05 22:05:44 --> Input Class Initialized
INFO - 2025-05-05 22:05:44 --> Language Class Initialized
ERROR - 2025-05-05 22:05:44 --> 404 Page Not Found: /index
INFO - 2025-05-05 22:05:46 --> Config Class Initialized
INFO - 2025-05-05 22:05:46 --> Hooks Class Initialized
DEBUG - 2025-05-05 22:05:46 --> UTF-8 Support Enabled
INFO - 2025-05-05 22:05:46 --> Utf8 Class Initialized
INFO - 2025-05-05 22:05:46 --> URI Class Initialized
INFO - 2025-05-05 22:05:46 --> Router Class Initialized
INFO - 2025-05-05 22:05:46 --> Output Class Initialized
INFO - 2025-05-05 22:05:46 --> Security Class Initialized
DEBUG - 2025-05-05 22:05:46 --> Global POST, GET and COOKIE data sanitized
INFO - 2025-05-05 22:05:46 --> Input Class Initialized
INFO - 2025-05-05 22:05:46 --> Language Class Initialized
ERROR - 2025-05-05 22:05:46 --> 404 Page Not Found: /index
INFO - 2025-05-05 22:05:48 --> Config Class Initialized
INFO - 2025-05-05 22:05:48 --> Hooks Class Initialized
DEBUG - 2025-05-05 22:05:48 --> UTF-8 Support Enabled
INFO - 2025-05-05 22:05:48 --> Utf8 Class Initialized
INFO - 2025-05-05 22:05:48 --> URI Class Initialized
INFO - 2025-05-05 22:05:48 --> Router Class Initialized
INFO - 2025-05-05 22:05:48 --> Output Class Initialized
INFO - 2025-05-05 22:05:48 --> Security Class Initialized
DEBUG - 2025-05-05 22:05:48 --> Global POST, GET and COOKIE data sanitized
INFO - 2025-05-05 22:05:48 --> Input Class Initialized
INFO - 2025-05-05 22:05:48 --> Language Class Initialized
ERROR - 2025-05-05 22:05:48 --> 404 Page Not Found: /index
