INFO - 2025-02-06 19:22:20 --> Config Class Initialized
INFO - 2025-02-06 19:22:20 --> Hooks Class Initialized
DEBUG - 2025-02-06 19:22:20 --> UTF-8 Support Enabled
INFO - 2025-02-06 19:22:20 --> Utf8 Class Initialized
INFO - 2025-02-06 19:22:20 --> URI Class Initialized
DEBUG - 2025-02-06 19:22:20 --> No URI present. Default controller set.
INFO - 2025-02-06 19:22:20 --> Router Class Initialized
INFO - 2025-02-06 19:22:20 --> Output Class Initialized
INFO - 2025-02-06 19:22:20 --> Security Class Initialized
DEBUG - 2025-02-06 19:22:20 --> Global POST, GET and COOKIE data sanitized
INFO - 2025-02-06 19:22:20 --> Input Class Initialized
INFO - 2025-02-06 19:22:20 --> Language Class Initialized
INFO - 2025-02-06 19:22:20 --> Language Class Initialized
INFO - 2025-02-06 19:22:20 --> Config Class Initialized
INFO - 2025-02-06 19:22:20 --> Loader Class Initialized
INFO - 2025-02-06 19:22:20 --> Helper loaded: url_helper
INFO - 2025-02-06 19:22:20 --> Helper loaded: easyui_helper
INFO - 2025-02-06 19:22:20 --> Helper loaded: param_helper
INFO - 2025-02-06 19:22:20 --> Helper loaded: credential_helper
INFO - 2025-02-06 19:22:20 --> Helper loaded: template_helper
INFO - 2025-02-06 19:22:20 --> Helper loaded: rest_helper
INFO - 2025-02-06 19:22:20 --> Database Driver Class Initialized
DEBUG - 2025-02-06 19:22:20 --> Idgenerator class already loaded. Second attempt ignored.
INFO - 2025-02-06 19:22:20 --> Controller Class Initialized
DEBUG - 2025-02-06 19:22:20 --> File loaded: /apps/web-drc/application/modules/app_auth/views/login_lte_template.php
DEBUG - 2025-02-06 19:22:20 --> File loaded: /apps/web-drc/application/views/template_login_lte/header.php
DEBUG - 2025-02-06 19:22:20 --> File loaded: /apps/web-drc/application/views/template_login_lte/contents.php
DEBUG - 2025-02-06 19:22:20 --> File loaded: /apps/web-drc/application/views/template_login_lte/default.php
INFO - 2025-02-06 19:22:20 --> Final output sent to browser
DEBUG - 2025-02-06 19:22:20 --> Total execution time: 0.0871
INFO - 2025-02-06 19:22:20 --> Config Class Initialized
INFO - 2025-02-06 19:22:20 --> Hooks Class Initialized
DEBUG - 2025-02-06 19:22:20 --> UTF-8 Support Enabled
INFO - 2025-02-06 19:22:20 --> Utf8 Class Initialized
INFO - 2025-02-06 19:22:20 --> URI Class Initialized
INFO - 2025-02-06 19:22:20 --> Router Class Initialized
INFO - 2025-02-06 19:22:20 --> Output Class Initialized
INFO - 2025-02-06 19:22:20 --> Security Class Initialized
DEBUG - 2025-02-06 19:22:20 --> Global POST, GET and COOKIE data sanitized
INFO - 2025-02-06 19:22:20 --> Input Class Initialized
INFO - 2025-02-06 19:22:20 --> Language Class Initialized
INFO - 2025-02-06 19:22:20 --> Language Class Initialized
INFO - 2025-02-06 19:22:20 --> Config Class Initialized
INFO - 2025-02-06 19:22:20 --> Loader Class Initialized
INFO - 2025-02-06 19:22:20 --> Helper loaded: url_helper
INFO - 2025-02-06 19:22:20 --> Helper loaded: easyui_helper
INFO - 2025-02-06 19:22:20 --> Helper loaded: param_helper
INFO - 2025-02-06 19:22:20 --> Helper loaded: credential_helper
INFO - 2025-02-06 19:22:20 --> Helper loaded: template_helper
INFO - 2025-02-06 19:22:20 --> Helper loaded: rest_helper
INFO - 2025-02-06 19:22:20 --> Database Driver Class Initialized
DEBUG - 2025-02-06 19:22:20 --> Idgenerator class already loaded. Second attempt ignored.
INFO - 2025-02-06 19:22:20 --> Controller Class Initialized
INFO - 2025-02-06 19:22:20 --> Model Class Initialized
DEBUG - 2025-02-06 19:22:20 --> File loaded: /apps/web-drc/application/modules/api_v1/models/Api_v1_model.php
INFO - 2025-02-06 19:22:20 --> Model Class Initialized
INFO - 2025-02-06 19:22:20 --> Final output sent to browser
DEBUG - 2025-02-06 19:22:20 --> Total execution time: 0.3105
INFO - 2025-02-06 19:22:20 --> Config Class Initialized
INFO - 2025-02-06 19:22:20 --> Hooks Class Initialized
DEBUG - 2025-02-06 19:22:20 --> UTF-8 Support Enabled
INFO - 2025-02-06 19:22:20 --> Utf8 Class Initialized
INFO - 2025-02-06 19:22:20 --> URI Class Initialized
INFO - 2025-02-06 19:22:20 --> Router Class Initialized
INFO - 2025-02-06 19:22:20 --> Output Class Initialized
INFO - 2025-02-06 19:22:20 --> Security Class Initialized
DEBUG - 2025-02-06 19:22:20 --> Global POST, GET and COOKIE data sanitized
INFO - 2025-02-06 19:22:20 --> Input Class Initialized
INFO - 2025-02-06 19:22:20 --> Language Class Initialized
ERROR - 2025-02-06 19:22:20 --> 404 Page Not Found: /index
