INFO - 2025-04-20 04:42:11 --> Config Class Initialized
INFO - 2025-04-20 04:42:11 --> Hooks Class Initialized
DEBUG - 2025-04-20 04:42:11 --> UTF-8 Support Enabled
INFO - 2025-04-20 04:42:11 --> Utf8 Class Initialized
INFO - 2025-04-20 04:42:11 --> URI Class Initialized
DEBUG - 2025-04-20 04:42:11 --> No URI present. Default controller set.
INFO - 2025-04-20 04:42:11 --> Router Class Initialized
INFO - 2025-04-20 04:42:12 --> Output Class Initialized
INFO - 2025-04-20 04:42:12 --> Security Class Initialized
DEBUG - 2025-04-20 04:42:12 --> Global POST, GET and COOKIE data sanitized
INFO - 2025-04-20 04:42:12 --> Input Class Initialized
INFO - 2025-04-20 04:42:12 --> Language Class Initialized
INFO - 2025-04-20 04:42:12 --> Language Class Initialized
INFO - 2025-04-20 04:42:12 --> Config Class Initialized
INFO - 2025-04-20 04:42:12 --> Loader Class Initialized
INFO - 2025-04-20 04:42:12 --> Helper loaded: url_helper
INFO - 2025-04-20 04:42:12 --> Helper loaded: easyui_helper
INFO - 2025-04-20 04:42:12 --> Helper loaded: param_helper
INFO - 2025-04-20 04:42:12 --> Helper loaded: credential_helper
INFO - 2025-04-20 04:42:12 --> Helper loaded: template_helper
INFO - 2025-04-20 04:42:12 --> Helper loaded: rest_helper
INFO - 2025-04-20 04:42:12 --> Database Driver Class Initialized
DEBUG - 2025-04-20 04:42:12 --> Idgenerator class already loaded. Second attempt ignored.
INFO - 2025-04-20 04:42:12 --> Controller Class Initialized
DEBUG - 2025-04-20 04:42:12 --> File loaded: /apps/web-drc/application/modules/app_auth/views/login_lte_template.php
DEBUG - 2025-04-20 04:42:12 --> File loaded: /apps/web-drc/application/views/template_login_lte/header.php
DEBUG - 2025-04-20 04:42:12 --> File loaded: /apps/web-drc/application/views/template_login_lte/contents.php
DEBUG - 2025-04-20 04:42:12 --> File loaded: /apps/web-drc/application/views/template_login_lte/default.php
INFO - 2025-04-20 04:42:12 --> Final output sent to browser
DEBUG - 2025-04-20 04:42:12 --> Total execution time: 0.1042
INFO - 2025-04-20 04:42:43 --> Config Class Initialized
INFO - 2025-04-20 04:42:43 --> Hooks Class Initialized
DEBUG - 2025-04-20 04:42:43 --> UTF-8 Support Enabled
INFO - 2025-04-20 04:42:43 --> Utf8 Class Initialized
INFO - 2025-04-20 04:42:43 --> URI Class Initialized
INFO - 2025-04-20 04:42:43 --> Router Class Initialized
INFO - 2025-04-20 04:42:43 --> Output Class Initialized
INFO - 2025-04-20 04:42:43 --> Security Class Initialized
DEBUG - 2025-04-20 04:42:43 --> Global POST, GET and COOKIE data sanitized
INFO - 2025-04-20 04:42:43 --> Input Class Initialized
INFO - 2025-04-20 04:42:43 --> Language Class Initialized
ERROR - 2025-04-20 04:42:43 --> 404 Page Not Found: /index
INFO - 2025-04-20 04:42:49 --> Config Class Initialized
INFO - 2025-04-20 04:42:49 --> Hooks Class Initialized
DEBUG - 2025-04-20 04:42:49 --> UTF-8 Support Enabled
INFO - 2025-04-20 04:42:49 --> Utf8 Class Initialized
INFO - 2025-04-20 04:42:49 --> URI Class Initialized
INFO - 2025-04-20 04:42:49 --> Router Class Initialized
INFO - 2025-04-20 04:42:49 --> Output Class Initialized
INFO - 2025-04-20 04:42:49 --> Security Class Initialized
DEBUG - 2025-04-20 04:42:49 --> Global POST, GET and COOKIE data sanitized
INFO - 2025-04-20 04:42:49 --> Input Class Initialized
INFO - 2025-04-20 04:42:49 --> Language Class Initialized
ERROR - 2025-04-20 04:42:49 --> 404 Page Not Found: /index
INFO - 2025-04-20 04:43:13 --> Config Class Initialized
INFO - 2025-04-20 04:43:13 --> Hooks Class Initialized
DEBUG - 2025-04-20 04:43:13 --> UTF-8 Support Enabled
INFO - 2025-04-20 04:43:13 --> Utf8 Class Initialized
INFO - 2025-04-20 04:43:13 --> URI Class Initialized
INFO - 2025-04-20 04:43:13 --> Router Class Initialized
INFO - 2025-04-20 04:43:13 --> Output Class Initialized
INFO - 2025-04-20 04:43:13 --> Security Class Initialized
DEBUG - 2025-04-20 04:43:13 --> Global POST, GET and COOKIE data sanitized
INFO - 2025-04-20 04:43:13 --> Input Class Initialized
INFO - 2025-04-20 04:43:13 --> Language Class Initialized
ERROR - 2025-04-20 04:43:13 --> 404 Page Not Found: /index
INFO - 2025-04-20 11:25:12 --> Config Class Initialized
INFO - 2025-04-20 11:25:12 --> Hooks Class Initialized
DEBUG - 2025-04-20 11:25:12 --> UTF-8 Support Enabled
INFO - 2025-04-20 11:25:12 --> Utf8 Class Initialized
INFO - 2025-04-20 11:25:12 --> URI Class Initialized
DEBUG - 2025-04-20 11:25:12 --> No URI present. Default controller set.
INFO - 2025-04-20 11:25:12 --> Router Class Initialized
INFO - 2025-04-20 11:25:12 --> Output Class Initialized
INFO - 2025-04-20 11:25:12 --> Security Class Initialized
DEBUG - 2025-04-20 11:25:12 --> Global POST, GET and COOKIE data sanitized
INFO - 2025-04-20 11:25:12 --> Input Class Initialized
INFO - 2025-04-20 11:25:12 --> Language Class Initialized
INFO - 2025-04-20 11:25:12 --> Language Class Initialized
INFO - 2025-04-20 11:25:12 --> Config Class Initialized
INFO - 2025-04-20 11:25:12 --> Loader Class Initialized
INFO - 2025-04-20 11:25:12 --> Helper loaded: url_helper
INFO - 2025-04-20 11:25:12 --> Helper loaded: easyui_helper
INFO - 2025-04-20 11:25:12 --> Helper loaded: param_helper
INFO - 2025-04-20 11:25:12 --> Helper loaded: credential_helper
INFO - 2025-04-20 11:25:12 --> Helper loaded: template_helper
INFO - 2025-04-20 11:25:12 --> Helper loaded: rest_helper
INFO - 2025-04-20 11:25:12 --> Database Driver Class Initialized
DEBUG - 2025-04-20 11:25:12 --> Idgenerator class already loaded. Second attempt ignored.
INFO - 2025-04-20 11:25:12 --> Controller Class Initialized
DEBUG - 2025-04-20 11:25:12 --> File loaded: /apps/web-drc/application/modules/app_auth/views/login_lte_template.php
DEBUG - 2025-04-20 11:25:12 --> File loaded: /apps/web-drc/application/views/template_login_lte/header.php
DEBUG - 2025-04-20 11:25:12 --> File loaded: /apps/web-drc/application/views/template_login_lte/contents.php
DEBUG - 2025-04-20 11:25:12 --> File loaded: /apps/web-drc/application/views/template_login_lte/default.php
INFO - 2025-04-20 11:25:12 --> Final output sent to browser
DEBUG - 2025-04-20 11:25:12 --> Total execution time: 0.0829
INFO - 2025-04-20 11:25:17 --> Config Class Initialized
INFO - 2025-04-20 11:25:17 --> Hooks Class Initialized
DEBUG - 2025-04-20 11:25:17 --> UTF-8 Support Enabled
INFO - 2025-04-20 11:25:17 --> Utf8 Class Initialized
INFO - 2025-04-20 11:25:17 --> URI Class Initialized
INFO - 2025-04-20 11:25:17 --> Router Class Initialized
INFO - 2025-04-20 11:25:17 --> Output Class Initialized
INFO - 2025-04-20 11:25:17 --> Security Class Initialized
DEBUG - 2025-04-20 11:25:17 --> Global POST, GET and COOKIE data sanitized
INFO - 2025-04-20 11:25:17 --> Input Class Initialized
INFO - 2025-04-20 11:25:17 --> Language Class Initialized
ERROR - 2025-04-20 11:25:17 --> 404 Page Not Found: /index
INFO - 2025-04-20 11:25:18 --> Config Class Initialized
INFO - 2025-04-20 11:25:18 --> Hooks Class Initialized
DEBUG - 2025-04-20 11:25:18 --> UTF-8 Support Enabled
INFO - 2025-04-20 11:25:18 --> Utf8 Class Initialized
INFO - 2025-04-20 11:25:18 --> URI Class Initialized
INFO - 2025-04-20 11:25:18 --> Router Class Initialized
INFO - 2025-04-20 11:25:18 --> Output Class Initialized
INFO - 2025-04-20 11:25:18 --> Security Class Initialized
DEBUG - 2025-04-20 11:25:18 --> Global POST, GET and COOKIE data sanitized
INFO - 2025-04-20 11:25:18 --> Input Class Initialized
INFO - 2025-04-20 11:25:18 --> Language Class Initialized
ERROR - 2025-04-20 11:25:18 --> 404 Page Not Found: /index
