INFO - 2025-05-19 03:04:40 --> Config Class Initialized
INFO - 2025-05-19 03:04:40 --> Hooks Class Initialized
DEBUG - 2025-05-19 03:04:40 --> UTF-8 Support Enabled
INFO - 2025-05-19 03:04:40 --> Utf8 Class Initialized
INFO - 2025-05-19 03:04:40 --> URI Class Initialized
DEBUG - 2025-05-19 03:04:40 --> No URI present. Default controller set.
INFO - 2025-05-19 03:04:40 --> Router Class Initialized
INFO - 2025-05-19 03:04:40 --> Output Class Initialized
INFO - 2025-05-19 03:04:40 --> Security Class Initialized
DEBUG - 2025-05-19 03:04:40 --> Global POST, GET and COOKIE data sanitized
INFO - 2025-05-19 03:04:40 --> Input Class Initialized
INFO - 2025-05-19 03:04:40 --> Language Class Initialized
INFO - 2025-05-19 03:04:40 --> Language Class Initialized
INFO - 2025-05-19 03:04:40 --> Config Class Initialized
INFO - 2025-05-19 03:04:40 --> Loader Class Initialized
INFO - 2025-05-19 03:04:40 --> Helper loaded: url_helper
INFO - 2025-05-19 03:04:40 --> Helper loaded: easyui_helper
INFO - 2025-05-19 03:04:40 --> Helper loaded: param_helper
INFO - 2025-05-19 03:04:40 --> Helper loaded: credential_helper
INFO - 2025-05-19 03:04:40 --> Helper loaded: template_helper
INFO - 2025-05-19 03:04:40 --> Helper loaded: rest_helper
INFO - 2025-05-19 03:04:40 --> Database Driver Class Initialized
DEBUG - 2025-05-19 03:04:40 --> Idgenerator class already loaded. Second attempt ignored.
INFO - 2025-05-19 03:04:40 --> Controller Class Initialized
DEBUG - 2025-05-19 03:04:40 --> File loaded: /apps/web-drc/application/modules/app_auth/views/login_lte_template.php
DEBUG - 2025-05-19 03:04:40 --> File loaded: /apps/web-drc/application/views/template_login_lte/header.php
DEBUG - 2025-05-19 03:04:40 --> File loaded: /apps/web-drc/application/views/template_login_lte/contents.php
DEBUG - 2025-05-19 03:04:40 --> File loaded: /apps/web-drc/application/views/template_login_lte/default.php
INFO - 2025-05-19 03:04:40 --> Final output sent to browser
DEBUG - 2025-05-19 03:04:40 --> Total execution time: 0.0664
