INFO - 2025-05-20 05:34:04 --> Config Class Initialized
INFO - 2025-05-20 05:34:04 --> Hooks Class Initialized
DEBUG - 2025-05-20 05:34:04 --> UTF-8 Support Enabled
INFO - 2025-05-20 05:34:04 --> Utf8 Class Initialized
INFO - 2025-05-20 05:34:04 --> URI Class Initialized
INFO - 2025-05-20 05:34:04 --> Router Class Initialized
INFO - 2025-05-20 05:34:04 --> Output Class Initialized
INFO - 2025-05-20 05:34:04 --> Security Class Initialized
DEBUG - 2025-05-20 05:34:04 --> Global POST, GET and COOKIE data sanitized
INFO - 2025-05-20 05:34:04 --> Input Class Initialized
INFO - 2025-05-20 05:34:04 --> Language Class Initialized
ERROR - 2025-05-20 05:34:04 --> 404 Page Not Found: /index
INFO - 2025-05-20 05:34:05 --> Config Class Initialized
INFO - 2025-05-20 05:34:05 --> Hooks Class Initialized
DEBUG - 2025-05-20 05:34:05 --> UTF-8 Support Enabled
INFO - 2025-05-20 05:34:05 --> Utf8 Class Initialized
INFO - 2025-05-20 05:34:05 --> URI Class Initialized
INFO - 2025-05-20 05:34:05 --> Router Class Initialized
INFO - 2025-05-20 05:34:05 --> Output Class Initialized
INFO - 2025-05-20 05:34:05 --> Security Class Initialized
DEBUG - 2025-05-20 05:34:05 --> Global POST, GET and COOKIE data sanitized
INFO - 2025-05-20 05:34:05 --> Input Class Initialized
INFO - 2025-05-20 05:34:05 --> Language Class Initialized
ERROR - 2025-05-20 05:34:05 --> 404 Page Not Found: /index
INFO - 2025-05-20 05:34:05 --> Config Class Initialized
INFO - 2025-05-20 05:34:05 --> Hooks Class Initialized
DEBUG - 2025-05-20 05:34:05 --> UTF-8 Support Enabled
INFO - 2025-05-20 05:34:05 --> Utf8 Class Initialized
INFO - 2025-05-20 05:34:05 --> URI Class Initialized
INFO - 2025-05-20 05:34:05 --> Router Class Initialized
INFO - 2025-05-20 05:34:05 --> Output Class Initialized
INFO - 2025-05-20 05:34:05 --> Security Class Initialized
DEBUG - 2025-05-20 05:34:05 --> Global POST, GET and COOKIE data sanitized
INFO - 2025-05-20 05:34:05 --> Input Class Initialized
INFO - 2025-05-20 05:34:05 --> Language Class Initialized
ERROR - 2025-05-20 05:34:05 --> 404 Page Not Found: /index
INFO - 2025-05-20 05:34:06 --> Config Class Initialized
INFO - 2025-05-20 05:34:06 --> Hooks Class Initialized
DEBUG - 2025-05-20 05:34:06 --> UTF-8 Support Enabled
INFO - 2025-05-20 05:34:06 --> Utf8 Class Initialized
INFO - 2025-05-20 05:34:06 --> URI Class Initialized
INFO - 2025-05-20 05:34:06 --> Router Class Initialized
INFO - 2025-05-20 05:34:06 --> Output Class Initialized
INFO - 2025-05-20 05:34:06 --> Security Class Initialized
DEBUG - 2025-05-20 05:34:06 --> Global POST, GET and COOKIE data sanitized
INFO - 2025-05-20 05:34:06 --> Input Class Initialized
INFO - 2025-05-20 05:34:06 --> Language Class Initialized
ERROR - 2025-05-20 05:34:06 --> 404 Page Not Found: /index
INFO - 2025-05-20 05:34:06 --> Config Class Initialized
INFO - 2025-05-20 05:34:06 --> Hooks Class Initialized
DEBUG - 2025-05-20 05:34:06 --> UTF-8 Support Enabled
INFO - 2025-05-20 05:34:06 --> Utf8 Class Initialized
INFO - 2025-05-20 05:34:06 --> URI Class Initialized
INFO - 2025-05-20 05:34:06 --> Router Class Initialized
INFO - 2025-05-20 05:34:06 --> Output Class Initialized
INFO - 2025-05-20 05:34:06 --> Security Class Initialized
DEBUG - 2025-05-20 05:34:06 --> Global POST, GET and COOKIE data sanitized
INFO - 2025-05-20 05:34:06 --> Input Class Initialized
INFO - 2025-05-20 05:34:06 --> Language Class Initialized
ERROR - 2025-05-20 05:34:06 --> 404 Page Not Found: /index
INFO - 2025-05-20 05:34:07 --> Config Class Initialized
INFO - 2025-05-20 05:34:07 --> Hooks Class Initialized
DEBUG - 2025-05-20 05:34:07 --> UTF-8 Support Enabled
INFO - 2025-05-20 05:34:07 --> Utf8 Class Initialized
INFO - 2025-05-20 05:34:07 --> URI Class Initialized
INFO - 2025-05-20 05:34:07 --> Router Class Initialized
INFO - 2025-05-20 05:34:07 --> Output Class Initialized
INFO - 2025-05-20 05:34:07 --> Security Class Initialized
DEBUG - 2025-05-20 05:34:07 --> Global POST, GET and COOKIE data sanitized
INFO - 2025-05-20 05:34:07 --> Input Class Initialized
INFO - 2025-05-20 05:34:07 --> Language Class Initialized
ERROR - 2025-05-20 05:34:07 --> 404 Page Not Found: /index
INFO - 2025-05-20 05:34:07 --> Config Class Initialized
INFO - 2025-05-20 05:34:07 --> Hooks Class Initialized
DEBUG - 2025-05-20 05:34:07 --> UTF-8 Support Enabled
INFO - 2025-05-20 05:34:07 --> Utf8 Class Initialized
INFO - 2025-05-20 05:34:07 --> URI Class Initialized
INFO - 2025-05-20 05:34:07 --> Router Class Initialized
INFO - 2025-05-20 05:34:07 --> Output Class Initialized
INFO - 2025-05-20 05:34:07 --> Security Class Initialized
DEBUG - 2025-05-20 05:34:07 --> Global POST, GET and COOKIE data sanitized
INFO - 2025-05-20 05:34:07 --> Input Class Initialized
INFO - 2025-05-20 05:34:07 --> Language Class Initialized
ERROR - 2025-05-20 05:34:07 --> 404 Page Not Found: /index
INFO - 2025-05-20 05:34:08 --> Config Class Initialized
INFO - 2025-05-20 05:34:08 --> Hooks Class Initialized
DEBUG - 2025-05-20 05:34:08 --> UTF-8 Support Enabled
INFO - 2025-05-20 05:34:08 --> Utf8 Class Initialized
INFO - 2025-05-20 05:34:08 --> URI Class Initialized
INFO - 2025-05-20 05:34:08 --> Router Class Initialized
INFO - 2025-05-20 05:34:08 --> Output Class Initialized
INFO - 2025-05-20 05:34:08 --> Security Class Initialized
DEBUG - 2025-05-20 05:34:08 --> Global POST, GET and COOKIE data sanitized
INFO - 2025-05-20 05:34:08 --> Input Class Initialized
INFO - 2025-05-20 05:34:08 --> Language Class Initialized
ERROR - 2025-05-20 05:34:08 --> 404 Page Not Found: /index
INFO - 2025-05-20 05:34:08 --> Config Class Initialized
INFO - 2025-05-20 05:34:08 --> Hooks Class Initialized
DEBUG - 2025-05-20 05:34:08 --> UTF-8 Support Enabled
INFO - 2025-05-20 05:34:08 --> Utf8 Class Initialized
INFO - 2025-05-20 05:34:08 --> URI Class Initialized
INFO - 2025-05-20 05:34:08 --> Router Class Initialized
INFO - 2025-05-20 05:34:08 --> Output Class Initialized
INFO - 2025-05-20 05:34:08 --> Security Class Initialized
DEBUG - 2025-05-20 05:34:08 --> Global POST, GET and COOKIE data sanitized
INFO - 2025-05-20 05:34:08 --> Input Class Initialized
INFO - 2025-05-20 05:34:08 --> Language Class Initialized
ERROR - 2025-05-20 05:34:08 --> 404 Page Not Found: /index
INFO - 2025-05-20 05:34:08 --> Config Class Initialized
INFO - 2025-05-20 05:34:08 --> Hooks Class Initialized
DEBUG - 2025-05-20 05:34:08 --> UTF-8 Support Enabled
INFO - 2025-05-20 05:34:08 --> Utf8 Class Initialized
INFO - 2025-05-20 05:34:08 --> URI Class Initialized
INFO - 2025-05-20 05:34:08 --> Router Class Initialized
INFO - 2025-05-20 05:34:08 --> Output Class Initialized
INFO - 2025-05-20 05:34:08 --> Security Class Initialized
DEBUG - 2025-05-20 05:34:08 --> Global POST, GET and COOKIE data sanitized
INFO - 2025-05-20 05:34:08 --> Input Class Initialized
INFO - 2025-05-20 05:34:08 --> Language Class Initialized
ERROR - 2025-05-20 05:34:08 --> 404 Page Not Found: /index
INFO - 2025-05-20 05:34:09 --> Config Class Initialized
INFO - 2025-05-20 05:34:09 --> Hooks Class Initialized
DEBUG - 2025-05-20 05:34:09 --> UTF-8 Support Enabled
INFO - 2025-05-20 05:34:09 --> Utf8 Class Initialized
INFO - 2025-05-20 05:34:09 --> URI Class Initialized
INFO - 2025-05-20 05:34:09 --> Router Class Initialized
INFO - 2025-05-20 05:34:09 --> Output Class Initialized
INFO - 2025-05-20 05:34:09 --> Security Class Initialized
DEBUG - 2025-05-20 05:34:09 --> Global POST, GET and COOKIE data sanitized
INFO - 2025-05-20 05:34:09 --> Input Class Initialized
INFO - 2025-05-20 05:34:09 --> Language Class Initialized
ERROR - 2025-05-20 05:34:09 --> 404 Page Not Found: /index
INFO - 2025-05-20 05:34:09 --> Config Class Initialized
INFO - 2025-05-20 05:34:09 --> Hooks Class Initialized
DEBUG - 2025-05-20 05:34:09 --> UTF-8 Support Enabled
INFO - 2025-05-20 05:34:09 --> Utf8 Class Initialized
INFO - 2025-05-20 05:34:09 --> URI Class Initialized
INFO - 2025-05-20 05:34:09 --> Router Class Initialized
INFO - 2025-05-20 05:34:09 --> Output Class Initialized
INFO - 2025-05-20 05:34:09 --> Security Class Initialized
DEBUG - 2025-05-20 05:34:09 --> Global POST, GET and COOKIE data sanitized
INFO - 2025-05-20 05:34:09 --> Input Class Initialized
INFO - 2025-05-20 05:34:09 --> Language Class Initialized
ERROR - 2025-05-20 05:34:09 --> 404 Page Not Found: /index
INFO - 2025-05-20 05:34:10 --> Config Class Initialized
INFO - 2025-05-20 05:34:10 --> Hooks Class Initialized
DEBUG - 2025-05-20 05:34:10 --> UTF-8 Support Enabled
INFO - 2025-05-20 05:34:10 --> Utf8 Class Initialized
INFO - 2025-05-20 05:34:10 --> URI Class Initialized
INFO - 2025-05-20 05:34:10 --> Router Class Initialized
INFO - 2025-05-20 05:34:10 --> Output Class Initialized
INFO - 2025-05-20 05:34:10 --> Security Class Initialized
DEBUG - 2025-05-20 05:34:10 --> Global POST, GET and COOKIE data sanitized
INFO - 2025-05-20 05:34:10 --> Input Class Initialized
INFO - 2025-05-20 05:34:10 --> Language Class Initialized
ERROR - 2025-05-20 05:34:10 --> 404 Page Not Found: /index
INFO - 2025-05-20 05:34:10 --> Config Class Initialized
INFO - 2025-05-20 05:34:10 --> Hooks Class Initialized
DEBUG - 2025-05-20 05:34:10 --> UTF-8 Support Enabled
INFO - 2025-05-20 05:34:10 --> Utf8 Class Initialized
INFO - 2025-05-20 05:34:10 --> URI Class Initialized
INFO - 2025-05-20 05:34:10 --> Router Class Initialized
INFO - 2025-05-20 05:34:10 --> Output Class Initialized
INFO - 2025-05-20 05:34:10 --> Security Class Initialized
DEBUG - 2025-05-20 05:34:10 --> Global POST, GET and COOKIE data sanitized
INFO - 2025-05-20 05:34:10 --> Input Class Initialized
INFO - 2025-05-20 05:34:10 --> Language Class Initialized
ERROR - 2025-05-20 05:34:10 --> 404 Page Not Found: /index
INFO - 2025-05-20 05:34:10 --> Config Class Initialized
INFO - 2025-05-20 05:34:10 --> Hooks Class Initialized
DEBUG - 2025-05-20 05:34:10 --> UTF-8 Support Enabled
INFO - 2025-05-20 05:34:10 --> Utf8 Class Initialized
INFO - 2025-05-20 05:34:10 --> URI Class Initialized
INFO - 2025-05-20 05:34:10 --> Router Class Initialized
INFO - 2025-05-20 05:34:10 --> Output Class Initialized
INFO - 2025-05-20 05:34:10 --> Security Class Initialized
DEBUG - 2025-05-20 05:34:10 --> Global POST, GET and COOKIE data sanitized
INFO - 2025-05-20 05:34:10 --> Input Class Initialized
INFO - 2025-05-20 05:34:10 --> Language Class Initialized
ERROR - 2025-05-20 05:34:10 --> 404 Page Not Found: /index
INFO - 2025-05-20 05:34:11 --> Config Class Initialized
INFO - 2025-05-20 05:34:11 --> Hooks Class Initialized
DEBUG - 2025-05-20 05:34:11 --> UTF-8 Support Enabled
INFO - 2025-05-20 05:34:11 --> Utf8 Class Initialized
INFO - 2025-05-20 05:34:11 --> URI Class Initialized
INFO - 2025-05-20 05:34:11 --> Router Class Initialized
INFO - 2025-05-20 05:34:11 --> Output Class Initialized
INFO - 2025-05-20 05:34:11 --> Security Class Initialized
DEBUG - 2025-05-20 05:34:11 --> Global POST, GET and COOKIE data sanitized
INFO - 2025-05-20 05:34:11 --> Input Class Initialized
INFO - 2025-05-20 05:34:11 --> Language Class Initialized
ERROR - 2025-05-20 05:34:11 --> 404 Page Not Found: /index
INFO - 2025-05-20 05:34:11 --> Config Class Initialized
INFO - 2025-05-20 05:34:11 --> Hooks Class Initialized
DEBUG - 2025-05-20 05:34:11 --> UTF-8 Support Enabled
INFO - 2025-05-20 05:34:11 --> Utf8 Class Initialized
INFO - 2025-05-20 05:34:11 --> URI Class Initialized
INFO - 2025-05-20 05:34:11 --> Router Class Initialized
INFO - 2025-05-20 05:34:11 --> Output Class Initialized
INFO - 2025-05-20 05:34:11 --> Security Class Initialized
DEBUG - 2025-05-20 05:34:11 --> Global POST, GET and COOKIE data sanitized
INFO - 2025-05-20 05:34:11 --> Input Class Initialized
INFO - 2025-05-20 05:34:11 --> Language Class Initialized
ERROR - 2025-05-20 05:34:11 --> 404 Page Not Found: /index
INFO - 2025-05-20 05:34:12 --> Config Class Initialized
INFO - 2025-05-20 05:34:12 --> Hooks Class Initialized
DEBUG - 2025-05-20 05:34:12 --> UTF-8 Support Enabled
INFO - 2025-05-20 05:34:12 --> Utf8 Class Initialized
INFO - 2025-05-20 05:34:12 --> URI Class Initialized
INFO - 2025-05-20 05:34:12 --> Router Class Initialized
INFO - 2025-05-20 05:34:12 --> Output Class Initialized
INFO - 2025-05-20 05:34:12 --> Security Class Initialized
DEBUG - 2025-05-20 05:34:12 --> Global POST, GET and COOKIE data sanitized
INFO - 2025-05-20 05:34:12 --> Input Class Initialized
INFO - 2025-05-20 05:34:12 --> Language Class Initialized
ERROR - 2025-05-20 05:34:12 --> 404 Page Not Found: /index
INFO - 2025-05-20 05:34:12 --> Config Class Initialized
INFO - 2025-05-20 05:34:12 --> Hooks Class Initialized
DEBUG - 2025-05-20 05:34:12 --> UTF-8 Support Enabled
INFO - 2025-05-20 05:34:12 --> Utf8 Class Initialized
INFO - 2025-05-20 05:34:12 --> URI Class Initialized
INFO - 2025-05-20 05:34:12 --> Router Class Initialized
INFO - 2025-05-20 05:34:12 --> Output Class Initialized
INFO - 2025-05-20 05:34:12 --> Security Class Initialized
DEBUG - 2025-05-20 05:34:12 --> Global POST, GET and COOKIE data sanitized
INFO - 2025-05-20 05:34:12 --> Input Class Initialized
INFO - 2025-05-20 05:34:12 --> Language Class Initialized
ERROR - 2025-05-20 05:34:12 --> 404 Page Not Found: /index
INFO - 2025-05-20 05:34:12 --> Config Class Initialized
INFO - 2025-05-20 05:34:12 --> Hooks Class Initialized
DEBUG - 2025-05-20 05:34:12 --> UTF-8 Support Enabled
INFO - 2025-05-20 05:34:12 --> Utf8 Class Initialized
INFO - 2025-05-20 05:34:12 --> URI Class Initialized
INFO - 2025-05-20 05:34:12 --> Router Class Initialized
INFO - 2025-05-20 05:34:12 --> Output Class Initialized
INFO - 2025-05-20 05:34:12 --> Security Class Initialized
DEBUG - 2025-05-20 05:34:12 --> Global POST, GET and COOKIE data sanitized
INFO - 2025-05-20 05:34:12 --> Input Class Initialized
INFO - 2025-05-20 05:34:12 --> Language Class Initialized
ERROR - 2025-05-20 05:34:12 --> 404 Page Not Found: /index
INFO - 2025-05-20 05:34:13 --> Config Class Initialized
INFO - 2025-05-20 05:34:13 --> Hooks Class Initialized
DEBUG - 2025-05-20 05:34:13 --> UTF-8 Support Enabled
INFO - 2025-05-20 05:34:13 --> Utf8 Class Initialized
INFO - 2025-05-20 05:34:13 --> URI Class Initialized
INFO - 2025-05-20 05:34:13 --> Router Class Initialized
INFO - 2025-05-20 05:34:13 --> Output Class Initialized
INFO - 2025-05-20 05:34:13 --> Security Class Initialized
DEBUG - 2025-05-20 05:34:13 --> Global POST, GET and COOKIE data sanitized
INFO - 2025-05-20 05:34:13 --> Input Class Initialized
INFO - 2025-05-20 05:34:13 --> Language Class Initialized
ERROR - 2025-05-20 05:34:13 --> 404 Page Not Found: /index
INFO - 2025-05-20 05:34:13 --> Config Class Initialized
INFO - 2025-05-20 05:34:13 --> Hooks Class Initialized
DEBUG - 2025-05-20 05:34:13 --> UTF-8 Support Enabled
INFO - 2025-05-20 05:34:13 --> Utf8 Class Initialized
INFO - 2025-05-20 05:34:13 --> URI Class Initialized
INFO - 2025-05-20 05:34:13 --> Router Class Initialized
INFO - 2025-05-20 05:34:13 --> Output Class Initialized
INFO - 2025-05-20 05:34:13 --> Security Class Initialized
DEBUG - 2025-05-20 05:34:13 --> Global POST, GET and COOKIE data sanitized
INFO - 2025-05-20 05:34:13 --> Input Class Initialized
INFO - 2025-05-20 05:34:13 --> Language Class Initialized
ERROR - 2025-05-20 05:34:13 --> 404 Page Not Found: /index
INFO - 2025-05-20 05:34:14 --> Config Class Initialized
INFO - 2025-05-20 05:34:14 --> Hooks Class Initialized
DEBUG - 2025-05-20 05:34:14 --> UTF-8 Support Enabled
INFO - 2025-05-20 05:34:14 --> Utf8 Class Initialized
INFO - 2025-05-20 05:34:14 --> URI Class Initialized
INFO - 2025-05-20 05:34:14 --> Router Class Initialized
INFO - 2025-05-20 05:34:14 --> Output Class Initialized
INFO - 2025-05-20 05:34:14 --> Security Class Initialized
DEBUG - 2025-05-20 05:34:14 --> Global POST, GET and COOKIE data sanitized
INFO - 2025-05-20 05:34:14 --> Input Class Initialized
INFO - 2025-05-20 05:34:14 --> Language Class Initialized
ERROR - 2025-05-20 05:34:14 --> 404 Page Not Found: /index
INFO - 2025-05-20 05:34:14 --> Config Class Initialized
INFO - 2025-05-20 05:34:14 --> Hooks Class Initialized
DEBUG - 2025-05-20 05:34:14 --> UTF-8 Support Enabled
INFO - 2025-05-20 05:34:14 --> Utf8 Class Initialized
INFO - 2025-05-20 05:34:14 --> URI Class Initialized
INFO - 2025-05-20 05:34:14 --> Router Class Initialized
INFO - 2025-05-20 05:34:14 --> Output Class Initialized
INFO - 2025-05-20 05:34:14 --> Security Class Initialized
DEBUG - 2025-05-20 05:34:14 --> Global POST, GET and COOKIE data sanitized
INFO - 2025-05-20 05:34:14 --> Input Class Initialized
INFO - 2025-05-20 05:34:14 --> Language Class Initialized
ERROR - 2025-05-20 05:34:14 --> 404 Page Not Found: /index
INFO - 2025-05-20 05:34:14 --> Config Class Initialized
INFO - 2025-05-20 05:34:14 --> Hooks Class Initialized
DEBUG - 2025-05-20 05:34:14 --> UTF-8 Support Enabled
INFO - 2025-05-20 05:34:14 --> Utf8 Class Initialized
INFO - 2025-05-20 05:34:14 --> URI Class Initialized
INFO - 2025-05-20 05:34:14 --> Router Class Initialized
INFO - 2025-05-20 05:34:14 --> Output Class Initialized
INFO - 2025-05-20 05:34:14 --> Security Class Initialized
DEBUG - 2025-05-20 05:34:14 --> Global POST, GET and COOKIE data sanitized
INFO - 2025-05-20 05:34:14 --> Input Class Initialized
INFO - 2025-05-20 05:34:14 --> Language Class Initialized
ERROR - 2025-05-20 05:34:14 --> 404 Page Not Found: /index
INFO - 2025-05-20 05:34:15 --> Config Class Initialized
INFO - 2025-05-20 05:34:15 --> Hooks Class Initialized
DEBUG - 2025-05-20 05:34:15 --> UTF-8 Support Enabled
INFO - 2025-05-20 05:34:15 --> Utf8 Class Initialized
INFO - 2025-05-20 05:34:15 --> URI Class Initialized
INFO - 2025-05-20 05:34:15 --> Router Class Initialized
INFO - 2025-05-20 05:34:15 --> Output Class Initialized
INFO - 2025-05-20 05:34:15 --> Security Class Initialized
DEBUG - 2025-05-20 05:34:15 --> Global POST, GET and COOKIE data sanitized
INFO - 2025-05-20 05:34:15 --> Input Class Initialized
INFO - 2025-05-20 05:34:15 --> Language Class Initialized
ERROR - 2025-05-20 05:34:15 --> 404 Page Not Found: /index
INFO - 2025-05-20 05:34:15 --> Config Class Initialized
INFO - 2025-05-20 05:34:15 --> Hooks Class Initialized
DEBUG - 2025-05-20 05:34:15 --> UTF-8 Support Enabled
INFO - 2025-05-20 05:34:15 --> Utf8 Class Initialized
INFO - 2025-05-20 05:34:15 --> URI Class Initialized
INFO - 2025-05-20 05:34:15 --> Router Class Initialized
INFO - 2025-05-20 05:34:15 --> Output Class Initialized
INFO - 2025-05-20 05:34:15 --> Security Class Initialized
DEBUG - 2025-05-20 05:34:15 --> Global POST, GET and COOKIE data sanitized
INFO - 2025-05-20 05:34:15 --> Input Class Initialized
INFO - 2025-05-20 05:34:15 --> Language Class Initialized
ERROR - 2025-05-20 05:34:15 --> 404 Page Not Found: /index
INFO - 2025-05-20 05:34:15 --> Config Class Initialized
INFO - 2025-05-20 05:34:15 --> Hooks Class Initialized
DEBUG - 2025-05-20 05:34:15 --> UTF-8 Support Enabled
INFO - 2025-05-20 05:34:15 --> Utf8 Class Initialized
INFO - 2025-05-20 05:34:15 --> URI Class Initialized
INFO - 2025-05-20 05:34:15 --> Router Class Initialized
INFO - 2025-05-20 05:34:15 --> Output Class Initialized
INFO - 2025-05-20 05:34:15 --> Security Class Initialized
DEBUG - 2025-05-20 05:34:15 --> Global POST, GET and COOKIE data sanitized
INFO - 2025-05-20 05:34:15 --> Input Class Initialized
INFO - 2025-05-20 05:34:15 --> Language Class Initialized
ERROR - 2025-05-20 05:34:15 --> 404 Page Not Found: /index
INFO - 2025-05-20 05:34:16 --> Config Class Initialized
INFO - 2025-05-20 05:34:16 --> Hooks Class Initialized
DEBUG - 2025-05-20 05:34:16 --> UTF-8 Support Enabled
INFO - 2025-05-20 05:34:16 --> Utf8 Class Initialized
INFO - 2025-05-20 05:34:16 --> URI Class Initialized
DEBUG - 2025-05-20 05:34:16 --> No URI present. Default controller set.
INFO - 2025-05-20 05:34:16 --> Router Class Initialized
INFO - 2025-05-20 05:34:16 --> Output Class Initialized
INFO - 2025-05-20 05:34:16 --> Security Class Initialized
DEBUG - 2025-05-20 05:34:16 --> Global POST, GET and COOKIE data sanitized
INFO - 2025-05-20 05:34:16 --> Input Class Initialized
INFO - 2025-05-20 05:34:16 --> Language Class Initialized
INFO - 2025-05-20 05:34:16 --> Language Class Initialized
INFO - 2025-05-20 05:34:16 --> Config Class Initialized
INFO - 2025-05-20 05:34:16 --> Loader Class Initialized
INFO - 2025-05-20 05:34:16 --> Helper loaded: url_helper
INFO - 2025-05-20 05:34:16 --> Helper loaded: easyui_helper
INFO - 2025-05-20 05:34:16 --> Helper loaded: param_helper
INFO - 2025-05-20 05:34:16 --> Helper loaded: credential_helper
INFO - 2025-05-20 05:34:16 --> Helper loaded: template_helper
INFO - 2025-05-20 05:34:16 --> Helper loaded: rest_helper
INFO - 2025-05-20 05:34:16 --> Database Driver Class Initialized
DEBUG - 2025-05-20 05:34:16 --> Idgenerator class already loaded. Second attempt ignored.
INFO - 2025-05-20 05:34:16 --> Controller Class Initialized
DEBUG - 2025-05-20 05:34:16 --> File loaded: /apps/web-drc/application/modules/app_auth/views/login_lte_template.php
DEBUG - 2025-05-20 05:34:16 --> File loaded: /apps/web-drc/application/views/template_login_lte/header.php
DEBUG - 2025-05-20 05:34:16 --> File loaded: /apps/web-drc/application/views/template_login_lte/contents.php
DEBUG - 2025-05-20 05:34:16 --> File loaded: /apps/web-drc/application/views/template_login_lte/default.php
INFO - 2025-05-20 05:34:16 --> Final output sent to browser
DEBUG - 2025-05-20 05:34:16 --> Total execution time: 0.0439
INFO - 2025-05-20 18:17:06 --> Config Class Initialized
INFO - 2025-05-20 18:17:06 --> Hooks Class Initialized
DEBUG - 2025-05-20 18:17:06 --> UTF-8 Support Enabled
INFO - 2025-05-20 18:17:06 --> Utf8 Class Initialized
INFO - 2025-05-20 18:17:06 --> URI Class Initialized
INFO - 2025-05-20 18:17:06 --> Router Class Initialized
INFO - 2025-05-20 18:17:06 --> Output Class Initialized
INFO - 2025-05-20 18:17:06 --> Security Class Initialized
DEBUG - 2025-05-20 18:17:06 --> Global POST, GET and COOKIE data sanitized
INFO - 2025-05-20 18:17:06 --> Input Class Initialized
INFO - 2025-05-20 18:17:06 --> Language Class Initialized
ERROR - 2025-05-20 18:17:06 --> 404 Page Not Found: /index
INFO - 2025-05-20 21:18:03 --> Config Class Initialized
INFO - 2025-05-20 21:18:03 --> Hooks Class Initialized
DEBUG - 2025-05-20 21:18:03 --> UTF-8 Support Enabled
INFO - 2025-05-20 21:18:03 --> Utf8 Class Initialized
INFO - 2025-05-20 21:18:03 --> URI Class Initialized
DEBUG - 2025-05-20 21:18:03 --> No URI present. Default controller set.
INFO - 2025-05-20 21:18:03 --> Router Class Initialized
INFO - 2025-05-20 21:18:03 --> Output Class Initialized
INFO - 2025-05-20 21:18:03 --> Security Class Initialized
DEBUG - 2025-05-20 21:18:03 --> Global POST, GET and COOKIE data sanitized
INFO - 2025-05-20 21:18:03 --> Input Class Initialized
INFO - 2025-05-20 21:18:03 --> Language Class Initialized
INFO - 2025-05-20 21:18:03 --> Language Class Initialized
INFO - 2025-05-20 21:18:03 --> Config Class Initialized
INFO - 2025-05-20 21:18:03 --> Loader Class Initialized
INFO - 2025-05-20 21:18:03 --> Helper loaded: url_helper
INFO - 2025-05-20 21:18:03 --> Helper loaded: easyui_helper
INFO - 2025-05-20 21:18:03 --> Helper loaded: param_helper
INFO - 2025-05-20 21:18:03 --> Helper loaded: credential_helper
INFO - 2025-05-20 21:18:03 --> Helper loaded: template_helper
INFO - 2025-05-20 21:18:03 --> Helper loaded: rest_helper
INFO - 2025-05-20 21:18:03 --> Database Driver Class Initialized
DEBUG - 2025-05-20 21:18:03 --> Idgenerator class already loaded. Second attempt ignored.
INFO - 2025-05-20 21:18:03 --> Controller Class Initialized
DEBUG - 2025-05-20 21:18:03 --> File loaded: /apps/web-drc/application/modules/app_auth/views/login_lte_template.php
DEBUG - 2025-05-20 21:18:03 --> File loaded: /apps/web-drc/application/views/template_login_lte/header.php
DEBUG - 2025-05-20 21:18:03 --> File loaded: /apps/web-drc/application/views/template_login_lte/contents.php
DEBUG - 2025-05-20 21:18:03 --> File loaded: /apps/web-drc/application/views/template_login_lte/default.php
INFO - 2025-05-20 21:18:03 --> Final output sent to browser
DEBUG - 2025-05-20 21:18:03 --> Total execution time: 0.1007
INFO - 2025-05-20 21:18:05 --> Config Class Initialized
INFO - 2025-05-20 21:18:05 --> Hooks Class Initialized
DEBUG - 2025-05-20 21:18:05 --> UTF-8 Support Enabled
INFO - 2025-05-20 21:18:05 --> Utf8 Class Initialized
INFO - 2025-05-20 21:18:05 --> URI Class Initialized
INFO - 2025-05-20 21:18:05 --> Router Class Initialized
INFO - 2025-05-20 21:18:05 --> Output Class Initialized
INFO - 2025-05-20 21:18:05 --> Security Class Initialized
DEBUG - 2025-05-20 21:18:05 --> Global POST, GET and COOKIE data sanitized
INFO - 2025-05-20 21:18:05 --> Input Class Initialized
INFO - 2025-05-20 21:18:05 --> Language Class Initialized
ERROR - 2025-05-20 21:18:05 --> 404 Page Not Found: /index
INFO - 2025-05-20 21:18:06 --> Config Class Initialized
INFO - 2025-05-20 21:18:06 --> Hooks Class Initialized
DEBUG - 2025-05-20 21:18:06 --> UTF-8 Support Enabled
INFO - 2025-05-20 21:18:06 --> Utf8 Class Initialized
INFO - 2025-05-20 21:18:06 --> URI Class Initialized
INFO - 2025-05-20 21:18:06 --> Router Class Initialized
INFO - 2025-05-20 21:18:06 --> Output Class Initialized
INFO - 2025-05-20 21:18:06 --> Security Class Initialized
DEBUG - 2025-05-20 21:18:06 --> Global POST, GET and COOKIE data sanitized
INFO - 2025-05-20 21:18:06 --> Input Class Initialized
INFO - 2025-05-20 21:18:06 --> Language Class Initialized
INFO - 2025-05-20 21:18:06 --> Language Class Initialized
INFO - 2025-05-20 21:18:06 --> Config Class Initialized
INFO - 2025-05-20 21:18:06 --> Loader Class Initialized
INFO - 2025-05-20 21:18:06 --> Helper loaded: url_helper
INFO - 2025-05-20 21:18:06 --> Helper loaded: easyui_helper
INFO - 2025-05-20 21:18:06 --> Helper loaded: param_helper
INFO - 2025-05-20 21:18:06 --> Helper loaded: credential_helper
INFO - 2025-05-20 21:18:06 --> Helper loaded: template_helper
INFO - 2025-05-20 21:18:06 --> Helper loaded: rest_helper
INFO - 2025-05-20 21:18:06 --> Database Driver Class Initialized
DEBUG - 2025-05-20 21:18:06 --> Idgenerator class already loaded. Second attempt ignored.
INFO - 2025-05-20 21:18:06 --> Controller Class Initialized
INFO - 2025-05-20 21:18:06 --> Final output sent to browser
DEBUG - 2025-05-20 21:18:06 --> Total execution time: 0.0585
INFO - 2025-05-20 21:18:06 --> Config Class Initialized
INFO - 2025-05-20 21:18:06 --> Hooks Class Initialized
DEBUG - 2025-05-20 21:18:06 --> UTF-8 Support Enabled
INFO - 2025-05-20 21:18:06 --> Utf8 Class Initialized
INFO - 2025-05-20 21:18:06 --> URI Class Initialized
INFO - 2025-05-20 21:18:06 --> Router Class Initialized
INFO - 2025-05-20 21:18:06 --> Output Class Initialized
INFO - 2025-05-20 21:18:06 --> Security Class Initialized
DEBUG - 2025-05-20 21:18:06 --> Global POST, GET and COOKIE data sanitized
INFO - 2025-05-20 21:18:06 --> Input Class Initialized
INFO - 2025-05-20 21:18:06 --> Language Class Initialized
INFO - 2025-05-20 21:18:06 --> Language Class Initialized
INFO - 2025-05-20 21:18:06 --> Config Class Initialized
INFO - 2025-05-20 21:18:06 --> Loader Class Initialized
INFO - 2025-05-20 21:18:06 --> Helper loaded: url_helper
INFO - 2025-05-20 21:18:06 --> Helper loaded: easyui_helper
INFO - 2025-05-20 21:18:06 --> Helper loaded: param_helper
INFO - 2025-05-20 21:18:06 --> Helper loaded: credential_helper
INFO - 2025-05-20 21:18:06 --> Helper loaded: template_helper
INFO - 2025-05-20 21:18:06 --> Helper loaded: rest_helper
INFO - 2025-05-20 21:18:06 --> Database Driver Class Initialized
DEBUG - 2025-05-20 21:18:06 --> Idgenerator class already loaded. Second attempt ignored.
INFO - 2025-05-20 21:18:06 --> Controller Class Initialized
INFO - 2025-05-20 21:18:06 --> Model Class Initialized
DEBUG - 2025-05-20 21:18:06 --> File loaded: /apps/web-drc/application/modules/app_dashboard/models/App_dashboard_model.php
INFO - 2025-05-20 21:18:06 --> Model Class Initialized
DEBUG - 2025-05-20 21:18:06 --> File loaded: /apps/web-drc/application/modules/app_dashboard/views/content.php
DEBUG - 2025-05-20 21:18:06 --> File loaded: /apps/web-drc/application/views/templates/header.php
DEBUG - 2025-05-20 21:18:06 --> File loaded: /apps/web-drc/application/views/templates/toolbar.php
DEBUG - 2025-05-20 21:18:06 --> File loaded: /apps/web-drc/application/views/templates/sidebar.php
DEBUG - 2025-05-20 21:18:06 --> File loaded: /apps/web-drc/application/views/templates/contents.php
DEBUG - 2025-05-20 21:18:06 --> File loaded: /apps/web-drc/application/views/templates/content_footer.php
DEBUG - 2025-05-20 21:18:06 --> File loaded: /apps/web-drc/application/views/templates/footer.php
DEBUG - 2025-05-20 21:18:06 --> File loaded: /apps/web-drc/application/views/templates/default.php
INFO - 2025-05-20 21:18:06 --> Final output sent to browser
DEBUG - 2025-05-20 21:18:06 --> Total execution time: 0.0525
INFO - 2025-05-20 21:18:08 --> Config Class Initialized
INFO - 2025-05-20 21:18:08 --> Hooks Class Initialized
DEBUG - 2025-05-20 21:18:08 --> UTF-8 Support Enabled
INFO - 2025-05-20 21:18:08 --> Utf8 Class Initialized
INFO - 2025-05-20 21:18:08 --> URI Class Initialized
INFO - 2025-05-20 21:18:08 --> Router Class Initialized
INFO - 2025-05-20 21:18:08 --> Output Class Initialized
INFO - 2025-05-20 21:18:08 --> Security Class Initialized
DEBUG - 2025-05-20 21:18:08 --> Global POST, GET and COOKIE data sanitized
INFO - 2025-05-20 21:18:08 --> Input Class Initialized
INFO - 2025-05-20 21:18:08 --> Language Class Initialized
INFO - 2025-05-20 21:18:08 --> Language Class Initialized
INFO - 2025-05-20 21:18:08 --> Config Class Initialized
INFO - 2025-05-20 21:18:08 --> Loader Class Initialized
INFO - 2025-05-20 21:18:08 --> Helper loaded: url_helper
INFO - 2025-05-20 21:18:08 --> Helper loaded: easyui_helper
INFO - 2025-05-20 21:18:08 --> Helper loaded: param_helper
INFO - 2025-05-20 21:18:08 --> Helper loaded: credential_helper
INFO - 2025-05-20 21:18:08 --> Helper loaded: template_helper
INFO - 2025-05-20 21:18:08 --> Helper loaded: rest_helper
INFO - 2025-05-20 21:18:08 --> Database Driver Class Initialized
DEBUG - 2025-05-20 21:18:08 --> Idgenerator class already loaded. Second attempt ignored.
INFO - 2025-05-20 21:18:08 --> Controller Class Initialized
INFO - 2025-05-20 21:18:08 --> Model Class Initialized
DEBUG - 2025-05-20 21:18:08 --> File loaded: /apps/web-drc/application/modules/app_dashboard/models/App_dashboard_model.php
INFO - 2025-05-20 21:18:08 --> Model Class Initialized
INFO - 2025-05-20 21:18:08 --> Final output sent to browser
DEBUG - 2025-05-20 21:18:08 --> Total execution time: 0.0802
INFO - 2025-05-20 21:18:08 --> Config Class Initialized
INFO - 2025-05-20 21:18:08 --> Hooks Class Initialized
DEBUG - 2025-05-20 21:18:08 --> UTF-8 Support Enabled
INFO - 2025-05-20 21:18:08 --> Utf8 Class Initialized
INFO - 2025-05-20 21:18:08 --> URI Class Initialized
INFO - 2025-05-20 21:18:08 --> Router Class Initialized
INFO - 2025-05-20 21:18:08 --> Output Class Initialized
INFO - 2025-05-20 21:18:08 --> Security Class Initialized
DEBUG - 2025-05-20 21:18:08 --> Global POST, GET and COOKIE data sanitized
INFO - 2025-05-20 21:18:08 --> Input Class Initialized
INFO - 2025-05-20 21:18:08 --> Language Class Initialized
INFO - 2025-05-20 21:18:08 --> Language Class Initialized
INFO - 2025-05-20 21:18:08 --> Config Class Initialized
INFO - 2025-05-20 21:18:08 --> Loader Class Initialized
INFO - 2025-05-20 21:18:08 --> Helper loaded: url_helper
INFO - 2025-05-20 21:18:08 --> Helper loaded: easyui_helper
INFO - 2025-05-20 21:18:08 --> Helper loaded: param_helper
INFO - 2025-05-20 21:18:08 --> Helper loaded: credential_helper
INFO - 2025-05-20 21:18:08 --> Helper loaded: template_helper
INFO - 2025-05-20 21:18:08 --> Helper loaded: rest_helper
INFO - 2025-05-20 21:18:08 --> Database Driver Class Initialized
DEBUG - 2025-05-20 21:18:08 --> Idgenerator class already loaded. Second attempt ignored.
INFO - 2025-05-20 21:18:08 --> Controller Class Initialized
INFO - 2025-05-20 21:18:08 --> Model Class Initialized
DEBUG - 2025-05-20 21:18:08 --> File loaded: /apps/web-drc/application/modules/api_v1/models/Api_v1_model.php
INFO - 2025-05-20 21:18:08 --> Model Class Initialized
INFO - 2025-05-20 21:18:08 --> Final output sent to browser
DEBUG - 2025-05-20 21:18:08 --> Total execution time: 0.0318
INFO - 2025-05-20 21:18:13 --> Config Class Initialized
INFO - 2025-05-20 21:18:13 --> Hooks Class Initialized
DEBUG - 2025-05-20 21:18:13 --> UTF-8 Support Enabled
INFO - 2025-05-20 21:18:13 --> Utf8 Class Initialized
INFO - 2025-05-20 21:18:13 --> URI Class Initialized
INFO - 2025-05-20 21:18:13 --> Router Class Initialized
INFO - 2025-05-20 21:18:13 --> Output Class Initialized
INFO - 2025-05-20 21:18:13 --> Security Class Initialized
DEBUG - 2025-05-20 21:18:13 --> Global POST, GET and COOKIE data sanitized
INFO - 2025-05-20 21:18:13 --> Input Class Initialized
INFO - 2025-05-20 21:18:13 --> Language Class Initialized
INFO - 2025-05-20 21:18:13 --> Language Class Initialized
INFO - 2025-05-20 21:18:13 --> Config Class Initialized
INFO - 2025-05-20 21:18:13 --> Loader Class Initialized
INFO - 2025-05-20 21:18:13 --> Helper loaded: url_helper
INFO - 2025-05-20 21:18:13 --> Helper loaded: easyui_helper
INFO - 2025-05-20 21:18:13 --> Helper loaded: param_helper
INFO - 2025-05-20 21:18:13 --> Helper loaded: credential_helper
INFO - 2025-05-20 21:18:13 --> Helper loaded: template_helper
INFO - 2025-05-20 21:18:13 --> Helper loaded: rest_helper
INFO - 2025-05-20 21:18:13 --> Database Driver Class Initialized
DEBUG - 2025-05-20 21:18:13 --> Idgenerator class already loaded. Second attempt ignored.
INFO - 2025-05-20 21:18:13 --> Controller Class Initialized
INFO - 2025-05-20 21:18:13 --> Model Class Initialized
DEBUG - 2025-05-20 21:18:13 --> File loaded: /apps/web-drc/application/modules/ref_sales_salesman/models/Sales_salesman_model.php
INFO - 2025-05-20 21:18:13 --> Model Class Initialized
DEBUG - 2025-05-20 21:18:13 --> File loaded: /apps/web-drc/application/modules/ref_sales_salesman/views/content.php
DEBUG - 2025-05-20 21:18:13 --> File loaded: /apps/web-drc/application/views/templates/header.php
DEBUG - 2025-05-20 21:18:13 --> File loaded: /apps/web-drc/application/views/templates/toolbar.php
DEBUG - 2025-05-20 21:18:13 --> File loaded: /apps/web-drc/application/views/templates/sidebar.php
DEBUG - 2025-05-20 21:18:13 --> File loaded: /apps/web-drc/application/views/templates/contents.php
DEBUG - 2025-05-20 21:18:13 --> File loaded: /apps/web-drc/application/views/templates/content_footer.php
DEBUG - 2025-05-20 21:18:13 --> File loaded: /apps/web-drc/application/views/templates/footer.php
DEBUG - 2025-05-20 21:18:13 --> File loaded: /apps/web-drc/application/views/templates/default.php
INFO - 2025-05-20 21:18:13 --> Final output sent to browser
DEBUG - 2025-05-20 21:18:13 --> Total execution time: 0.0221
INFO - 2025-05-20 21:18:13 --> Config Class Initialized
INFO - 2025-05-20 21:18:13 --> Hooks Class Initialized
DEBUG - 2025-05-20 21:18:13 --> UTF-8 Support Enabled
INFO - 2025-05-20 21:18:13 --> Utf8 Class Initialized
INFO - 2025-05-20 21:18:13 --> URI Class Initialized
INFO - 2025-05-20 21:18:13 --> Router Class Initialized
INFO - 2025-05-20 21:18:13 --> Output Class Initialized
INFO - 2025-05-20 21:18:13 --> Security Class Initialized
DEBUG - 2025-05-20 21:18:13 --> Global POST, GET and COOKIE data sanitized
INFO - 2025-05-20 21:18:13 --> Input Class Initialized
INFO - 2025-05-20 21:18:13 --> Language Class Initialized
INFO - 2025-05-20 21:18:13 --> Language Class Initialized
INFO - 2025-05-20 21:18:13 --> Config Class Initialized
INFO - 2025-05-20 21:18:13 --> Loader Class Initialized
INFO - 2025-05-20 21:18:13 --> Helper loaded: url_helper
INFO - 2025-05-20 21:18:13 --> Helper loaded: easyui_helper
INFO - 2025-05-20 21:18:13 --> Helper loaded: param_helper
INFO - 2025-05-20 21:18:13 --> Helper loaded: credential_helper
INFO - 2025-05-20 21:18:13 --> Helper loaded: template_helper
INFO - 2025-05-20 21:18:13 --> Helper loaded: rest_helper
INFO - 2025-05-20 21:18:13 --> Database Driver Class Initialized
DEBUG - 2025-05-20 21:18:13 --> Idgenerator class already loaded. Second attempt ignored.
INFO - 2025-05-20 21:18:13 --> Controller Class Initialized
INFO - 2025-05-20 21:18:13 --> Model Class Initialized
DEBUG - 2025-05-20 21:18:13 --> File loaded: /apps/web-drc/application/modules/ref_sales_salesman/models/Sales_salesman_model.php
INFO - 2025-05-20 21:18:13 --> Model Class Initialized
INFO - 2025-05-20 21:18:13 --> Final output sent to browser
DEBUG - 2025-05-20 21:18:13 --> Total execution time: 0.0242
INFO - 2025-05-20 21:18:16 --> Config Class Initialized
INFO - 2025-05-20 21:18:16 --> Hooks Class Initialized
DEBUG - 2025-05-20 21:18:16 --> UTF-8 Support Enabled
INFO - 2025-05-20 21:18:16 --> Utf8 Class Initialized
INFO - 2025-05-20 21:18:16 --> URI Class Initialized
INFO - 2025-05-20 21:18:16 --> Router Class Initialized
INFO - 2025-05-20 21:18:16 --> Output Class Initialized
INFO - 2025-05-20 21:18:16 --> Security Class Initialized
DEBUG - 2025-05-20 21:18:16 --> Global POST, GET and COOKIE data sanitized
INFO - 2025-05-20 21:18:16 --> Input Class Initialized
INFO - 2025-05-20 21:18:16 --> Language Class Initialized
INFO - 2025-05-20 21:18:16 --> Language Class Initialized
INFO - 2025-05-20 21:18:16 --> Config Class Initialized
INFO - 2025-05-20 21:18:16 --> Loader Class Initialized
INFO - 2025-05-20 21:18:16 --> Helper loaded: url_helper
INFO - 2025-05-20 21:18:16 --> Helper loaded: easyui_helper
INFO - 2025-05-20 21:18:16 --> Helper loaded: param_helper
INFO - 2025-05-20 21:18:16 --> Helper loaded: credential_helper
INFO - 2025-05-20 21:18:16 --> Helper loaded: template_helper
INFO - 2025-05-20 21:18:16 --> Helper loaded: rest_helper
INFO - 2025-05-20 21:18:16 --> Database Driver Class Initialized
DEBUG - 2025-05-20 21:18:16 --> Idgenerator class already loaded. Second attempt ignored.
INFO - 2025-05-20 21:18:16 --> Controller Class Initialized
INFO - 2025-05-20 21:18:16 --> Model Class Initialized
DEBUG - 2025-05-20 21:18:16 --> File loaded: /apps/web-drc/application/modules/ref_sales_salesman/models/Sales_salesman_model.php
INFO - 2025-05-20 21:18:16 --> Model Class Initialized
INFO - 2025-05-20 21:18:16 --> Final output sent to browser
DEBUG - 2025-05-20 21:18:16 --> Total execution time: 0.0090
INFO - 2025-05-20 21:18:18 --> Config Class Initialized
INFO - 2025-05-20 21:18:18 --> Hooks Class Initialized
DEBUG - 2025-05-20 21:18:18 --> UTF-8 Support Enabled
INFO - 2025-05-20 21:18:18 --> Utf8 Class Initialized
INFO - 2025-05-20 21:18:18 --> URI Class Initialized
INFO - 2025-05-20 21:18:18 --> Router Class Initialized
INFO - 2025-05-20 21:18:18 --> Output Class Initialized
INFO - 2025-05-20 21:18:18 --> Security Class Initialized
DEBUG - 2025-05-20 21:18:18 --> Global POST, GET and COOKIE data sanitized
INFO - 2025-05-20 21:18:18 --> Input Class Initialized
INFO - 2025-05-20 21:18:18 --> Language Class Initialized
INFO - 2025-05-20 21:18:18 --> Language Class Initialized
INFO - 2025-05-20 21:18:18 --> Config Class Initialized
INFO - 2025-05-20 21:18:18 --> Loader Class Initialized
INFO - 2025-05-20 21:18:18 --> Helper loaded: url_helper
INFO - 2025-05-20 21:18:18 --> Helper loaded: easyui_helper
INFO - 2025-05-20 21:18:18 --> Helper loaded: param_helper
INFO - 2025-05-20 21:18:18 --> Helper loaded: credential_helper
INFO - 2025-05-20 21:18:18 --> Helper loaded: template_helper
INFO - 2025-05-20 21:18:18 --> Helper loaded: rest_helper
INFO - 2025-05-20 21:18:18 --> Database Driver Class Initialized
DEBUG - 2025-05-20 21:18:18 --> Idgenerator class already loaded. Second attempt ignored.
INFO - 2025-05-20 21:18:18 --> Controller Class Initialized
INFO - 2025-05-20 21:18:18 --> Model Class Initialized
DEBUG - 2025-05-20 21:18:18 --> File loaded: /apps/web-drc/application/modules/ref_sales_salesman/models/Sales_salesman_model.php
INFO - 2025-05-20 21:18:18 --> Model Class Initialized
INFO - 2025-05-20 21:18:18 --> Final output sent to browser
DEBUG - 2025-05-20 21:18:18 --> Total execution time: 0.0067
INFO - 2025-05-20 21:18:35 --> Config Class Initialized
INFO - 2025-05-20 21:18:35 --> Hooks Class Initialized
DEBUG - 2025-05-20 21:18:35 --> UTF-8 Support Enabled
INFO - 2025-05-20 21:18:35 --> Utf8 Class Initialized
INFO - 2025-05-20 21:18:35 --> URI Class Initialized
INFO - 2025-05-20 21:18:35 --> Router Class Initialized
INFO - 2025-05-20 21:18:35 --> Output Class Initialized
INFO - 2025-05-20 21:18:35 --> Security Class Initialized
DEBUG - 2025-05-20 21:18:35 --> Global POST, GET and COOKIE data sanitized
INFO - 2025-05-20 21:18:35 --> Input Class Initialized
INFO - 2025-05-20 21:18:35 --> Language Class Initialized
INFO - 2025-05-20 21:18:35 --> Language Class Initialized
INFO - 2025-05-20 21:18:35 --> Config Class Initialized
INFO - 2025-05-20 21:18:35 --> Loader Class Initialized
INFO - 2025-05-20 21:18:35 --> Helper loaded: url_helper
INFO - 2025-05-20 21:18:35 --> Helper loaded: easyui_helper
INFO - 2025-05-20 21:18:35 --> Helper loaded: param_helper
INFO - 2025-05-20 21:18:35 --> Helper loaded: credential_helper
INFO - 2025-05-20 21:18:35 --> Helper loaded: template_helper
INFO - 2025-05-20 21:18:35 --> Helper loaded: rest_helper
INFO - 2025-05-20 21:18:35 --> Database Driver Class Initialized
DEBUG - 2025-05-20 21:18:35 --> Idgenerator class already loaded. Second attempt ignored.
INFO - 2025-05-20 21:18:35 --> Controller Class Initialized
INFO - 2025-05-20 21:18:35 --> Model Class Initialized
DEBUG - 2025-05-20 21:18:35 --> File loaded: /apps/web-drc/application/modules/app_dashboard/models/App_dashboard_model.php
INFO - 2025-05-20 21:18:35 --> Model Class Initialized
DEBUG - 2025-05-20 21:18:35 --> File loaded: /apps/web-drc/application/modules/app_dashboard/views/content.php
DEBUG - 2025-05-20 21:18:35 --> File loaded: /apps/web-drc/application/views/templates/header.php
DEBUG - 2025-05-20 21:18:35 --> File loaded: /apps/web-drc/application/views/templates/toolbar.php
DEBUG - 2025-05-20 21:18:35 --> File loaded: /apps/web-drc/application/views/templates/sidebar.php
DEBUG - 2025-05-20 21:18:35 --> File loaded: /apps/web-drc/application/views/templates/contents.php
DEBUG - 2025-05-20 21:18:35 --> File loaded: /apps/web-drc/application/views/templates/content_footer.php
DEBUG - 2025-05-20 21:18:35 --> File loaded: /apps/web-drc/application/views/templates/footer.php
DEBUG - 2025-05-20 21:18:35 --> File loaded: /apps/web-drc/application/views/templates/default.php
INFO - 2025-05-20 21:18:35 --> Final output sent to browser
DEBUG - 2025-05-20 21:18:35 --> Total execution time: 0.0107
INFO - 2025-05-20 21:18:35 --> Config Class Initialized
INFO - 2025-05-20 21:18:35 --> Hooks Class Initialized
DEBUG - 2025-05-20 21:18:35 --> UTF-8 Support Enabled
INFO - 2025-05-20 21:18:35 --> Utf8 Class Initialized
INFO - 2025-05-20 21:18:35 --> URI Class Initialized
INFO - 2025-05-20 21:18:35 --> Router Class Initialized
INFO - 2025-05-20 21:18:35 --> Output Class Initialized
INFO - 2025-05-20 21:18:35 --> Security Class Initialized
DEBUG - 2025-05-20 21:18:35 --> Global POST, GET and COOKIE data sanitized
INFO - 2025-05-20 21:18:35 --> Input Class Initialized
INFO - 2025-05-20 21:18:35 --> Language Class Initialized
INFO - 2025-05-20 21:18:35 --> Language Class Initialized
INFO - 2025-05-20 21:18:35 --> Config Class Initialized
INFO - 2025-05-20 21:18:35 --> Loader Class Initialized
INFO - 2025-05-20 21:18:35 --> Helper loaded: url_helper
INFO - 2025-05-20 21:18:35 --> Helper loaded: easyui_helper
INFO - 2025-05-20 21:18:35 --> Helper loaded: param_helper
INFO - 2025-05-20 21:18:35 --> Helper loaded: credential_helper
INFO - 2025-05-20 21:18:35 --> Helper loaded: template_helper
INFO - 2025-05-20 21:18:35 --> Helper loaded: rest_helper
INFO - 2025-05-20 21:18:35 --> Database Driver Class Initialized
DEBUG - 2025-05-20 21:18:35 --> Idgenerator class already loaded. Second attempt ignored.
INFO - 2025-05-20 21:18:35 --> Controller Class Initialized
INFO - 2025-05-20 21:18:35 --> Model Class Initialized
DEBUG - 2025-05-20 21:18:35 --> File loaded: /apps/web-drc/application/modules/app_dashboard/models/App_dashboard_model.php
INFO - 2025-05-20 21:18:35 --> Model Class Initialized
INFO - 2025-05-20 21:18:35 --> Final output sent to browser
DEBUG - 2025-05-20 21:18:35 --> Total execution time: 0.0111
INFO - 2025-05-20 21:18:35 --> Config Class Initialized
INFO - 2025-05-20 21:18:35 --> Hooks Class Initialized
DEBUG - 2025-05-20 21:18:35 --> UTF-8 Support Enabled
INFO - 2025-05-20 21:18:35 --> Utf8 Class Initialized
INFO - 2025-05-20 21:18:35 --> URI Class Initialized
INFO - 2025-05-20 21:18:35 --> Router Class Initialized
INFO - 2025-05-20 21:18:35 --> Output Class Initialized
INFO - 2025-05-20 21:18:35 --> Security Class Initialized
DEBUG - 2025-05-20 21:18:35 --> Global POST, GET and COOKIE data sanitized
INFO - 2025-05-20 21:18:35 --> Input Class Initialized
INFO - 2025-05-20 21:18:35 --> Language Class Initialized
INFO - 2025-05-20 21:18:35 --> Language Class Initialized
INFO - 2025-05-20 21:18:35 --> Config Class Initialized
INFO - 2025-05-20 21:18:35 --> Loader Class Initialized
INFO - 2025-05-20 21:18:35 --> Helper loaded: url_helper
INFO - 2025-05-20 21:18:35 --> Helper loaded: easyui_helper
INFO - 2025-05-20 21:18:35 --> Helper loaded: param_helper
INFO - 2025-05-20 21:18:35 --> Helper loaded: credential_helper
INFO - 2025-05-20 21:18:35 --> Helper loaded: template_helper
INFO - 2025-05-20 21:18:35 --> Helper loaded: rest_helper
INFO - 2025-05-20 21:18:35 --> Database Driver Class Initialized
DEBUG - 2025-05-20 21:18:35 --> Idgenerator class already loaded. Second attempt ignored.
INFO - 2025-05-20 21:18:35 --> Controller Class Initialized
INFO - 2025-05-20 21:18:35 --> Model Class Initialized
DEBUG - 2025-05-20 21:18:35 --> File loaded: /apps/web-drc/application/modules/api_v1/models/Api_v1_model.php
INFO - 2025-05-20 21:18:35 --> Model Class Initialized
INFO - 2025-05-20 21:18:35 --> Final output sent to browser
DEBUG - 2025-05-20 21:18:35 --> Total execution time: 0.0102
INFO - 2025-05-20 21:18:52 --> Config Class Initialized
INFO - 2025-05-20 21:18:52 --> Hooks Class Initialized
DEBUG - 2025-05-20 21:18:52 --> UTF-8 Support Enabled
INFO - 2025-05-20 21:18:52 --> Utf8 Class Initialized
INFO - 2025-05-20 21:18:52 --> URI Class Initialized
INFO - 2025-05-20 21:18:52 --> Router Class Initialized
INFO - 2025-05-20 21:18:52 --> Output Class Initialized
INFO - 2025-05-20 21:18:52 --> Security Class Initialized
DEBUG - 2025-05-20 21:18:52 --> Global POST, GET and COOKIE data sanitized
INFO - 2025-05-20 21:18:52 --> Input Class Initialized
INFO - 2025-05-20 21:18:52 --> Language Class Initialized
INFO - 2025-05-20 21:18:52 --> Language Class Initialized
INFO - 2025-05-20 21:18:52 --> Config Class Initialized
INFO - 2025-05-20 21:18:52 --> Loader Class Initialized
INFO - 2025-05-20 21:18:52 --> Helper loaded: url_helper
INFO - 2025-05-20 21:18:52 --> Helper loaded: easyui_helper
INFO - 2025-05-20 21:18:52 --> Helper loaded: param_helper
INFO - 2025-05-20 21:18:52 --> Helper loaded: credential_helper
INFO - 2025-05-20 21:18:52 --> Helper loaded: template_helper
INFO - 2025-05-20 21:18:52 --> Helper loaded: rest_helper
INFO - 2025-05-20 21:18:52 --> Database Driver Class Initialized
DEBUG - 2025-05-20 21:18:52 --> Idgenerator class already loaded. Second attempt ignored.
INFO - 2025-05-20 21:18:52 --> Controller Class Initialized
INFO - 2025-05-20 21:18:52 --> Model Class Initialized
DEBUG - 2025-05-20 21:18:52 --> File loaded: /apps/web-drc/application/modules/ref_customer/models/Customer_model.php
INFO - 2025-05-20 21:18:52 --> Model Class Initialized
DEBUG - 2025-05-20 21:18:52 --> File loaded: /apps/web-drc/application/modules/ref_customer/views/content.php
DEBUG - 2025-05-20 21:18:52 --> File loaded: /apps/web-drc/application/views/templates/header.php
DEBUG - 2025-05-20 21:18:52 --> File loaded: /apps/web-drc/application/views/templates/toolbar.php
DEBUG - 2025-05-20 21:18:52 --> File loaded: /apps/web-drc/application/views/templates/sidebar.php
DEBUG - 2025-05-20 21:18:52 --> File loaded: /apps/web-drc/application/views/templates/contents.php
DEBUG - 2025-05-20 21:18:52 --> File loaded: /apps/web-drc/application/views/templates/content_footer.php
DEBUG - 2025-05-20 21:18:52 --> File loaded: /apps/web-drc/application/views/templates/footer.php
DEBUG - 2025-05-20 21:18:52 --> File loaded: /apps/web-drc/application/views/templates/default.php
INFO - 2025-05-20 21:18:52 --> Final output sent to browser
DEBUG - 2025-05-20 21:18:52 --> Total execution time: 0.0189
INFO - 2025-05-20 21:18:52 --> Config Class Initialized
INFO - 2025-05-20 21:18:52 --> Hooks Class Initialized
DEBUG - 2025-05-20 21:18:52 --> UTF-8 Support Enabled
INFO - 2025-05-20 21:18:52 --> Utf8 Class Initialized
INFO - 2025-05-20 21:18:52 --> URI Class Initialized
INFO - 2025-05-20 21:18:52 --> Router Class Initialized
INFO - 2025-05-20 21:18:52 --> Output Class Initialized
INFO - 2025-05-20 21:18:52 --> Security Class Initialized
DEBUG - 2025-05-20 21:18:52 --> Global POST, GET and COOKIE data sanitized
INFO - 2025-05-20 21:18:52 --> Input Class Initialized
INFO - 2025-05-20 21:18:52 --> Language Class Initialized
INFO - 2025-05-20 21:18:52 --> Language Class Initialized
INFO - 2025-05-20 21:18:52 --> Config Class Initialized
INFO - 2025-05-20 21:18:52 --> Loader Class Initialized
INFO - 2025-05-20 21:18:52 --> Helper loaded: url_helper
INFO - 2025-05-20 21:18:52 --> Helper loaded: easyui_helper
INFO - 2025-05-20 21:18:52 --> Helper loaded: param_helper
INFO - 2025-05-20 21:18:52 --> Helper loaded: credential_helper
INFO - 2025-05-20 21:18:52 --> Helper loaded: template_helper
INFO - 2025-05-20 21:18:52 --> Helper loaded: rest_helper
INFO - 2025-05-20 21:18:52 --> Database Driver Class Initialized
DEBUG - 2025-05-20 21:18:52 --> Idgenerator class already loaded. Second attempt ignored.
INFO - 2025-05-20 21:18:52 --> Controller Class Initialized
INFO - 2025-05-20 21:18:52 --> Model Class Initialized
DEBUG - 2025-05-20 21:18:52 --> File loaded: /apps/web-drc/application/modules/ref_customer/models/Customer_model.php
INFO - 2025-05-20 21:18:52 --> Model Class Initialized
INFO - 2025-05-20 21:19:00 --> Final output sent to browser
DEBUG - 2025-05-20 21:19:00 --> Total execution time: 7.0894
INFO - 2025-05-20 21:19:06 --> Config Class Initialized
INFO - 2025-05-20 21:19:06 --> Hooks Class Initialized
DEBUG - 2025-05-20 21:19:06 --> UTF-8 Support Enabled
INFO - 2025-05-20 21:19:06 --> Utf8 Class Initialized
INFO - 2025-05-20 21:19:06 --> URI Class Initialized
INFO - 2025-05-20 21:19:06 --> Router Class Initialized
INFO - 2025-05-20 21:19:06 --> Output Class Initialized
INFO - 2025-05-20 21:19:06 --> Security Class Initialized
DEBUG - 2025-05-20 21:19:06 --> Global POST, GET and COOKIE data sanitized
INFO - 2025-05-20 21:19:06 --> Input Class Initialized
INFO - 2025-05-20 21:19:06 --> Language Class Initialized
INFO - 2025-05-20 21:19:06 --> Language Class Initialized
INFO - 2025-05-20 21:19:06 --> Config Class Initialized
INFO - 2025-05-20 21:19:06 --> Loader Class Initialized
INFO - 2025-05-20 21:19:06 --> Helper loaded: url_helper
INFO - 2025-05-20 21:19:06 --> Helper loaded: easyui_helper
INFO - 2025-05-20 21:19:06 --> Helper loaded: param_helper
INFO - 2025-05-20 21:19:06 --> Helper loaded: credential_helper
INFO - 2025-05-20 21:19:06 --> Helper loaded: template_helper
INFO - 2025-05-20 21:19:06 --> Helper loaded: rest_helper
INFO - 2025-05-20 21:19:06 --> Database Driver Class Initialized
DEBUG - 2025-05-20 21:19:06 --> Idgenerator class already loaded. Second attempt ignored.
INFO - 2025-05-20 21:19:06 --> Controller Class Initialized
INFO - 2025-05-20 21:19:06 --> Model Class Initialized
DEBUG - 2025-05-20 21:19:06 --> File loaded: /apps/web-drc/application/modules/ref_customer/models/Customer_model.php
INFO - 2025-05-20 21:19:06 --> Model Class Initialized
INFO - 2025-05-20 21:19:27 --> Final output sent to browser
DEBUG - 2025-05-20 21:19:27 --> Total execution time: 20.3699
INFO - 2025-05-20 23:55:13 --> Config Class Initialized
INFO - 2025-05-20 23:55:13 --> Hooks Class Initialized
DEBUG - 2025-05-20 23:55:13 --> UTF-8 Support Enabled
INFO - 2025-05-20 23:55:13 --> Utf8 Class Initialized
INFO - 2025-05-20 23:55:13 --> URI Class Initialized
INFO - 2025-05-20 23:55:13 --> Router Class Initialized
INFO - 2025-05-20 23:55:13 --> Output Class Initialized
INFO - 2025-05-20 23:55:13 --> Security Class Initialized
DEBUG - 2025-05-20 23:55:13 --> Global POST, GET and COOKIE data sanitized
INFO - 2025-05-20 23:55:13 --> Input Class Initialized
INFO - 2025-05-20 23:55:13 --> Language Class Initialized
INFO - 2025-05-20 23:55:13 --> Language Class Initialized
INFO - 2025-05-20 23:55:13 --> Config Class Initialized
INFO - 2025-05-20 23:55:13 --> Loader Class Initialized
INFO - 2025-05-20 23:55:13 --> Helper loaded: url_helper
INFO - 2025-05-20 23:55:13 --> Helper loaded: easyui_helper
INFO - 2025-05-20 23:55:13 --> Helper loaded: param_helper
INFO - 2025-05-20 23:55:13 --> Helper loaded: credential_helper
INFO - 2025-05-20 23:55:13 --> Helper loaded: template_helper
INFO - 2025-05-20 23:55:13 --> Helper loaded: rest_helper
INFO - 2025-05-20 23:55:13 --> Database Driver Class Initialized
DEBUG - 2025-05-20 23:55:13 --> Idgenerator class already loaded. Second attempt ignored.
INFO - 2025-05-20 23:55:13 --> Controller Class Initialized
INFO - 2025-05-20 23:55:13 --> Model Class Initialized
DEBUG - 2025-05-20 23:55:13 --> File loaded: /apps/web-drc/application/modules/ref_sales_salesman/models/Sales_salesman_model.php
INFO - 2025-05-20 23:55:13 --> Model Class Initialized
DEBUG - 2025-05-20 23:55:13 --> File loaded: /apps/web-drc/application/modules/ref_sales_salesman/views/content.php
DEBUG - 2025-05-20 23:55:13 --> File loaded: /apps/web-drc/application/views/templates/header.php
DEBUG - 2025-05-20 23:55:13 --> File loaded: /apps/web-drc/application/views/templates/toolbar.php
DEBUG - 2025-05-20 23:55:13 --> File loaded: /apps/web-drc/application/views/templates/sidebar.php
DEBUG - 2025-05-20 23:55:13 --> File loaded: /apps/web-drc/application/views/templates/contents.php
DEBUG - 2025-05-20 23:55:13 --> File loaded: /apps/web-drc/application/views/templates/content_footer.php
DEBUG - 2025-05-20 23:55:13 --> File loaded: /apps/web-drc/application/views/templates/footer.php
INFO - 2025-05-20 23:55:13 --> Config Class Initialized
INFO - 2025-05-20 23:55:13 --> Hooks Class Initialized
DEBUG - 2025-05-20 23:55:13 --> UTF-8 Support Enabled
INFO - 2025-05-20 23:55:13 --> Utf8 Class Initialized
INFO - 2025-05-20 23:55:13 --> URI Class Initialized
DEBUG - 2025-05-20 23:55:13 --> No URI present. Default controller set.
INFO - 2025-05-20 23:55:13 --> Router Class Initialized
INFO - 2025-05-20 23:55:13 --> Output Class Initialized
INFO - 2025-05-20 23:55:13 --> Security Class Initialized
DEBUG - 2025-05-20 23:55:13 --> Global POST, GET and COOKIE data sanitized
INFO - 2025-05-20 23:55:13 --> Input Class Initialized
INFO - 2025-05-20 23:55:13 --> Language Class Initialized
INFO - 2025-05-20 23:55:13 --> Language Class Initialized
INFO - 2025-05-20 23:55:13 --> Config Class Initialized
INFO - 2025-05-20 23:55:13 --> Loader Class Initialized
INFO - 2025-05-20 23:55:13 --> Helper loaded: url_helper
INFO - 2025-05-20 23:55:13 --> Helper loaded: easyui_helper
INFO - 2025-05-20 23:55:13 --> Helper loaded: param_helper
INFO - 2025-05-20 23:55:13 --> Helper loaded: credential_helper
INFO - 2025-05-20 23:55:13 --> Helper loaded: template_helper
INFO - 2025-05-20 23:55:13 --> Helper loaded: rest_helper
INFO - 2025-05-20 23:55:13 --> Database Driver Class Initialized
DEBUG - 2025-05-20 23:55:13 --> Idgenerator class already loaded. Second attempt ignored.
INFO - 2025-05-20 23:55:13 --> Controller Class Initialized
DEBUG - 2025-05-20 23:55:13 --> File loaded: /apps/web-drc/application/modules/app_auth/views/login_lte_template.php
DEBUG - 2025-05-20 23:55:13 --> File loaded: /apps/web-drc/application/views/template_login_lte/header.php
DEBUG - 2025-05-20 23:55:13 --> File loaded: /apps/web-drc/application/views/template_login_lte/contents.php
DEBUG - 2025-05-20 23:55:13 --> File loaded: /apps/web-drc/application/views/template_login_lte/default.php
INFO - 2025-05-20 23:55:13 --> Final output sent to browser
DEBUG - 2025-05-20 23:55:13 --> Total execution time: 0.0060
INFO - 2025-05-20 23:55:15 --> Config Class Initialized
INFO - 2025-05-20 23:55:15 --> Hooks Class Initialized
DEBUG - 2025-05-20 23:55:15 --> UTF-8 Support Enabled
INFO - 2025-05-20 23:55:15 --> Utf8 Class Initialized
INFO - 2025-05-20 23:55:15 --> URI Class Initialized
INFO - 2025-05-20 23:55:15 --> Router Class Initialized
INFO - 2025-05-20 23:55:15 --> Output Class Initialized
INFO - 2025-05-20 23:55:15 --> Security Class Initialized
DEBUG - 2025-05-20 23:55:15 --> Global POST, GET and COOKIE data sanitized
INFO - 2025-05-20 23:55:15 --> Input Class Initialized
INFO - 2025-05-20 23:55:15 --> Language Class Initialized
INFO - 2025-05-20 23:55:15 --> Language Class Initialized
INFO - 2025-05-20 23:55:15 --> Config Class Initialized
INFO - 2025-05-20 23:55:15 --> Loader Class Initialized
INFO - 2025-05-20 23:55:15 --> Helper loaded: url_helper
INFO - 2025-05-20 23:55:15 --> Helper loaded: easyui_helper
INFO - 2025-05-20 23:55:15 --> Helper loaded: param_helper
INFO - 2025-05-20 23:55:15 --> Helper loaded: credential_helper
INFO - 2025-05-20 23:55:15 --> Helper loaded: template_helper
INFO - 2025-05-20 23:55:15 --> Helper loaded: rest_helper
INFO - 2025-05-20 23:55:15 --> Database Driver Class Initialized
DEBUG - 2025-05-20 23:55:15 --> Idgenerator class already loaded. Second attempt ignored.
INFO - 2025-05-20 23:55:15 --> Controller Class Initialized
INFO - 2025-05-20 23:55:15 --> Final output sent to browser
DEBUG - 2025-05-20 23:55:15 --> Total execution time: 0.0051
INFO - 2025-05-20 23:55:15 --> Config Class Initialized
INFO - 2025-05-20 23:55:15 --> Hooks Class Initialized
DEBUG - 2025-05-20 23:55:15 --> UTF-8 Support Enabled
INFO - 2025-05-20 23:55:15 --> Utf8 Class Initialized
INFO - 2025-05-20 23:55:15 --> URI Class Initialized
INFO - 2025-05-20 23:55:15 --> Router Class Initialized
INFO - 2025-05-20 23:55:15 --> Output Class Initialized
INFO - 2025-05-20 23:55:15 --> Security Class Initialized
DEBUG - 2025-05-20 23:55:15 --> Global POST, GET and COOKIE data sanitized
INFO - 2025-05-20 23:55:15 --> Input Class Initialized
INFO - 2025-05-20 23:55:15 --> Language Class Initialized
INFO - 2025-05-20 23:55:15 --> Language Class Initialized
INFO - 2025-05-20 23:55:15 --> Config Class Initialized
INFO - 2025-05-20 23:55:15 --> Loader Class Initialized
INFO - 2025-05-20 23:55:15 --> Helper loaded: url_helper
INFO - 2025-05-20 23:55:15 --> Helper loaded: easyui_helper
INFO - 2025-05-20 23:55:15 --> Helper loaded: param_helper
INFO - 2025-05-20 23:55:15 --> Helper loaded: credential_helper
INFO - 2025-05-20 23:55:15 --> Helper loaded: template_helper
INFO - 2025-05-20 23:55:15 --> Helper loaded: rest_helper
INFO - 2025-05-20 23:55:15 --> Database Driver Class Initialized
DEBUG - 2025-05-20 23:55:15 --> Idgenerator class already loaded. Second attempt ignored.
INFO - 2025-05-20 23:55:15 --> Controller Class Initialized
INFO - 2025-05-20 23:55:15 --> Model Class Initialized
DEBUG - 2025-05-20 23:55:15 --> File loaded: /apps/web-drc/application/modules/app_dashboard/models/App_dashboard_model.php
INFO - 2025-05-20 23:55:15 --> Model Class Initialized
DEBUG - 2025-05-20 23:55:15 --> File loaded: /apps/web-drc/application/modules/app_dashboard/views/content.php
DEBUG - 2025-05-20 23:55:15 --> File loaded: /apps/web-drc/application/views/templates/header.php
DEBUG - 2025-05-20 23:55:15 --> File loaded: /apps/web-drc/application/views/templates/toolbar.php
DEBUG - 2025-05-20 23:55:15 --> File loaded: /apps/web-drc/application/views/templates/sidebar.php
DEBUG - 2025-05-20 23:55:15 --> File loaded: /apps/web-drc/application/views/templates/contents.php
DEBUG - 2025-05-20 23:55:15 --> File loaded: /apps/web-drc/application/views/templates/content_footer.php
DEBUG - 2025-05-20 23:55:15 --> File loaded: /apps/web-drc/application/views/templates/footer.php
DEBUG - 2025-05-20 23:55:15 --> File loaded: /apps/web-drc/application/views/templates/default.php
INFO - 2025-05-20 23:55:15 --> Final output sent to browser
DEBUG - 2025-05-20 23:55:15 --> Total execution time: 0.0065
INFO - 2025-05-20 23:55:15 --> Config Class Initialized
INFO - 2025-05-20 23:55:15 --> Hooks Class Initialized
DEBUG - 2025-05-20 23:55:15 --> UTF-8 Support Enabled
INFO - 2025-05-20 23:55:15 --> Utf8 Class Initialized
INFO - 2025-05-20 23:55:15 --> URI Class Initialized
INFO - 2025-05-20 23:55:15 --> Router Class Initialized
INFO - 2025-05-20 23:55:15 --> Output Class Initialized
INFO - 2025-05-20 23:55:15 --> Security Class Initialized
DEBUG - 2025-05-20 23:55:15 --> Global POST, GET and COOKIE data sanitized
INFO - 2025-05-20 23:55:15 --> Input Class Initialized
INFO - 2025-05-20 23:55:15 --> Language Class Initialized
INFO - 2025-05-20 23:55:15 --> Language Class Initialized
INFO - 2025-05-20 23:55:15 --> Config Class Initialized
INFO - 2025-05-20 23:55:15 --> Loader Class Initialized
INFO - 2025-05-20 23:55:15 --> Helper loaded: url_helper
INFO - 2025-05-20 23:55:15 --> Helper loaded: easyui_helper
INFO - 2025-05-20 23:55:15 --> Helper loaded: param_helper
INFO - 2025-05-20 23:55:15 --> Helper loaded: credential_helper
INFO - 2025-05-20 23:55:15 --> Helper loaded: template_helper
INFO - 2025-05-20 23:55:15 --> Helper loaded: rest_helper
INFO - 2025-05-20 23:55:15 --> Database Driver Class Initialized
DEBUG - 2025-05-20 23:55:15 --> Idgenerator class already loaded. Second attempt ignored.
INFO - 2025-05-20 23:55:15 --> Controller Class Initialized
INFO - 2025-05-20 23:55:15 --> Model Class Initialized
DEBUG - 2025-05-20 23:55:15 --> File loaded: /apps/web-drc/application/modules/app_dashboard/models/App_dashboard_model.php
INFO - 2025-05-20 23:55:15 --> Model Class Initialized
INFO - 2025-05-20 23:55:15 --> Final output sent to browser
DEBUG - 2025-05-20 23:55:15 --> Total execution time: 0.0084
INFO - 2025-05-20 23:55:15 --> Config Class Initialized
INFO - 2025-05-20 23:55:15 --> Hooks Class Initialized
DEBUG - 2025-05-20 23:55:15 --> UTF-8 Support Enabled
INFO - 2025-05-20 23:55:15 --> Utf8 Class Initialized
INFO - 2025-05-20 23:55:15 --> URI Class Initialized
INFO - 2025-05-20 23:55:15 --> Router Class Initialized
INFO - 2025-05-20 23:55:15 --> Output Class Initialized
INFO - 2025-05-20 23:55:15 --> Security Class Initialized
DEBUG - 2025-05-20 23:55:15 --> Global POST, GET and COOKIE data sanitized
INFO - 2025-05-20 23:55:15 --> Input Class Initialized
INFO - 2025-05-20 23:55:15 --> Language Class Initialized
INFO - 2025-05-20 23:55:15 --> Language Class Initialized
INFO - 2025-05-20 23:55:15 --> Config Class Initialized
INFO - 2025-05-20 23:55:15 --> Loader Class Initialized
INFO - 2025-05-20 23:55:15 --> Helper loaded: url_helper
INFO - 2025-05-20 23:55:15 --> Helper loaded: easyui_helper
INFO - 2025-05-20 23:55:15 --> Helper loaded: param_helper
INFO - 2025-05-20 23:55:15 --> Helper loaded: credential_helper
INFO - 2025-05-20 23:55:15 --> Helper loaded: template_helper
INFO - 2025-05-20 23:55:15 --> Helper loaded: rest_helper
INFO - 2025-05-20 23:55:15 --> Database Driver Class Initialized
DEBUG - 2025-05-20 23:55:15 --> Idgenerator class already loaded. Second attempt ignored.
INFO - 2025-05-20 23:55:15 --> Controller Class Initialized
INFO - 2025-05-20 23:55:15 --> Model Class Initialized
DEBUG - 2025-05-20 23:55:15 --> File loaded: /apps/web-drc/application/modules/api_v1/models/Api_v1_model.php
INFO - 2025-05-20 23:55:15 --> Model Class Initialized
INFO - 2025-05-20 23:55:15 --> Final output sent to browser
DEBUG - 2025-05-20 23:55:15 --> Total execution time: 0.0036
INFO - 2025-05-20 23:55:23 --> Config Class Initialized
INFO - 2025-05-20 23:55:23 --> Hooks Class Initialized
DEBUG - 2025-05-20 23:55:23 --> UTF-8 Support Enabled
INFO - 2025-05-20 23:55:23 --> Utf8 Class Initialized
INFO - 2025-05-20 23:55:23 --> URI Class Initialized
INFO - 2025-05-20 23:55:23 --> Router Class Initialized
INFO - 2025-05-20 23:55:23 --> Output Class Initialized
INFO - 2025-05-20 23:55:23 --> Security Class Initialized
DEBUG - 2025-05-20 23:55:23 --> Global POST, GET and COOKIE data sanitized
INFO - 2025-05-20 23:55:23 --> Input Class Initialized
INFO - 2025-05-20 23:55:23 --> Language Class Initialized
INFO - 2025-05-20 23:55:23 --> Language Class Initialized
INFO - 2025-05-20 23:55:23 --> Config Class Initialized
INFO - 2025-05-20 23:55:23 --> Loader Class Initialized
INFO - 2025-05-20 23:55:23 --> Helper loaded: url_helper
INFO - 2025-05-20 23:55:23 --> Helper loaded: easyui_helper
INFO - 2025-05-20 23:55:23 --> Helper loaded: param_helper
INFO - 2025-05-20 23:55:23 --> Helper loaded: credential_helper
INFO - 2025-05-20 23:55:23 --> Helper loaded: template_helper
INFO - 2025-05-20 23:55:23 --> Helper loaded: rest_helper
INFO - 2025-05-20 23:55:23 --> Database Driver Class Initialized
DEBUG - 2025-05-20 23:55:23 --> Idgenerator class already loaded. Second attempt ignored.
INFO - 2025-05-20 23:55:23 --> Controller Class Initialized
INFO - 2025-05-20 23:55:23 --> Model Class Initialized
DEBUG - 2025-05-20 23:55:23 --> File loaded: /apps/web-drc/application/modules/ref_sales_salesman/models/Sales_salesman_model.php
INFO - 2025-05-20 23:55:23 --> Model Class Initialized
DEBUG - 2025-05-20 23:55:23 --> File loaded: /apps/web-drc/application/modules/ref_sales_salesman/views/content.php
DEBUG - 2025-05-20 23:55:23 --> File loaded: /apps/web-drc/application/views/templates/header.php
DEBUG - 2025-05-20 23:55:23 --> File loaded: /apps/web-drc/application/views/templates/toolbar.php
DEBUG - 2025-05-20 23:55:23 --> File loaded: /apps/web-drc/application/views/templates/sidebar.php
DEBUG - 2025-05-20 23:55:23 --> File loaded: /apps/web-drc/application/views/templates/contents.php
DEBUG - 2025-05-20 23:55:23 --> File loaded: /apps/web-drc/application/views/templates/content_footer.php
DEBUG - 2025-05-20 23:55:23 --> File loaded: /apps/web-drc/application/views/templates/footer.php
DEBUG - 2025-05-20 23:55:23 --> File loaded: /apps/web-drc/application/views/templates/default.php
INFO - 2025-05-20 23:55:23 --> Final output sent to browser
DEBUG - 2025-05-20 23:55:23 --> Total execution time: 0.0097
INFO - 2025-05-20 23:55:23 --> Config Class Initialized
INFO - 2025-05-20 23:55:23 --> Hooks Class Initialized
DEBUG - 2025-05-20 23:55:23 --> UTF-8 Support Enabled
INFO - 2025-05-20 23:55:23 --> Utf8 Class Initialized
INFO - 2025-05-20 23:55:23 --> URI Class Initialized
INFO - 2025-05-20 23:55:23 --> Router Class Initialized
INFO - 2025-05-20 23:55:23 --> Output Class Initialized
INFO - 2025-05-20 23:55:23 --> Security Class Initialized
DEBUG - 2025-05-20 23:55:23 --> Global POST, GET and COOKIE data sanitized
INFO - 2025-05-20 23:55:23 --> Input Class Initialized
INFO - 2025-05-20 23:55:23 --> Language Class Initialized
INFO - 2025-05-20 23:55:23 --> Language Class Initialized
INFO - 2025-05-20 23:55:23 --> Config Class Initialized
INFO - 2025-05-20 23:55:23 --> Loader Class Initialized
INFO - 2025-05-20 23:55:23 --> Helper loaded: url_helper
INFO - 2025-05-20 23:55:23 --> Helper loaded: easyui_helper
INFO - 2025-05-20 23:55:23 --> Helper loaded: param_helper
INFO - 2025-05-20 23:55:23 --> Helper loaded: credential_helper
INFO - 2025-05-20 23:55:23 --> Helper loaded: template_helper
INFO - 2025-05-20 23:55:23 --> Helper loaded: rest_helper
INFO - 2025-05-20 23:55:23 --> Database Driver Class Initialized
DEBUG - 2025-05-20 23:55:23 --> Idgenerator class already loaded. Second attempt ignored.
INFO - 2025-05-20 23:55:23 --> Controller Class Initialized
INFO - 2025-05-20 23:55:23 --> Model Class Initialized
DEBUG - 2025-05-20 23:55:23 --> File loaded: /apps/web-drc/application/modules/ref_sales_salesman/models/Sales_salesman_model.php
INFO - 2025-05-20 23:55:23 --> Model Class Initialized
INFO - 2025-05-20 23:55:23 --> Final output sent to browser
DEBUG - 2025-05-20 23:55:23 --> Total execution time: 0.0107
