INFO - 2025-02-02 00:30:02 --> Config Class Initialized
INFO - 2025-02-02 00:30:02 --> Hooks Class Initialized
DEBUG - 2025-02-02 00:30:02 --> UTF-8 Support Enabled
INFO - 2025-02-02 00:30:02 --> Utf8 Class Initialized
INFO - 2025-02-02 00:30:02 --> URI Class Initialized
INFO - 2025-02-02 00:30:02 --> Router Class Initialized
INFO - 2025-02-02 00:30:02 --> Output Class Initialized
INFO - 2025-02-02 00:30:02 --> Security Class Initialized
DEBUG - 2025-02-02 00:30:02 --> Global POST, GET and COOKIE data sanitized
INFO - 2025-02-02 00:30:02 --> Input Class Initialized
INFO - 2025-02-02 00:30:02 --> Language Class Initialized
INFO - 2025-02-02 00:30:02 --> Language Class Initialized
INFO - 2025-02-02 00:30:02 --> Config Class Initialized
INFO - 2025-02-02 00:30:02 --> Loader Class Initialized
INFO - 2025-02-02 00:30:02 --> Helper loaded: url_helper
INFO - 2025-02-02 00:30:02 --> Helper loaded: easyui_helper
INFO - 2025-02-02 00:30:02 --> Helper loaded: param_helper
INFO - 2025-02-02 00:30:02 --> Helper loaded: credential_helper
INFO - 2025-02-02 00:30:02 --> Helper loaded: template_helper
INFO - 2025-02-02 00:30:02 --> Helper loaded: rest_helper
INFO - 2025-02-02 00:30:02 --> Database Driver Class Initialized
DEBUG - 2025-02-02 00:30:02 --> Idgenerator class already loaded. Second attempt ignored.
INFO - 2025-02-02 00:30:02 --> Controller Class Initialized
INFO - 2025-02-02 00:30:02 --> Model Class Initialized
DEBUG - 2025-02-02 00:30:02 --> File loaded: /apps/web-drc/application/modules/api_v1/models/Api_v1_model.php
INFO - 2025-02-02 00:30:02 --> Model Class Initialized
INFO - 2025-02-02 00:30:05 --> Final output sent to browser
DEBUG - 2025-02-02 00:30:05 --> Total execution time: 3.3767
INFO - 2025-02-02 00:30:06 --> Config Class Initialized
INFO - 2025-02-02 00:30:06 --> Hooks Class Initialized
DEBUG - 2025-02-02 00:30:06 --> UTF-8 Support Enabled
INFO - 2025-02-02 00:30:06 --> Utf8 Class Initialized
INFO - 2025-02-02 00:30:06 --> URI Class Initialized
INFO - 2025-02-02 00:30:06 --> Router Class Initialized
INFO - 2025-02-02 00:30:06 --> Output Class Initialized
INFO - 2025-02-02 00:30:06 --> Security Class Initialized
DEBUG - 2025-02-02 00:30:06 --> Global POST, GET and COOKIE data sanitized
INFO - 2025-02-02 00:30:06 --> Input Class Initialized
INFO - 2025-02-02 00:30:06 --> Language Class Initialized
ERROR - 2025-02-02 00:30:06 --> 404 Page Not Found: /index
INFO - 2025-02-02 01:23:47 --> Config Class Initialized
INFO - 2025-02-02 01:23:47 --> Hooks Class Initialized
DEBUG - 2025-02-02 01:23:47 --> UTF-8 Support Enabled
INFO - 2025-02-02 01:23:47 --> Utf8 Class Initialized
INFO - 2025-02-02 01:23:47 --> URI Class Initialized
DEBUG - 2025-02-02 01:23:47 --> No URI present. Default controller set.
INFO - 2025-02-02 01:23:47 --> Router Class Initialized
INFO - 2025-02-02 01:23:47 --> Output Class Initialized
INFO - 2025-02-02 01:23:47 --> Security Class Initialized
DEBUG - 2025-02-02 01:23:47 --> Global POST, GET and COOKIE data sanitized
INFO - 2025-02-02 01:23:47 --> Input Class Initialized
INFO - 2025-02-02 01:23:47 --> Language Class Initialized
INFO - 2025-02-02 01:23:47 --> Language Class Initialized
INFO - 2025-02-02 01:23:47 --> Config Class Initialized
INFO - 2025-02-02 01:23:47 --> Loader Class Initialized
INFO - 2025-02-02 01:23:47 --> Helper loaded: url_helper
INFO - 2025-02-02 01:23:47 --> Helper loaded: easyui_helper
INFO - 2025-02-02 01:23:47 --> Helper loaded: param_helper
INFO - 2025-02-02 01:23:47 --> Helper loaded: credential_helper
INFO - 2025-02-02 01:23:47 --> Helper loaded: template_helper
INFO - 2025-02-02 01:23:47 --> Helper loaded: rest_helper
INFO - 2025-02-02 01:23:47 --> Database Driver Class Initialized
DEBUG - 2025-02-02 01:23:47 --> Idgenerator class already loaded. Second attempt ignored.
INFO - 2025-02-02 01:23:47 --> Controller Class Initialized
DEBUG - 2025-02-02 01:23:47 --> File loaded: /apps/web-drc/application/modules/app_auth/views/login_lte_template.php
DEBUG - 2025-02-02 01:23:47 --> File loaded: /apps/web-drc/application/views/template_login_lte/header.php
DEBUG - 2025-02-02 01:23:47 --> File loaded: /apps/web-drc/application/views/template_login_lte/contents.php
DEBUG - 2025-02-02 01:23:47 --> File loaded: /apps/web-drc/application/views/template_login_lte/default.php
INFO - 2025-02-02 01:23:47 --> Final output sent to browser
DEBUG - 2025-02-02 01:23:47 --> Total execution time: 0.0039
INFO - 2025-02-02 01:23:48 --> Config Class Initialized
INFO - 2025-02-02 01:23:48 --> Hooks Class Initialized
DEBUG - 2025-02-02 01:23:48 --> UTF-8 Support Enabled
INFO - 2025-02-02 01:23:48 --> Utf8 Class Initialized
INFO - 2025-02-02 01:23:48 --> URI Class Initialized
INFO - 2025-02-02 01:23:48 --> Router Class Initialized
INFO - 2025-02-02 01:23:48 --> Output Class Initialized
INFO - 2025-02-02 01:23:48 --> Security Class Initialized
DEBUG - 2025-02-02 01:23:48 --> Global POST, GET and COOKIE data sanitized
INFO - 2025-02-02 01:23:48 --> Input Class Initialized
INFO - 2025-02-02 01:23:48 --> Language Class Initialized
ERROR - 2025-02-02 01:23:48 --> 404 Page Not Found: /index
