INFO - 2025-02-19 21:01:06 --> Config Class Initialized
INFO - 2025-02-19 21:01:06 --> Hooks Class Initialized
DEBUG - 2025-02-19 21:01:06 --> UTF-8 Support Enabled
INFO - 2025-02-19 21:01:06 --> Utf8 Class Initialized
INFO - 2025-02-19 21:01:06 --> URI Class Initialized
DEBUG - 2025-02-19 21:01:06 --> No URI present. Default controller set.
INFO - 2025-02-19 21:01:06 --> Router Class Initialized
INFO - 2025-02-19 21:01:06 --> Output Class Initialized
INFO - 2025-02-19 21:01:06 --> Security Class Initialized
DEBUG - 2025-02-19 21:01:06 --> Global POST, GET and COOKIE data sanitized
INFO - 2025-02-19 21:01:06 --> Input Class Initialized
INFO - 2025-02-19 21:01:06 --> Language Class Initialized
INFO - 2025-02-19 21:01:06 --> Language Class Initialized
INFO - 2025-02-19 21:01:06 --> Config Class Initialized
INFO - 2025-02-19 21:01:06 --> Loader Class Initialized
INFO - 2025-02-19 21:01:06 --> Helper loaded: url_helper
INFO - 2025-02-19 21:01:06 --> Helper loaded: easyui_helper
INFO - 2025-02-19 21:01:06 --> Helper loaded: param_helper
INFO - 2025-02-19 21:01:06 --> Helper loaded: credential_helper
INFO - 2025-02-19 21:01:06 --> Helper loaded: template_helper
INFO - 2025-02-19 21:01:06 --> Helper loaded: rest_helper
INFO - 2025-02-19 21:01:06 --> Database Driver Class Initialized
DEBUG - 2025-02-19 21:01:06 --> Idgenerator class already loaded. Second attempt ignored.
INFO - 2025-02-19 21:01:06 --> Controller Class Initialized
DEBUG - 2025-02-19 21:01:06 --> File loaded: /apps/web-drc/application/modules/app_auth/views/login_lte_template.php
DEBUG - 2025-02-19 21:01:06 --> File loaded: /apps/web-drc/application/views/template_login_lte/header.php
DEBUG - 2025-02-19 21:01:06 --> File loaded: /apps/web-drc/application/views/template_login_lte/contents.php
DEBUG - 2025-02-19 21:01:06 --> File loaded: /apps/web-drc/application/views/template_login_lte/default.php
INFO - 2025-02-19 21:01:06 --> Final output sent to browser
DEBUG - 2025-02-19 21:01:06 --> Total execution time: 0.0710
INFO - 2025-02-19 21:01:07 --> Config Class Initialized
INFO - 2025-02-19 21:01:07 --> Hooks Class Initialized
DEBUG - 2025-02-19 21:01:07 --> UTF-8 Support Enabled
INFO - 2025-02-19 21:01:07 --> Utf8 Class Initialized
INFO - 2025-02-19 21:01:07 --> URI Class Initialized
INFO - 2025-02-19 21:01:07 --> Router Class Initialized
INFO - 2025-02-19 21:01:07 --> Output Class Initialized
INFO - 2025-02-19 21:01:07 --> Security Class Initialized
DEBUG - 2025-02-19 21:01:07 --> Global POST, GET and COOKIE data sanitized
INFO - 2025-02-19 21:01:07 --> Input Class Initialized
INFO - 2025-02-19 21:01:07 --> Language Class Initialized
ERROR - 2025-02-19 21:01:07 --> 404 Page Not Found: /index
INFO - 2025-02-19 21:01:08 --> Config Class Initialized
INFO - 2025-02-19 21:01:08 --> Hooks Class Initialized
DEBUG - 2025-02-19 21:01:08 --> UTF-8 Support Enabled
INFO - 2025-02-19 21:01:08 --> Utf8 Class Initialized
INFO - 2025-02-19 21:01:08 --> URI Class Initialized
INFO - 2025-02-19 21:01:08 --> Router Class Initialized
INFO - 2025-02-19 21:01:08 --> Output Class Initialized
INFO - 2025-02-19 21:01:08 --> Security Class Initialized
DEBUG - 2025-02-19 21:01:08 --> Global POST, GET and COOKIE data sanitized
INFO - 2025-02-19 21:01:08 --> Input Class Initialized
INFO - 2025-02-19 21:01:08 --> Language Class Initialized
INFO - 2025-02-19 21:01:08 --> Language Class Initialized
INFO - 2025-02-19 21:01:08 --> Config Class Initialized
INFO - 2025-02-19 21:01:08 --> Loader Class Initialized
INFO - 2025-02-19 21:01:08 --> Helper loaded: url_helper
INFO - 2025-02-19 21:01:08 --> Helper loaded: easyui_helper
INFO - 2025-02-19 21:01:08 --> Helper loaded: param_helper
INFO - 2025-02-19 21:01:08 --> Helper loaded: credential_helper
INFO - 2025-02-19 21:01:08 --> Helper loaded: template_helper
INFO - 2025-02-19 21:01:08 --> Helper loaded: rest_helper
INFO - 2025-02-19 21:01:08 --> Database Driver Class Initialized
DEBUG - 2025-02-19 21:01:08 --> Idgenerator class already loaded. Second attempt ignored.
INFO - 2025-02-19 21:01:08 --> Controller Class Initialized
INFO - 2025-02-19 21:01:08 --> Final output sent to browser
DEBUG - 2025-02-19 21:01:08 --> Total execution time: 0.0197
INFO - 2025-02-19 21:01:08 --> Config Class Initialized
INFO - 2025-02-19 21:01:08 --> Hooks Class Initialized
DEBUG - 2025-02-19 21:01:08 --> UTF-8 Support Enabled
INFO - 2025-02-19 21:01:08 --> Utf8 Class Initialized
INFO - 2025-02-19 21:01:08 --> URI Class Initialized
INFO - 2025-02-19 21:01:08 --> Router Class Initialized
INFO - 2025-02-19 21:01:08 --> Output Class Initialized
INFO - 2025-02-19 21:01:08 --> Security Class Initialized
DEBUG - 2025-02-19 21:01:08 --> Global POST, GET and COOKIE data sanitized
INFO - 2025-02-19 21:01:08 --> Input Class Initialized
INFO - 2025-02-19 21:01:08 --> Language Class Initialized
INFO - 2025-02-19 21:01:08 --> Language Class Initialized
INFO - 2025-02-19 21:01:08 --> Config Class Initialized
INFO - 2025-02-19 21:01:08 --> Loader Class Initialized
INFO - 2025-02-19 21:01:08 --> Helper loaded: url_helper
INFO - 2025-02-19 21:01:08 --> Helper loaded: easyui_helper
INFO - 2025-02-19 21:01:08 --> Helper loaded: param_helper
INFO - 2025-02-19 21:01:08 --> Helper loaded: credential_helper
INFO - 2025-02-19 21:01:08 --> Helper loaded: template_helper
INFO - 2025-02-19 21:01:08 --> Helper loaded: rest_helper
INFO - 2025-02-19 21:01:08 --> Database Driver Class Initialized
DEBUG - 2025-02-19 21:01:08 --> Idgenerator class already loaded. Second attempt ignored.
INFO - 2025-02-19 21:01:08 --> Controller Class Initialized
INFO - 2025-02-19 21:01:08 --> Model Class Initialized
DEBUG - 2025-02-19 21:01:08 --> File loaded: /apps/web-drc/application/modules/app_dashboard/models/App_dashboard_model.php
INFO - 2025-02-19 21:01:08 --> Model Class Initialized
DEBUG - 2025-02-19 21:01:08 --> File loaded: /apps/web-drc/application/modules/app_dashboard/views/content.php
DEBUG - 2025-02-19 21:01:08 --> File loaded: /apps/web-drc/application/views/templates/header.php
DEBUG - 2025-02-19 21:01:08 --> File loaded: /apps/web-drc/application/views/templates/toolbar.php
DEBUG - 2025-02-19 21:01:08 --> File loaded: /apps/web-drc/application/views/templates/sidebar.php
DEBUG - 2025-02-19 21:01:08 --> File loaded: /apps/web-drc/application/views/templates/contents.php
DEBUG - 2025-02-19 21:01:08 --> File loaded: /apps/web-drc/application/views/templates/content_footer.php
DEBUG - 2025-02-19 21:01:08 --> File loaded: /apps/web-drc/application/views/templates/footer.php
DEBUG - 2025-02-19 21:01:08 --> File loaded: /apps/web-drc/application/views/templates/default.php
INFO - 2025-02-19 21:01:08 --> Final output sent to browser
DEBUG - 2025-02-19 21:01:08 --> Total execution time: 0.0237
INFO - 2025-02-19 21:01:08 --> Config Class Initialized
INFO - 2025-02-19 21:01:08 --> Hooks Class Initialized
DEBUG - 2025-02-19 21:01:08 --> UTF-8 Support Enabled
INFO - 2025-02-19 21:01:08 --> Utf8 Class Initialized
INFO - 2025-02-19 21:01:08 --> URI Class Initialized
INFO - 2025-02-19 21:01:08 --> Router Class Initialized
INFO - 2025-02-19 21:01:08 --> Output Class Initialized
INFO - 2025-02-19 21:01:08 --> Security Class Initialized
DEBUG - 2025-02-19 21:01:08 --> Global POST, GET and COOKIE data sanitized
INFO - 2025-02-19 21:01:08 --> Input Class Initialized
INFO - 2025-02-19 21:01:08 --> Language Class Initialized
INFO - 2025-02-19 21:01:08 --> Language Class Initialized
INFO - 2025-02-19 21:01:08 --> Config Class Initialized
INFO - 2025-02-19 21:01:08 --> Loader Class Initialized
INFO - 2025-02-19 21:01:08 --> Helper loaded: url_helper
INFO - 2025-02-19 21:01:08 --> Helper loaded: easyui_helper
INFO - 2025-02-19 21:01:08 --> Helper loaded: param_helper
INFO - 2025-02-19 21:01:08 --> Helper loaded: credential_helper
INFO - 2025-02-19 21:01:08 --> Helper loaded: template_helper
INFO - 2025-02-19 21:01:08 --> Helper loaded: rest_helper
INFO - 2025-02-19 21:01:08 --> Database Driver Class Initialized
DEBUG - 2025-02-19 21:01:08 --> Idgenerator class already loaded. Second attempt ignored.
INFO - 2025-02-19 21:01:08 --> Controller Class Initialized
INFO - 2025-02-19 21:01:08 --> Model Class Initialized
DEBUG - 2025-02-19 21:01:08 --> File loaded: /apps/web-drc/application/modules/app_dashboard/models/App_dashboard_model.php
INFO - 2025-02-19 21:01:08 --> Model Class Initialized
INFO - 2025-02-19 21:01:08 --> Final output sent to browser
DEBUG - 2025-02-19 21:01:08 --> Total execution time: 0.0122
INFO - 2025-02-19 21:01:08 --> Config Class Initialized
INFO - 2025-02-19 21:01:08 --> Hooks Class Initialized
DEBUG - 2025-02-19 21:01:08 --> UTF-8 Support Enabled
INFO - 2025-02-19 21:01:08 --> Utf8 Class Initialized
INFO - 2025-02-19 21:01:08 --> URI Class Initialized
INFO - 2025-02-19 21:01:08 --> Router Class Initialized
INFO - 2025-02-19 21:01:08 --> Output Class Initialized
INFO - 2025-02-19 21:01:08 --> Security Class Initialized
DEBUG - 2025-02-19 21:01:08 --> Global POST, GET and COOKIE data sanitized
INFO - 2025-02-19 21:01:08 --> Input Class Initialized
INFO - 2025-02-19 21:01:08 --> Language Class Initialized
INFO - 2025-02-19 21:01:08 --> Language Class Initialized
INFO - 2025-02-19 21:01:08 --> Config Class Initialized
INFO - 2025-02-19 21:01:08 --> Loader Class Initialized
INFO - 2025-02-19 21:01:08 --> Helper loaded: url_helper
INFO - 2025-02-19 21:01:08 --> Helper loaded: easyui_helper
INFO - 2025-02-19 21:01:08 --> Helper loaded: param_helper
INFO - 2025-02-19 21:01:08 --> Helper loaded: credential_helper
INFO - 2025-02-19 21:01:08 --> Helper loaded: template_helper
INFO - 2025-02-19 21:01:08 --> Helper loaded: rest_helper
INFO - 2025-02-19 21:01:08 --> Database Driver Class Initialized
DEBUG - 2025-02-19 21:01:08 --> Idgenerator class already loaded. Second attempt ignored.
INFO - 2025-02-19 21:01:08 --> Controller Class Initialized
INFO - 2025-02-19 21:01:08 --> Model Class Initialized
DEBUG - 2025-02-19 21:01:08 --> File loaded: /apps/web-drc/application/modules/api_v1/models/Api_v1_model.php
INFO - 2025-02-19 21:01:08 --> Model Class Initialized
INFO - 2025-02-19 21:01:08 --> Final output sent to browser
DEBUG - 2025-02-19 21:01:08 --> Total execution time: 0.0169
INFO - 2025-02-19 21:01:13 --> Config Class Initialized
INFO - 2025-02-19 21:01:13 --> Hooks Class Initialized
DEBUG - 2025-02-19 21:01:13 --> UTF-8 Support Enabled
INFO - 2025-02-19 21:01:13 --> Utf8 Class Initialized
INFO - 2025-02-19 21:01:13 --> URI Class Initialized
INFO - 2025-02-19 21:01:13 --> Router Class Initialized
INFO - 2025-02-19 21:01:13 --> Output Class Initialized
INFO - 2025-02-19 21:01:13 --> Security Class Initialized
DEBUG - 2025-02-19 21:01:13 --> Global POST, GET and COOKIE data sanitized
INFO - 2025-02-19 21:01:13 --> Input Class Initialized
INFO - 2025-02-19 21:01:13 --> Language Class Initialized
INFO - 2025-02-19 21:01:13 --> Language Class Initialized
INFO - 2025-02-19 21:01:13 --> Config Class Initialized
INFO - 2025-02-19 21:01:13 --> Loader Class Initialized
INFO - 2025-02-19 21:01:13 --> Helper loaded: url_helper
INFO - 2025-02-19 21:01:13 --> Helper loaded: easyui_helper
INFO - 2025-02-19 21:01:13 --> Helper loaded: param_helper
INFO - 2025-02-19 21:01:13 --> Helper loaded: credential_helper
INFO - 2025-02-19 21:01:13 --> Helper loaded: template_helper
INFO - 2025-02-19 21:01:13 --> Helper loaded: rest_helper
INFO - 2025-02-19 21:01:13 --> Database Driver Class Initialized
DEBUG - 2025-02-19 21:01:13 --> Idgenerator class already loaded. Second attempt ignored.
INFO - 2025-02-19 21:01:13 --> Controller Class Initialized
INFO - 2025-02-19 21:01:13 --> Model Class Initialized
DEBUG - 2025-02-19 21:01:13 --> File loaded: /apps/web-drc/application/modules/conf_setup_pjp/models/Setup_pjp_model.php
INFO - 2025-02-19 21:01:13 --> Model Class Initialized
DEBUG - 2025-02-19 21:01:13 --> File loaded: /apps/web-drc/application/modules/conf_setup_pjp/views/content.php
DEBUG - 2025-02-19 21:01:13 --> File loaded: /apps/web-drc/application/views/templates/header.php
DEBUG - 2025-02-19 21:01:13 --> File loaded: /apps/web-drc/application/views/templates/toolbar.php
DEBUG - 2025-02-19 21:01:13 --> File loaded: /apps/web-drc/application/views/templates/sidebar.php
DEBUG - 2025-02-19 21:01:13 --> File loaded: /apps/web-drc/application/views/templates/contents.php
DEBUG - 2025-02-19 21:01:13 --> File loaded: /apps/web-drc/application/views/templates/content_footer.php
DEBUG - 2025-02-19 21:01:13 --> File loaded: /apps/web-drc/application/views/templates/footer.php
DEBUG - 2025-02-19 21:01:13 --> File loaded: /apps/web-drc/application/views/templates/default.php
INFO - 2025-02-19 21:01:13 --> Final output sent to browser
DEBUG - 2025-02-19 21:01:13 --> Total execution time: 0.0136
INFO - 2025-02-19 21:01:13 --> Config Class Initialized
INFO - 2025-02-19 21:01:13 --> Hooks Class Initialized
DEBUG - 2025-02-19 21:01:13 --> UTF-8 Support Enabled
INFO - 2025-02-19 21:01:13 --> Utf8 Class Initialized
INFO - 2025-02-19 21:01:13 --> URI Class Initialized
INFO - 2025-02-19 21:01:13 --> Router Class Initialized
INFO - 2025-02-19 21:01:13 --> Output Class Initialized
INFO - 2025-02-19 21:01:13 --> Security Class Initialized
DEBUG - 2025-02-19 21:01:13 --> Global POST, GET and COOKIE data sanitized
INFO - 2025-02-19 21:01:13 --> Input Class Initialized
INFO - 2025-02-19 21:01:13 --> Language Class Initialized
INFO - 2025-02-19 21:01:13 --> Language Class Initialized
INFO - 2025-02-19 21:01:13 --> Config Class Initialized
INFO - 2025-02-19 21:01:13 --> Loader Class Initialized
INFO - 2025-02-19 21:01:13 --> Helper loaded: url_helper
INFO - 2025-02-19 21:01:13 --> Helper loaded: easyui_helper
INFO - 2025-02-19 21:01:13 --> Helper loaded: param_helper
INFO - 2025-02-19 21:01:13 --> Helper loaded: credential_helper
INFO - 2025-02-19 21:01:13 --> Helper loaded: template_helper
INFO - 2025-02-19 21:01:13 --> Helper loaded: rest_helper
INFO - 2025-02-19 21:01:13 --> Database Driver Class Initialized
DEBUG - 2025-02-19 21:01:13 --> Idgenerator class already loaded. Second attempt ignored.
INFO - 2025-02-19 21:01:13 --> Controller Class Initialized
INFO - 2025-02-19 21:01:13 --> Model Class Initialized
DEBUG - 2025-02-19 21:01:13 --> File loaded: /apps/web-drc/application/modules/conf_setup_pjp/models/Setup_pjp_model.php
INFO - 2025-02-19 21:01:13 --> Model Class Initialized
INFO - 2025-02-19 21:01:35 --> Final output sent to browser
DEBUG - 2025-02-19 21:01:35 --> Total execution time: 21.8289
INFO - 2025-02-19 21:07:37 --> Config Class Initialized
INFO - 2025-02-19 21:07:37 --> Hooks Class Initialized
DEBUG - 2025-02-19 21:07:37 --> UTF-8 Support Enabled
INFO - 2025-02-19 21:07:37 --> Utf8 Class Initialized
INFO - 2025-02-19 21:07:37 --> URI Class Initialized
INFO - 2025-02-19 21:07:37 --> Router Class Initialized
INFO - 2025-02-19 21:07:37 --> Output Class Initialized
INFO - 2025-02-19 21:07:37 --> Security Class Initialized
DEBUG - 2025-02-19 21:07:37 --> Global POST, GET and COOKIE data sanitized
INFO - 2025-02-19 21:07:37 --> Input Class Initialized
INFO - 2025-02-19 21:07:37 --> Language Class Initialized
ERROR - 2025-02-19 21:07:37 --> Severity: error --> Exception: syntax error, unexpected end of file, expecting function (T_FUNCTION) or const (T_CONST) /apps/web-drc/application/modules/conf_setup_pjp/controllers/Conf_setup_pjp.php 349
INFO - 2025-02-19 21:07:42 --> Config Class Initialized
INFO - 2025-02-19 21:07:42 --> Hooks Class Initialized
DEBUG - 2025-02-19 21:07:42 --> UTF-8 Support Enabled
INFO - 2025-02-19 21:07:42 --> Utf8 Class Initialized
INFO - 2025-02-19 21:07:42 --> URI Class Initialized
INFO - 2025-02-19 21:07:42 --> Router Class Initialized
INFO - 2025-02-19 21:07:42 --> Output Class Initialized
INFO - 2025-02-19 21:07:42 --> Security Class Initialized
DEBUG - 2025-02-19 21:07:42 --> Global POST, GET and COOKIE data sanitized
INFO - 2025-02-19 21:07:42 --> Input Class Initialized
INFO - 2025-02-19 21:07:42 --> Language Class Initialized
ERROR - 2025-02-19 21:07:42 --> Severity: error --> Exception: syntax error, unexpected end of file, expecting function (T_FUNCTION) or const (T_CONST) /apps/web-drc/application/modules/conf_setup_pjp/controllers/Conf_setup_pjp.php 349
INFO - 2025-02-19 21:09:36 --> Config Class Initialized
INFO - 2025-02-19 21:09:36 --> Hooks Class Initialized
DEBUG - 2025-02-19 21:09:36 --> UTF-8 Support Enabled
INFO - 2025-02-19 21:09:36 --> Utf8 Class Initialized
INFO - 2025-02-19 21:09:36 --> URI Class Initialized
INFO - 2025-02-19 21:09:36 --> Router Class Initialized
INFO - 2025-02-19 21:09:36 --> Output Class Initialized
INFO - 2025-02-19 21:09:36 --> Security Class Initialized
DEBUG - 2025-02-19 21:09:36 --> Global POST, GET and COOKIE data sanitized
INFO - 2025-02-19 21:09:36 --> Input Class Initialized
INFO - 2025-02-19 21:09:36 --> Language Class Initialized
ERROR - 2025-02-19 21:09:36 --> Severity: error --> Exception: syntax error, unexpected end of file, expecting function (T_FUNCTION) or const (T_CONST) /apps/web-drc/application/modules/conf_setup_pjp/controllers/Conf_setup_pjp.php 349
INFO - 2025-02-19 21:09:38 --> Config Class Initialized
INFO - 2025-02-19 21:09:38 --> Hooks Class Initialized
DEBUG - 2025-02-19 21:09:38 --> UTF-8 Support Enabled
INFO - 2025-02-19 21:09:38 --> Utf8 Class Initialized
INFO - 2025-02-19 21:09:38 --> URI Class Initialized
INFO - 2025-02-19 21:09:38 --> Router Class Initialized
INFO - 2025-02-19 21:09:38 --> Output Class Initialized
INFO - 2025-02-19 21:09:38 --> Security Class Initialized
DEBUG - 2025-02-19 21:09:38 --> Global POST, GET and COOKIE data sanitized
INFO - 2025-02-19 21:09:38 --> Input Class Initialized
INFO - 2025-02-19 21:09:38 --> Language Class Initialized
ERROR - 2025-02-19 21:09:38 --> Severity: error --> Exception: syntax error, unexpected end of file, expecting function (T_FUNCTION) or const (T_CONST) /apps/web-drc/application/modules/conf_setup_pjp/controllers/Conf_setup_pjp.php 349
INFO - 2025-02-19 21:09:41 --> Config Class Initialized
INFO - 2025-02-19 21:09:41 --> Hooks Class Initialized
DEBUG - 2025-02-19 21:09:41 --> UTF-8 Support Enabled
INFO - 2025-02-19 21:09:41 --> Utf8 Class Initialized
INFO - 2025-02-19 21:09:41 --> URI Class Initialized
INFO - 2025-02-19 21:09:41 --> Router Class Initialized
INFO - 2025-02-19 21:09:41 --> Output Class Initialized
INFO - 2025-02-19 21:09:41 --> Security Class Initialized
DEBUG - 2025-02-19 21:09:41 --> Global POST, GET and COOKIE data sanitized
INFO - 2025-02-19 21:09:41 --> Input Class Initialized
INFO - 2025-02-19 21:09:41 --> Language Class Initialized
INFO - 2025-02-19 21:09:41 --> Language Class Initialized
INFO - 2025-02-19 21:09:41 --> Config Class Initialized
INFO - 2025-02-19 21:09:41 --> Loader Class Initialized
INFO - 2025-02-19 21:09:41 --> Helper loaded: url_helper
INFO - 2025-02-19 21:09:41 --> Helper loaded: easyui_helper
INFO - 2025-02-19 21:09:41 --> Helper loaded: param_helper
INFO - 2025-02-19 21:09:41 --> Helper loaded: credential_helper
INFO - 2025-02-19 21:09:41 --> Helper loaded: template_helper
INFO - 2025-02-19 21:09:41 --> Helper loaded: rest_helper
INFO - 2025-02-19 21:09:41 --> Database Driver Class Initialized
DEBUG - 2025-02-19 21:09:41 --> Idgenerator class already loaded. Second attempt ignored.
INFO - 2025-02-19 21:09:41 --> Controller Class Initialized
INFO - 2025-02-19 21:09:41 --> Model Class Initialized
DEBUG - 2025-02-19 21:09:41 --> File loaded: /apps/web-drc/application/modules/app_dashboard/models/App_dashboard_model.php
INFO - 2025-02-19 21:09:41 --> Model Class Initialized
DEBUG - 2025-02-19 21:09:41 --> File loaded: /apps/web-drc/application/modules/app_dashboard/views/content.php
DEBUG - 2025-02-19 21:09:41 --> File loaded: /apps/web-drc/application/views/templates/header.php
DEBUG - 2025-02-19 21:09:41 --> File loaded: /apps/web-drc/application/views/templates/toolbar.php
DEBUG - 2025-02-19 21:09:41 --> File loaded: /apps/web-drc/application/views/templates/sidebar.php
DEBUG - 2025-02-19 21:09:41 --> File loaded: /apps/web-drc/application/views/templates/contents.php
DEBUG - 2025-02-19 21:09:41 --> File loaded: /apps/web-drc/application/views/templates/content_footer.php
DEBUG - 2025-02-19 21:09:41 --> File loaded: /apps/web-drc/application/views/templates/footer.php
DEBUG - 2025-02-19 21:09:41 --> File loaded: /apps/web-drc/application/views/templates/default.php
INFO - 2025-02-19 21:09:41 --> Final output sent to browser
DEBUG - 2025-02-19 21:09:41 --> Total execution time: 0.0081
INFO - 2025-02-19 21:09:41 --> Config Class Initialized
INFO - 2025-02-19 21:09:41 --> Hooks Class Initialized
DEBUG - 2025-02-19 21:09:41 --> UTF-8 Support Enabled
INFO - 2025-02-19 21:09:41 --> Utf8 Class Initialized
INFO - 2025-02-19 21:09:41 --> URI Class Initialized
INFO - 2025-02-19 21:09:41 --> Router Class Initialized
INFO - 2025-02-19 21:09:41 --> Output Class Initialized
INFO - 2025-02-19 21:09:41 --> Security Class Initialized
DEBUG - 2025-02-19 21:09:41 --> Global POST, GET and COOKIE data sanitized
INFO - 2025-02-19 21:09:41 --> Input Class Initialized
INFO - 2025-02-19 21:09:41 --> Language Class Initialized
INFO - 2025-02-19 21:09:41 --> Language Class Initialized
INFO - 2025-02-19 21:09:41 --> Config Class Initialized
INFO - 2025-02-19 21:09:41 --> Loader Class Initialized
INFO - 2025-02-19 21:09:41 --> Helper loaded: url_helper
INFO - 2025-02-19 21:09:41 --> Helper loaded: easyui_helper
INFO - 2025-02-19 21:09:41 --> Helper loaded: param_helper
INFO - 2025-02-19 21:09:41 --> Helper loaded: credential_helper
INFO - 2025-02-19 21:09:41 --> Helper loaded: template_helper
INFO - 2025-02-19 21:09:41 --> Helper loaded: rest_helper
INFO - 2025-02-19 21:09:41 --> Database Driver Class Initialized
DEBUG - 2025-02-19 21:09:41 --> Idgenerator class already loaded. Second attempt ignored.
INFO - 2025-02-19 21:09:41 --> Controller Class Initialized
INFO - 2025-02-19 21:09:41 --> Model Class Initialized
DEBUG - 2025-02-19 21:09:41 --> File loaded: /apps/web-drc/application/modules/app_dashboard/models/App_dashboard_model.php
INFO - 2025-02-19 21:09:41 --> Model Class Initialized
INFO - 2025-02-19 21:09:41 --> Final output sent to browser
DEBUG - 2025-02-19 21:09:41 --> Total execution time: 0.0059
INFO - 2025-02-19 21:09:41 --> Config Class Initialized
INFO - 2025-02-19 21:09:41 --> Hooks Class Initialized
DEBUG - 2025-02-19 21:09:41 --> UTF-8 Support Enabled
INFO - 2025-02-19 21:09:41 --> Utf8 Class Initialized
INFO - 2025-02-19 21:09:41 --> URI Class Initialized
INFO - 2025-02-19 21:09:41 --> Router Class Initialized
INFO - 2025-02-19 21:09:41 --> Output Class Initialized
INFO - 2025-02-19 21:09:41 --> Security Class Initialized
DEBUG - 2025-02-19 21:09:41 --> Global POST, GET and COOKIE data sanitized
INFO - 2025-02-19 21:09:41 --> Input Class Initialized
INFO - 2025-02-19 21:09:41 --> Language Class Initialized
INFO - 2025-02-19 21:09:41 --> Language Class Initialized
INFO - 2025-02-19 21:09:41 --> Config Class Initialized
INFO - 2025-02-19 21:09:41 --> Loader Class Initialized
INFO - 2025-02-19 21:09:41 --> Helper loaded: url_helper
INFO - 2025-02-19 21:09:41 --> Helper loaded: easyui_helper
INFO - 2025-02-19 21:09:41 --> Helper loaded: param_helper
INFO - 2025-02-19 21:09:41 --> Helper loaded: credential_helper
INFO - 2025-02-19 21:09:41 --> Helper loaded: template_helper
INFO - 2025-02-19 21:09:41 --> Helper loaded: rest_helper
INFO - 2025-02-19 21:09:41 --> Database Driver Class Initialized
DEBUG - 2025-02-19 21:09:41 --> Idgenerator class already loaded. Second attempt ignored.
INFO - 2025-02-19 21:09:41 --> Controller Class Initialized
INFO - 2025-02-19 21:09:41 --> Model Class Initialized
DEBUG - 2025-02-19 21:09:41 --> File loaded: /apps/web-drc/application/modules/api_v1/models/Api_v1_model.php
INFO - 2025-02-19 21:09:41 --> Model Class Initialized
INFO - 2025-02-19 21:09:41 --> Final output sent to browser
DEBUG - 2025-02-19 21:09:41 --> Total execution time: 0.0055
INFO - 2025-02-19 21:09:44 --> Config Class Initialized
INFO - 2025-02-19 21:09:44 --> Hooks Class Initialized
DEBUG - 2025-02-19 21:09:44 --> UTF-8 Support Enabled
INFO - 2025-02-19 21:09:44 --> Utf8 Class Initialized
INFO - 2025-02-19 21:09:44 --> URI Class Initialized
INFO - 2025-02-19 21:09:44 --> Router Class Initialized
INFO - 2025-02-19 21:09:44 --> Output Class Initialized
INFO - 2025-02-19 21:09:44 --> Security Class Initialized
DEBUG - 2025-02-19 21:09:44 --> Global POST, GET and COOKIE data sanitized
INFO - 2025-02-19 21:09:44 --> Input Class Initialized
INFO - 2025-02-19 21:09:44 --> Language Class Initialized
INFO - 2025-02-19 21:09:44 --> Language Class Initialized
INFO - 2025-02-19 21:09:44 --> Config Class Initialized
INFO - 2025-02-19 21:09:44 --> Loader Class Initialized
INFO - 2025-02-19 21:09:44 --> Helper loaded: url_helper
INFO - 2025-02-19 21:09:44 --> Helper loaded: easyui_helper
INFO - 2025-02-19 21:09:44 --> Helper loaded: param_helper
INFO - 2025-02-19 21:09:44 --> Helper loaded: credential_helper
INFO - 2025-02-19 21:09:44 --> Helper loaded: template_helper
INFO - 2025-02-19 21:09:44 --> Helper loaded: rest_helper
INFO - 2025-02-19 21:09:44 --> Database Driver Class Initialized
DEBUG - 2025-02-19 21:09:44 --> Idgenerator class already loaded. Second attempt ignored.
INFO - 2025-02-19 21:09:44 --> Controller Class Initialized
INFO - 2025-02-19 21:09:44 --> Model Class Initialized
DEBUG - 2025-02-19 21:09:44 --> File loaded: /apps/web-drc/application/modules/ref_request_new_outlet/models/Request_new_outlet_model.php
INFO - 2025-02-19 21:09:44 --> Model Class Initialized
DEBUG - 2025-02-19 21:09:44 --> File loaded: /apps/web-drc/application/modules/ref_request_new_outlet/views/content.php
DEBUG - 2025-02-19 21:09:44 --> File loaded: /apps/web-drc/application/views/templates/header.php
DEBUG - 2025-02-19 21:09:44 --> File loaded: /apps/web-drc/application/views/templates/toolbar.php
DEBUG - 2025-02-19 21:09:44 --> File loaded: /apps/web-drc/application/views/templates/sidebar.php
DEBUG - 2025-02-19 21:09:44 --> File loaded: /apps/web-drc/application/views/templates/contents.php
DEBUG - 2025-02-19 21:09:44 --> File loaded: /apps/web-drc/application/views/templates/content_footer.php
DEBUG - 2025-02-19 21:09:44 --> File loaded: /apps/web-drc/application/views/templates/footer.php
DEBUG - 2025-02-19 21:09:44 --> File loaded: /apps/web-drc/application/views/templates/default.php
INFO - 2025-02-19 21:09:44 --> Final output sent to browser
DEBUG - 2025-02-19 21:09:44 --> Total execution time: 0.0119
INFO - 2025-02-19 21:09:45 --> Config Class Initialized
INFO - 2025-02-19 21:09:45 --> Hooks Class Initialized
DEBUG - 2025-02-19 21:09:45 --> UTF-8 Support Enabled
INFO - 2025-02-19 21:09:45 --> Utf8 Class Initialized
INFO - 2025-02-19 21:09:45 --> URI Class Initialized
INFO - 2025-02-19 21:09:45 --> Router Class Initialized
INFO - 2025-02-19 21:09:45 --> Output Class Initialized
INFO - 2025-02-19 21:09:45 --> Security Class Initialized
DEBUG - 2025-02-19 21:09:45 --> Global POST, GET and COOKIE data sanitized
INFO - 2025-02-19 21:09:45 --> Input Class Initialized
INFO - 2025-02-19 21:09:45 --> Language Class Initialized
INFO - 2025-02-19 21:09:45 --> Language Class Initialized
INFO - 2025-02-19 21:09:45 --> Config Class Initialized
INFO - 2025-02-19 21:09:45 --> Loader Class Initialized
INFO - 2025-02-19 21:09:45 --> Helper loaded: url_helper
INFO - 2025-02-19 21:09:45 --> Helper loaded: easyui_helper
INFO - 2025-02-19 21:09:45 --> Helper loaded: param_helper
INFO - 2025-02-19 21:09:45 --> Helper loaded: credential_helper
INFO - 2025-02-19 21:09:45 --> Helper loaded: template_helper
INFO - 2025-02-19 21:09:45 --> Helper loaded: rest_helper
INFO - 2025-02-19 21:09:45 --> Database Driver Class Initialized
DEBUG - 2025-02-19 21:09:45 --> Idgenerator class already loaded. Second attempt ignored.
INFO - 2025-02-19 21:09:45 --> Controller Class Initialized
INFO - 2025-02-19 21:09:45 --> Model Class Initialized
DEBUG - 2025-02-19 21:09:45 --> File loaded: /apps/web-drc/application/modules/ref_request_new_outlet/models/Request_new_outlet_model.php
INFO - 2025-02-19 21:09:45 --> Model Class Initialized
INFO - 2025-02-19 21:09:45 --> Final output sent to browser
DEBUG - 2025-02-19 21:09:45 --> Total execution time: 0.3095
INFO - 2025-02-19 21:09:48 --> Config Class Initialized
INFO - 2025-02-19 21:09:48 --> Hooks Class Initialized
DEBUG - 2025-02-19 21:09:48 --> UTF-8 Support Enabled
INFO - 2025-02-19 21:09:48 --> Utf8 Class Initialized
INFO - 2025-02-19 21:09:48 --> URI Class Initialized
INFO - 2025-02-19 21:09:48 --> Router Class Initialized
INFO - 2025-02-19 21:09:48 --> Output Class Initialized
INFO - 2025-02-19 21:09:48 --> Security Class Initialized
DEBUG - 2025-02-19 21:09:48 --> Global POST, GET and COOKIE data sanitized
INFO - 2025-02-19 21:09:48 --> Input Class Initialized
INFO - 2025-02-19 21:09:48 --> Language Class Initialized
ERROR - 2025-02-19 21:09:48 --> Severity: error --> Exception: syntax error, unexpected end of file, expecting function (T_FUNCTION) or const (T_CONST) /apps/web-drc/application/modules/conf_setup_pjp/controllers/Conf_setup_pjp.php 349
INFO - 2025-02-19 21:14:08 --> Config Class Initialized
INFO - 2025-02-19 21:14:08 --> Hooks Class Initialized
DEBUG - 2025-02-19 21:14:08 --> UTF-8 Support Enabled
INFO - 2025-02-19 21:14:08 --> Utf8 Class Initialized
INFO - 2025-02-19 21:14:08 --> URI Class Initialized
INFO - 2025-02-19 21:14:08 --> Router Class Initialized
INFO - 2025-02-19 21:14:08 --> Output Class Initialized
INFO - 2025-02-19 21:14:08 --> Security Class Initialized
DEBUG - 2025-02-19 21:14:08 --> Global POST, GET and COOKIE data sanitized
INFO - 2025-02-19 21:14:08 --> Input Class Initialized
INFO - 2025-02-19 21:14:08 --> Language Class Initialized
INFO - 2025-02-19 21:14:08 --> Language Class Initialized
INFO - 2025-02-19 21:14:08 --> Config Class Initialized
INFO - 2025-02-19 21:14:08 --> Loader Class Initialized
INFO - 2025-02-19 21:14:08 --> Helper loaded: url_helper
INFO - 2025-02-19 21:14:08 --> Helper loaded: easyui_helper
INFO - 2025-02-19 21:14:08 --> Helper loaded: param_helper
INFO - 2025-02-19 21:14:08 --> Helper loaded: credential_helper
INFO - 2025-02-19 21:14:08 --> Helper loaded: template_helper
INFO - 2025-02-19 21:14:08 --> Helper loaded: rest_helper
INFO - 2025-02-19 21:14:08 --> Database Driver Class Initialized
DEBUG - 2025-02-19 21:14:08 --> Idgenerator class already loaded. Second attempt ignored.
INFO - 2025-02-19 21:14:08 --> Controller Class Initialized
INFO - 2025-02-19 21:14:08 --> Model Class Initialized
DEBUG - 2025-02-19 21:14:08 --> File loaded: /apps/web-drc/application/modules/conf_setup_pjp/models/Setup_pjp_model.php
INFO - 2025-02-19 21:14:08 --> Model Class Initialized
DEBUG - 2025-02-19 21:14:08 --> File loaded: /apps/web-drc/application/modules/conf_setup_pjp/views/content.php
DEBUG - 2025-02-19 21:14:08 --> File loaded: /apps/web-drc/application/views/templates/header.php
DEBUG - 2025-02-19 21:14:08 --> File loaded: /apps/web-drc/application/views/templates/toolbar.php
DEBUG - 2025-02-19 21:14:08 --> File loaded: /apps/web-drc/application/views/templates/sidebar.php
DEBUG - 2025-02-19 21:14:08 --> File loaded: /apps/web-drc/application/views/templates/contents.php
DEBUG - 2025-02-19 21:14:08 --> File loaded: /apps/web-drc/application/views/templates/content_footer.php
DEBUG - 2025-02-19 21:14:08 --> File loaded: /apps/web-drc/application/views/templates/footer.php
DEBUG - 2025-02-19 21:14:08 --> File loaded: /apps/web-drc/application/views/templates/default.php
INFO - 2025-02-19 21:14:08 --> Final output sent to browser
DEBUG - 2025-02-19 21:14:08 --> Total execution time: 0.0064
INFO - 2025-02-19 21:14:09 --> Config Class Initialized
INFO - 2025-02-19 21:14:09 --> Hooks Class Initialized
DEBUG - 2025-02-19 21:14:09 --> UTF-8 Support Enabled
INFO - 2025-02-19 21:14:09 --> Utf8 Class Initialized
INFO - 2025-02-19 21:14:09 --> URI Class Initialized
INFO - 2025-02-19 21:14:09 --> Router Class Initialized
INFO - 2025-02-19 21:14:09 --> Output Class Initialized
INFO - 2025-02-19 21:14:09 --> Security Class Initialized
DEBUG - 2025-02-19 21:14:09 --> Global POST, GET and COOKIE data sanitized
INFO - 2025-02-19 21:14:09 --> Input Class Initialized
INFO - 2025-02-19 21:14:09 --> Language Class Initialized
INFO - 2025-02-19 21:14:09 --> Language Class Initialized
INFO - 2025-02-19 21:14:09 --> Config Class Initialized
INFO - 2025-02-19 21:14:09 --> Loader Class Initialized
INFO - 2025-02-19 21:14:09 --> Helper loaded: url_helper
INFO - 2025-02-19 21:14:09 --> Helper loaded: easyui_helper
INFO - 2025-02-19 21:14:09 --> Helper loaded: param_helper
INFO - 2025-02-19 21:14:09 --> Helper loaded: credential_helper
INFO - 2025-02-19 21:14:09 --> Helper loaded: template_helper
INFO - 2025-02-19 21:14:09 --> Helper loaded: rest_helper
INFO - 2025-02-19 21:14:09 --> Database Driver Class Initialized
DEBUG - 2025-02-19 21:14:09 --> Idgenerator class already loaded. Second attempt ignored.
INFO - 2025-02-19 21:14:09 --> Controller Class Initialized
INFO - 2025-02-19 21:14:09 --> Model Class Initialized
DEBUG - 2025-02-19 21:14:09 --> File loaded: /apps/web-drc/application/modules/conf_setup_pjp/models/Setup_pjp_model.php
INFO - 2025-02-19 21:14:09 --> Model Class Initialized
INFO - 2025-02-19 21:14:30 --> Final output sent to browser
DEBUG - 2025-02-19 21:14:30 --> Total execution time: 21.1881
INFO - 2025-02-19 21:14:35 --> Config Class Initialized
INFO - 2025-02-19 21:14:35 --> Hooks Class Initialized
DEBUG - 2025-02-19 21:14:35 --> UTF-8 Support Enabled
INFO - 2025-02-19 21:14:35 --> Utf8 Class Initialized
INFO - 2025-02-19 21:14:35 --> URI Class Initialized
INFO - 2025-02-19 21:14:35 --> Router Class Initialized
INFO - 2025-02-19 21:14:35 --> Output Class Initialized
INFO - 2025-02-19 21:14:35 --> Security Class Initialized
DEBUG - 2025-02-19 21:14:35 --> Global POST, GET and COOKIE data sanitized
INFO - 2025-02-19 21:14:35 --> Input Class Initialized
INFO - 2025-02-19 21:14:35 --> Language Class Initialized
INFO - 2025-02-19 21:14:35 --> Language Class Initialized
INFO - 2025-02-19 21:14:35 --> Config Class Initialized
INFO - 2025-02-19 21:14:35 --> Loader Class Initialized
INFO - 2025-02-19 21:14:35 --> Helper loaded: url_helper
INFO - 2025-02-19 21:14:35 --> Helper loaded: easyui_helper
INFO - 2025-02-19 21:14:35 --> Helper loaded: param_helper
INFO - 2025-02-19 21:14:35 --> Helper loaded: credential_helper
INFO - 2025-02-19 21:14:35 --> Helper loaded: template_helper
INFO - 2025-02-19 21:14:35 --> Helper loaded: rest_helper
INFO - 2025-02-19 21:14:35 --> Database Driver Class Initialized
DEBUG - 2025-02-19 21:14:35 --> Idgenerator class already loaded. Second attempt ignored.
INFO - 2025-02-19 21:14:35 --> Controller Class Initialized
INFO - 2025-02-19 21:14:35 --> Model Class Initialized
DEBUG - 2025-02-19 21:14:35 --> File loaded: /apps/web-drc/application/modules/conf_setup_pjp/models/Setup_pjp_model.php
INFO - 2025-02-19 21:14:35 --> Model Class Initialized
DEBUG - 2025-02-19 21:14:35 --> File loaded: /apps/web-drc/application/modules/conf_setup_pjp/views/form_upload.php
DEBUG - 2025-02-19 21:14:35 --> File loaded: /apps/web-drc/application/views/templates/header.php
DEBUG - 2025-02-19 21:14:35 --> File loaded: /apps/web-drc/application/views/templates/toolbar.php
DEBUG - 2025-02-19 21:14:35 --> File loaded: /apps/web-drc/application/views/templates/sidebar.php
DEBUG - 2025-02-19 21:14:35 --> File loaded: /apps/web-drc/application/views/templates/contents.php
DEBUG - 2025-02-19 21:14:35 --> File loaded: /apps/web-drc/application/views/templates/content_footer.php
DEBUG - 2025-02-19 21:14:35 --> File loaded: /apps/web-drc/application/views/templates/footer.php
DEBUG - 2025-02-19 21:14:35 --> File loaded: /apps/web-drc/application/views/templates/default.php
INFO - 2025-02-19 21:14:35 --> Final output sent to browser
DEBUG - 2025-02-19 21:14:35 --> Total execution time: 0.0082
INFO - 2025-02-19 21:14:42 --> Config Class Initialized
INFO - 2025-02-19 21:14:42 --> Hooks Class Initialized
DEBUG - 2025-02-19 21:14:42 --> UTF-8 Support Enabled
INFO - 2025-02-19 21:14:42 --> Utf8 Class Initialized
INFO - 2025-02-19 21:14:42 --> URI Class Initialized
INFO - 2025-02-19 21:14:42 --> Router Class Initialized
INFO - 2025-02-19 21:14:42 --> Output Class Initialized
INFO - 2025-02-19 21:14:42 --> Security Class Initialized
DEBUG - 2025-02-19 21:14:42 --> Global POST, GET and COOKIE data sanitized
INFO - 2025-02-19 21:14:42 --> Input Class Initialized
INFO - 2025-02-19 21:14:42 --> Language Class Initialized
INFO - 2025-02-19 21:14:42 --> Language Class Initialized
INFO - 2025-02-19 21:14:42 --> Config Class Initialized
INFO - 2025-02-19 21:14:42 --> Loader Class Initialized
INFO - 2025-02-19 21:14:42 --> Helper loaded: url_helper
INFO - 2025-02-19 21:14:42 --> Helper loaded: easyui_helper
INFO - 2025-02-19 21:14:42 --> Helper loaded: param_helper
INFO - 2025-02-19 21:14:42 --> Helper loaded: credential_helper
INFO - 2025-02-19 21:14:42 --> Helper loaded: template_helper
INFO - 2025-02-19 21:14:42 --> Helper loaded: rest_helper
INFO - 2025-02-19 21:14:42 --> Database Driver Class Initialized
DEBUG - 2025-02-19 21:14:42 --> Idgenerator class already loaded. Second attempt ignored.
INFO - 2025-02-19 21:14:42 --> Controller Class Initialized
INFO - 2025-02-19 21:14:42 --> Model Class Initialized
DEBUG - 2025-02-19 21:14:42 --> File loaded: /apps/web-drc/application/modules/conf_setup_pjp/models/Setup_pjp_model.php
INFO - 2025-02-19 21:14:42 --> Model Class Initialized
INFO - 2025-02-19 21:14:42 --> Upload Class Initialized
ERROR - 2025-02-19 21:14:42 --> Severity: error --> Exception: Call to undefined function str_contains() /apps/web-drc/application/modules/conf_setup_pjp/controllers/Conf_setup_pjp.php 236
INFO - 2025-02-19 21:15:02 --> Config Class Initialized
INFO - 2025-02-19 21:15:02 --> Hooks Class Initialized
DEBUG - 2025-02-19 21:15:02 --> UTF-8 Support Enabled
INFO - 2025-02-19 21:15:02 --> Utf8 Class Initialized
INFO - 2025-02-19 21:15:02 --> URI Class Initialized
INFO - 2025-02-19 21:15:02 --> Router Class Initialized
INFO - 2025-02-19 21:15:02 --> Output Class Initialized
INFO - 2025-02-19 21:15:02 --> Security Class Initialized
DEBUG - 2025-02-19 21:15:02 --> Global POST, GET and COOKIE data sanitized
INFO - 2025-02-19 21:15:02 --> Input Class Initialized
INFO - 2025-02-19 21:15:02 --> Language Class Initialized
ERROR - 2025-02-19 21:15:02 --> 404 Page Not Found: /index
INFO - 2025-02-19 21:15:04 --> Config Class Initialized
INFO - 2025-02-19 21:15:04 --> Hooks Class Initialized
DEBUG - 2025-02-19 21:15:04 --> UTF-8 Support Enabled
INFO - 2025-02-19 21:15:04 --> Utf8 Class Initialized
INFO - 2025-02-19 21:15:04 --> URI Class Initialized
INFO - 2025-02-19 21:15:04 --> Router Class Initialized
INFO - 2025-02-19 21:15:04 --> Output Class Initialized
INFO - 2025-02-19 21:15:04 --> Security Class Initialized
DEBUG - 2025-02-19 21:15:04 --> Global POST, GET and COOKIE data sanitized
INFO - 2025-02-19 21:15:04 --> Input Class Initialized
INFO - 2025-02-19 21:15:04 --> Language Class Initialized
INFO - 2025-02-19 21:15:04 --> Language Class Initialized
INFO - 2025-02-19 21:15:04 --> Config Class Initialized
INFO - 2025-02-19 21:15:04 --> Loader Class Initialized
INFO - 2025-02-19 21:15:04 --> Helper loaded: url_helper
INFO - 2025-02-19 21:15:04 --> Helper loaded: easyui_helper
INFO - 2025-02-19 21:15:04 --> Helper loaded: param_helper
INFO - 2025-02-19 21:15:04 --> Helper loaded: credential_helper
INFO - 2025-02-19 21:15:04 --> Helper loaded: template_helper
INFO - 2025-02-19 21:15:04 --> Helper loaded: rest_helper
INFO - 2025-02-19 21:15:04 --> Database Driver Class Initialized
DEBUG - 2025-02-19 21:15:04 --> Idgenerator class already loaded. Second attempt ignored.
INFO - 2025-02-19 21:15:04 --> Controller Class Initialized
INFO - 2025-02-19 21:15:04 --> Model Class Initialized
DEBUG - 2025-02-19 21:15:04 --> File loaded: /apps/web-drc/application/modules/conf_setup_pjp/models/Setup_pjp_model.php
INFO - 2025-02-19 21:15:04 --> Model Class Initialized
INFO - 2025-02-19 21:15:04 --> Upload Class Initialized
ERROR - 2025-02-19 21:15:04 --> Severity: error --> Exception: Call to undefined function str_contains() /apps/web-drc/application/modules/conf_setup_pjp/controllers/Conf_setup_pjp.php 236
INFO - 2025-02-19 21:16:46 --> Config Class Initialized
INFO - 2025-02-19 21:16:46 --> Hooks Class Initialized
DEBUG - 2025-02-19 21:16:46 --> UTF-8 Support Enabled
INFO - 2025-02-19 21:16:46 --> Utf8 Class Initialized
INFO - 2025-02-19 21:16:46 --> URI Class Initialized
INFO - 2025-02-19 21:16:46 --> Router Class Initialized
INFO - 2025-02-19 21:16:46 --> Output Class Initialized
INFO - 2025-02-19 21:16:46 --> Security Class Initialized
DEBUG - 2025-02-19 21:16:46 --> Global POST, GET and COOKIE data sanitized
INFO - 2025-02-19 21:16:46 --> Input Class Initialized
INFO - 2025-02-19 21:16:46 --> Language Class Initialized
INFO - 2025-02-19 21:16:46 --> Language Class Initialized
INFO - 2025-02-19 21:16:46 --> Config Class Initialized
INFO - 2025-02-19 21:16:46 --> Loader Class Initialized
INFO - 2025-02-19 21:16:46 --> Helper loaded: url_helper
INFO - 2025-02-19 21:16:46 --> Helper loaded: easyui_helper
INFO - 2025-02-19 21:16:46 --> Helper loaded: param_helper
INFO - 2025-02-19 21:16:46 --> Helper loaded: credential_helper
INFO - 2025-02-19 21:16:46 --> Helper loaded: template_helper
INFO - 2025-02-19 21:16:46 --> Helper loaded: rest_helper
INFO - 2025-02-19 21:16:46 --> Database Driver Class Initialized
DEBUG - 2025-02-19 21:16:46 --> Idgenerator class already loaded. Second attempt ignored.
INFO - 2025-02-19 21:16:46 --> Controller Class Initialized
INFO - 2025-02-19 21:16:46 --> Model Class Initialized
DEBUG - 2025-02-19 21:16:46 --> File loaded: /apps/web-drc/application/modules/conf_setup_pjp/models/Setup_pjp_model.php
INFO - 2025-02-19 21:16:46 --> Model Class Initialized
DEBUG - 2025-02-19 21:16:46 --> File loaded: /apps/web-drc/application/modules/conf_setup_pjp/views/form_upload.php
DEBUG - 2025-02-19 21:16:46 --> File loaded: /apps/web-drc/application/views/templates/header.php
DEBUG - 2025-02-19 21:16:46 --> File loaded: /apps/web-drc/application/views/templates/toolbar.php
DEBUG - 2025-02-19 21:16:46 --> File loaded: /apps/web-drc/application/views/templates/sidebar.php
DEBUG - 2025-02-19 21:16:46 --> File loaded: /apps/web-drc/application/views/templates/contents.php
DEBUG - 2025-02-19 21:16:46 --> File loaded: /apps/web-drc/application/views/templates/content_footer.php
DEBUG - 2025-02-19 21:16:46 --> File loaded: /apps/web-drc/application/views/templates/footer.php
DEBUG - 2025-02-19 21:16:46 --> File loaded: /apps/web-drc/application/views/templates/default.php
INFO - 2025-02-19 21:16:46 --> Final output sent to browser
DEBUG - 2025-02-19 21:16:46 --> Total execution time: 0.0097
INFO - 2025-02-19 21:16:46 --> Config Class Initialized
INFO - 2025-02-19 21:16:46 --> Hooks Class Initialized
DEBUG - 2025-02-19 21:16:46 --> UTF-8 Support Enabled
INFO - 2025-02-19 21:16:46 --> Utf8 Class Initialized
INFO - 2025-02-19 21:16:46 --> URI Class Initialized
INFO - 2025-02-19 21:16:46 --> Router Class Initialized
INFO - 2025-02-19 21:16:46 --> Output Class Initialized
INFO - 2025-02-19 21:16:46 --> Security Class Initialized
DEBUG - 2025-02-19 21:16:46 --> Global POST, GET and COOKIE data sanitized
INFO - 2025-02-19 21:16:46 --> Input Class Initialized
INFO - 2025-02-19 21:16:46 --> Language Class Initialized
ERROR - 2025-02-19 21:16:46 --> 404 Page Not Found: /index
INFO - 2025-02-19 21:16:50 --> Config Class Initialized
INFO - 2025-02-19 21:16:50 --> Hooks Class Initialized
DEBUG - 2025-02-19 21:16:50 --> UTF-8 Support Enabled
INFO - 2025-02-19 21:16:50 --> Utf8 Class Initialized
INFO - 2025-02-19 21:16:50 --> URI Class Initialized
INFO - 2025-02-19 21:16:50 --> Router Class Initialized
INFO - 2025-02-19 21:16:50 --> Output Class Initialized
INFO - 2025-02-19 21:16:50 --> Security Class Initialized
DEBUG - 2025-02-19 21:16:50 --> Global POST, GET and COOKIE data sanitized
INFO - 2025-02-19 21:16:50 --> Input Class Initialized
INFO - 2025-02-19 21:16:50 --> Language Class Initialized
INFO - 2025-02-19 21:16:50 --> Language Class Initialized
INFO - 2025-02-19 21:16:50 --> Config Class Initialized
INFO - 2025-02-19 21:16:50 --> Loader Class Initialized
INFO - 2025-02-19 21:16:50 --> Helper loaded: url_helper
INFO - 2025-02-19 21:16:50 --> Helper loaded: easyui_helper
INFO - 2025-02-19 21:16:50 --> Helper loaded: param_helper
INFO - 2025-02-19 21:16:50 --> Helper loaded: credential_helper
INFO - 2025-02-19 21:16:50 --> Helper loaded: template_helper
INFO - 2025-02-19 21:16:50 --> Helper loaded: rest_helper
INFO - 2025-02-19 21:16:50 --> Database Driver Class Initialized
DEBUG - 2025-02-19 21:16:50 --> Idgenerator class already loaded. Second attempt ignored.
INFO - 2025-02-19 21:16:50 --> Controller Class Initialized
INFO - 2025-02-19 21:16:50 --> Model Class Initialized
DEBUG - 2025-02-19 21:16:50 --> File loaded: /apps/web-drc/application/modules/conf_setup_pjp/models/Setup_pjp_model.php
INFO - 2025-02-19 21:16:50 --> Model Class Initialized
INFO - 2025-02-19 21:16:50 --> Upload Class Initialized
INFO - 2025-02-19 21:16:56 --> Final output sent to browser
DEBUG - 2025-02-19 21:16:56 --> Total execution time: 6.0242
INFO - 2025-02-19 21:16:56 --> Config Class Initialized
INFO - 2025-02-19 21:16:56 --> Hooks Class Initialized
DEBUG - 2025-02-19 21:16:56 --> UTF-8 Support Enabled
INFO - 2025-02-19 21:16:56 --> Utf8 Class Initialized
INFO - 2025-02-19 21:16:56 --> URI Class Initialized
INFO - 2025-02-19 21:16:56 --> Router Class Initialized
INFO - 2025-02-19 21:16:56 --> Output Class Initialized
INFO - 2025-02-19 21:16:56 --> Security Class Initialized
DEBUG - 2025-02-19 21:16:56 --> Global POST, GET and COOKIE data sanitized
INFO - 2025-02-19 21:16:56 --> Input Class Initialized
INFO - 2025-02-19 21:16:56 --> Language Class Initialized
INFO - 2025-02-19 21:16:56 --> Language Class Initialized
INFO - 2025-02-19 21:16:56 --> Config Class Initialized
INFO - 2025-02-19 21:16:56 --> Loader Class Initialized
INFO - 2025-02-19 21:16:56 --> Helper loaded: url_helper
INFO - 2025-02-19 21:16:56 --> Helper loaded: easyui_helper
INFO - 2025-02-19 21:16:56 --> Helper loaded: param_helper
INFO - 2025-02-19 21:16:56 --> Helper loaded: credential_helper
INFO - 2025-02-19 21:16:56 --> Helper loaded: template_helper
INFO - 2025-02-19 21:16:56 --> Helper loaded: rest_helper
INFO - 2025-02-19 21:16:56 --> Database Driver Class Initialized
DEBUG - 2025-02-19 21:16:56 --> Idgenerator class already loaded. Second attempt ignored.
INFO - 2025-02-19 21:16:56 --> Controller Class Initialized
INFO - 2025-02-19 21:16:56 --> Model Class Initialized
DEBUG - 2025-02-19 21:16:56 --> File loaded: /apps/web-drc/application/modules/conf_setup_pjp/models/Setup_pjp_model.php
INFO - 2025-02-19 21:16:56 --> Model Class Initialized
DEBUG - 2025-02-19 21:16:56 --> File loaded: /apps/web-drc/application/modules/conf_setup_pjp/views/content.php
DEBUG - 2025-02-19 21:16:56 --> File loaded: /apps/web-drc/application/views/templates/header.php
DEBUG - 2025-02-19 21:16:56 --> File loaded: /apps/web-drc/application/views/templates/toolbar.php
DEBUG - 2025-02-19 21:16:56 --> File loaded: /apps/web-drc/application/views/templates/sidebar.php
DEBUG - 2025-02-19 21:16:56 --> File loaded: /apps/web-drc/application/views/templates/contents.php
DEBUG - 2025-02-19 21:16:56 --> File loaded: /apps/web-drc/application/views/templates/content_footer.php
DEBUG - 2025-02-19 21:16:56 --> File loaded: /apps/web-drc/application/views/templates/footer.php
DEBUG - 2025-02-19 21:16:56 --> File loaded: /apps/web-drc/application/views/templates/default.php
INFO - 2025-02-19 21:16:56 --> Final output sent to browser
DEBUG - 2025-02-19 21:16:56 --> Total execution time: 0.0072
INFO - 2025-02-19 21:16:56 --> Config Class Initialized
INFO - 2025-02-19 21:16:56 --> Hooks Class Initialized
DEBUG - 2025-02-19 21:16:56 --> UTF-8 Support Enabled
INFO - 2025-02-19 21:16:56 --> Utf8 Class Initialized
INFO - 2025-02-19 21:16:56 --> URI Class Initialized
INFO - 2025-02-19 21:16:56 --> Router Class Initialized
INFO - 2025-02-19 21:16:56 --> Output Class Initialized
INFO - 2025-02-19 21:16:56 --> Security Class Initialized
DEBUG - 2025-02-19 21:16:56 --> Global POST, GET and COOKIE data sanitized
INFO - 2025-02-19 21:16:56 --> Input Class Initialized
INFO - 2025-02-19 21:16:56 --> Language Class Initialized
ERROR - 2025-02-19 21:16:56 --> 404 Page Not Found: /index
INFO - 2025-02-19 21:16:56 --> Config Class Initialized
INFO - 2025-02-19 21:16:56 --> Hooks Class Initialized
DEBUG - 2025-02-19 21:16:56 --> UTF-8 Support Enabled
INFO - 2025-02-19 21:16:56 --> Utf8 Class Initialized
INFO - 2025-02-19 21:16:56 --> URI Class Initialized
INFO - 2025-02-19 21:16:56 --> Router Class Initialized
INFO - 2025-02-19 21:16:56 --> Output Class Initialized
INFO - 2025-02-19 21:16:56 --> Security Class Initialized
DEBUG - 2025-02-19 21:16:56 --> Global POST, GET and COOKIE data sanitized
INFO - 2025-02-19 21:16:56 --> Input Class Initialized
INFO - 2025-02-19 21:16:56 --> Language Class Initialized
INFO - 2025-02-19 21:16:56 --> Language Class Initialized
INFO - 2025-02-19 21:16:56 --> Config Class Initialized
INFO - 2025-02-19 21:16:56 --> Loader Class Initialized
INFO - 2025-02-19 21:16:56 --> Helper loaded: url_helper
INFO - 2025-02-19 21:16:56 --> Helper loaded: easyui_helper
INFO - 2025-02-19 21:16:56 --> Helper loaded: param_helper
INFO - 2025-02-19 21:16:56 --> Helper loaded: credential_helper
INFO - 2025-02-19 21:16:56 --> Helper loaded: template_helper
INFO - 2025-02-19 21:16:56 --> Helper loaded: rest_helper
INFO - 2025-02-19 21:16:56 --> Database Driver Class Initialized
DEBUG - 2025-02-19 21:16:56 --> Idgenerator class already loaded. Second attempt ignored.
INFO - 2025-02-19 21:16:56 --> Controller Class Initialized
INFO - 2025-02-19 21:16:56 --> Model Class Initialized
DEBUG - 2025-02-19 21:16:56 --> File loaded: /apps/web-drc/application/modules/conf_setup_pjp/models/Setup_pjp_model.php
INFO - 2025-02-19 21:16:56 --> Model Class Initialized
INFO - 2025-02-19 21:17:17 --> Final output sent to browser
DEBUG - 2025-02-19 21:17:17 --> Total execution time: 21.0599
INFO - 2025-02-19 21:18:26 --> Config Class Initialized
INFO - 2025-02-19 21:18:26 --> Hooks Class Initialized
DEBUG - 2025-02-19 21:18:26 --> UTF-8 Support Enabled
INFO - 2025-02-19 21:18:26 --> Utf8 Class Initialized
INFO - 2025-02-19 21:18:26 --> URI Class Initialized
INFO - 2025-02-19 21:18:26 --> Router Class Initialized
INFO - 2025-02-19 21:18:26 --> Output Class Initialized
INFO - 2025-02-19 21:18:26 --> Security Class Initialized
DEBUG - 2025-02-19 21:18:26 --> Global POST, GET and COOKIE data sanitized
INFO - 2025-02-19 21:18:26 --> Input Class Initialized
INFO - 2025-02-19 21:18:26 --> Language Class Initialized
INFO - 2025-02-19 21:18:26 --> Language Class Initialized
INFO - 2025-02-19 21:18:26 --> Config Class Initialized
INFO - 2025-02-19 21:18:26 --> Loader Class Initialized
INFO - 2025-02-19 21:18:26 --> Helper loaded: url_helper
INFO - 2025-02-19 21:18:26 --> Helper loaded: easyui_helper
INFO - 2025-02-19 21:18:26 --> Helper loaded: param_helper
INFO - 2025-02-19 21:18:26 --> Helper loaded: credential_helper
INFO - 2025-02-19 21:18:26 --> Helper loaded: template_helper
INFO - 2025-02-19 21:18:26 --> Helper loaded: rest_helper
INFO - 2025-02-19 21:18:26 --> Database Driver Class Initialized
DEBUG - 2025-02-19 21:18:26 --> Idgenerator class already loaded. Second attempt ignored.
INFO - 2025-02-19 21:18:26 --> Controller Class Initialized
INFO - 2025-02-19 21:18:26 --> Model Class Initialized
DEBUG - 2025-02-19 21:18:26 --> File loaded: /apps/web-drc/application/modules/conf_setup_pjp/models/Setup_pjp_model.php
INFO - 2025-02-19 21:18:26 --> Model Class Initialized
DEBUG - 2025-02-19 21:18:26 --> File loaded: /apps/web-drc/application/modules/conf_setup_pjp/views/form_upload.php
DEBUG - 2025-02-19 21:18:26 --> File loaded: /apps/web-drc/application/views/templates/header.php
DEBUG - 2025-02-19 21:18:26 --> File loaded: /apps/web-drc/application/views/templates/toolbar.php
DEBUG - 2025-02-19 21:18:26 --> File loaded: /apps/web-drc/application/views/templates/sidebar.php
DEBUG - 2025-02-19 21:18:26 --> File loaded: /apps/web-drc/application/views/templates/contents.php
DEBUG - 2025-02-19 21:18:26 --> File loaded: /apps/web-drc/application/views/templates/content_footer.php
DEBUG - 2025-02-19 21:18:26 --> File loaded: /apps/web-drc/application/views/templates/footer.php
DEBUG - 2025-02-19 21:18:26 --> File loaded: /apps/web-drc/application/views/templates/default.php
INFO - 2025-02-19 21:18:26 --> Final output sent to browser
DEBUG - 2025-02-19 21:18:26 --> Total execution time: 0.0072
INFO - 2025-02-19 21:18:26 --> Config Class Initialized
INFO - 2025-02-19 21:18:26 --> Hooks Class Initialized
DEBUG - 2025-02-19 21:18:26 --> UTF-8 Support Enabled
INFO - 2025-02-19 21:18:26 --> Utf8 Class Initialized
INFO - 2025-02-19 21:18:26 --> URI Class Initialized
INFO - 2025-02-19 21:18:26 --> Router Class Initialized
INFO - 2025-02-19 21:18:26 --> Output Class Initialized
INFO - 2025-02-19 21:18:26 --> Security Class Initialized
DEBUG - 2025-02-19 21:18:26 --> Global POST, GET and COOKIE data sanitized
INFO - 2025-02-19 21:18:26 --> Input Class Initialized
INFO - 2025-02-19 21:18:26 --> Language Class Initialized
ERROR - 2025-02-19 21:18:26 --> 404 Page Not Found: /index
INFO - 2025-02-19 21:18:31 --> Config Class Initialized
INFO - 2025-02-19 21:18:31 --> Hooks Class Initialized
DEBUG - 2025-02-19 21:18:31 --> UTF-8 Support Enabled
INFO - 2025-02-19 21:18:31 --> Utf8 Class Initialized
INFO - 2025-02-19 21:18:31 --> URI Class Initialized
INFO - 2025-02-19 21:18:31 --> Router Class Initialized
INFO - 2025-02-19 21:18:31 --> Output Class Initialized
INFO - 2025-02-19 21:18:31 --> Security Class Initialized
DEBUG - 2025-02-19 21:18:31 --> Global POST, GET and COOKIE data sanitized
INFO - 2025-02-19 21:18:31 --> Input Class Initialized
INFO - 2025-02-19 21:18:31 --> Language Class Initialized
INFO - 2025-02-19 21:18:31 --> Language Class Initialized
INFO - 2025-02-19 21:18:31 --> Config Class Initialized
INFO - 2025-02-19 21:18:31 --> Loader Class Initialized
INFO - 2025-02-19 21:18:31 --> Helper loaded: url_helper
INFO - 2025-02-19 21:18:31 --> Helper loaded: easyui_helper
INFO - 2025-02-19 21:18:31 --> Helper loaded: param_helper
INFO - 2025-02-19 21:18:31 --> Helper loaded: credential_helper
INFO - 2025-02-19 21:18:31 --> Helper loaded: template_helper
INFO - 2025-02-19 21:18:31 --> Helper loaded: rest_helper
INFO - 2025-02-19 21:18:31 --> Database Driver Class Initialized
DEBUG - 2025-02-19 21:18:31 --> Idgenerator class already loaded. Second attempt ignored.
INFO - 2025-02-19 21:18:31 --> Controller Class Initialized
INFO - 2025-02-19 21:18:31 --> Model Class Initialized
DEBUG - 2025-02-19 21:18:31 --> File loaded: /apps/web-drc/application/modules/conf_setup_pjp/models/Setup_pjp_model.php
INFO - 2025-02-19 21:18:31 --> Model Class Initialized
INFO - 2025-02-19 21:18:31 --> Upload Class Initialized
INFO - 2025-02-19 21:18:37 --> Final output sent to browser
DEBUG - 2025-02-19 21:18:37 --> Total execution time: 6.0145
INFO - 2025-02-19 21:18:37 --> Config Class Initialized
INFO - 2025-02-19 21:18:37 --> Hooks Class Initialized
DEBUG - 2025-02-19 21:18:37 --> UTF-8 Support Enabled
INFO - 2025-02-19 21:18:37 --> Utf8 Class Initialized
INFO - 2025-02-19 21:18:37 --> URI Class Initialized
INFO - 2025-02-19 21:18:37 --> Router Class Initialized
INFO - 2025-02-19 21:18:37 --> Output Class Initialized
INFO - 2025-02-19 21:18:37 --> Security Class Initialized
DEBUG - 2025-02-19 21:18:37 --> Global POST, GET and COOKIE data sanitized
INFO - 2025-02-19 21:18:37 --> Input Class Initialized
INFO - 2025-02-19 21:18:37 --> Language Class Initialized
INFO - 2025-02-19 21:18:37 --> Language Class Initialized
INFO - 2025-02-19 21:18:37 --> Config Class Initialized
INFO - 2025-02-19 21:18:37 --> Loader Class Initialized
INFO - 2025-02-19 21:18:37 --> Helper loaded: url_helper
INFO - 2025-02-19 21:18:37 --> Helper loaded: easyui_helper
INFO - 2025-02-19 21:18:37 --> Helper loaded: param_helper
INFO - 2025-02-19 21:18:37 --> Helper loaded: credential_helper
INFO - 2025-02-19 21:18:37 --> Helper loaded: template_helper
INFO - 2025-02-19 21:18:37 --> Helper loaded: rest_helper
INFO - 2025-02-19 21:18:37 --> Database Driver Class Initialized
DEBUG - 2025-02-19 21:18:37 --> Idgenerator class already loaded. Second attempt ignored.
INFO - 2025-02-19 21:18:37 --> Controller Class Initialized
INFO - 2025-02-19 21:18:37 --> Model Class Initialized
DEBUG - 2025-02-19 21:18:37 --> File loaded: /apps/web-drc/application/modules/conf_setup_pjp/models/Setup_pjp_model.php
INFO - 2025-02-19 21:18:37 --> Model Class Initialized
DEBUG - 2025-02-19 21:18:37 --> File loaded: /apps/web-drc/application/modules/conf_setup_pjp/views/content.php
DEBUG - 2025-02-19 21:18:37 --> File loaded: /apps/web-drc/application/views/templates/header.php
DEBUG - 2025-02-19 21:18:37 --> File loaded: /apps/web-drc/application/views/templates/toolbar.php
DEBUG - 2025-02-19 21:18:37 --> File loaded: /apps/web-drc/application/views/templates/sidebar.php
DEBUG - 2025-02-19 21:18:37 --> File loaded: /apps/web-drc/application/views/templates/contents.php
DEBUG - 2025-02-19 21:18:37 --> File loaded: /apps/web-drc/application/views/templates/content_footer.php
DEBUG - 2025-02-19 21:18:37 --> File loaded: /apps/web-drc/application/views/templates/footer.php
DEBUG - 2025-02-19 21:18:37 --> File loaded: /apps/web-drc/application/views/templates/default.php
INFO - 2025-02-19 21:18:37 --> Final output sent to browser
DEBUG - 2025-02-19 21:18:37 --> Total execution time: 0.0077
INFO - 2025-02-19 21:18:37 --> Config Class Initialized
INFO - 2025-02-19 21:18:37 --> Hooks Class Initialized
DEBUG - 2025-02-19 21:18:37 --> UTF-8 Support Enabled
INFO - 2025-02-19 21:18:37 --> Utf8 Class Initialized
INFO - 2025-02-19 21:18:37 --> URI Class Initialized
INFO - 2025-02-19 21:18:37 --> Router Class Initialized
INFO - 2025-02-19 21:18:37 --> Output Class Initialized
INFO - 2025-02-19 21:18:37 --> Security Class Initialized
DEBUG - 2025-02-19 21:18:37 --> Global POST, GET and COOKIE data sanitized
INFO - 2025-02-19 21:18:37 --> Input Class Initialized
INFO - 2025-02-19 21:18:37 --> Language Class Initialized
ERROR - 2025-02-19 21:18:37 --> 404 Page Not Found: /index
INFO - 2025-02-19 21:18:37 --> Config Class Initialized
INFO - 2025-02-19 21:18:37 --> Hooks Class Initialized
DEBUG - 2025-02-19 21:18:37 --> UTF-8 Support Enabled
INFO - 2025-02-19 21:18:37 --> Utf8 Class Initialized
INFO - 2025-02-19 21:18:37 --> URI Class Initialized
INFO - 2025-02-19 21:18:37 --> Router Class Initialized
INFO - 2025-02-19 21:18:37 --> Output Class Initialized
INFO - 2025-02-19 21:18:37 --> Security Class Initialized
DEBUG - 2025-02-19 21:18:37 --> Global POST, GET and COOKIE data sanitized
INFO - 2025-02-19 21:18:37 --> Input Class Initialized
INFO - 2025-02-19 21:18:37 --> Language Class Initialized
INFO - 2025-02-19 21:18:37 --> Language Class Initialized
INFO - 2025-02-19 21:18:37 --> Config Class Initialized
INFO - 2025-02-19 21:18:37 --> Loader Class Initialized
INFO - 2025-02-19 21:18:37 --> Helper loaded: url_helper
INFO - 2025-02-19 21:18:37 --> Helper loaded: easyui_helper
INFO - 2025-02-19 21:18:37 --> Helper loaded: param_helper
INFO - 2025-02-19 21:18:37 --> Helper loaded: credential_helper
INFO - 2025-02-19 21:18:37 --> Helper loaded: template_helper
INFO - 2025-02-19 21:18:37 --> Helper loaded: rest_helper
INFO - 2025-02-19 21:18:37 --> Database Driver Class Initialized
DEBUG - 2025-02-19 21:18:37 --> Idgenerator class already loaded. Second attempt ignored.
INFO - 2025-02-19 21:18:37 --> Controller Class Initialized
INFO - 2025-02-19 21:18:37 --> Model Class Initialized
DEBUG - 2025-02-19 21:18:37 --> File loaded: /apps/web-drc/application/modules/conf_setup_pjp/models/Setup_pjp_model.php
INFO - 2025-02-19 21:18:37 --> Model Class Initialized
INFO - 2025-02-19 21:18:58 --> Final output sent to browser
DEBUG - 2025-02-19 21:18:58 --> Total execution time: 20.5936
INFO - 2025-02-19 23:15:26 --> Config Class Initialized
INFO - 2025-02-19 23:15:26 --> Hooks Class Initialized
DEBUG - 2025-02-19 23:15:26 --> UTF-8 Support Enabled
INFO - 2025-02-19 23:15:26 --> Utf8 Class Initialized
INFO - 2025-02-19 23:15:26 --> URI Class Initialized
INFO - 2025-02-19 23:15:26 --> Router Class Initialized
INFO - 2025-02-19 23:15:26 --> Output Class Initialized
INFO - 2025-02-19 23:15:26 --> Security Class Initialized
DEBUG - 2025-02-19 23:15:26 --> Global POST, GET and COOKIE data sanitized
INFO - 2025-02-19 23:15:26 --> Input Class Initialized
INFO - 2025-02-19 23:15:26 --> Language Class Initialized
INFO - 2025-02-19 23:15:26 --> Language Class Initialized
INFO - 2025-02-19 23:15:26 --> Config Class Initialized
INFO - 2025-02-19 23:15:26 --> Loader Class Initialized
INFO - 2025-02-19 23:15:26 --> Helper loaded: url_helper
INFO - 2025-02-19 23:15:26 --> Helper loaded: easyui_helper
INFO - 2025-02-19 23:15:26 --> Helper loaded: param_helper
INFO - 2025-02-19 23:15:26 --> Helper loaded: credential_helper
INFO - 2025-02-19 23:15:26 --> Helper loaded: template_helper
INFO - 2025-02-19 23:15:26 --> Helper loaded: rest_helper
INFO - 2025-02-19 23:15:26 --> Database Driver Class Initialized
DEBUG - 2025-02-19 23:15:26 --> Idgenerator class already loaded. Second attempt ignored.
INFO - 2025-02-19 23:15:26 --> Controller Class Initialized
INFO - 2025-02-19 23:15:26 --> Model Class Initialized
DEBUG - 2025-02-19 23:15:26 --> File loaded: /apps/web-drc/application/modules/conf_setup_pjp/models/Setup_pjp_model.php
INFO - 2025-02-19 23:15:26 --> Model Class Initialized
DEBUG - 2025-02-19 23:15:26 --> File loaded: /apps/web-drc/application/modules/conf_setup_pjp/views/form_upload.php
DEBUG - 2025-02-19 23:15:26 --> File loaded: /apps/web-drc/application/views/templates/header.php
DEBUG - 2025-02-19 23:15:26 --> File loaded: /apps/web-drc/application/views/templates/toolbar.php
DEBUG - 2025-02-19 23:15:26 --> File loaded: /apps/web-drc/application/views/templates/sidebar.php
DEBUG - 2025-02-19 23:15:26 --> File loaded: /apps/web-drc/application/views/templates/contents.php
DEBUG - 2025-02-19 23:15:26 --> File loaded: /apps/web-drc/application/views/templates/content_footer.php
DEBUG - 2025-02-19 23:15:26 --> File loaded: /apps/web-drc/application/views/templates/footer.php
INFO - 2025-02-19 23:15:26 --> Config Class Initialized
INFO - 2025-02-19 23:15:26 --> Hooks Class Initialized
DEBUG - 2025-02-19 23:15:26 --> UTF-8 Support Enabled
INFO - 2025-02-19 23:15:26 --> Utf8 Class Initialized
INFO - 2025-02-19 23:15:26 --> URI Class Initialized
DEBUG - 2025-02-19 23:15:26 --> No URI present. Default controller set.
INFO - 2025-02-19 23:15:26 --> Router Class Initialized
INFO - 2025-02-19 23:15:26 --> Output Class Initialized
INFO - 2025-02-19 23:15:26 --> Security Class Initialized
DEBUG - 2025-02-19 23:15:26 --> Global POST, GET and COOKIE data sanitized
INFO - 2025-02-19 23:15:26 --> Input Class Initialized
INFO - 2025-02-19 23:15:26 --> Language Class Initialized
INFO - 2025-02-19 23:15:26 --> Language Class Initialized
INFO - 2025-02-19 23:15:26 --> Config Class Initialized
INFO - 2025-02-19 23:15:26 --> Loader Class Initialized
INFO - 2025-02-19 23:15:26 --> Helper loaded: url_helper
INFO - 2025-02-19 23:15:26 --> Helper loaded: easyui_helper
INFO - 2025-02-19 23:15:26 --> Helper loaded: param_helper
INFO - 2025-02-19 23:15:26 --> Helper loaded: credential_helper
INFO - 2025-02-19 23:15:26 --> Helper loaded: template_helper
INFO - 2025-02-19 23:15:26 --> Helper loaded: rest_helper
INFO - 2025-02-19 23:15:26 --> Database Driver Class Initialized
DEBUG - 2025-02-19 23:15:26 --> Idgenerator class already loaded. Second attempt ignored.
INFO - 2025-02-19 23:15:26 --> Controller Class Initialized
DEBUG - 2025-02-19 23:15:26 --> File loaded: /apps/web-drc/application/modules/app_auth/views/login_lte_template.php
DEBUG - 2025-02-19 23:15:26 --> File loaded: /apps/web-drc/application/views/template_login_lte/header.php
DEBUG - 2025-02-19 23:15:26 --> File loaded: /apps/web-drc/application/views/template_login_lte/contents.php
DEBUG - 2025-02-19 23:15:26 --> File loaded: /apps/web-drc/application/views/template_login_lte/default.php
INFO - 2025-02-19 23:15:26 --> Final output sent to browser
DEBUG - 2025-02-19 23:15:26 --> Total execution time: 0.0051
INFO - 2025-02-19 23:15:27 --> Config Class Initialized
INFO - 2025-02-19 23:15:27 --> Hooks Class Initialized
DEBUG - 2025-02-19 23:15:27 --> UTF-8 Support Enabled
INFO - 2025-02-19 23:15:27 --> Utf8 Class Initialized
INFO - 2025-02-19 23:15:27 --> URI Class Initialized
INFO - 2025-02-19 23:15:27 --> Router Class Initialized
INFO - 2025-02-19 23:15:27 --> Output Class Initialized
INFO - 2025-02-19 23:15:27 --> Security Class Initialized
DEBUG - 2025-02-19 23:15:27 --> Global POST, GET and COOKIE data sanitized
INFO - 2025-02-19 23:15:27 --> Input Class Initialized
INFO - 2025-02-19 23:15:27 --> Language Class Initialized
ERROR - 2025-02-19 23:15:27 --> 404 Page Not Found: /index
INFO - 2025-02-19 23:15:29 --> Config Class Initialized
INFO - 2025-02-19 23:15:29 --> Hooks Class Initialized
DEBUG - 2025-02-19 23:15:29 --> UTF-8 Support Enabled
INFO - 2025-02-19 23:15:29 --> Utf8 Class Initialized
INFO - 2025-02-19 23:15:29 --> URI Class Initialized
INFO - 2025-02-19 23:15:29 --> Router Class Initialized
INFO - 2025-02-19 23:15:29 --> Output Class Initialized
INFO - 2025-02-19 23:15:29 --> Security Class Initialized
DEBUG - 2025-02-19 23:15:29 --> Global POST, GET and COOKIE data sanitized
INFO - 2025-02-19 23:15:29 --> Input Class Initialized
INFO - 2025-02-19 23:15:29 --> Language Class Initialized
INFO - 2025-02-19 23:15:29 --> Language Class Initialized
INFO - 2025-02-19 23:15:29 --> Config Class Initialized
INFO - 2025-02-19 23:15:29 --> Loader Class Initialized
INFO - 2025-02-19 23:15:29 --> Helper loaded: url_helper
INFO - 2025-02-19 23:15:29 --> Helper loaded: easyui_helper
INFO - 2025-02-19 23:15:29 --> Helper loaded: param_helper
INFO - 2025-02-19 23:15:29 --> Helper loaded: credential_helper
INFO - 2025-02-19 23:15:29 --> Helper loaded: template_helper
INFO - 2025-02-19 23:15:29 --> Helper loaded: rest_helper
INFO - 2025-02-19 23:15:29 --> Database Driver Class Initialized
DEBUG - 2025-02-19 23:15:29 --> Idgenerator class already loaded. Second attempt ignored.
INFO - 2025-02-19 23:15:29 --> Controller Class Initialized
INFO - 2025-02-19 23:15:29 --> Final output sent to browser
DEBUG - 2025-02-19 23:15:29 --> Total execution time: 0.0063
INFO - 2025-02-19 23:15:29 --> Config Class Initialized
INFO - 2025-02-19 23:15:29 --> Hooks Class Initialized
DEBUG - 2025-02-19 23:15:29 --> UTF-8 Support Enabled
INFO - 2025-02-19 23:15:29 --> Utf8 Class Initialized
INFO - 2025-02-19 23:15:29 --> URI Class Initialized
INFO - 2025-02-19 23:15:29 --> Router Class Initialized
INFO - 2025-02-19 23:15:29 --> Output Class Initialized
INFO - 2025-02-19 23:15:29 --> Security Class Initialized
DEBUG - 2025-02-19 23:15:29 --> Global POST, GET and COOKIE data sanitized
INFO - 2025-02-19 23:15:29 --> Input Class Initialized
INFO - 2025-02-19 23:15:29 --> Language Class Initialized
INFO - 2025-02-19 23:15:29 --> Language Class Initialized
INFO - 2025-02-19 23:15:29 --> Config Class Initialized
INFO - 2025-02-19 23:15:29 --> Loader Class Initialized
INFO - 2025-02-19 23:15:29 --> Helper loaded: url_helper
INFO - 2025-02-19 23:15:29 --> Helper loaded: easyui_helper
INFO - 2025-02-19 23:15:29 --> Helper loaded: param_helper
INFO - 2025-02-19 23:15:29 --> Helper loaded: credential_helper
INFO - 2025-02-19 23:15:29 --> Helper loaded: template_helper
INFO - 2025-02-19 23:15:29 --> Helper loaded: rest_helper
INFO - 2025-02-19 23:15:29 --> Database Driver Class Initialized
DEBUG - 2025-02-19 23:15:29 --> Idgenerator class already loaded. Second attempt ignored.
INFO - 2025-02-19 23:15:29 --> Controller Class Initialized
INFO - 2025-02-19 23:15:29 --> Model Class Initialized
DEBUG - 2025-02-19 23:15:29 --> File loaded: /apps/web-drc/application/modules/app_dashboard/models/App_dashboard_model.php
INFO - 2025-02-19 23:15:29 --> Model Class Initialized
DEBUG - 2025-02-19 23:15:29 --> File loaded: /apps/web-drc/application/modules/app_dashboard/views/content.php
DEBUG - 2025-02-19 23:15:29 --> File loaded: /apps/web-drc/application/views/templates/header.php
DEBUG - 2025-02-19 23:15:29 --> File loaded: /apps/web-drc/application/views/templates/toolbar.php
DEBUG - 2025-02-19 23:15:29 --> File loaded: /apps/web-drc/application/views/templates/sidebar.php
DEBUG - 2025-02-19 23:15:29 --> File loaded: /apps/web-drc/application/views/templates/contents.php
DEBUG - 2025-02-19 23:15:29 --> File loaded: /apps/web-drc/application/views/templates/content_footer.php
DEBUG - 2025-02-19 23:15:29 --> File loaded: /apps/web-drc/application/views/templates/footer.php
DEBUG - 2025-02-19 23:15:29 --> File loaded: /apps/web-drc/application/views/templates/default.php
INFO - 2025-02-19 23:15:29 --> Final output sent to browser
DEBUG - 2025-02-19 23:15:29 --> Total execution time: 0.0192
INFO - 2025-02-19 23:15:29 --> Config Class Initialized
INFO - 2025-02-19 23:15:29 --> Hooks Class Initialized
DEBUG - 2025-02-19 23:15:29 --> UTF-8 Support Enabled
INFO - 2025-02-19 23:15:29 --> Utf8 Class Initialized
INFO - 2025-02-19 23:15:29 --> URI Class Initialized
INFO - 2025-02-19 23:15:29 --> Router Class Initialized
INFO - 2025-02-19 23:15:29 --> Output Class Initialized
INFO - 2025-02-19 23:15:29 --> Security Class Initialized
DEBUG - 2025-02-19 23:15:29 --> Global POST, GET and COOKIE data sanitized
INFO - 2025-02-19 23:15:29 --> Input Class Initialized
INFO - 2025-02-19 23:15:29 --> Language Class Initialized
ERROR - 2025-02-19 23:15:29 --> 404 Page Not Found: /index
INFO - 2025-02-19 23:15:29 --> Config Class Initialized
INFO - 2025-02-19 23:15:29 --> Hooks Class Initialized
DEBUG - 2025-02-19 23:15:29 --> UTF-8 Support Enabled
INFO - 2025-02-19 23:15:29 --> Utf8 Class Initialized
INFO - 2025-02-19 23:15:29 --> URI Class Initialized
INFO - 2025-02-19 23:15:29 --> Router Class Initialized
INFO - 2025-02-19 23:15:29 --> Output Class Initialized
INFO - 2025-02-19 23:15:29 --> Security Class Initialized
DEBUG - 2025-02-19 23:15:29 --> Global POST, GET and COOKIE data sanitized
INFO - 2025-02-19 23:15:29 --> Input Class Initialized
INFO - 2025-02-19 23:15:29 --> Language Class Initialized
INFO - 2025-02-19 23:15:29 --> Language Class Initialized
INFO - 2025-02-19 23:15:29 --> Config Class Initialized
INFO - 2025-02-19 23:15:29 --> Loader Class Initialized
INFO - 2025-02-19 23:15:29 --> Helper loaded: url_helper
INFO - 2025-02-19 23:15:29 --> Helper loaded: easyui_helper
INFO - 2025-02-19 23:15:29 --> Helper loaded: param_helper
INFO - 2025-02-19 23:15:29 --> Helper loaded: credential_helper
INFO - 2025-02-19 23:15:29 --> Helper loaded: template_helper
INFO - 2025-02-19 23:15:29 --> Helper loaded: rest_helper
INFO - 2025-02-19 23:15:29 --> Database Driver Class Initialized
DEBUG - 2025-02-19 23:15:29 --> Idgenerator class already loaded. Second attempt ignored.
INFO - 2025-02-19 23:15:29 --> Controller Class Initialized
INFO - 2025-02-19 23:15:29 --> Model Class Initialized
DEBUG - 2025-02-19 23:15:29 --> File loaded: /apps/web-drc/application/modules/app_dashboard/models/App_dashboard_model.php
INFO - 2025-02-19 23:15:29 --> Model Class Initialized
INFO - 2025-02-19 23:15:29 --> Final output sent to browser
DEBUG - 2025-02-19 23:15:29 --> Total execution time: 0.0057
INFO - 2025-02-19 23:15:30 --> Config Class Initialized
INFO - 2025-02-19 23:15:30 --> Hooks Class Initialized
DEBUG - 2025-02-19 23:15:30 --> UTF-8 Support Enabled
INFO - 2025-02-19 23:15:30 --> Utf8 Class Initialized
INFO - 2025-02-19 23:15:30 --> URI Class Initialized
INFO - 2025-02-19 23:15:30 --> Router Class Initialized
INFO - 2025-02-19 23:15:30 --> Output Class Initialized
INFO - 2025-02-19 23:15:30 --> Security Class Initialized
DEBUG - 2025-02-19 23:15:30 --> Global POST, GET and COOKIE data sanitized
INFO - 2025-02-19 23:15:30 --> Input Class Initialized
INFO - 2025-02-19 23:15:30 --> Language Class Initialized
INFO - 2025-02-19 23:15:30 --> Language Class Initialized
INFO - 2025-02-19 23:15:30 --> Config Class Initialized
INFO - 2025-02-19 23:15:30 --> Loader Class Initialized
INFO - 2025-02-19 23:15:30 --> Helper loaded: url_helper
INFO - 2025-02-19 23:15:30 --> Helper loaded: easyui_helper
INFO - 2025-02-19 23:15:30 --> Helper loaded: param_helper
INFO - 2025-02-19 23:15:30 --> Helper loaded: credential_helper
INFO - 2025-02-19 23:15:30 --> Helper loaded: template_helper
INFO - 2025-02-19 23:15:30 --> Helper loaded: rest_helper
INFO - 2025-02-19 23:15:30 --> Database Driver Class Initialized
DEBUG - 2025-02-19 23:15:30 --> Idgenerator class already loaded. Second attempt ignored.
INFO - 2025-02-19 23:15:30 --> Controller Class Initialized
INFO - 2025-02-19 23:15:30 --> Model Class Initialized
DEBUG - 2025-02-19 23:15:30 --> File loaded: /apps/web-drc/application/modules/api_v1/models/Api_v1_model.php
INFO - 2025-02-19 23:15:30 --> Model Class Initialized
INFO - 2025-02-19 23:15:30 --> Final output sent to browser
DEBUG - 2025-02-19 23:15:30 --> Total execution time: 0.0037
