INFO - 2025-03-10 04:08:29 --> Config Class Initialized
INFO - 2025-03-10 04:08:29 --> Hooks Class Initialized
DEBUG - 2025-03-10 04:08:29 --> UTF-8 Support Enabled
INFO - 2025-03-10 04:08:29 --> Utf8 Class Initialized
INFO - 2025-03-10 04:08:29 --> URI Class Initialized
DEBUG - 2025-03-10 04:08:29 --> No URI present. Default controller set.
INFO - 2025-03-10 04:08:29 --> Router Class Initialized
INFO - 2025-03-10 04:08:29 --> Output Class Initialized
INFO - 2025-03-10 04:08:29 --> Security Class Initialized
DEBUG - 2025-03-10 04:08:29 --> Global POST, GET and COOKIE data sanitized
INFO - 2025-03-10 04:08:29 --> Input Class Initialized
INFO - 2025-03-10 04:08:29 --> Language Class Initialized
INFO - 2025-03-10 04:08:29 --> Language Class Initialized
INFO - 2025-03-10 04:08:29 --> Config Class Initialized
INFO - 2025-03-10 04:08:29 --> Loader Class Initialized
INFO - 2025-03-10 04:08:29 --> Helper loaded: url_helper
INFO - 2025-03-10 04:08:29 --> Helper loaded: easyui_helper
INFO - 2025-03-10 04:08:29 --> Helper loaded: param_helper
INFO - 2025-03-10 04:08:29 --> Helper loaded: credential_helper
INFO - 2025-03-10 04:08:29 --> Helper loaded: template_helper
INFO - 2025-03-10 04:08:29 --> Helper loaded: rest_helper
INFO - 2025-03-10 04:08:29 --> Database Driver Class Initialized
DEBUG - 2025-03-10 04:08:29 --> Idgenerator class already loaded. Second attempt ignored.
INFO - 2025-03-10 04:08:29 --> Controller Class Initialized
DEBUG - 2025-03-10 04:08:29 --> File loaded: /apps/web-drc/application/modules/app_auth/views/login_lte_template.php
DEBUG - 2025-03-10 04:08:29 --> File loaded: /apps/web-drc/application/views/template_login_lte/header.php
DEBUG - 2025-03-10 04:08:29 --> File loaded: /apps/web-drc/application/views/template_login_lte/contents.php
DEBUG - 2025-03-10 04:08:29 --> File loaded: /apps/web-drc/application/views/template_login_lte/default.php
INFO - 2025-03-10 04:08:29 --> Final output sent to browser
DEBUG - 2025-03-10 04:08:29 --> Total execution time: 0.0440
INFO - 2025-03-10 12:12:37 --> Config Class Initialized
INFO - 2025-03-10 12:12:37 --> Hooks Class Initialized
DEBUG - 2025-03-10 12:12:37 --> UTF-8 Support Enabled
INFO - 2025-03-10 12:12:37 --> Utf8 Class Initialized
INFO - 2025-03-10 12:12:37 --> URI Class Initialized
INFO - 2025-03-10 12:12:37 --> Router Class Initialized
INFO - 2025-03-10 12:12:37 --> Output Class Initialized
INFO - 2025-03-10 12:12:37 --> Security Class Initialized
DEBUG - 2025-03-10 12:12:37 --> Global POST, GET and COOKIE data sanitized
INFO - 2025-03-10 12:12:37 --> Input Class Initialized
INFO - 2025-03-10 12:12:37 --> Language Class Initialized
INFO - 2025-03-10 12:12:37 --> Language Class Initialized
INFO - 2025-03-10 12:12:37 --> Config Class Initialized
INFO - 2025-03-10 12:12:37 --> Loader Class Initialized
INFO - 2025-03-10 12:12:37 --> Helper loaded: url_helper
INFO - 2025-03-10 12:12:37 --> Helper loaded: easyui_helper
INFO - 2025-03-10 12:12:37 --> Helper loaded: param_helper
INFO - 2025-03-10 12:12:37 --> Helper loaded: credential_helper
INFO - 2025-03-10 12:12:37 --> Helper loaded: template_helper
INFO - 2025-03-10 12:12:37 --> Helper loaded: rest_helper
INFO - 2025-03-10 12:12:37 --> Database Driver Class Initialized
DEBUG - 2025-03-10 12:12:37 --> Idgenerator class already loaded. Second attempt ignored.
INFO - 2025-03-10 12:12:37 --> Controller Class Initialized
INFO - 2025-03-10 12:12:37 --> Model Class Initialized
DEBUG - 2025-03-10 12:12:37 --> File loaded: /apps/web-drc/application/modules/api_v1/models/Api_v1_model.php
INFO - 2025-03-10 12:12:37 --> Model Class Initialized
INFO - 2025-03-10 12:12:49 --> Final output sent to browser
DEBUG - 2025-03-10 12:12:49 --> Total execution time: 11.9784
