INFO - 2025-01-31 07:07:09 --> Config Class Initialized
INFO - 2025-01-31 07:07:09 --> Hooks Class Initialized
DEBUG - 2025-01-31 07:07:09 --> UTF-8 Support Enabled
INFO - 2025-01-31 07:07:09 --> Utf8 Class Initialized
INFO - 2025-01-31 07:07:09 --> URI Class Initialized
INFO - 2025-01-31 07:07:09 --> Router Class Initialized
INFO - 2025-01-31 07:07:09 --> Output Class Initialized
INFO - 2025-01-31 07:07:09 --> Security Class Initialized
DEBUG - 2025-01-31 07:07:09 --> Global POST, GET and COOKIE data sanitized
INFO - 2025-01-31 07:07:09 --> Input Class Initialized
INFO - 2025-01-31 07:07:09 --> Language Class Initialized
INFO - 2025-01-31 07:07:09 --> Language Class Initialized
INFO - 2025-01-31 07:07:09 --> Config Class Initialized
INFO - 2025-01-31 07:07:09 --> Loader Class Initialized
INFO - 2025-01-31 07:07:09 --> Helper loaded: url_helper
INFO - 2025-01-31 07:07:09 --> Helper loaded: easyui_helper
INFO - 2025-01-31 07:07:09 --> Helper loaded: param_helper
INFO - 2025-01-31 07:07:09 --> Helper loaded: credential_helper
INFO - 2025-01-31 07:07:09 --> Helper loaded: template_helper
INFO - 2025-01-31 07:07:09 --> Helper loaded: rest_helper
INFO - 2025-01-31 07:07:09 --> Database Driver Class Initialized
DEBUG - 2025-01-31 07:07:09 --> Idgenerator class already loaded. Second attempt ignored.
INFO - 2025-01-31 07:07:09 --> Controller Class Initialized
INFO - 2025-01-31 07:07:09 --> Model Class Initialized
DEBUG - 2025-01-31 07:07:09 --> File loaded: /apps/web-drc/application/modules/api_v1/models/Api_v1_model.php
INFO - 2025-01-31 07:07:09 --> Model Class Initialized
INFO - 2025-01-31 07:07:26 --> Final output sent to browser
DEBUG - 2025-01-31 07:07:26 --> Total execution time: 16.7081
INFO - 2025-01-31 07:07:26 --> Config Class Initialized
INFO - 2025-01-31 07:07:26 --> Hooks Class Initialized
DEBUG - 2025-01-31 07:07:26 --> UTF-8 Support Enabled
INFO - 2025-01-31 07:07:26 --> Utf8 Class Initialized
INFO - 2025-01-31 07:07:26 --> URI Class Initialized
INFO - 2025-01-31 07:07:26 --> Router Class Initialized
INFO - 2025-01-31 07:07:26 --> Output Class Initialized
INFO - 2025-01-31 07:07:26 --> Security Class Initialized
DEBUG - 2025-01-31 07:07:26 --> Global POST, GET and COOKIE data sanitized
INFO - 2025-01-31 07:07:26 --> Input Class Initialized
INFO - 2025-01-31 07:07:26 --> Language Class Initialized
ERROR - 2025-01-31 07:07:26 --> 404 Page Not Found: /index
