INFO - 2025-03-14 00:49:17 --> Config Class Initialized
INFO - 2025-03-14 00:49:17 --> Hooks Class Initialized
DEBUG - 2025-03-14 00:49:17 --> UTF-8 Support Enabled
INFO - 2025-03-14 00:49:17 --> Utf8 Class Initialized
INFO - 2025-03-14 00:49:17 --> URI Class Initialized
INFO - 2025-03-14 00:49:17 --> Router Class Initialized
INFO - 2025-03-14 00:49:17 --> Output Class Initialized
INFO - 2025-03-14 00:49:17 --> Security Class Initialized
DEBUG - 2025-03-14 00:49:17 --> Global POST, GET and COOKIE data sanitized
INFO - 2025-03-14 00:49:17 --> Input Class Initialized
INFO - 2025-03-14 00:49:17 --> Language Class Initialized
INFO - 2025-03-14 00:49:17 --> Language Class Initialized
INFO - 2025-03-14 00:49:17 --> Config Class Initialized
INFO - 2025-03-14 00:49:17 --> Loader Class Initialized
INFO - 2025-03-14 00:49:17 --> Helper loaded: url_helper
INFO - 2025-03-14 00:49:17 --> Helper loaded: easyui_helper
INFO - 2025-03-14 00:49:17 --> Helper loaded: param_helper
INFO - 2025-03-14 00:49:17 --> Helper loaded: credential_helper
INFO - 2025-03-14 00:49:17 --> Helper loaded: template_helper
INFO - 2025-03-14 00:49:17 --> Helper loaded: rest_helper
INFO - 2025-03-14 00:49:17 --> Database Driver Class Initialized
DEBUG - 2025-03-14 00:49:17 --> Idgenerator class already loaded. Second attempt ignored.
INFO - 2025-03-14 00:49:17 --> Controller Class Initialized
INFO - 2025-03-14 00:49:17 --> Model Class Initialized
DEBUG - 2025-03-14 00:49:17 --> File loaded: /apps/web-drc/application/modules/api_v1/models/Api_v1_model.php
INFO - 2025-03-14 00:49:17 --> Model Class Initialized
INFO - 2025-03-14 00:49:29 --> Final output sent to browser
DEBUG - 2025-03-14 00:49:29 --> Total execution time: 11.4936
INFO - 2025-03-14 00:49:29 --> Config Class Initialized
INFO - 2025-03-14 00:49:29 --> Hooks Class Initialized
DEBUG - 2025-03-14 00:49:29 --> UTF-8 Support Enabled
INFO - 2025-03-14 00:49:29 --> Utf8 Class Initialized
INFO - 2025-03-14 00:49:29 --> URI Class Initialized
INFO - 2025-03-14 00:49:29 --> Router Class Initialized
INFO - 2025-03-14 00:49:29 --> Output Class Initialized
INFO - 2025-03-14 00:49:29 --> Security Class Initialized
DEBUG - 2025-03-14 00:49:29 --> Global POST, GET and COOKIE data sanitized
INFO - 2025-03-14 00:49:29 --> Input Class Initialized
INFO - 2025-03-14 00:49:29 --> Language Class Initialized
ERROR - 2025-03-14 00:49:29 --> 404 Page Not Found: /index
INFO - 2025-03-14 05:24:38 --> Config Class Initialized
INFO - 2025-03-14 05:24:38 --> Hooks Class Initialized
DEBUG - 2025-03-14 05:24:38 --> UTF-8 Support Enabled
INFO - 2025-03-14 05:24:38 --> Utf8 Class Initialized
INFO - 2025-03-14 05:24:38 --> URI Class Initialized
INFO - 2025-03-14 05:24:38 --> Router Class Initialized
INFO - 2025-03-14 05:24:38 --> Output Class Initialized
INFO - 2025-03-14 05:24:38 --> Security Class Initialized
DEBUG - 2025-03-14 05:24:38 --> Global POST, GET and COOKIE data sanitized
INFO - 2025-03-14 05:24:38 --> Input Class Initialized
INFO - 2025-03-14 05:24:38 --> Language Class Initialized
ERROR - 2025-03-14 05:24:38 --> 404 Page Not Found: /index
INFO - 2025-03-14 05:24:38 --> Config Class Initialized
INFO - 2025-03-14 05:24:38 --> Hooks Class Initialized
DEBUG - 2025-03-14 05:24:38 --> UTF-8 Support Enabled
INFO - 2025-03-14 05:24:38 --> Utf8 Class Initialized
INFO - 2025-03-14 05:24:38 --> URI Class Initialized
DEBUG - 2025-03-14 05:24:38 --> No URI present. Default controller set.
INFO - 2025-03-14 05:24:38 --> Router Class Initialized
INFO - 2025-03-14 05:24:38 --> Output Class Initialized
INFO - 2025-03-14 05:24:38 --> Security Class Initialized
DEBUG - 2025-03-14 05:24:38 --> Global POST, GET and COOKIE data sanitized
INFO - 2025-03-14 05:24:38 --> Input Class Initialized
INFO - 2025-03-14 05:24:38 --> Language Class Initialized
INFO - 2025-03-14 05:24:38 --> Language Class Initialized
INFO - 2025-03-14 05:24:38 --> Config Class Initialized
INFO - 2025-03-14 05:24:38 --> Loader Class Initialized
INFO - 2025-03-14 05:24:38 --> Helper loaded: url_helper
INFO - 2025-03-14 05:24:38 --> Helper loaded: easyui_helper
INFO - 2025-03-14 05:24:38 --> Helper loaded: param_helper
INFO - 2025-03-14 05:24:38 --> Helper loaded: credential_helper
INFO - 2025-03-14 05:24:38 --> Helper loaded: template_helper
INFO - 2025-03-14 05:24:38 --> Helper loaded: rest_helper
INFO - 2025-03-14 05:24:38 --> Database Driver Class Initialized
DEBUG - 2025-03-14 05:24:38 --> Idgenerator class already loaded. Second attempt ignored.
INFO - 2025-03-14 05:24:38 --> Controller Class Initialized
DEBUG - 2025-03-14 05:24:38 --> File loaded: /apps/web-drc/application/modules/app_auth/views/login_lte_template.php
DEBUG - 2025-03-14 05:24:38 --> File loaded: /apps/web-drc/application/views/template_login_lte/header.php
DEBUG - 2025-03-14 05:24:38 --> File loaded: /apps/web-drc/application/views/template_login_lte/contents.php
DEBUG - 2025-03-14 05:24:38 --> File loaded: /apps/web-drc/application/views/template_login_lte/default.php
INFO - 2025-03-14 05:24:38 --> Final output sent to browser
DEBUG - 2025-03-14 05:24:38 --> Total execution time: 0.0037
INFO - 2025-03-14 12:24:46 --> Config Class Initialized
INFO - 2025-03-14 12:24:46 --> Hooks Class Initialized
DEBUG - 2025-03-14 12:24:46 --> UTF-8 Support Enabled
INFO - 2025-03-14 12:24:46 --> Utf8 Class Initialized
INFO - 2025-03-14 12:24:46 --> URI Class Initialized
DEBUG - 2025-03-14 12:24:46 --> No URI present. Default controller set.
INFO - 2025-03-14 12:24:46 --> Router Class Initialized
INFO - 2025-03-14 12:24:46 --> Output Class Initialized
INFO - 2025-03-14 12:24:46 --> Security Class Initialized
DEBUG - 2025-03-14 12:24:46 --> Global POST, GET and COOKIE data sanitized
INFO - 2025-03-14 12:24:46 --> Input Class Initialized
INFO - 2025-03-14 12:24:46 --> Language Class Initialized
INFO - 2025-03-14 12:24:46 --> Language Class Initialized
INFO - 2025-03-14 12:24:46 --> Config Class Initialized
INFO - 2025-03-14 12:24:46 --> Loader Class Initialized
INFO - 2025-03-14 12:24:46 --> Helper loaded: url_helper
INFO - 2025-03-14 12:24:46 --> Helper loaded: easyui_helper
INFO - 2025-03-14 12:24:46 --> Helper loaded: param_helper
INFO - 2025-03-14 12:24:46 --> Helper loaded: credential_helper
INFO - 2025-03-14 12:24:46 --> Helper loaded: template_helper
INFO - 2025-03-14 12:24:46 --> Helper loaded: rest_helper
INFO - 2025-03-14 12:24:46 --> Database Driver Class Initialized
DEBUG - 2025-03-14 12:24:46 --> Idgenerator class already loaded. Second attempt ignored.
INFO - 2025-03-14 12:24:46 --> Controller Class Initialized
DEBUG - 2025-03-14 12:24:46 --> File loaded: /apps/web-drc/application/modules/app_auth/views/login_lte_template.php
DEBUG - 2025-03-14 12:24:46 --> File loaded: /apps/web-drc/application/views/template_login_lte/header.php
DEBUG - 2025-03-14 12:24:46 --> File loaded: /apps/web-drc/application/views/template_login_lte/contents.php
DEBUG - 2025-03-14 12:24:46 --> File loaded: /apps/web-drc/application/views/template_login_lte/default.php
INFO - 2025-03-14 12:24:46 --> Final output sent to browser
DEBUG - 2025-03-14 12:24:46 --> Total execution time: 0.0621
INFO - 2025-03-14 12:24:46 --> Config Class Initialized
INFO - 2025-03-14 12:24:46 --> Hooks Class Initialized
DEBUG - 2025-03-14 12:24:46 --> UTF-8 Support Enabled
INFO - 2025-03-14 12:24:46 --> Utf8 Class Initialized
INFO - 2025-03-14 12:24:46 --> URI Class Initialized
INFO - 2025-03-14 12:24:46 --> Router Class Initialized
INFO - 2025-03-14 12:24:46 --> Output Class Initialized
INFO - 2025-03-14 12:24:46 --> Security Class Initialized
DEBUG - 2025-03-14 12:24:46 --> Global POST, GET and COOKIE data sanitized
INFO - 2025-03-14 12:24:46 --> Input Class Initialized
INFO - 2025-03-14 12:24:46 --> Language Class Initialized
ERROR - 2025-03-14 12:24:46 --> 404 Page Not Found: /index
INFO - 2025-03-14 12:24:46 --> Config Class Initialized
INFO - 2025-03-14 12:24:46 --> Hooks Class Initialized
DEBUG - 2025-03-14 12:24:46 --> UTF-8 Support Enabled
INFO - 2025-03-14 12:24:46 --> Utf8 Class Initialized
INFO - 2025-03-14 12:24:46 --> URI Class Initialized
INFO - 2025-03-14 12:24:46 --> Router Class Initialized
INFO - 2025-03-14 12:24:46 --> Output Class Initialized
INFO - 2025-03-14 12:24:46 --> Security Class Initialized
DEBUG - 2025-03-14 12:24:46 --> Global POST, GET and COOKIE data sanitized
INFO - 2025-03-14 12:24:46 --> Input Class Initialized
INFO - 2025-03-14 12:24:46 --> Language Class Initialized
ERROR - 2025-03-14 12:24:46 --> 404 Page Not Found: /index
INFO - 2025-03-14 12:24:47 --> Config Class Initialized
INFO - 2025-03-14 12:24:47 --> Hooks Class Initialized
DEBUG - 2025-03-14 12:24:47 --> UTF-8 Support Enabled
INFO - 2025-03-14 12:24:47 --> Utf8 Class Initialized
INFO - 2025-03-14 12:24:47 --> URI Class Initialized
DEBUG - 2025-03-14 12:24:47 --> No URI present. Default controller set.
INFO - 2025-03-14 12:24:47 --> Router Class Initialized
INFO - 2025-03-14 12:24:47 --> Output Class Initialized
INFO - 2025-03-14 12:24:47 --> Security Class Initialized
DEBUG - 2025-03-14 12:24:47 --> Global POST, GET and COOKIE data sanitized
INFO - 2025-03-14 12:24:47 --> Input Class Initialized
INFO - 2025-03-14 12:24:47 --> Language Class Initialized
INFO - 2025-03-14 12:24:47 --> Language Class Initialized
INFO - 2025-03-14 12:24:47 --> Config Class Initialized
INFO - 2025-03-14 12:24:47 --> Loader Class Initialized
INFO - 2025-03-14 12:24:47 --> Helper loaded: url_helper
INFO - 2025-03-14 12:24:47 --> Helper loaded: easyui_helper
INFO - 2025-03-14 12:24:47 --> Helper loaded: param_helper
INFO - 2025-03-14 12:24:47 --> Helper loaded: credential_helper
INFO - 2025-03-14 12:24:47 --> Helper loaded: template_helper
INFO - 2025-03-14 12:24:47 --> Helper loaded: rest_helper
INFO - 2025-03-14 12:24:47 --> Database Driver Class Initialized
DEBUG - 2025-03-14 12:24:47 --> Idgenerator class already loaded. Second attempt ignored.
INFO - 2025-03-14 12:24:47 --> Controller Class Initialized
DEBUG - 2025-03-14 12:24:47 --> File loaded: /apps/web-drc/application/modules/app_auth/views/login_lte_template.php
DEBUG - 2025-03-14 12:24:47 --> File loaded: /apps/web-drc/application/views/template_login_lte/header.php
DEBUG - 2025-03-14 12:24:47 --> File loaded: /apps/web-drc/application/views/template_login_lte/contents.php
DEBUG - 2025-03-14 12:24:47 --> File loaded: /apps/web-drc/application/views/template_login_lte/default.php
INFO - 2025-03-14 12:24:47 --> Final output sent to browser
DEBUG - 2025-03-14 12:24:47 --> Total execution time: 0.0028
INFO - 2025-03-14 12:24:47 --> Config Class Initialized
INFO - 2025-03-14 12:24:47 --> Hooks Class Initialized
DEBUG - 2025-03-14 12:24:47 --> UTF-8 Support Enabled
INFO - 2025-03-14 12:24:47 --> Utf8 Class Initialized
INFO - 2025-03-14 12:24:47 --> URI Class Initialized
INFO - 2025-03-14 12:24:47 --> Router Class Initialized
INFO - 2025-03-14 12:24:47 --> Output Class Initialized
INFO - 2025-03-14 12:24:47 --> Security Class Initialized
DEBUG - 2025-03-14 12:24:47 --> Global POST, GET and COOKIE data sanitized
INFO - 2025-03-14 12:24:47 --> Input Class Initialized
INFO - 2025-03-14 12:24:47 --> Language Class Initialized
ERROR - 2025-03-14 12:24:47 --> 404 Page Not Found: /index
INFO - 2025-03-14 12:24:47 --> Config Class Initialized
INFO - 2025-03-14 12:24:47 --> Hooks Class Initialized
DEBUG - 2025-03-14 12:24:47 --> UTF-8 Support Enabled
INFO - 2025-03-14 12:24:47 --> Utf8 Class Initialized
INFO - 2025-03-14 12:24:47 --> URI Class Initialized
INFO - 2025-03-14 12:24:47 --> Router Class Initialized
INFO - 2025-03-14 12:24:47 --> Output Class Initialized
INFO - 2025-03-14 12:24:47 --> Security Class Initialized
DEBUG - 2025-03-14 12:24:47 --> Global POST, GET and COOKIE data sanitized
INFO - 2025-03-14 12:24:47 --> Input Class Initialized
INFO - 2025-03-14 12:24:47 --> Language Class Initialized
ERROR - 2025-03-14 12:24:47 --> 404 Page Not Found: /index
INFO - 2025-03-14 12:24:47 --> Config Class Initialized
INFO - 2025-03-14 12:24:47 --> Hooks Class Initialized
DEBUG - 2025-03-14 12:24:47 --> UTF-8 Support Enabled
INFO - 2025-03-14 12:24:47 --> Utf8 Class Initialized
INFO - 2025-03-14 12:24:47 --> URI Class Initialized
INFO - 2025-03-14 12:24:47 --> Router Class Initialized
INFO - 2025-03-14 12:24:47 --> Output Class Initialized
INFO - 2025-03-14 12:24:47 --> Security Class Initialized
DEBUG - 2025-03-14 12:24:47 --> Global POST, GET and COOKIE data sanitized
INFO - 2025-03-14 12:24:47 --> Input Class Initialized
INFO - 2025-03-14 12:24:47 --> Language Class Initialized
ERROR - 2025-03-14 12:24:47 --> 404 Page Not Found: /index
INFO - 2025-03-14 12:24:47 --> Config Class Initialized
INFO - 2025-03-14 12:24:47 --> Hooks Class Initialized
DEBUG - 2025-03-14 12:24:47 --> UTF-8 Support Enabled
INFO - 2025-03-14 12:24:47 --> Utf8 Class Initialized
INFO - 2025-03-14 12:24:47 --> URI Class Initialized
INFO - 2025-03-14 12:24:47 --> Router Class Initialized
INFO - 2025-03-14 12:24:47 --> Output Class Initialized
INFO - 2025-03-14 12:24:47 --> Security Class Initialized
DEBUG - 2025-03-14 12:24:47 --> Global POST, GET and COOKIE data sanitized
INFO - 2025-03-14 12:24:47 --> Input Class Initialized
INFO - 2025-03-14 12:24:47 --> Language Class Initialized
ERROR - 2025-03-14 12:24:47 --> 404 Page Not Found: /index
INFO - 2025-03-14 12:24:47 --> Config Class Initialized
INFO - 2025-03-14 12:24:47 --> Hooks Class Initialized
DEBUG - 2025-03-14 12:24:47 --> UTF-8 Support Enabled
INFO - 2025-03-14 12:24:47 --> Utf8 Class Initialized
INFO - 2025-03-14 12:24:47 --> URI Class Initialized
INFO - 2025-03-14 12:24:47 --> Router Class Initialized
INFO - 2025-03-14 12:24:47 --> Output Class Initialized
INFO - 2025-03-14 12:24:47 --> Security Class Initialized
DEBUG - 2025-03-14 12:24:47 --> Global POST, GET and COOKIE data sanitized
INFO - 2025-03-14 12:24:47 --> Input Class Initialized
INFO - 2025-03-14 12:24:47 --> Language Class Initialized
ERROR - 2025-03-14 12:24:47 --> 404 Page Not Found: /index
INFO - 2025-03-14 12:24:47 --> Config Class Initialized
INFO - 2025-03-14 12:24:47 --> Hooks Class Initialized
DEBUG - 2025-03-14 12:24:47 --> UTF-8 Support Enabled
INFO - 2025-03-14 12:24:47 --> Utf8 Class Initialized
INFO - 2025-03-14 12:24:47 --> URI Class Initialized
INFO - 2025-03-14 12:24:47 --> Router Class Initialized
INFO - 2025-03-14 12:24:47 --> Output Class Initialized
INFO - 2025-03-14 12:24:47 --> Security Class Initialized
DEBUG - 2025-03-14 12:24:47 --> Global POST, GET and COOKIE data sanitized
INFO - 2025-03-14 12:24:47 --> Input Class Initialized
INFO - 2025-03-14 12:24:47 --> Language Class Initialized
ERROR - 2025-03-14 12:24:47 --> 404 Page Not Found: /index
INFO - 2025-03-14 12:24:48 --> Config Class Initialized
INFO - 2025-03-14 12:24:48 --> Hooks Class Initialized
DEBUG - 2025-03-14 12:24:48 --> UTF-8 Support Enabled
INFO - 2025-03-14 12:24:48 --> Utf8 Class Initialized
INFO - 2025-03-14 12:24:48 --> URI Class Initialized
INFO - 2025-03-14 12:24:48 --> Router Class Initialized
INFO - 2025-03-14 12:24:48 --> Output Class Initialized
INFO - 2025-03-14 12:24:48 --> Security Class Initialized
DEBUG - 2025-03-14 12:24:48 --> Global POST, GET and COOKIE data sanitized
INFO - 2025-03-14 12:24:48 --> Input Class Initialized
INFO - 2025-03-14 12:24:48 --> Language Class Initialized
ERROR - 2025-03-14 12:24:48 --> 404 Page Not Found: /index
INFO - 2025-03-14 12:24:48 --> Config Class Initialized
INFO - 2025-03-14 12:24:48 --> Hooks Class Initialized
DEBUG - 2025-03-14 12:24:48 --> UTF-8 Support Enabled
INFO - 2025-03-14 12:24:48 --> Utf8 Class Initialized
INFO - 2025-03-14 12:24:48 --> URI Class Initialized
INFO - 2025-03-14 12:24:48 --> Router Class Initialized
INFO - 2025-03-14 12:24:48 --> Output Class Initialized
INFO - 2025-03-14 12:24:48 --> Security Class Initialized
DEBUG - 2025-03-14 12:24:48 --> Global POST, GET and COOKIE data sanitized
INFO - 2025-03-14 12:24:48 --> Input Class Initialized
INFO - 2025-03-14 12:24:48 --> Language Class Initialized
ERROR - 2025-03-14 12:24:48 --> 404 Page Not Found: /index
INFO - 2025-03-14 12:24:48 --> Config Class Initialized
INFO - 2025-03-14 12:24:48 --> Hooks Class Initialized
DEBUG - 2025-03-14 12:24:48 --> UTF-8 Support Enabled
INFO - 2025-03-14 12:24:48 --> Utf8 Class Initialized
INFO - 2025-03-14 12:24:48 --> URI Class Initialized
INFO - 2025-03-14 12:24:48 --> Router Class Initialized
INFO - 2025-03-14 12:24:48 --> Output Class Initialized
INFO - 2025-03-14 12:24:48 --> Security Class Initialized
DEBUG - 2025-03-14 12:24:48 --> Global POST, GET and COOKIE data sanitized
INFO - 2025-03-14 12:24:48 --> Input Class Initialized
INFO - 2025-03-14 12:24:48 --> Language Class Initialized
ERROR - 2025-03-14 12:24:48 --> 404 Page Not Found: /index
INFO - 2025-03-14 12:24:48 --> Config Class Initialized
INFO - 2025-03-14 12:24:48 --> Hooks Class Initialized
DEBUG - 2025-03-14 12:24:48 --> UTF-8 Support Enabled
INFO - 2025-03-14 12:24:48 --> Utf8 Class Initialized
INFO - 2025-03-14 12:24:48 --> URI Class Initialized
INFO - 2025-03-14 12:24:48 --> Router Class Initialized
INFO - 2025-03-14 12:24:48 --> Output Class Initialized
INFO - 2025-03-14 12:24:48 --> Security Class Initialized
DEBUG - 2025-03-14 12:24:48 --> Global POST, GET and COOKIE data sanitized
INFO - 2025-03-14 12:24:48 --> Input Class Initialized
INFO - 2025-03-14 12:24:48 --> Language Class Initialized
ERROR - 2025-03-14 12:24:48 --> 404 Page Not Found: /index
INFO - 2025-03-14 12:24:48 --> Config Class Initialized
INFO - 2025-03-14 12:24:48 --> Hooks Class Initialized
DEBUG - 2025-03-14 12:24:48 --> UTF-8 Support Enabled
INFO - 2025-03-14 12:24:48 --> Utf8 Class Initialized
INFO - 2025-03-14 12:24:48 --> URI Class Initialized
INFO - 2025-03-14 12:24:48 --> Router Class Initialized
INFO - 2025-03-14 12:24:48 --> Output Class Initialized
INFO - 2025-03-14 12:24:48 --> Security Class Initialized
DEBUG - 2025-03-14 12:24:48 --> Global POST, GET and COOKIE data sanitized
INFO - 2025-03-14 12:24:48 --> Input Class Initialized
INFO - 2025-03-14 12:24:48 --> Language Class Initialized
ERROR - 2025-03-14 12:24:48 --> 404 Page Not Found: /index
INFO - 2025-03-14 12:24:48 --> Config Class Initialized
INFO - 2025-03-14 12:24:48 --> Hooks Class Initialized
DEBUG - 2025-03-14 12:24:48 --> UTF-8 Support Enabled
INFO - 2025-03-14 12:24:48 --> Utf8 Class Initialized
INFO - 2025-03-14 12:24:48 --> URI Class Initialized
INFO - 2025-03-14 12:24:48 --> Router Class Initialized
INFO - 2025-03-14 12:24:48 --> Output Class Initialized
INFO - 2025-03-14 12:24:48 --> Security Class Initialized
DEBUG - 2025-03-14 12:24:48 --> Global POST, GET and COOKIE data sanitized
INFO - 2025-03-14 12:24:48 --> Input Class Initialized
INFO - 2025-03-14 12:24:48 --> Language Class Initialized
ERROR - 2025-03-14 12:24:48 --> 404 Page Not Found: /index
INFO - 2025-03-14 12:24:48 --> Config Class Initialized
INFO - 2025-03-14 12:24:48 --> Hooks Class Initialized
DEBUG - 2025-03-14 12:24:48 --> UTF-8 Support Enabled
INFO - 2025-03-14 12:24:48 --> Utf8 Class Initialized
INFO - 2025-03-14 12:24:48 --> URI Class Initialized
INFO - 2025-03-14 12:24:48 --> Router Class Initialized
INFO - 2025-03-14 12:24:48 --> Output Class Initialized
INFO - 2025-03-14 12:24:48 --> Security Class Initialized
DEBUG - 2025-03-14 12:24:48 --> Global POST, GET and COOKIE data sanitized
INFO - 2025-03-14 12:24:48 --> Input Class Initialized
INFO - 2025-03-14 12:24:48 --> Language Class Initialized
ERROR - 2025-03-14 12:24:48 --> 404 Page Not Found: /index
INFO - 2025-03-14 12:24:48 --> Config Class Initialized
INFO - 2025-03-14 12:24:48 --> Hooks Class Initialized
DEBUG - 2025-03-14 12:24:48 --> UTF-8 Support Enabled
INFO - 2025-03-14 12:24:48 --> Utf8 Class Initialized
INFO - 2025-03-14 12:24:48 --> URI Class Initialized
INFO - 2025-03-14 12:24:48 --> Router Class Initialized
INFO - 2025-03-14 12:24:48 --> Output Class Initialized
INFO - 2025-03-14 12:24:48 --> Security Class Initialized
DEBUG - 2025-03-14 12:24:48 --> Global POST, GET and COOKIE data sanitized
INFO - 2025-03-14 12:24:48 --> Input Class Initialized
INFO - 2025-03-14 12:24:48 --> Language Class Initialized
ERROR - 2025-03-14 12:24:48 --> 404 Page Not Found: /index
INFO - 2025-03-14 12:24:49 --> Config Class Initialized
INFO - 2025-03-14 12:24:49 --> Hooks Class Initialized
DEBUG - 2025-03-14 12:24:49 --> UTF-8 Support Enabled
INFO - 2025-03-14 12:24:49 --> Utf8 Class Initialized
INFO - 2025-03-14 12:24:49 --> URI Class Initialized
INFO - 2025-03-14 12:24:49 --> Router Class Initialized
INFO - 2025-03-14 12:24:49 --> Output Class Initialized
INFO - 2025-03-14 12:24:49 --> Security Class Initialized
DEBUG - 2025-03-14 12:24:49 --> Global POST, GET and COOKIE data sanitized
INFO - 2025-03-14 12:24:49 --> Input Class Initialized
INFO - 2025-03-14 12:24:49 --> Language Class Initialized
ERROR - 2025-03-14 12:24:49 --> 404 Page Not Found: /index
INFO - 2025-03-14 16:50:35 --> Config Class Initialized
INFO - 2025-03-14 16:50:35 --> Hooks Class Initialized
DEBUG - 2025-03-14 16:50:35 --> UTF-8 Support Enabled
INFO - 2025-03-14 16:50:35 --> Utf8 Class Initialized
INFO - 2025-03-14 16:50:35 --> URI Class Initialized
INFO - 2025-03-14 16:50:35 --> Router Class Initialized
INFO - 2025-03-14 16:50:35 --> Output Class Initialized
INFO - 2025-03-14 16:50:35 --> Security Class Initialized
DEBUG - 2025-03-14 16:50:35 --> Global POST, GET and COOKIE data sanitized
INFO - 2025-03-14 16:50:35 --> Input Class Initialized
INFO - 2025-03-14 16:50:35 --> Language Class Initialized
ERROR - 2025-03-14 16:50:35 --> 404 Page Not Found: /index
