INFO - 2025-01-26 09:45:14 --> Config Class Initialized
INFO - 2025-01-26 09:45:14 --> Hooks Class Initialized
DEBUG - 2025-01-26 09:45:14 --> UTF-8 Support Enabled
INFO - 2025-01-26 09:45:14 --> Utf8 Class Initialized
INFO - 2025-01-26 09:45:14 --> URI Class Initialized
DEBUG - 2025-01-26 09:45:14 --> No URI present. Default controller set.
INFO - 2025-01-26 09:45:14 --> Router Class Initialized
INFO - 2025-01-26 09:45:14 --> Output Class Initialized
INFO - 2025-01-26 09:45:14 --> Security Class Initialized
DEBUG - 2025-01-26 09:45:14 --> Global POST, GET and COOKIE data sanitized
INFO - 2025-01-26 09:45:14 --> Input Class Initialized
INFO - 2025-01-26 09:45:14 --> Language Class Initialized
INFO - 2025-01-26 09:45:14 --> Language Class Initialized
INFO - 2025-01-26 09:45:14 --> Config Class Initialized
INFO - 2025-01-26 09:45:14 --> Loader Class Initialized
INFO - 2025-01-26 09:45:14 --> Helper loaded: url_helper
INFO - 2025-01-26 09:45:14 --> Helper loaded: easyui_helper
INFO - 2025-01-26 09:45:14 --> Helper loaded: param_helper
INFO - 2025-01-26 09:45:14 --> Helper loaded: credential_helper
INFO - 2025-01-26 09:45:14 --> Helper loaded: template_helper
INFO - 2025-01-26 09:45:14 --> Helper loaded: rest_helper
INFO - 2025-01-26 09:45:14 --> Database Driver Class Initialized
DEBUG - 2025-01-26 09:45:14 --> Idgenerator class already loaded. Second attempt ignored.
INFO - 2025-01-26 09:45:14 --> Controller Class Initialized
DEBUG - 2025-01-26 09:45:14 --> File loaded: /apps/web-drc/application/modules/app_auth/views/login_lte_template.php
DEBUG - 2025-01-26 09:45:14 --> File loaded: /apps/web-drc/application/views/template_login_lte/header.php
DEBUG - 2025-01-26 09:45:14 --> File loaded: /apps/web-drc/application/views/template_login_lte/contents.php
DEBUG - 2025-01-26 09:45:14 --> File loaded: /apps/web-drc/application/views/template_login_lte/default.php
INFO - 2025-01-26 09:45:14 --> Final output sent to browser
DEBUG - 2025-01-26 09:45:14 --> Total execution time: 0.0693
INFO - 2025-01-26 09:45:20 --> Config Class Initialized
INFO - 2025-01-26 09:45:20 --> Hooks Class Initialized
DEBUG - 2025-01-26 09:45:20 --> UTF-8 Support Enabled
INFO - 2025-01-26 09:45:20 --> Utf8 Class Initialized
INFO - 2025-01-26 09:45:20 --> URI Class Initialized
INFO - 2025-01-26 09:45:20 --> Router Class Initialized
INFO - 2025-01-26 09:45:20 --> Output Class Initialized
INFO - 2025-01-26 09:45:20 --> Security Class Initialized
DEBUG - 2025-01-26 09:45:20 --> Global POST, GET and COOKIE data sanitized
INFO - 2025-01-26 09:45:20 --> Input Class Initialized
INFO - 2025-01-26 09:45:20 --> Language Class Initialized
ERROR - 2025-01-26 09:45:20 --> 404 Page Not Found: /index
INFO - 2025-01-26 09:45:21 --> Config Class Initialized
INFO - 2025-01-26 09:45:21 --> Hooks Class Initialized
DEBUG - 2025-01-26 09:45:21 --> UTF-8 Support Enabled
INFO - 2025-01-26 09:45:21 --> Utf8 Class Initialized
INFO - 2025-01-26 09:45:21 --> URI Class Initialized
INFO - 2025-01-26 09:45:21 --> Router Class Initialized
INFO - 2025-01-26 09:45:21 --> Output Class Initialized
INFO - 2025-01-26 09:45:21 --> Security Class Initialized
DEBUG - 2025-01-26 09:45:21 --> Global POST, GET and COOKIE data sanitized
INFO - 2025-01-26 09:45:21 --> Input Class Initialized
INFO - 2025-01-26 09:45:21 --> Language Class Initialized
ERROR - 2025-01-26 09:45:21 --> 404 Page Not Found: /index
