INFO - 2025-04-05 20:13:02 --> Config Class Initialized
INFO - 2025-04-05 20:13:02 --> Hooks Class Initialized
DEBUG - 2025-04-05 20:13:02 --> UTF-8 Support Enabled
INFO - 2025-04-05 20:13:02 --> Utf8 Class Initialized
INFO - 2025-04-05 20:13:02 --> URI Class Initialized
DEBUG - 2025-04-05 20:13:02 --> No URI present. Default controller set.
INFO - 2025-04-05 20:13:02 --> Router Class Initialized
INFO - 2025-04-05 20:13:02 --> Output Class Initialized
INFO - 2025-04-05 20:13:02 --> Security Class Initialized
DEBUG - 2025-04-05 20:13:02 --> Global POST, GET and COOKIE data sanitized
INFO - 2025-04-05 20:13:02 --> Input Class Initialized
INFO - 2025-04-05 20:13:02 --> Language Class Initialized
INFO - 2025-04-05 20:13:02 --> Language Class Initialized
INFO - 2025-04-05 20:13:02 --> Config Class Initialized
INFO - 2025-04-05 20:13:02 --> Loader Class Initialized
INFO - 2025-04-05 20:13:02 --> Helper loaded: url_helper
INFO - 2025-04-05 20:13:02 --> Helper loaded: easyui_helper
INFO - 2025-04-05 20:13:02 --> Helper loaded: param_helper
INFO - 2025-04-05 20:13:02 --> Helper loaded: credential_helper
INFO - 2025-04-05 20:13:02 --> Helper loaded: template_helper
INFO - 2025-04-05 20:13:02 --> Helper loaded: rest_helper
INFO - 2025-04-05 20:13:02 --> Database Driver Class Initialized
DEBUG - 2025-04-05 20:13:02 --> Idgenerator class already loaded. Second attempt ignored.
INFO - 2025-04-05 20:13:02 --> Controller Class Initialized
DEBUG - 2025-04-05 20:13:02 --> File loaded: /apps/web-drc/application/modules/app_auth/views/login_lte_template.php
DEBUG - 2025-04-05 20:13:02 --> File loaded: /apps/web-drc/application/views/template_login_lte/header.php
DEBUG - 2025-04-05 20:13:02 --> File loaded: /apps/web-drc/application/views/template_login_lte/contents.php
DEBUG - 2025-04-05 20:13:02 --> File loaded: /apps/web-drc/application/views/template_login_lte/default.php
INFO - 2025-04-05 20:13:02 --> Final output sent to browser
DEBUG - 2025-04-05 20:13:02 --> Total execution time: 0.0918
