INFO - 2025-04-06 14:26:24 --> Config Class Initialized
INFO - 2025-04-06 14:26:24 --> Hooks Class Initialized
DEBUG - 2025-04-06 14:26:24 --> UTF-8 Support Enabled
INFO - 2025-04-06 14:26:24 --> Utf8 Class Initialized
INFO - 2025-04-06 14:26:24 --> URI Class Initialized
DEBUG - 2025-04-06 14:26:24 --> No URI present. Default controller set.
INFO - 2025-04-06 14:26:24 --> Router Class Initialized
INFO - 2025-04-06 14:26:24 --> Output Class Initialized
INFO - 2025-04-06 14:26:24 --> Security Class Initialized
DEBUG - 2025-04-06 14:26:24 --> Global POST, GET and COOKIE data sanitized
INFO - 2025-04-06 14:26:24 --> Input Class Initialized
INFO - 2025-04-06 14:26:24 --> Language Class Initialized
INFO - 2025-04-06 14:26:24 --> Language Class Initialized
INFO - 2025-04-06 14:26:24 --> Config Class Initialized
INFO - 2025-04-06 14:26:24 --> Loader Class Initialized
INFO - 2025-04-06 14:26:24 --> Helper loaded: url_helper
INFO - 2025-04-06 14:26:24 --> Helper loaded: easyui_helper
INFO - 2025-04-06 14:26:24 --> Helper loaded: param_helper
INFO - 2025-04-06 14:26:24 --> Helper loaded: credential_helper
INFO - 2025-04-06 14:26:24 --> Helper loaded: template_helper
INFO - 2025-04-06 14:26:24 --> Helper loaded: rest_helper
INFO - 2025-04-06 14:26:24 --> Database Driver Class Initialized
DEBUG - 2025-04-06 14:26:24 --> Idgenerator class already loaded. Second attempt ignored.
INFO - 2025-04-06 14:26:24 --> Controller Class Initialized
DEBUG - 2025-04-06 14:26:24 --> File loaded: /apps/web-drc/application/modules/app_auth/views/login_lte_template.php
DEBUG - 2025-04-06 14:26:24 --> File loaded: /apps/web-drc/application/views/template_login_lte/header.php
DEBUG - 2025-04-06 14:26:24 --> File loaded: /apps/web-drc/application/views/template_login_lte/contents.php
DEBUG - 2025-04-06 14:26:24 --> File loaded: /apps/web-drc/application/views/template_login_lte/default.php
INFO - 2025-04-06 14:26:24 --> Final output sent to browser
DEBUG - 2025-04-06 14:26:24 --> Total execution time: 0.0773
INFO - 2025-04-06 19:39:40 --> Config Class Initialized
INFO - 2025-04-06 19:39:40 --> Hooks Class Initialized
DEBUG - 2025-04-06 19:39:40 --> UTF-8 Support Enabled
INFO - 2025-04-06 19:39:40 --> Utf8 Class Initialized
INFO - 2025-04-06 19:39:40 --> URI Class Initialized
DEBUG - 2025-04-06 19:39:40 --> No URI present. Default controller set.
INFO - 2025-04-06 19:39:40 --> Router Class Initialized
INFO - 2025-04-06 19:39:40 --> Output Class Initialized
INFO - 2025-04-06 19:39:40 --> Security Class Initialized
DEBUG - 2025-04-06 19:39:40 --> Global POST, GET and COOKIE data sanitized
INFO - 2025-04-06 19:39:40 --> Input Class Initialized
INFO - 2025-04-06 19:39:40 --> Language Class Initialized
INFO - 2025-04-06 19:39:40 --> Language Class Initialized
INFO - 2025-04-06 19:39:40 --> Config Class Initialized
INFO - 2025-04-06 19:39:40 --> Loader Class Initialized
INFO - 2025-04-06 19:39:40 --> Helper loaded: url_helper
INFO - 2025-04-06 19:39:40 --> Helper loaded: easyui_helper
INFO - 2025-04-06 19:39:40 --> Helper loaded: param_helper
INFO - 2025-04-06 19:39:40 --> Helper loaded: credential_helper
INFO - 2025-04-06 19:39:40 --> Helper loaded: template_helper
INFO - 2025-04-06 19:39:40 --> Helper loaded: rest_helper
INFO - 2025-04-06 19:39:40 --> Database Driver Class Initialized
DEBUG - 2025-04-06 19:39:40 --> Idgenerator class already loaded. Second attempt ignored.
INFO - 2025-04-06 19:39:40 --> Controller Class Initialized
DEBUG - 2025-04-06 19:39:40 --> File loaded: /apps/web-drc/application/modules/app_auth/views/login_lte_template.php
DEBUG - 2025-04-06 19:39:40 --> File loaded: /apps/web-drc/application/views/template_login_lte/header.php
DEBUG - 2025-04-06 19:39:40 --> File loaded: /apps/web-drc/application/views/template_login_lte/contents.php
DEBUG - 2025-04-06 19:39:40 --> File loaded: /apps/web-drc/application/views/template_login_lte/default.php
INFO - 2025-04-06 19:39:40 --> Final output sent to browser
DEBUG - 2025-04-06 19:39:40 --> Total execution time: 0.0078
INFO - 2025-04-06 19:39:40 --> Config Class Initialized
INFO - 2025-04-06 19:39:40 --> Hooks Class Initialized
DEBUG - 2025-04-06 19:39:40 --> UTF-8 Support Enabled
INFO - 2025-04-06 19:39:40 --> Utf8 Class Initialized
INFO - 2025-04-06 19:39:40 --> URI Class Initialized
INFO - 2025-04-06 19:39:40 --> Router Class Initialized
INFO - 2025-04-06 19:39:40 --> Output Class Initialized
INFO - 2025-04-06 19:39:40 --> Security Class Initialized
DEBUG - 2025-04-06 19:39:40 --> Global POST, GET and COOKIE data sanitized
INFO - 2025-04-06 19:39:40 --> Input Class Initialized
INFO - 2025-04-06 19:39:40 --> Language Class Initialized
ERROR - 2025-04-06 19:39:40 --> 404 Page Not Found: /index
INFO - 2025-04-06 19:39:41 --> Config Class Initialized
INFO - 2025-04-06 19:39:41 --> Hooks Class Initialized
DEBUG - 2025-04-06 19:39:41 --> UTF-8 Support Enabled
INFO - 2025-04-06 19:39:41 --> Utf8 Class Initialized
INFO - 2025-04-06 19:39:41 --> URI Class Initialized
INFO - 2025-04-06 19:39:41 --> Router Class Initialized
INFO - 2025-04-06 19:39:41 --> Output Class Initialized
INFO - 2025-04-06 19:39:41 --> Security Class Initialized
DEBUG - 2025-04-06 19:39:41 --> Global POST, GET and COOKIE data sanitized
INFO - 2025-04-06 19:39:41 --> Input Class Initialized
INFO - 2025-04-06 19:39:41 --> Language Class Initialized
ERROR - 2025-04-06 19:39:41 --> 404 Page Not Found: /index
