INFO - 2025-02-18 09:53:24 --> Config Class Initialized
INFO - 2025-02-18 09:53:24 --> Hooks Class Initialized
DEBUG - 2025-02-18 09:53:24 --> UTF-8 Support Enabled
INFO - 2025-02-18 09:53:24 --> Utf8 Class Initialized
INFO - 2025-02-18 09:53:24 --> URI Class Initialized
DEBUG - 2025-02-18 09:53:24 --> No URI present. Default controller set.
INFO - 2025-02-18 09:53:24 --> Router Class Initialized
INFO - 2025-02-18 09:53:24 --> Output Class Initialized
INFO - 2025-02-18 09:53:24 --> Security Class Initialized
DEBUG - 2025-02-18 09:53:24 --> Global POST, GET and COOKIE data sanitized
INFO - 2025-02-18 09:53:24 --> Input Class Initialized
INFO - 2025-02-18 09:53:24 --> Language Class Initialized
INFO - 2025-02-18 09:53:24 --> Language Class Initialized
INFO - 2025-02-18 09:53:24 --> Config Class Initialized
INFO - 2025-02-18 09:53:24 --> Loader Class Initialized
INFO - 2025-02-18 09:53:24 --> Helper loaded: url_helper
INFO - 2025-02-18 09:53:24 --> Helper loaded: easyui_helper
INFO - 2025-02-18 09:53:24 --> Helper loaded: param_helper
INFO - 2025-02-18 09:53:24 --> Helper loaded: credential_helper
INFO - 2025-02-18 09:53:24 --> Helper loaded: template_helper
INFO - 2025-02-18 09:53:24 --> Helper loaded: rest_helper
INFO - 2025-02-18 09:53:24 --> Database Driver Class Initialized
DEBUG - 2025-02-18 09:53:24 --> Idgenerator class already loaded. Second attempt ignored.
INFO - 2025-02-18 09:53:24 --> Controller Class Initialized
DEBUG - 2025-02-18 09:53:24 --> File loaded: /apps/web-drc/application/modules/app_auth/views/login_lte_template.php
DEBUG - 2025-02-18 09:53:24 --> File loaded: /apps/web-drc/application/views/template_login_lte/header.php
DEBUG - 2025-02-18 09:53:24 --> File loaded: /apps/web-drc/application/views/template_login_lte/contents.php
DEBUG - 2025-02-18 09:53:24 --> File loaded: /apps/web-drc/application/views/template_login_lte/default.php
INFO - 2025-02-18 09:53:24 --> Final output sent to browser
DEBUG - 2025-02-18 09:53:24 --> Total execution time: 0.0852
INFO - 2025-02-18 09:53:25 --> Config Class Initialized
INFO - 2025-02-18 09:53:25 --> Hooks Class Initialized
DEBUG - 2025-02-18 09:53:25 --> UTF-8 Support Enabled
INFO - 2025-02-18 09:53:25 --> Utf8 Class Initialized
INFO - 2025-02-18 09:53:25 --> URI Class Initialized
INFO - 2025-02-18 09:53:25 --> Router Class Initialized
INFO - 2025-02-18 09:53:25 --> Output Class Initialized
INFO - 2025-02-18 09:53:25 --> Security Class Initialized
DEBUG - 2025-02-18 09:53:25 --> Global POST, GET and COOKIE data sanitized
INFO - 2025-02-18 09:53:25 --> Input Class Initialized
INFO - 2025-02-18 09:53:25 --> Language Class Initialized
ERROR - 2025-02-18 09:53:25 --> 404 Page Not Found: /index
INFO - 2025-02-18 09:53:26 --> Config Class Initialized
INFO - 2025-02-18 09:53:26 --> Hooks Class Initialized
DEBUG - 2025-02-18 09:53:26 --> UTF-8 Support Enabled
INFO - 2025-02-18 09:53:26 --> Utf8 Class Initialized
INFO - 2025-02-18 09:53:26 --> URI Class Initialized
INFO - 2025-02-18 09:53:26 --> Router Class Initialized
INFO - 2025-02-18 09:53:26 --> Output Class Initialized
INFO - 2025-02-18 09:53:26 --> Security Class Initialized
DEBUG - 2025-02-18 09:53:26 --> Global POST, GET and COOKIE data sanitized
INFO - 2025-02-18 09:53:26 --> Input Class Initialized
INFO - 2025-02-18 09:53:26 --> Language Class Initialized
ERROR - 2025-02-18 09:53:26 --> 404 Page Not Found: /index
INFO - 2025-02-18 09:53:26 --> Config Class Initialized
INFO - 2025-02-18 09:53:26 --> Hooks Class Initialized
DEBUG - 2025-02-18 09:53:26 --> UTF-8 Support Enabled
INFO - 2025-02-18 09:53:26 --> Utf8 Class Initialized
INFO - 2025-02-18 09:53:26 --> URI Class Initialized
INFO - 2025-02-18 09:53:26 --> Router Class Initialized
INFO - 2025-02-18 09:53:26 --> Output Class Initialized
INFO - 2025-02-18 09:53:26 --> Security Class Initialized
DEBUG - 2025-02-18 09:53:26 --> Global POST, GET and COOKIE data sanitized
INFO - 2025-02-18 09:53:26 --> Input Class Initialized
INFO - 2025-02-18 09:53:26 --> Language Class Initialized
ERROR - 2025-02-18 09:53:26 --> 404 Page Not Found: /index
INFO - 2025-02-18 09:54:26 --> Config Class Initialized
INFO - 2025-02-18 09:54:26 --> Hooks Class Initialized
DEBUG - 2025-02-18 09:54:26 --> UTF-8 Support Enabled
INFO - 2025-02-18 09:54:26 --> Utf8 Class Initialized
INFO - 2025-02-18 09:54:26 --> URI Class Initialized
DEBUG - 2025-02-18 09:54:26 --> No URI present. Default controller set.
INFO - 2025-02-18 09:54:26 --> Router Class Initialized
INFO - 2025-02-18 09:54:26 --> Output Class Initialized
INFO - 2025-02-18 09:54:26 --> Security Class Initialized
DEBUG - 2025-02-18 09:54:26 --> Global POST, GET and COOKIE data sanitized
INFO - 2025-02-18 09:54:26 --> Input Class Initialized
INFO - 2025-02-18 09:54:26 --> Language Class Initialized
INFO - 2025-02-18 09:54:26 --> Language Class Initialized
INFO - 2025-02-18 09:54:26 --> Config Class Initialized
INFO - 2025-02-18 09:54:26 --> Loader Class Initialized
INFO - 2025-02-18 09:54:26 --> Helper loaded: url_helper
INFO - 2025-02-18 09:54:26 --> Helper loaded: easyui_helper
INFO - 2025-02-18 09:54:26 --> Helper loaded: param_helper
INFO - 2025-02-18 09:54:26 --> Helper loaded: credential_helper
INFO - 2025-02-18 09:54:26 --> Helper loaded: template_helper
INFO - 2025-02-18 09:54:26 --> Helper loaded: rest_helper
INFO - 2025-02-18 09:54:26 --> Database Driver Class Initialized
DEBUG - 2025-02-18 09:54:26 --> Idgenerator class already loaded. Second attempt ignored.
INFO - 2025-02-18 09:54:26 --> Controller Class Initialized
DEBUG - 2025-02-18 09:54:26 --> File loaded: /apps/web-drc/application/modules/app_auth/views/login_lte_template.php
DEBUG - 2025-02-18 09:54:26 --> File loaded: /apps/web-drc/application/views/template_login_lte/header.php
DEBUG - 2025-02-18 09:54:26 --> File loaded: /apps/web-drc/application/views/template_login_lte/contents.php
DEBUG - 2025-02-18 09:54:26 --> File loaded: /apps/web-drc/application/views/template_login_lte/default.php
INFO - 2025-02-18 09:54:26 --> Final output sent to browser
DEBUG - 2025-02-18 09:54:26 --> Total execution time: 0.0062
