INFO - 2025-02-03 13:31:39 --> Config Class Initialized
INFO - 2025-02-03 13:31:39 --> Hooks Class Initialized
DEBUG - 2025-02-03 13:31:39 --> UTF-8 Support Enabled
INFO - 2025-02-03 13:31:39 --> Utf8 Class Initialized
INFO - 2025-02-03 13:31:39 --> URI Class Initialized
DEBUG - 2025-02-03 13:31:39 --> No URI present. Default controller set.
INFO - 2025-02-03 13:31:39 --> Router Class Initialized
INFO - 2025-02-03 13:31:39 --> Output Class Initialized
INFO - 2025-02-03 13:31:39 --> Security Class Initialized
DEBUG - 2025-02-03 13:31:39 --> Global POST, GET and COOKIE data sanitized
INFO - 2025-02-03 13:31:39 --> Input Class Initialized
INFO - 2025-02-03 13:31:39 --> Language Class Initialized
INFO - 2025-02-03 13:31:39 --> Language Class Initialized
INFO - 2025-02-03 13:31:39 --> Config Class Initialized
INFO - 2025-02-03 13:31:39 --> Loader Class Initialized
INFO - 2025-02-03 13:31:39 --> Helper loaded: url_helper
INFO - 2025-02-03 13:31:39 --> Helper loaded: easyui_helper
INFO - 2025-02-03 13:31:39 --> Helper loaded: param_helper
INFO - 2025-02-03 13:31:39 --> Helper loaded: credential_helper
INFO - 2025-02-03 13:31:39 --> Helper loaded: template_helper
INFO - 2025-02-03 13:31:39 --> Helper loaded: rest_helper
INFO - 2025-02-03 13:31:39 --> Database Driver Class Initialized
DEBUG - 2025-02-03 13:31:39 --> Idgenerator class already loaded. Second attempt ignored.
INFO - 2025-02-03 13:31:39 --> Controller Class Initialized
DEBUG - 2025-02-03 13:31:39 --> File loaded: /apps/web-drc/application/modules/app_auth/views/login_lte_template.php
DEBUG - 2025-02-03 13:31:39 --> File loaded: /apps/web-drc/application/views/template_login_lte/header.php
DEBUG - 2025-02-03 13:31:39 --> File loaded: /apps/web-drc/application/views/template_login_lte/contents.php
DEBUG - 2025-02-03 13:31:39 --> File loaded: /apps/web-drc/application/views/template_login_lte/default.php
INFO - 2025-02-03 13:31:39 --> Final output sent to browser
DEBUG - 2025-02-03 13:31:39 --> Total execution time: 0.0800
INFO - 2025-02-03 13:31:42 --> Config Class Initialized
INFO - 2025-02-03 13:31:42 --> Hooks Class Initialized
DEBUG - 2025-02-03 13:31:42 --> UTF-8 Support Enabled
INFO - 2025-02-03 13:31:42 --> Utf8 Class Initialized
INFO - 2025-02-03 13:31:42 --> URI Class Initialized
INFO - 2025-02-03 13:31:42 --> Router Class Initialized
INFO - 2025-02-03 13:31:42 --> Output Class Initialized
INFO - 2025-02-03 13:31:42 --> Security Class Initialized
DEBUG - 2025-02-03 13:31:42 --> Global POST, GET and COOKIE data sanitized
INFO - 2025-02-03 13:31:42 --> Input Class Initialized
INFO - 2025-02-03 13:31:42 --> Language Class Initialized
ERROR - 2025-02-03 13:31:42 --> 404 Page Not Found: /index
INFO - 2025-02-03 21:30:54 --> Config Class Initialized
INFO - 2025-02-03 21:30:54 --> Hooks Class Initialized
DEBUG - 2025-02-03 21:30:54 --> UTF-8 Support Enabled
INFO - 2025-02-03 21:30:54 --> Utf8 Class Initialized
INFO - 2025-02-03 21:30:54 --> URI Class Initialized
INFO - 2025-02-03 21:30:54 --> Router Class Initialized
INFO - 2025-02-03 21:30:54 --> Output Class Initialized
INFO - 2025-02-03 21:30:54 --> Security Class Initialized
DEBUG - 2025-02-03 21:30:54 --> Global POST, GET and COOKIE data sanitized
INFO - 2025-02-03 21:30:54 --> Input Class Initialized
INFO - 2025-02-03 21:30:54 --> Language Class Initialized
INFO - 2025-02-03 21:30:54 --> Language Class Initialized
INFO - 2025-02-03 21:30:54 --> Config Class Initialized
INFO - 2025-02-03 21:30:54 --> Loader Class Initialized
INFO - 2025-02-03 21:30:54 --> Helper loaded: url_helper
INFO - 2025-02-03 21:30:54 --> Helper loaded: easyui_helper
INFO - 2025-02-03 21:30:54 --> Helper loaded: param_helper
INFO - 2025-02-03 21:30:54 --> Helper loaded: credential_helper
INFO - 2025-02-03 21:30:54 --> Helper loaded: template_helper
INFO - 2025-02-03 21:30:54 --> Helper loaded: rest_helper
INFO - 2025-02-03 21:30:54 --> Database Driver Class Initialized
DEBUG - 2025-02-03 21:30:54 --> Idgenerator class already loaded. Second attempt ignored.
INFO - 2025-02-03 21:30:54 --> Controller Class Initialized
INFO - 2025-02-03 21:30:54 --> Model Class Initialized
DEBUG - 2025-02-03 21:30:54 --> File loaded: /apps/web-drc/application/modules/api_v1/models/Api_v1_model.php
INFO - 2025-02-03 21:30:54 --> Model Class Initialized
INFO - 2025-02-03 21:31:10 --> Final output sent to browser
DEBUG - 2025-02-03 21:31:10 --> Total execution time: 15.8217
INFO - 2025-02-03 21:31:11 --> Config Class Initialized
INFO - 2025-02-03 21:31:11 --> Hooks Class Initialized
DEBUG - 2025-02-03 21:31:11 --> UTF-8 Support Enabled
INFO - 2025-02-03 21:31:11 --> Utf8 Class Initialized
INFO - 2025-02-03 21:31:11 --> URI Class Initialized
INFO - 2025-02-03 21:31:11 --> Router Class Initialized
INFO - 2025-02-03 21:31:11 --> Output Class Initialized
INFO - 2025-02-03 21:31:11 --> Security Class Initialized
DEBUG - 2025-02-03 21:31:11 --> Global POST, GET and COOKIE data sanitized
INFO - 2025-02-03 21:31:11 --> Input Class Initialized
INFO - 2025-02-03 21:31:11 --> Language Class Initialized
ERROR - 2025-02-03 21:31:11 --> 404 Page Not Found: /index
