INFO - 2025-01-12 07:08:25 --> Config Class Initialized
INFO - 2025-01-12 07:08:25 --> Hooks Class Initialized
DEBUG - 2025-01-12 07:08:25 --> UTF-8 Support Enabled
INFO - 2025-01-12 07:08:25 --> Utf8 Class Initialized
INFO - 2025-01-12 07:08:25 --> URI Class Initialized
DEBUG - 2025-01-12 07:08:25 --> No URI present. Default controller set.
INFO - 2025-01-12 07:08:25 --> Router Class Initialized
INFO - 2025-01-12 07:08:25 --> Output Class Initialized
INFO - 2025-01-12 07:08:25 --> Security Class Initialized
DEBUG - 2025-01-12 07:08:25 --> Global POST, GET and COOKIE data sanitized
INFO - 2025-01-12 07:08:25 --> Input Class Initialized
INFO - 2025-01-12 07:08:25 --> Language Class Initialized
INFO - 2025-01-12 07:08:25 --> Language Class Initialized
INFO - 2025-01-12 07:08:25 --> Config Class Initialized
INFO - 2025-01-12 07:08:25 --> Loader Class Initialized
INFO - 2025-01-12 07:08:25 --> Helper loaded: url_helper
INFO - 2025-01-12 07:08:25 --> Helper loaded: easyui_helper
INFO - 2025-01-12 07:08:25 --> Helper loaded: param_helper
INFO - 2025-01-12 07:08:25 --> Helper loaded: credential_helper
INFO - 2025-01-12 07:08:25 --> Helper loaded: template_helper
INFO - 2025-01-12 07:08:25 --> Helper loaded: rest_helper
INFO - 2025-01-12 07:08:25 --> Database Driver Class Initialized
DEBUG - 2025-01-12 07:08:25 --> Idgenerator class already loaded. Second attempt ignored.
INFO - 2025-01-12 07:08:25 --> Controller Class Initialized
DEBUG - 2025-01-12 07:08:25 --> File loaded: /apps/web-drc/application/modules/app_auth/views/login_lte_template.php
DEBUG - 2025-01-12 07:08:25 --> File loaded: /apps/web-drc/application/views/template_login_lte/header.php
DEBUG - 2025-01-12 07:08:25 --> File loaded: /apps/web-drc/application/views/template_login_lte/contents.php
DEBUG - 2025-01-12 07:08:25 --> File loaded: /apps/web-drc/application/views/template_login_lte/default.php
INFO - 2025-01-12 07:08:25 --> Final output sent to browser
DEBUG - 2025-01-12 07:08:25 --> Total execution time: 0.0766
INFO - 2025-01-12 07:08:28 --> Config Class Initialized
INFO - 2025-01-12 07:08:28 --> Hooks Class Initialized
DEBUG - 2025-01-12 07:08:28 --> UTF-8 Support Enabled
INFO - 2025-01-12 07:08:28 --> Utf8 Class Initialized
INFO - 2025-01-12 07:08:28 --> URI Class Initialized
INFO - 2025-01-12 07:08:28 --> Router Class Initialized
INFO - 2025-01-12 07:08:28 --> Output Class Initialized
INFO - 2025-01-12 07:08:28 --> Security Class Initialized
DEBUG - 2025-01-12 07:08:28 --> Global POST, GET and COOKIE data sanitized
INFO - 2025-01-12 07:08:28 --> Input Class Initialized
INFO - 2025-01-12 07:08:28 --> Language Class Initialized
ERROR - 2025-01-12 07:08:28 --> 404 Page Not Found: /index
INFO - 2025-01-12 09:04:47 --> Config Class Initialized
INFO - 2025-01-12 09:04:47 --> Hooks Class Initialized
DEBUG - 2025-01-12 09:04:47 --> UTF-8 Support Enabled
INFO - 2025-01-12 09:04:47 --> Utf8 Class Initialized
INFO - 2025-01-12 09:04:47 --> URI Class Initialized
DEBUG - 2025-01-12 09:04:47 --> No URI present. Default controller set.
INFO - 2025-01-12 09:04:47 --> Router Class Initialized
INFO - 2025-01-12 09:04:47 --> Output Class Initialized
INFO - 2025-01-12 09:04:47 --> Security Class Initialized
DEBUG - 2025-01-12 09:04:47 --> Global POST, GET and COOKIE data sanitized
INFO - 2025-01-12 09:04:47 --> Input Class Initialized
INFO - 2025-01-12 09:04:47 --> Language Class Initialized
INFO - 2025-01-12 09:04:47 --> Language Class Initialized
INFO - 2025-01-12 09:04:47 --> Config Class Initialized
INFO - 2025-01-12 09:04:47 --> Loader Class Initialized
INFO - 2025-01-12 09:04:47 --> Helper loaded: url_helper
INFO - 2025-01-12 09:04:47 --> Helper loaded: easyui_helper
INFO - 2025-01-12 09:04:47 --> Helper loaded: param_helper
INFO - 2025-01-12 09:04:47 --> Helper loaded: credential_helper
INFO - 2025-01-12 09:04:47 --> Helper loaded: template_helper
INFO - 2025-01-12 09:04:47 --> Helper loaded: rest_helper
INFO - 2025-01-12 09:04:47 --> Database Driver Class Initialized
DEBUG - 2025-01-12 09:04:47 --> Idgenerator class already loaded. Second attempt ignored.
INFO - 2025-01-12 09:04:47 --> Controller Class Initialized
DEBUG - 2025-01-12 09:04:47 --> File loaded: /apps/web-drc/application/modules/app_auth/views/login_lte_template.php
DEBUG - 2025-01-12 09:04:47 --> File loaded: /apps/web-drc/application/views/template_login_lte/header.php
DEBUG - 2025-01-12 09:04:47 --> File loaded: /apps/web-drc/application/views/template_login_lte/contents.php
DEBUG - 2025-01-12 09:04:47 --> File loaded: /apps/web-drc/application/views/template_login_lte/default.php
INFO - 2025-01-12 09:04:47 --> Final output sent to browser
DEBUG - 2025-01-12 09:04:47 --> Total execution time: 0.0054
INFO - 2025-01-12 09:04:49 --> Config Class Initialized
INFO - 2025-01-12 09:04:49 --> Hooks Class Initialized
DEBUG - 2025-01-12 09:04:49 --> UTF-8 Support Enabled
INFO - 2025-01-12 09:04:49 --> Utf8 Class Initialized
INFO - 2025-01-12 09:04:49 --> URI Class Initialized
INFO - 2025-01-12 09:04:49 --> Router Class Initialized
INFO - 2025-01-12 09:04:49 --> Output Class Initialized
INFO - 2025-01-12 09:04:49 --> Security Class Initialized
DEBUG - 2025-01-12 09:04:49 --> Global POST, GET and COOKIE data sanitized
INFO - 2025-01-12 09:04:49 --> Input Class Initialized
INFO - 2025-01-12 09:04:49 --> Language Class Initialized
ERROR - 2025-01-12 09:04:49 --> 404 Page Not Found: /index
INFO - 2025-01-12 09:04:50 --> Config Class Initialized
INFO - 2025-01-12 09:04:50 --> Hooks Class Initialized
DEBUG - 2025-01-12 09:04:50 --> UTF-8 Support Enabled
INFO - 2025-01-12 09:04:50 --> Utf8 Class Initialized
INFO - 2025-01-12 09:04:50 --> URI Class Initialized
INFO - 2025-01-12 09:04:50 --> Router Class Initialized
INFO - 2025-01-12 09:04:50 --> Output Class Initialized
INFO - 2025-01-12 09:04:50 --> Security Class Initialized
DEBUG - 2025-01-12 09:04:50 --> Global POST, GET and COOKIE data sanitized
INFO - 2025-01-12 09:04:50 --> Input Class Initialized
INFO - 2025-01-12 09:04:50 --> Language Class Initialized
ERROR - 2025-01-12 09:04:50 --> 404 Page Not Found: /index
