INFO - 2025-05-17 00:14:05 --> Config Class Initialized
INFO - 2025-05-17 00:14:05 --> Hooks Class Initialized
DEBUG - 2025-05-17 00:14:05 --> UTF-8 Support Enabled
INFO - 2025-05-17 00:14:05 --> Utf8 Class Initialized
INFO - 2025-05-17 00:14:05 --> URI Class Initialized
INFO - 2025-05-17 00:14:05 --> Router Class Initialized
INFO - 2025-05-17 00:14:05 --> Output Class Initialized
INFO - 2025-05-17 00:14:05 --> Security Class Initialized
DEBUG - 2025-05-17 00:14:05 --> Global POST, GET and COOKIE data sanitized
INFO - 2025-05-17 00:14:05 --> Input Class Initialized
INFO - 2025-05-17 00:14:05 --> Language Class Initialized
ERROR - 2025-05-17 00:14:05 --> 404 Page Not Found: /index
INFO - 2025-05-17 00:14:06 --> Config Class Initialized
INFO - 2025-05-17 00:14:06 --> Hooks Class Initialized
DEBUG - 2025-05-17 00:14:06 --> UTF-8 Support Enabled
INFO - 2025-05-17 00:14:06 --> Utf8 Class Initialized
INFO - 2025-05-17 00:14:06 --> URI Class Initialized
INFO - 2025-05-17 00:14:06 --> Router Class Initialized
INFO - 2025-05-17 00:14:06 --> Output Class Initialized
INFO - 2025-05-17 00:14:06 --> Security Class Initialized
DEBUG - 2025-05-17 00:14:06 --> Global POST, GET and COOKIE data sanitized
INFO - 2025-05-17 00:14:06 --> Input Class Initialized
INFO - 2025-05-17 00:14:06 --> Language Class Initialized
ERROR - 2025-05-17 00:14:06 --> 404 Page Not Found: /index
INFO - 2025-05-17 00:14:06 --> Config Class Initialized
INFO - 2025-05-17 00:14:06 --> Hooks Class Initialized
DEBUG - 2025-05-17 00:14:06 --> UTF-8 Support Enabled
INFO - 2025-05-17 00:14:06 --> Utf8 Class Initialized
INFO - 2025-05-17 00:14:06 --> URI Class Initialized
INFO - 2025-05-17 00:14:06 --> Router Class Initialized
INFO - 2025-05-17 00:14:06 --> Output Class Initialized
INFO - 2025-05-17 00:14:06 --> Security Class Initialized
DEBUG - 2025-05-17 00:14:06 --> Global POST, GET and COOKIE data sanitized
INFO - 2025-05-17 00:14:06 --> Input Class Initialized
INFO - 2025-05-17 00:14:06 --> Language Class Initialized
ERROR - 2025-05-17 00:14:06 --> 404 Page Not Found: /index
INFO - 2025-05-17 00:14:07 --> Config Class Initialized
INFO - 2025-05-17 00:14:07 --> Hooks Class Initialized
DEBUG - 2025-05-17 00:14:07 --> UTF-8 Support Enabled
INFO - 2025-05-17 00:14:07 --> Utf8 Class Initialized
INFO - 2025-05-17 00:14:07 --> URI Class Initialized
INFO - 2025-05-17 00:14:07 --> Router Class Initialized
INFO - 2025-05-17 00:14:07 --> Output Class Initialized
INFO - 2025-05-17 00:14:07 --> Security Class Initialized
DEBUG - 2025-05-17 00:14:07 --> Global POST, GET and COOKIE data sanitized
INFO - 2025-05-17 00:14:07 --> Input Class Initialized
INFO - 2025-05-17 00:14:07 --> Language Class Initialized
ERROR - 2025-05-17 00:14:07 --> 404 Page Not Found: /index
INFO - 2025-05-17 00:14:07 --> Config Class Initialized
INFO - 2025-05-17 00:14:07 --> Hooks Class Initialized
DEBUG - 2025-05-17 00:14:07 --> UTF-8 Support Enabled
INFO - 2025-05-17 00:14:07 --> Utf8 Class Initialized
INFO - 2025-05-17 00:14:07 --> URI Class Initialized
INFO - 2025-05-17 00:14:07 --> Router Class Initialized
INFO - 2025-05-17 00:14:07 --> Output Class Initialized
INFO - 2025-05-17 00:14:07 --> Security Class Initialized
DEBUG - 2025-05-17 00:14:07 --> Global POST, GET and COOKIE data sanitized
INFO - 2025-05-17 00:14:07 --> Input Class Initialized
INFO - 2025-05-17 00:14:07 --> Language Class Initialized
ERROR - 2025-05-17 00:14:07 --> 404 Page Not Found: /index
INFO - 2025-05-17 00:14:07 --> Config Class Initialized
INFO - 2025-05-17 00:14:07 --> Hooks Class Initialized
DEBUG - 2025-05-17 00:14:07 --> UTF-8 Support Enabled
INFO - 2025-05-17 00:14:07 --> Utf8 Class Initialized
INFO - 2025-05-17 00:14:07 --> URI Class Initialized
INFO - 2025-05-17 00:14:07 --> Router Class Initialized
INFO - 2025-05-17 00:14:07 --> Output Class Initialized
INFO - 2025-05-17 00:14:07 --> Security Class Initialized
DEBUG - 2025-05-17 00:14:07 --> Global POST, GET and COOKIE data sanitized
INFO - 2025-05-17 00:14:07 --> Input Class Initialized
INFO - 2025-05-17 00:14:07 --> Language Class Initialized
ERROR - 2025-05-17 00:14:07 --> 404 Page Not Found: /index
INFO - 2025-05-17 00:14:08 --> Config Class Initialized
INFO - 2025-05-17 00:14:08 --> Hooks Class Initialized
DEBUG - 2025-05-17 00:14:08 --> UTF-8 Support Enabled
INFO - 2025-05-17 00:14:08 --> Utf8 Class Initialized
INFO - 2025-05-17 00:14:08 --> URI Class Initialized
INFO - 2025-05-17 00:14:08 --> Router Class Initialized
INFO - 2025-05-17 00:14:08 --> Output Class Initialized
INFO - 2025-05-17 00:14:08 --> Security Class Initialized
DEBUG - 2025-05-17 00:14:08 --> Global POST, GET and COOKIE data sanitized
INFO - 2025-05-17 00:14:08 --> Input Class Initialized
INFO - 2025-05-17 00:14:08 --> Language Class Initialized
ERROR - 2025-05-17 00:14:08 --> 404 Page Not Found: /index
INFO - 2025-05-17 00:14:08 --> Config Class Initialized
INFO - 2025-05-17 00:14:08 --> Hooks Class Initialized
DEBUG - 2025-05-17 00:14:08 --> UTF-8 Support Enabled
INFO - 2025-05-17 00:14:08 --> Utf8 Class Initialized
INFO - 2025-05-17 00:14:08 --> URI Class Initialized
INFO - 2025-05-17 00:14:08 --> Router Class Initialized
INFO - 2025-05-17 00:14:08 --> Output Class Initialized
INFO - 2025-05-17 00:14:08 --> Security Class Initialized
DEBUG - 2025-05-17 00:14:08 --> Global POST, GET and COOKIE data sanitized
INFO - 2025-05-17 00:14:08 --> Input Class Initialized
INFO - 2025-05-17 00:14:08 --> Language Class Initialized
ERROR - 2025-05-17 00:14:08 --> 404 Page Not Found: /index
INFO - 2025-05-17 00:14:09 --> Config Class Initialized
INFO - 2025-05-17 00:14:09 --> Hooks Class Initialized
DEBUG - 2025-05-17 00:14:09 --> UTF-8 Support Enabled
INFO - 2025-05-17 00:14:09 --> Utf8 Class Initialized
INFO - 2025-05-17 00:14:09 --> URI Class Initialized
INFO - 2025-05-17 00:14:09 --> Router Class Initialized
INFO - 2025-05-17 00:14:09 --> Output Class Initialized
INFO - 2025-05-17 00:14:09 --> Security Class Initialized
DEBUG - 2025-05-17 00:14:09 --> Global POST, GET and COOKIE data sanitized
INFO - 2025-05-17 00:14:09 --> Input Class Initialized
INFO - 2025-05-17 00:14:09 --> Language Class Initialized
ERROR - 2025-05-17 00:14:09 --> 404 Page Not Found: /index
INFO - 2025-05-17 00:14:09 --> Config Class Initialized
INFO - 2025-05-17 00:14:09 --> Hooks Class Initialized
DEBUG - 2025-05-17 00:14:09 --> UTF-8 Support Enabled
INFO - 2025-05-17 00:14:09 --> Utf8 Class Initialized
INFO - 2025-05-17 00:14:09 --> URI Class Initialized
INFO - 2025-05-17 00:14:09 --> Router Class Initialized
INFO - 2025-05-17 00:14:09 --> Output Class Initialized
INFO - 2025-05-17 00:14:09 --> Security Class Initialized
DEBUG - 2025-05-17 00:14:09 --> Global POST, GET and COOKIE data sanitized
INFO - 2025-05-17 00:14:09 --> Input Class Initialized
INFO - 2025-05-17 00:14:09 --> Language Class Initialized
ERROR - 2025-05-17 00:14:09 --> 404 Page Not Found: /index
INFO - 2025-05-17 00:14:09 --> Config Class Initialized
INFO - 2025-05-17 00:14:09 --> Hooks Class Initialized
DEBUG - 2025-05-17 00:14:09 --> UTF-8 Support Enabled
INFO - 2025-05-17 00:14:09 --> Utf8 Class Initialized
INFO - 2025-05-17 00:14:09 --> URI Class Initialized
INFO - 2025-05-17 00:14:09 --> Router Class Initialized
INFO - 2025-05-17 00:14:09 --> Output Class Initialized
INFO - 2025-05-17 00:14:09 --> Security Class Initialized
DEBUG - 2025-05-17 00:14:09 --> Global POST, GET and COOKIE data sanitized
INFO - 2025-05-17 00:14:09 --> Input Class Initialized
INFO - 2025-05-17 00:14:09 --> Language Class Initialized
ERROR - 2025-05-17 00:14:09 --> 404 Page Not Found: /index
INFO - 2025-05-17 00:14:10 --> Config Class Initialized
INFO - 2025-05-17 00:14:10 --> Hooks Class Initialized
DEBUG - 2025-05-17 00:14:10 --> UTF-8 Support Enabled
INFO - 2025-05-17 00:14:10 --> Utf8 Class Initialized
INFO - 2025-05-17 00:14:10 --> URI Class Initialized
INFO - 2025-05-17 00:14:10 --> Router Class Initialized
INFO - 2025-05-17 00:14:10 --> Output Class Initialized
INFO - 2025-05-17 00:14:10 --> Security Class Initialized
DEBUG - 2025-05-17 00:14:10 --> Global POST, GET and COOKIE data sanitized
INFO - 2025-05-17 00:14:10 --> Input Class Initialized
INFO - 2025-05-17 00:14:10 --> Language Class Initialized
ERROR - 2025-05-17 00:14:10 --> 404 Page Not Found: /index
INFO - 2025-05-17 00:14:10 --> Config Class Initialized
INFO - 2025-05-17 00:14:10 --> Hooks Class Initialized
DEBUG - 2025-05-17 00:14:10 --> UTF-8 Support Enabled
INFO - 2025-05-17 00:14:10 --> Utf8 Class Initialized
INFO - 2025-05-17 00:14:10 --> URI Class Initialized
INFO - 2025-05-17 00:14:10 --> Router Class Initialized
INFO - 2025-05-17 00:14:10 --> Output Class Initialized
INFO - 2025-05-17 00:14:10 --> Security Class Initialized
DEBUG - 2025-05-17 00:14:10 --> Global POST, GET and COOKIE data sanitized
INFO - 2025-05-17 00:14:10 --> Input Class Initialized
INFO - 2025-05-17 00:14:10 --> Language Class Initialized
ERROR - 2025-05-17 00:14:10 --> 404 Page Not Found: /index
INFO - 2025-05-17 00:14:11 --> Config Class Initialized
INFO - 2025-05-17 00:14:11 --> Hooks Class Initialized
DEBUG - 2025-05-17 00:14:11 --> UTF-8 Support Enabled
INFO - 2025-05-17 00:14:11 --> Utf8 Class Initialized
INFO - 2025-05-17 00:14:11 --> URI Class Initialized
INFO - 2025-05-17 00:14:11 --> Router Class Initialized
INFO - 2025-05-17 00:14:11 --> Output Class Initialized
INFO - 2025-05-17 00:14:11 --> Security Class Initialized
DEBUG - 2025-05-17 00:14:11 --> Global POST, GET and COOKIE data sanitized
INFO - 2025-05-17 00:14:11 --> Input Class Initialized
INFO - 2025-05-17 00:14:11 --> Language Class Initialized
ERROR - 2025-05-17 00:14:11 --> 404 Page Not Found: /index
INFO - 2025-05-17 00:14:11 --> Config Class Initialized
INFO - 2025-05-17 00:14:11 --> Hooks Class Initialized
DEBUG - 2025-05-17 00:14:11 --> UTF-8 Support Enabled
INFO - 2025-05-17 00:14:11 --> Utf8 Class Initialized
INFO - 2025-05-17 00:14:11 --> URI Class Initialized
INFO - 2025-05-17 00:14:11 --> Router Class Initialized
INFO - 2025-05-17 00:14:11 --> Output Class Initialized
INFO - 2025-05-17 00:14:11 --> Security Class Initialized
DEBUG - 2025-05-17 00:14:11 --> Global POST, GET and COOKIE data sanitized
INFO - 2025-05-17 00:14:11 --> Input Class Initialized
INFO - 2025-05-17 00:14:11 --> Language Class Initialized
ERROR - 2025-05-17 00:14:11 --> 404 Page Not Found: /index
INFO - 2025-05-17 00:14:12 --> Config Class Initialized
INFO - 2025-05-17 00:14:12 --> Hooks Class Initialized
DEBUG - 2025-05-17 00:14:12 --> UTF-8 Support Enabled
INFO - 2025-05-17 00:14:12 --> Utf8 Class Initialized
INFO - 2025-05-17 00:14:12 --> URI Class Initialized
DEBUG - 2025-05-17 00:14:12 --> No URI present. Default controller set.
INFO - 2025-05-17 00:14:12 --> Router Class Initialized
INFO - 2025-05-17 00:14:12 --> Output Class Initialized
INFO - 2025-05-17 00:14:12 --> Security Class Initialized
DEBUG - 2025-05-17 00:14:12 --> Global POST, GET and COOKIE data sanitized
INFO - 2025-05-17 00:14:12 --> Input Class Initialized
INFO - 2025-05-17 00:14:12 --> Language Class Initialized
INFO - 2025-05-17 00:14:12 --> Language Class Initialized
INFO - 2025-05-17 00:14:12 --> Config Class Initialized
INFO - 2025-05-17 00:14:12 --> Loader Class Initialized
INFO - 2025-05-17 00:14:12 --> Helper loaded: url_helper
INFO - 2025-05-17 00:14:12 --> Helper loaded: easyui_helper
INFO - 2025-05-17 00:14:12 --> Helper loaded: param_helper
INFO - 2025-05-17 00:14:12 --> Helper loaded: credential_helper
INFO - 2025-05-17 00:14:12 --> Helper loaded: template_helper
INFO - 2025-05-17 00:14:12 --> Helper loaded: rest_helper
INFO - 2025-05-17 00:14:12 --> Database Driver Class Initialized
DEBUG - 2025-05-17 00:14:12 --> Idgenerator class already loaded. Second attempt ignored.
INFO - 2025-05-17 00:14:12 --> Controller Class Initialized
DEBUG - 2025-05-17 00:14:12 --> File loaded: /apps/web-drc/application/modules/app_auth/views/login_lte_template.php
DEBUG - 2025-05-17 00:14:12 --> File loaded: /apps/web-drc/application/views/template_login_lte/header.php
DEBUG - 2025-05-17 00:14:12 --> File loaded: /apps/web-drc/application/views/template_login_lte/contents.php
DEBUG - 2025-05-17 00:14:12 --> File loaded: /apps/web-drc/application/views/template_login_lte/default.php
INFO - 2025-05-17 00:14:12 --> Final output sent to browser
DEBUG - 2025-05-17 00:14:12 --> Total execution time: 0.0370
