INFO - 2025-04-25 18:03:11 --> Config Class Initialized
INFO - 2025-04-25 18:03:11 --> Hooks Class Initialized
DEBUG - 2025-04-25 18:03:11 --> UTF-8 Support Enabled
INFO - 2025-04-25 18:03:11 --> Utf8 Class Initialized
INFO - 2025-04-25 18:03:11 --> URI Class Initialized
DEBUG - 2025-04-25 18:03:11 --> No URI present. Default controller set.
INFO - 2025-04-25 18:03:11 --> Router Class Initialized
INFO - 2025-04-25 18:03:11 --> Output Class Initialized
INFO - 2025-04-25 18:03:11 --> Security Class Initialized
DEBUG - 2025-04-25 18:03:11 --> Global POST, GET and COOKIE data sanitized
INFO - 2025-04-25 18:03:11 --> Input Class Initialized
INFO - 2025-04-25 18:03:11 --> Language Class Initialized
INFO - 2025-04-25 18:03:11 --> Language Class Initialized
INFO - 2025-04-25 18:03:11 --> Config Class Initialized
INFO - 2025-04-25 18:03:11 --> Loader Class Initialized
INFO - 2025-04-25 18:03:11 --> Helper loaded: url_helper
INFO - 2025-04-25 18:03:11 --> Helper loaded: easyui_helper
INFO - 2025-04-25 18:03:11 --> Helper loaded: param_helper
INFO - 2025-04-25 18:03:11 --> Helper loaded: credential_helper
INFO - 2025-04-25 18:03:11 --> Helper loaded: template_helper
INFO - 2025-04-25 18:03:11 --> Helper loaded: rest_helper
INFO - 2025-04-25 18:03:11 --> Database Driver Class Initialized
DEBUG - 2025-04-25 18:03:11 --> Idgenerator class already loaded. Second attempt ignored.
INFO - 2025-04-25 18:03:11 --> Controller Class Initialized
DEBUG - 2025-04-25 18:03:11 --> File loaded: /apps/web-drc/application/modules/app_auth/views/login_lte_template.php
DEBUG - 2025-04-25 18:03:11 --> File loaded: /apps/web-drc/application/views/template_login_lte/header.php
DEBUG - 2025-04-25 18:03:11 --> File loaded: /apps/web-drc/application/views/template_login_lte/contents.php
DEBUG - 2025-04-25 18:03:11 --> File loaded: /apps/web-drc/application/views/template_login_lte/default.php
INFO - 2025-04-25 18:03:11 --> Final output sent to browser
DEBUG - 2025-04-25 18:03:11 --> Total execution time: 0.0957
INFO - 2025-04-25 18:03:19 --> Config Class Initialized
INFO - 2025-04-25 18:03:19 --> Hooks Class Initialized
DEBUG - 2025-04-25 18:03:19 --> UTF-8 Support Enabled
INFO - 2025-04-25 18:03:19 --> Utf8 Class Initialized
INFO - 2025-04-25 18:03:19 --> URI Class Initialized
INFO - 2025-04-25 18:03:19 --> Router Class Initialized
INFO - 2025-04-25 18:03:19 --> Output Class Initialized
INFO - 2025-04-25 18:03:19 --> Security Class Initialized
DEBUG - 2025-04-25 18:03:19 --> Global POST, GET and COOKIE data sanitized
INFO - 2025-04-25 18:03:19 --> Input Class Initialized
INFO - 2025-04-25 18:03:19 --> Language Class Initialized
ERROR - 2025-04-25 18:03:19 --> 404 Page Not Found: /index
