INFO - 2025-03-09 09:53:58 --> Config Class Initialized
INFO - 2025-03-09 09:53:58 --> Hooks Class Initialized
DEBUG - 2025-03-09 09:53:58 --> UTF-8 Support Enabled
INFO - 2025-03-09 09:53:58 --> Utf8 Class Initialized
INFO - 2025-03-09 09:53:58 --> URI Class Initialized
DEBUG - 2025-03-09 09:53:58 --> No URI present. Default controller set.
INFO - 2025-03-09 09:53:58 --> Router Class Initialized
INFO - 2025-03-09 09:53:58 --> Output Class Initialized
INFO - 2025-03-09 09:53:58 --> Security Class Initialized
DEBUG - 2025-03-09 09:53:58 --> Global POST, GET and COOKIE data sanitized
INFO - 2025-03-09 09:53:58 --> Input Class Initialized
INFO - 2025-03-09 09:53:58 --> Language Class Initialized
INFO - 2025-03-09 09:53:58 --> Language Class Initialized
INFO - 2025-03-09 09:53:58 --> Config Class Initialized
INFO - 2025-03-09 09:53:58 --> Loader Class Initialized
INFO - 2025-03-09 09:53:58 --> Helper loaded: url_helper
INFO - 2025-03-09 09:53:58 --> Helper loaded: easyui_helper
INFO - 2025-03-09 09:53:58 --> Helper loaded: param_helper
INFO - 2025-03-09 09:53:58 --> Helper loaded: credential_helper
INFO - 2025-03-09 09:53:58 --> Helper loaded: template_helper
INFO - 2025-03-09 09:53:58 --> Helper loaded: rest_helper
INFO - 2025-03-09 09:53:58 --> Database Driver Class Initialized
DEBUG - 2025-03-09 09:53:58 --> Idgenerator class already loaded. Second attempt ignored.
INFO - 2025-03-09 09:53:58 --> Controller Class Initialized
DEBUG - 2025-03-09 09:53:58 --> File loaded: /apps/web-drc/application/modules/app_auth/views/login_lte_template.php
DEBUG - 2025-03-09 09:53:58 --> File loaded: /apps/web-drc/application/views/template_login_lte/header.php
DEBUG - 2025-03-09 09:53:58 --> File loaded: /apps/web-drc/application/views/template_login_lte/contents.php
DEBUG - 2025-03-09 09:53:58 --> File loaded: /apps/web-drc/application/views/template_login_lte/default.php
INFO - 2025-03-09 09:53:58 --> Final output sent to browser
DEBUG - 2025-03-09 09:53:58 --> Total execution time: 0.0628
INFO - 2025-03-09 09:54:06 --> Config Class Initialized
INFO - 2025-03-09 09:54:06 --> Hooks Class Initialized
DEBUG - 2025-03-09 09:54:06 --> UTF-8 Support Enabled
INFO - 2025-03-09 09:54:06 --> Utf8 Class Initialized
INFO - 2025-03-09 09:54:06 --> URI Class Initialized
INFO - 2025-03-09 09:54:06 --> Router Class Initialized
INFO - 2025-03-09 09:54:06 --> Output Class Initialized
INFO - 2025-03-09 09:54:06 --> Security Class Initialized
DEBUG - 2025-03-09 09:54:06 --> Global POST, GET and COOKIE data sanitized
INFO - 2025-03-09 09:54:06 --> Input Class Initialized
INFO - 2025-03-09 09:54:06 --> Language Class Initialized
ERROR - 2025-03-09 09:54:06 --> 404 Page Not Found: /index
INFO - 2025-03-09 09:54:10 --> Config Class Initialized
INFO - 2025-03-09 09:54:10 --> Hooks Class Initialized
DEBUG - 2025-03-09 09:54:10 --> UTF-8 Support Enabled
INFO - 2025-03-09 09:54:10 --> Utf8 Class Initialized
INFO - 2025-03-09 09:54:10 --> URI Class Initialized
INFO - 2025-03-09 09:54:10 --> Router Class Initialized
INFO - 2025-03-09 09:54:10 --> Output Class Initialized
INFO - 2025-03-09 09:54:10 --> Security Class Initialized
DEBUG - 2025-03-09 09:54:10 --> Global POST, GET and COOKIE data sanitized
INFO - 2025-03-09 09:54:10 --> Input Class Initialized
INFO - 2025-03-09 09:54:10 --> Language Class Initialized
ERROR - 2025-03-09 09:54:10 --> 404 Page Not Found: /index
