INFO - 2025-01-15 02:58:26 --> Config Class Initialized
INFO - 2025-01-15 02:58:26 --> Hooks Class Initialized
DEBUG - 2025-01-15 02:58:26 --> UTF-8 Support Enabled
INFO - 2025-01-15 02:58:26 --> Utf8 Class Initialized
INFO - 2025-01-15 02:58:26 --> URI Class Initialized
INFO - 2025-01-15 02:58:26 --> Router Class Initialized
INFO - 2025-01-15 02:58:26 --> Output Class Initialized
INFO - 2025-01-15 02:58:26 --> Security Class Initialized
DEBUG - 2025-01-15 02:58:26 --> Global POST, GET and COOKIE data sanitized
INFO - 2025-01-15 02:58:26 --> Input Class Initialized
INFO - 2025-01-15 02:58:26 --> Language Class Initialized
ERROR - 2025-01-15 02:58:26 --> 404 Page Not Found: /index
INFO - 2025-01-15 02:58:27 --> Config Class Initialized
INFO - 2025-01-15 02:58:27 --> Hooks Class Initialized
DEBUG - 2025-01-15 02:58:27 --> UTF-8 Support Enabled
INFO - 2025-01-15 02:58:27 --> Utf8 Class Initialized
INFO - 2025-01-15 02:58:27 --> URI Class Initialized
DEBUG - 2025-01-15 02:58:27 --> No URI present. Default controller set.
INFO - 2025-01-15 02:58:27 --> Router Class Initialized
INFO - 2025-01-15 02:58:27 --> Output Class Initialized
INFO - 2025-01-15 02:58:27 --> Security Class Initialized
DEBUG - 2025-01-15 02:58:27 --> Global POST, GET and COOKIE data sanitized
INFO - 2025-01-15 02:58:27 --> Input Class Initialized
INFO - 2025-01-15 02:58:27 --> Language Class Initialized
INFO - 2025-01-15 02:58:27 --> Language Class Initialized
INFO - 2025-01-15 02:58:27 --> Config Class Initialized
INFO - 2025-01-15 02:58:27 --> Loader Class Initialized
INFO - 2025-01-15 02:58:27 --> Helper loaded: url_helper
INFO - 2025-01-15 02:58:27 --> Helper loaded: easyui_helper
INFO - 2025-01-15 02:58:27 --> Helper loaded: param_helper
INFO - 2025-01-15 02:58:27 --> Helper loaded: credential_helper
INFO - 2025-01-15 02:58:27 --> Helper loaded: template_helper
INFO - 2025-01-15 02:58:27 --> Helper loaded: rest_helper
INFO - 2025-01-15 02:58:27 --> Database Driver Class Initialized
DEBUG - 2025-01-15 02:58:27 --> Idgenerator class already loaded. Second attempt ignored.
INFO - 2025-01-15 02:58:27 --> Controller Class Initialized
DEBUG - 2025-01-15 02:58:27 --> File loaded: /apps/web-drc/application/modules/app_auth/views/login_lte_template.php
DEBUG - 2025-01-15 02:58:27 --> File loaded: /apps/web-drc/application/views/template_login_lte/header.php
DEBUG - 2025-01-15 02:58:27 --> File loaded: /apps/web-drc/application/views/template_login_lte/contents.php
DEBUG - 2025-01-15 02:58:27 --> File loaded: /apps/web-drc/application/views/template_login_lte/default.php
INFO - 2025-01-15 02:58:27 --> Final output sent to browser
DEBUG - 2025-01-15 02:58:27 --> Total execution time: 0.0312
INFO - 2025-01-15 14:57:19 --> Config Class Initialized
INFO - 2025-01-15 14:57:19 --> Hooks Class Initialized
DEBUG - 2025-01-15 14:57:19 --> UTF-8 Support Enabled
INFO - 2025-01-15 14:57:19 --> Utf8 Class Initialized
INFO - 2025-01-15 14:57:19 --> URI Class Initialized
INFO - 2025-01-15 14:57:19 --> Router Class Initialized
INFO - 2025-01-15 14:57:19 --> Output Class Initialized
INFO - 2025-01-15 14:57:20 --> Security Class Initialized
DEBUG - 2025-01-15 14:57:20 --> Global POST, GET and COOKIE data sanitized
INFO - 2025-01-15 14:57:20 --> Input Class Initialized
INFO - 2025-01-15 14:57:20 --> Language Class Initialized
ERROR - 2025-01-15 14:57:20 --> 404 Page Not Found: /index
INFO - 2025-01-15 14:57:20 --> Config Class Initialized
INFO - 2025-01-15 14:57:20 --> Hooks Class Initialized
DEBUG - 2025-01-15 14:57:20 --> UTF-8 Support Enabled
INFO - 2025-01-15 14:57:20 --> Utf8 Class Initialized
INFO - 2025-01-15 14:57:20 --> URI Class Initialized
INFO - 2025-01-15 14:57:20 --> Router Class Initialized
INFO - 2025-01-15 14:57:20 --> Output Class Initialized
INFO - 2025-01-15 14:57:20 --> Security Class Initialized
DEBUG - 2025-01-15 14:57:20 --> Global POST, GET and COOKIE data sanitized
INFO - 2025-01-15 14:57:20 --> Input Class Initialized
INFO - 2025-01-15 14:57:20 --> Language Class Initialized
ERROR - 2025-01-15 14:57:20 --> 404 Page Not Found: /index
