INFO - 2025-05-09 17:57:41 --> Config Class Initialized
INFO - 2025-05-09 17:57:41 --> Hooks Class Initialized
DEBUG - 2025-05-09 17:57:41 --> UTF-8 Support Enabled
INFO - 2025-05-09 17:57:41 --> Utf8 Class Initialized
INFO - 2025-05-09 17:57:41 --> URI Class Initialized
DEBUG - 2025-05-09 17:57:41 --> No URI present. Default controller set.
INFO - 2025-05-09 17:57:41 --> Router Class Initialized
INFO - 2025-05-09 17:57:41 --> Output Class Initialized
INFO - 2025-05-09 17:57:41 --> Security Class Initialized
DEBUG - 2025-05-09 17:57:41 --> Global POST, GET and COOKIE data sanitized
INFO - 2025-05-09 17:57:41 --> Input Class Initialized
INFO - 2025-05-09 17:57:41 --> Language Class Initialized
INFO - 2025-05-09 17:57:41 --> Language Class Initialized
INFO - 2025-05-09 17:57:41 --> Config Class Initialized
INFO - 2025-05-09 17:57:41 --> Loader Class Initialized
INFO - 2025-05-09 17:57:41 --> Helper loaded: url_helper
INFO - 2025-05-09 17:57:41 --> Helper loaded: easyui_helper
INFO - 2025-05-09 17:57:41 --> Helper loaded: param_helper
INFO - 2025-05-09 17:57:41 --> Helper loaded: credential_helper
INFO - 2025-05-09 17:57:41 --> Helper loaded: template_helper
INFO - 2025-05-09 17:57:41 --> Helper loaded: rest_helper
INFO - 2025-05-09 17:57:41 --> Database Driver Class Initialized
DEBUG - 2025-05-09 17:57:41 --> Idgenerator class already loaded. Second attempt ignored.
INFO - 2025-05-09 17:57:41 --> Controller Class Initialized
DEBUG - 2025-05-09 17:57:41 --> File loaded: /apps/web-drc/application/modules/app_auth/views/login_lte_template.php
DEBUG - 2025-05-09 17:57:41 --> File loaded: /apps/web-drc/application/views/template_login_lte/header.php
DEBUG - 2025-05-09 17:57:41 --> File loaded: /apps/web-drc/application/views/template_login_lte/contents.php
DEBUG - 2025-05-09 17:57:41 --> File loaded: /apps/web-drc/application/views/template_login_lte/default.php
INFO - 2025-05-09 17:57:41 --> Final output sent to browser
DEBUG - 2025-05-09 17:57:41 --> Total execution time: 0.0894
INFO - 2025-05-09 17:57:41 --> Config Class Initialized
INFO - 2025-05-09 17:57:41 --> Hooks Class Initialized
DEBUG - 2025-05-09 17:57:41 --> UTF-8 Support Enabled
INFO - 2025-05-09 17:57:41 --> Utf8 Class Initialized
INFO - 2025-05-09 17:57:41 --> URI Class Initialized
INFO - 2025-05-09 17:57:41 --> Router Class Initialized
INFO - 2025-05-09 17:57:41 --> Output Class Initialized
INFO - 2025-05-09 17:57:41 --> Security Class Initialized
DEBUG - 2025-05-09 17:57:41 --> Global POST, GET and COOKIE data sanitized
INFO - 2025-05-09 17:57:41 --> Input Class Initialized
INFO - 2025-05-09 17:57:41 --> Language Class Initialized
ERROR - 2025-05-09 17:57:41 --> 404 Page Not Found: /index
INFO - 2025-05-09 17:57:42 --> Config Class Initialized
INFO - 2025-05-09 17:57:42 --> Hooks Class Initialized
DEBUG - 2025-05-09 17:57:42 --> UTF-8 Support Enabled
INFO - 2025-05-09 17:57:42 --> Utf8 Class Initialized
INFO - 2025-05-09 17:57:42 --> URI Class Initialized
INFO - 2025-05-09 17:57:42 --> Router Class Initialized
INFO - 2025-05-09 17:57:42 --> Output Class Initialized
INFO - 2025-05-09 17:57:42 --> Security Class Initialized
DEBUG - 2025-05-09 17:57:42 --> Global POST, GET and COOKIE data sanitized
INFO - 2025-05-09 17:57:42 --> Input Class Initialized
INFO - 2025-05-09 17:57:42 --> Language Class Initialized
ERROR - 2025-05-09 17:57:42 --> 404 Page Not Found: /index
INFO - 2025-05-09 17:57:42 --> Config Class Initialized
INFO - 2025-05-09 17:57:42 --> Hooks Class Initialized
DEBUG - 2025-05-09 17:57:42 --> UTF-8 Support Enabled
INFO - 2025-05-09 17:57:42 --> Utf8 Class Initialized
INFO - 2025-05-09 17:57:42 --> URI Class Initialized
DEBUG - 2025-05-09 17:57:42 --> No URI present. Default controller set.
INFO - 2025-05-09 17:57:42 --> Router Class Initialized
INFO - 2025-05-09 17:57:42 --> Output Class Initialized
INFO - 2025-05-09 17:57:42 --> Security Class Initialized
DEBUG - 2025-05-09 17:57:42 --> Global POST, GET and COOKIE data sanitized
INFO - 2025-05-09 17:57:42 --> Input Class Initialized
INFO - 2025-05-09 17:57:42 --> Language Class Initialized
INFO - 2025-05-09 17:57:42 --> Language Class Initialized
INFO - 2025-05-09 17:57:42 --> Config Class Initialized
INFO - 2025-05-09 17:57:42 --> Loader Class Initialized
INFO - 2025-05-09 17:57:42 --> Helper loaded: url_helper
INFO - 2025-05-09 17:57:42 --> Helper loaded: easyui_helper
INFO - 2025-05-09 17:57:42 --> Helper loaded: param_helper
INFO - 2025-05-09 17:57:42 --> Helper loaded: credential_helper
INFO - 2025-05-09 17:57:42 --> Helper loaded: template_helper
INFO - 2025-05-09 17:57:42 --> Helper loaded: rest_helper
INFO - 2025-05-09 17:57:42 --> Database Driver Class Initialized
DEBUG - 2025-05-09 17:57:42 --> Idgenerator class already loaded. Second attempt ignored.
INFO - 2025-05-09 17:57:42 --> Controller Class Initialized
DEBUG - 2025-05-09 17:57:42 --> File loaded: /apps/web-drc/application/modules/app_auth/views/login_lte_template.php
DEBUG - 2025-05-09 17:57:42 --> File loaded: /apps/web-drc/application/views/template_login_lte/header.php
DEBUG - 2025-05-09 17:57:42 --> File loaded: /apps/web-drc/application/views/template_login_lte/contents.php
DEBUG - 2025-05-09 17:57:42 --> File loaded: /apps/web-drc/application/views/template_login_lte/default.php
INFO - 2025-05-09 17:57:42 --> Final output sent to browser
DEBUG - 2025-05-09 17:57:42 --> Total execution time: 0.0041
INFO - 2025-05-09 17:57:42 --> Config Class Initialized
INFO - 2025-05-09 17:57:42 --> Hooks Class Initialized
DEBUG - 2025-05-09 17:57:42 --> UTF-8 Support Enabled
INFO - 2025-05-09 17:57:42 --> Utf8 Class Initialized
INFO - 2025-05-09 17:57:42 --> URI Class Initialized
INFO - 2025-05-09 17:57:42 --> Router Class Initialized
INFO - 2025-05-09 17:57:42 --> Output Class Initialized
INFO - 2025-05-09 17:57:42 --> Security Class Initialized
DEBUG - 2025-05-09 17:57:42 --> Global POST, GET and COOKIE data sanitized
INFO - 2025-05-09 17:57:42 --> Input Class Initialized
INFO - 2025-05-09 17:57:42 --> Language Class Initialized
ERROR - 2025-05-09 17:57:42 --> 404 Page Not Found: /index
INFO - 2025-05-09 17:57:42 --> Config Class Initialized
INFO - 2025-05-09 17:57:42 --> Hooks Class Initialized
DEBUG - 2025-05-09 17:57:42 --> UTF-8 Support Enabled
INFO - 2025-05-09 17:57:42 --> Utf8 Class Initialized
INFO - 2025-05-09 17:57:42 --> URI Class Initialized
INFO - 2025-05-09 17:57:42 --> Router Class Initialized
INFO - 2025-05-09 17:57:42 --> Output Class Initialized
INFO - 2025-05-09 17:57:42 --> Security Class Initialized
DEBUG - 2025-05-09 17:57:42 --> Global POST, GET and COOKIE data sanitized
INFO - 2025-05-09 17:57:42 --> Input Class Initialized
INFO - 2025-05-09 17:57:42 --> Language Class Initialized
ERROR - 2025-05-09 17:57:42 --> 404 Page Not Found: /index
INFO - 2025-05-09 17:57:42 --> Config Class Initialized
INFO - 2025-05-09 17:57:42 --> Hooks Class Initialized
DEBUG - 2025-05-09 17:57:42 --> UTF-8 Support Enabled
INFO - 2025-05-09 17:57:42 --> Utf8 Class Initialized
INFO - 2025-05-09 17:57:42 --> URI Class Initialized
INFO - 2025-05-09 17:57:42 --> Router Class Initialized
INFO - 2025-05-09 17:57:42 --> Output Class Initialized
INFO - 2025-05-09 17:57:42 --> Security Class Initialized
DEBUG - 2025-05-09 17:57:42 --> Global POST, GET and COOKIE data sanitized
INFO - 2025-05-09 17:57:42 --> Input Class Initialized
INFO - 2025-05-09 17:57:42 --> Language Class Initialized
ERROR - 2025-05-09 17:57:42 --> 404 Page Not Found: /index
INFO - 2025-05-09 17:57:42 --> Config Class Initialized
INFO - 2025-05-09 17:57:42 --> Hooks Class Initialized
DEBUG - 2025-05-09 17:57:42 --> UTF-8 Support Enabled
INFO - 2025-05-09 17:57:42 --> Utf8 Class Initialized
INFO - 2025-05-09 17:57:42 --> URI Class Initialized
INFO - 2025-05-09 17:57:42 --> Router Class Initialized
INFO - 2025-05-09 17:57:42 --> Output Class Initialized
INFO - 2025-05-09 17:57:42 --> Security Class Initialized
DEBUG - 2025-05-09 17:57:42 --> Global POST, GET and COOKIE data sanitized
INFO - 2025-05-09 17:57:42 --> Input Class Initialized
INFO - 2025-05-09 17:57:42 --> Language Class Initialized
ERROR - 2025-05-09 17:57:42 --> 404 Page Not Found: /index
INFO - 2025-05-09 17:57:42 --> Config Class Initialized
INFO - 2025-05-09 17:57:42 --> Hooks Class Initialized
DEBUG - 2025-05-09 17:57:42 --> UTF-8 Support Enabled
INFO - 2025-05-09 17:57:42 --> Utf8 Class Initialized
INFO - 2025-05-09 17:57:42 --> URI Class Initialized
INFO - 2025-05-09 17:57:42 --> Router Class Initialized
INFO - 2025-05-09 17:57:42 --> Output Class Initialized
INFO - 2025-05-09 17:57:42 --> Security Class Initialized
DEBUG - 2025-05-09 17:57:42 --> Global POST, GET and COOKIE data sanitized
INFO - 2025-05-09 17:57:42 --> Input Class Initialized
INFO - 2025-05-09 17:57:42 --> Language Class Initialized
ERROR - 2025-05-09 17:57:42 --> 404 Page Not Found: /index
INFO - 2025-05-09 17:57:42 --> Config Class Initialized
INFO - 2025-05-09 17:57:42 --> Hooks Class Initialized
DEBUG - 2025-05-09 17:57:42 --> UTF-8 Support Enabled
INFO - 2025-05-09 17:57:42 --> Utf8 Class Initialized
INFO - 2025-05-09 17:57:42 --> URI Class Initialized
INFO - 2025-05-09 17:57:42 --> Router Class Initialized
INFO - 2025-05-09 17:57:42 --> Output Class Initialized
INFO - 2025-05-09 17:57:42 --> Security Class Initialized
DEBUG - 2025-05-09 17:57:42 --> Global POST, GET and COOKIE data sanitized
INFO - 2025-05-09 17:57:42 --> Input Class Initialized
INFO - 2025-05-09 17:57:42 --> Language Class Initialized
ERROR - 2025-05-09 17:57:42 --> 404 Page Not Found: /index
INFO - 2025-05-09 17:57:43 --> Config Class Initialized
INFO - 2025-05-09 17:57:43 --> Hooks Class Initialized
DEBUG - 2025-05-09 17:57:43 --> UTF-8 Support Enabled
INFO - 2025-05-09 17:57:43 --> Utf8 Class Initialized
INFO - 2025-05-09 17:57:43 --> URI Class Initialized
INFO - 2025-05-09 17:57:43 --> Router Class Initialized
INFO - 2025-05-09 17:57:43 --> Output Class Initialized
INFO - 2025-05-09 17:57:43 --> Security Class Initialized
DEBUG - 2025-05-09 17:57:43 --> Global POST, GET and COOKIE data sanitized
INFO - 2025-05-09 17:57:43 --> Input Class Initialized
INFO - 2025-05-09 17:57:43 --> Language Class Initialized
ERROR - 2025-05-09 17:57:43 --> 404 Page Not Found: /index
INFO - 2025-05-09 17:57:43 --> Config Class Initialized
INFO - 2025-05-09 17:57:43 --> Hooks Class Initialized
DEBUG - 2025-05-09 17:57:43 --> UTF-8 Support Enabled
INFO - 2025-05-09 17:57:43 --> Utf8 Class Initialized
INFO - 2025-05-09 17:57:43 --> URI Class Initialized
INFO - 2025-05-09 17:57:43 --> Router Class Initialized
INFO - 2025-05-09 17:57:43 --> Output Class Initialized
INFO - 2025-05-09 17:57:43 --> Security Class Initialized
DEBUG - 2025-05-09 17:57:43 --> Global POST, GET and COOKIE data sanitized
INFO - 2025-05-09 17:57:43 --> Input Class Initialized
INFO - 2025-05-09 17:57:43 --> Language Class Initialized
ERROR - 2025-05-09 17:57:43 --> 404 Page Not Found: /index
INFO - 2025-05-09 17:57:43 --> Config Class Initialized
INFO - 2025-05-09 17:57:43 --> Hooks Class Initialized
DEBUG - 2025-05-09 17:57:43 --> UTF-8 Support Enabled
INFO - 2025-05-09 17:57:43 --> Utf8 Class Initialized
INFO - 2025-05-09 17:57:43 --> URI Class Initialized
INFO - 2025-05-09 17:57:43 --> Router Class Initialized
INFO - 2025-05-09 17:57:43 --> Output Class Initialized
INFO - 2025-05-09 17:57:43 --> Security Class Initialized
DEBUG - 2025-05-09 17:57:43 --> Global POST, GET and COOKIE data sanitized
INFO - 2025-05-09 17:57:43 --> Input Class Initialized
INFO - 2025-05-09 17:57:43 --> Language Class Initialized
ERROR - 2025-05-09 17:57:43 --> 404 Page Not Found: /index
INFO - 2025-05-09 17:57:43 --> Config Class Initialized
INFO - 2025-05-09 17:57:43 --> Hooks Class Initialized
DEBUG - 2025-05-09 17:57:43 --> UTF-8 Support Enabled
INFO - 2025-05-09 17:57:43 --> Utf8 Class Initialized
INFO - 2025-05-09 17:57:43 --> URI Class Initialized
INFO - 2025-05-09 17:57:43 --> Router Class Initialized
INFO - 2025-05-09 17:57:43 --> Output Class Initialized
INFO - 2025-05-09 17:57:43 --> Security Class Initialized
DEBUG - 2025-05-09 17:57:43 --> Global POST, GET and COOKIE data sanitized
INFO - 2025-05-09 17:57:43 --> Input Class Initialized
INFO - 2025-05-09 17:57:43 --> Language Class Initialized
ERROR - 2025-05-09 17:57:43 --> 404 Page Not Found: /index
INFO - 2025-05-09 17:57:43 --> Config Class Initialized
INFO - 2025-05-09 17:57:43 --> Hooks Class Initialized
DEBUG - 2025-05-09 17:57:43 --> UTF-8 Support Enabled
INFO - 2025-05-09 17:57:43 --> Utf8 Class Initialized
INFO - 2025-05-09 17:57:43 --> URI Class Initialized
INFO - 2025-05-09 17:57:43 --> Router Class Initialized
INFO - 2025-05-09 17:57:43 --> Output Class Initialized
INFO - 2025-05-09 17:57:43 --> Security Class Initialized
DEBUG - 2025-05-09 17:57:43 --> Global POST, GET and COOKIE data sanitized
INFO - 2025-05-09 17:57:43 --> Input Class Initialized
INFO - 2025-05-09 17:57:43 --> Language Class Initialized
ERROR - 2025-05-09 17:57:43 --> 404 Page Not Found: /index
INFO - 2025-05-09 17:57:43 --> Config Class Initialized
INFO - 2025-05-09 17:57:43 --> Hooks Class Initialized
DEBUG - 2025-05-09 17:57:43 --> UTF-8 Support Enabled
INFO - 2025-05-09 17:57:43 --> Utf8 Class Initialized
INFO - 2025-05-09 17:57:43 --> URI Class Initialized
INFO - 2025-05-09 17:57:43 --> Router Class Initialized
INFO - 2025-05-09 17:57:43 --> Output Class Initialized
INFO - 2025-05-09 17:57:43 --> Security Class Initialized
DEBUG - 2025-05-09 17:57:43 --> Global POST, GET and COOKIE data sanitized
INFO - 2025-05-09 17:57:43 --> Input Class Initialized
INFO - 2025-05-09 17:57:43 --> Language Class Initialized
ERROR - 2025-05-09 17:57:43 --> 404 Page Not Found: /index
INFO - 2025-05-09 17:57:43 --> Config Class Initialized
INFO - 2025-05-09 17:57:43 --> Hooks Class Initialized
DEBUG - 2025-05-09 17:57:43 --> UTF-8 Support Enabled
INFO - 2025-05-09 17:57:43 --> Utf8 Class Initialized
INFO - 2025-05-09 17:57:43 --> URI Class Initialized
INFO - 2025-05-09 17:57:43 --> Router Class Initialized
INFO - 2025-05-09 17:57:43 --> Output Class Initialized
INFO - 2025-05-09 17:57:43 --> Security Class Initialized
DEBUG - 2025-05-09 17:57:43 --> Global POST, GET and COOKIE data sanitized
INFO - 2025-05-09 17:57:43 --> Input Class Initialized
INFO - 2025-05-09 17:57:43 --> Language Class Initialized
ERROR - 2025-05-09 17:57:43 --> 404 Page Not Found: /index
INFO - 2025-05-09 17:57:43 --> Config Class Initialized
INFO - 2025-05-09 17:57:43 --> Hooks Class Initialized
DEBUG - 2025-05-09 17:57:43 --> UTF-8 Support Enabled
INFO - 2025-05-09 17:57:43 --> Utf8 Class Initialized
INFO - 2025-05-09 17:57:43 --> URI Class Initialized
INFO - 2025-05-09 17:57:43 --> Router Class Initialized
INFO - 2025-05-09 17:57:43 --> Output Class Initialized
INFO - 2025-05-09 17:57:43 --> Security Class Initialized
DEBUG - 2025-05-09 17:57:43 --> Global POST, GET and COOKIE data sanitized
INFO - 2025-05-09 17:57:43 --> Input Class Initialized
INFO - 2025-05-09 17:57:43 --> Language Class Initialized
ERROR - 2025-05-09 17:57:43 --> 404 Page Not Found: /index
INFO - 2025-05-09 17:57:43 --> Config Class Initialized
INFO - 2025-05-09 17:57:43 --> Hooks Class Initialized
DEBUG - 2025-05-09 17:57:43 --> UTF-8 Support Enabled
INFO - 2025-05-09 17:57:43 --> Utf8 Class Initialized
INFO - 2025-05-09 17:57:43 --> URI Class Initialized
INFO - 2025-05-09 17:57:43 --> Router Class Initialized
INFO - 2025-05-09 17:57:43 --> Output Class Initialized
INFO - 2025-05-09 17:57:43 --> Security Class Initialized
DEBUG - 2025-05-09 17:57:43 --> Global POST, GET and COOKIE data sanitized
INFO - 2025-05-09 17:57:43 --> Input Class Initialized
INFO - 2025-05-09 17:57:43 --> Language Class Initialized
ERROR - 2025-05-09 17:57:43 --> 404 Page Not Found: /index
INFO - 2025-05-09 17:57:43 --> Config Class Initialized
INFO - 2025-05-09 17:57:43 --> Hooks Class Initialized
DEBUG - 2025-05-09 17:57:43 --> UTF-8 Support Enabled
INFO - 2025-05-09 17:57:43 --> Utf8 Class Initialized
INFO - 2025-05-09 17:57:43 --> URI Class Initialized
INFO - 2025-05-09 17:57:43 --> Router Class Initialized
INFO - 2025-05-09 17:57:43 --> Output Class Initialized
INFO - 2025-05-09 17:57:43 --> Security Class Initialized
DEBUG - 2025-05-09 17:57:43 --> Global POST, GET and COOKIE data sanitized
INFO - 2025-05-09 17:57:43 --> Input Class Initialized
INFO - 2025-05-09 17:57:43 --> Language Class Initialized
ERROR - 2025-05-09 17:57:43 --> 404 Page Not Found: /index
