INFO - 2025-02-01 20:42:22 --> Config Class Initialized
INFO - 2025-02-01 20:42:22 --> Hooks Class Initialized
DEBUG - 2025-02-01 20:42:22 --> UTF-8 Support Enabled
INFO - 2025-02-01 20:42:22 --> Utf8 Class Initialized
INFO - 2025-02-01 20:42:22 --> URI Class Initialized
DEBUG - 2025-02-01 20:42:22 --> No URI present. Default controller set.
INFO - 2025-02-01 20:42:22 --> Router Class Initialized
INFO - 2025-02-01 20:42:22 --> Output Class Initialized
INFO - 2025-02-01 20:42:22 --> Security Class Initialized
DEBUG - 2025-02-01 20:42:22 --> Global POST, GET and COOKIE data sanitized
INFO - 2025-02-01 20:42:22 --> Input Class Initialized
INFO - 2025-02-01 20:42:22 --> Language Class Initialized
INFO - 2025-02-01 20:42:22 --> Language Class Initialized
INFO - 2025-02-01 20:42:22 --> Config Class Initialized
INFO - 2025-02-01 20:42:22 --> Loader Class Initialized
INFO - 2025-02-01 20:42:22 --> Helper loaded: url_helper
INFO - 2025-02-01 20:42:22 --> Helper loaded: easyui_helper
INFO - 2025-02-01 20:42:22 --> Helper loaded: param_helper
INFO - 2025-02-01 20:42:22 --> Helper loaded: credential_helper
INFO - 2025-02-01 20:42:22 --> Helper loaded: template_helper
INFO - 2025-02-01 20:42:22 --> Helper loaded: rest_helper
INFO - 2025-02-01 20:42:22 --> Database Driver Class Initialized
DEBUG - 2025-02-01 20:42:22 --> Idgenerator class already loaded. Second attempt ignored.
INFO - 2025-02-01 20:42:22 --> Controller Class Initialized
DEBUG - 2025-02-01 20:42:22 --> File loaded: /apps/web-drc/application/modules/app_auth/views/login_lte_template.php
DEBUG - 2025-02-01 20:42:22 --> File loaded: /apps/web-drc/application/views/template_login_lte/header.php
DEBUG - 2025-02-01 20:42:22 --> File loaded: /apps/web-drc/application/views/template_login_lte/contents.php
DEBUG - 2025-02-01 20:42:22 --> File loaded: /apps/web-drc/application/views/template_login_lte/default.php
INFO - 2025-02-01 20:42:22 --> Final output sent to browser
DEBUG - 2025-02-01 20:42:22 --> Total execution time: 0.0808
INFO - 2025-02-01 20:42:39 --> Config Class Initialized
INFO - 2025-02-01 20:42:39 --> Hooks Class Initialized
DEBUG - 2025-02-01 20:42:39 --> UTF-8 Support Enabled
INFO - 2025-02-01 20:42:39 --> Utf8 Class Initialized
INFO - 2025-02-01 20:42:39 --> URI Class Initialized
INFO - 2025-02-01 20:42:39 --> Router Class Initialized
INFO - 2025-02-01 20:42:39 --> Output Class Initialized
INFO - 2025-02-01 20:42:39 --> Security Class Initialized
DEBUG - 2025-02-01 20:42:39 --> Global POST, GET and COOKIE data sanitized
INFO - 2025-02-01 20:42:39 --> Input Class Initialized
INFO - 2025-02-01 20:42:39 --> Language Class Initialized
ERROR - 2025-02-01 20:42:39 --> 404 Page Not Found: /index
INFO - 2025-02-01 20:42:56 --> Config Class Initialized
INFO - 2025-02-01 20:42:56 --> Hooks Class Initialized
DEBUG - 2025-02-01 20:42:56 --> UTF-8 Support Enabled
INFO - 2025-02-01 20:42:56 --> Utf8 Class Initialized
INFO - 2025-02-01 20:42:56 --> URI Class Initialized
INFO - 2025-02-01 20:42:56 --> Router Class Initialized
INFO - 2025-02-01 20:42:56 --> Output Class Initialized
INFO - 2025-02-01 20:42:56 --> Security Class Initialized
DEBUG - 2025-02-01 20:42:56 --> Global POST, GET and COOKIE data sanitized
INFO - 2025-02-01 20:42:56 --> Input Class Initialized
INFO - 2025-02-01 20:42:56 --> Language Class Initialized
ERROR - 2025-02-01 20:42:56 --> 404 Page Not Found: /index
INFO - 2025-02-01 20:43:06 --> Config Class Initialized
INFO - 2025-02-01 20:43:06 --> Hooks Class Initialized
DEBUG - 2025-02-01 20:43:06 --> UTF-8 Support Enabled
INFO - 2025-02-01 20:43:06 --> Utf8 Class Initialized
INFO - 2025-02-01 20:43:06 --> URI Class Initialized
INFO - 2025-02-01 20:43:06 --> Router Class Initialized
INFO - 2025-02-01 20:43:06 --> Output Class Initialized
INFO - 2025-02-01 20:43:06 --> Security Class Initialized
DEBUG - 2025-02-01 20:43:06 --> Global POST, GET and COOKIE data sanitized
INFO - 2025-02-01 20:43:06 --> Input Class Initialized
INFO - 2025-02-01 20:43:06 --> Language Class Initialized
ERROR - 2025-02-01 20:43:06 --> 404 Page Not Found: /index
INFO - 2025-02-01 22:08:22 --> Config Class Initialized
INFO - 2025-02-01 22:08:22 --> Hooks Class Initialized
DEBUG - 2025-02-01 22:08:22 --> UTF-8 Support Enabled
INFO - 2025-02-01 22:08:22 --> Utf8 Class Initialized
INFO - 2025-02-01 22:08:22 --> URI Class Initialized
INFO - 2025-02-01 22:08:22 --> Router Class Initialized
INFO - 2025-02-01 22:08:22 --> Output Class Initialized
INFO - 2025-02-01 22:08:22 --> Security Class Initialized
DEBUG - 2025-02-01 22:08:22 --> Global POST, GET and COOKIE data sanitized
INFO - 2025-02-01 22:08:22 --> Input Class Initialized
INFO - 2025-02-01 22:08:22 --> Language Class Initialized
INFO - 2025-02-01 22:08:22 --> Language Class Initialized
INFO - 2025-02-01 22:08:22 --> Config Class Initialized
INFO - 2025-02-01 22:08:22 --> Loader Class Initialized
INFO - 2025-02-01 22:08:22 --> Helper loaded: url_helper
INFO - 2025-02-01 22:08:22 --> Helper loaded: easyui_helper
INFO - 2025-02-01 22:08:22 --> Helper loaded: param_helper
INFO - 2025-02-01 22:08:22 --> Helper loaded: credential_helper
INFO - 2025-02-01 22:08:22 --> Helper loaded: template_helper
INFO - 2025-02-01 22:08:22 --> Helper loaded: rest_helper
INFO - 2025-02-01 22:08:22 --> Database Driver Class Initialized
DEBUG - 2025-02-01 22:08:22 --> Idgenerator class already loaded. Second attempt ignored.
INFO - 2025-02-01 22:08:22 --> Controller Class Initialized
INFO - 2025-02-01 22:08:22 --> Model Class Initialized
DEBUG - 2025-02-01 22:08:22 --> File loaded: /apps/web-drc/application/modules/api_v1/models/Api_v1_model.php
INFO - 2025-02-01 22:08:22 --> Model Class Initialized
INFO - 2025-02-01 22:08:36 --> Final output sent to browser
DEBUG - 2025-02-01 22:08:36 --> Total execution time: 14.0490
INFO - 2025-02-01 22:08:37 --> Config Class Initialized
INFO - 2025-02-01 22:08:37 --> Hooks Class Initialized
DEBUG - 2025-02-01 22:08:37 --> UTF-8 Support Enabled
INFO - 2025-02-01 22:08:37 --> Utf8 Class Initialized
INFO - 2025-02-01 22:08:37 --> URI Class Initialized
INFO - 2025-02-01 22:08:37 --> Router Class Initialized
INFO - 2025-02-01 22:08:37 --> Output Class Initialized
INFO - 2025-02-01 22:08:37 --> Security Class Initialized
DEBUG - 2025-02-01 22:08:37 --> Global POST, GET and COOKIE data sanitized
INFO - 2025-02-01 22:08:37 --> Input Class Initialized
INFO - 2025-02-01 22:08:37 --> Language Class Initialized
ERROR - 2025-02-01 22:08:37 --> 404 Page Not Found: /index
INFO - 2025-02-01 22:30:44 --> Config Class Initialized
INFO - 2025-02-01 22:30:44 --> Hooks Class Initialized
DEBUG - 2025-02-01 22:30:44 --> UTF-8 Support Enabled
INFO - 2025-02-01 22:30:44 --> Utf8 Class Initialized
INFO - 2025-02-01 22:30:44 --> URI Class Initialized
INFO - 2025-02-01 22:30:44 --> Router Class Initialized
INFO - 2025-02-01 22:30:44 --> Output Class Initialized
INFO - 2025-02-01 22:30:44 --> Security Class Initialized
DEBUG - 2025-02-01 22:30:44 --> Global POST, GET and COOKIE data sanitized
INFO - 2025-02-01 22:30:44 --> Input Class Initialized
INFO - 2025-02-01 22:30:44 --> Language Class Initialized
INFO - 2025-02-01 22:30:44 --> Language Class Initialized
INFO - 2025-02-01 22:30:44 --> Config Class Initialized
INFO - 2025-02-01 22:30:44 --> Loader Class Initialized
INFO - 2025-02-01 22:30:44 --> Helper loaded: url_helper
INFO - 2025-02-01 22:30:44 --> Helper loaded: easyui_helper
INFO - 2025-02-01 22:30:44 --> Helper loaded: param_helper
INFO - 2025-02-01 22:30:44 --> Helper loaded: credential_helper
INFO - 2025-02-01 22:30:44 --> Helper loaded: template_helper
INFO - 2025-02-01 22:30:44 --> Helper loaded: rest_helper
INFO - 2025-02-01 22:30:44 --> Database Driver Class Initialized
DEBUG - 2025-02-01 22:30:44 --> Idgenerator class already loaded. Second attempt ignored.
INFO - 2025-02-01 22:30:44 --> Controller Class Initialized
INFO - 2025-02-01 22:30:44 --> Model Class Initialized
DEBUG - 2025-02-01 22:30:44 --> File loaded: /apps/web-drc/application/modules/api_v1/models/Api_v1_model.php
INFO - 2025-02-01 22:30:44 --> Model Class Initialized
INFO - 2025-02-01 22:30:44 --> Final output sent to browser
DEBUG - 2025-02-01 22:30:44 --> Total execution time: 0.0474
INFO - 2025-02-01 22:30:45 --> Config Class Initialized
INFO - 2025-02-01 22:30:45 --> Hooks Class Initialized
DEBUG - 2025-02-01 22:30:45 --> UTF-8 Support Enabled
INFO - 2025-02-01 22:30:45 --> Utf8 Class Initialized
INFO - 2025-02-01 22:30:45 --> URI Class Initialized
INFO - 2025-02-01 22:30:45 --> Router Class Initialized
INFO - 2025-02-01 22:30:45 --> Output Class Initialized
INFO - 2025-02-01 22:30:45 --> Security Class Initialized
DEBUG - 2025-02-01 22:30:45 --> Global POST, GET and COOKIE data sanitized
INFO - 2025-02-01 22:30:45 --> Input Class Initialized
INFO - 2025-02-01 22:30:45 --> Language Class Initialized
ERROR - 2025-02-01 22:30:45 --> 404 Page Not Found: /index
INFO - 2025-02-01 22:30:59 --> Config Class Initialized
INFO - 2025-02-01 22:30:59 --> Hooks Class Initialized
DEBUG - 2025-02-01 22:30:59 --> UTF-8 Support Enabled
INFO - 2025-02-01 22:30:59 --> Utf8 Class Initialized
INFO - 2025-02-01 22:30:59 --> URI Class Initialized
DEBUG - 2025-02-01 22:30:59 --> No URI present. Default controller set.
INFO - 2025-02-01 22:30:59 --> Router Class Initialized
INFO - 2025-02-01 22:30:59 --> Output Class Initialized
INFO - 2025-02-01 22:30:59 --> Security Class Initialized
DEBUG - 2025-02-01 22:30:59 --> Global POST, GET and COOKIE data sanitized
INFO - 2025-02-01 22:30:59 --> Input Class Initialized
INFO - 2025-02-01 22:30:59 --> Language Class Initialized
INFO - 2025-02-01 22:30:59 --> Language Class Initialized
INFO - 2025-02-01 22:30:59 --> Config Class Initialized
INFO - 2025-02-01 22:30:59 --> Loader Class Initialized
INFO - 2025-02-01 22:30:59 --> Helper loaded: url_helper
INFO - 2025-02-01 22:30:59 --> Helper loaded: easyui_helper
INFO - 2025-02-01 22:30:59 --> Helper loaded: param_helper
INFO - 2025-02-01 22:30:59 --> Helper loaded: credential_helper
INFO - 2025-02-01 22:30:59 --> Helper loaded: template_helper
INFO - 2025-02-01 22:30:59 --> Helper loaded: rest_helper
INFO - 2025-02-01 22:30:59 --> Database Driver Class Initialized
DEBUG - 2025-02-01 22:30:59 --> Idgenerator class already loaded. Second attempt ignored.
INFO - 2025-02-01 22:30:59 --> Controller Class Initialized
DEBUG - 2025-02-01 22:30:59 --> File loaded: /apps/web-drc/application/modules/app_auth/views/login_lte_template.php
DEBUG - 2025-02-01 22:30:59 --> File loaded: /apps/web-drc/application/views/template_login_lte/header.php
DEBUG - 2025-02-01 22:30:59 --> File loaded: /apps/web-drc/application/views/template_login_lte/contents.php
DEBUG - 2025-02-01 22:30:59 --> File loaded: /apps/web-drc/application/views/template_login_lte/default.php
INFO - 2025-02-01 22:30:59 --> Final output sent to browser
DEBUG - 2025-02-01 22:30:59 --> Total execution time: 0.0049
INFO - 2025-02-01 22:31:01 --> Config Class Initialized
INFO - 2025-02-01 22:31:01 --> Hooks Class Initialized
DEBUG - 2025-02-01 22:31:01 --> UTF-8 Support Enabled
INFO - 2025-02-01 22:31:01 --> Utf8 Class Initialized
INFO - 2025-02-01 22:31:01 --> URI Class Initialized
DEBUG - 2025-02-01 22:31:01 --> No URI present. Default controller set.
INFO - 2025-02-01 22:31:01 --> Router Class Initialized
INFO - 2025-02-01 22:31:01 --> Output Class Initialized
INFO - 2025-02-01 22:31:01 --> Security Class Initialized
DEBUG - 2025-02-01 22:31:01 --> Global POST, GET and COOKIE data sanitized
INFO - 2025-02-01 22:31:01 --> Input Class Initialized
INFO - 2025-02-01 22:31:01 --> Language Class Initialized
INFO - 2025-02-01 22:31:01 --> Language Class Initialized
INFO - 2025-02-01 22:31:01 --> Config Class Initialized
INFO - 2025-02-01 22:31:01 --> Loader Class Initialized
INFO - 2025-02-01 22:31:01 --> Helper loaded: url_helper
INFO - 2025-02-01 22:31:01 --> Helper loaded: easyui_helper
INFO - 2025-02-01 22:31:01 --> Helper loaded: param_helper
INFO - 2025-02-01 22:31:01 --> Helper loaded: credential_helper
INFO - 2025-02-01 22:31:01 --> Helper loaded: template_helper
INFO - 2025-02-01 22:31:01 --> Helper loaded: rest_helper
INFO - 2025-02-01 22:31:01 --> Database Driver Class Initialized
DEBUG - 2025-02-01 22:31:01 --> Idgenerator class already loaded. Second attempt ignored.
INFO - 2025-02-01 22:31:01 --> Controller Class Initialized
DEBUG - 2025-02-01 22:31:01 --> File loaded: /apps/web-drc/application/modules/app_auth/views/login_lte_template.php
DEBUG - 2025-02-01 22:31:01 --> File loaded: /apps/web-drc/application/views/template_login_lte/header.php
DEBUG - 2025-02-01 22:31:01 --> File loaded: /apps/web-drc/application/views/template_login_lte/contents.php
DEBUG - 2025-02-01 22:31:01 --> File loaded: /apps/web-drc/application/views/template_login_lte/default.php
INFO - 2025-02-01 22:31:01 --> Final output sent to browser
DEBUG - 2025-02-01 22:31:01 --> Total execution time: 0.0038
INFO - 2025-02-01 22:31:25 --> Config Class Initialized
INFO - 2025-02-01 22:31:25 --> Hooks Class Initialized
DEBUG - 2025-02-01 22:31:25 --> UTF-8 Support Enabled
INFO - 2025-02-01 22:31:25 --> Utf8 Class Initialized
INFO - 2025-02-01 22:31:25 --> URI Class Initialized
DEBUG - 2025-02-01 22:31:25 --> No URI present. Default controller set.
INFO - 2025-02-01 22:31:25 --> Router Class Initialized
INFO - 2025-02-01 22:31:25 --> Output Class Initialized
INFO - 2025-02-01 22:31:25 --> Security Class Initialized
DEBUG - 2025-02-01 22:31:25 --> Global POST, GET and COOKIE data sanitized
INFO - 2025-02-01 22:31:25 --> Input Class Initialized
INFO - 2025-02-01 22:31:25 --> Language Class Initialized
INFO - 2025-02-01 22:31:25 --> Language Class Initialized
INFO - 2025-02-01 22:31:25 --> Config Class Initialized
INFO - 2025-02-01 22:31:25 --> Loader Class Initialized
INFO - 2025-02-01 22:31:25 --> Helper loaded: url_helper
INFO - 2025-02-01 22:31:25 --> Helper loaded: easyui_helper
INFO - 2025-02-01 22:31:25 --> Helper loaded: param_helper
INFO - 2025-02-01 22:31:25 --> Helper loaded: credential_helper
INFO - 2025-02-01 22:31:25 --> Helper loaded: template_helper
INFO - 2025-02-01 22:31:25 --> Helper loaded: rest_helper
INFO - 2025-02-01 22:31:25 --> Database Driver Class Initialized
DEBUG - 2025-02-01 22:31:25 --> Idgenerator class already loaded. Second attempt ignored.
INFO - 2025-02-01 22:31:25 --> Controller Class Initialized
DEBUG - 2025-02-01 22:31:25 --> File loaded: /apps/web-drc/application/modules/app_auth/views/login_lte_template.php
DEBUG - 2025-02-01 22:31:25 --> File loaded: /apps/web-drc/application/views/template_login_lte/header.php
DEBUG - 2025-02-01 22:31:25 --> File loaded: /apps/web-drc/application/views/template_login_lte/contents.php
DEBUG - 2025-02-01 22:31:25 --> File loaded: /apps/web-drc/application/views/template_login_lte/default.php
INFO - 2025-02-01 22:31:25 --> Final output sent to browser
DEBUG - 2025-02-01 22:31:25 --> Total execution time: 0.0046
