INFO - 2025-02-13 23:27:08 --> Config Class Initialized
INFO - 2025-02-13 23:27:08 --> Hooks Class Initialized
DEBUG - 2025-02-13 23:27:08 --> UTF-8 Support Enabled
INFO - 2025-02-13 23:27:08 --> Utf8 Class Initialized
INFO - 2025-02-13 23:27:08 --> URI Class Initialized
INFO - 2025-02-13 23:27:08 --> Router Class Initialized
INFO - 2025-02-13 23:27:08 --> Output Class Initialized
INFO - 2025-02-13 23:27:08 --> Security Class Initialized
DEBUG - 2025-02-13 23:27:08 --> Global POST, GET and COOKIE data sanitized
INFO - 2025-02-13 23:27:08 --> Input Class Initialized
INFO - 2025-02-13 23:27:08 --> Language Class Initialized
INFO - 2025-02-13 23:27:08 --> Language Class Initialized
INFO - 2025-02-13 23:27:08 --> Config Class Initialized
INFO - 2025-02-13 23:27:08 --> Loader Class Initialized
INFO - 2025-02-13 23:27:08 --> Helper loaded: url_helper
INFO - 2025-02-13 23:27:08 --> Helper loaded: easyui_helper
INFO - 2025-02-13 23:27:08 --> Helper loaded: param_helper
INFO - 2025-02-13 23:27:08 --> Helper loaded: credential_helper
INFO - 2025-02-13 23:27:08 --> Helper loaded: template_helper
INFO - 2025-02-13 23:27:08 --> Helper loaded: rest_helper
INFO - 2025-02-13 23:27:08 --> Database Driver Class Initialized
DEBUG - 2025-02-13 23:27:08 --> Idgenerator class already loaded. Second attempt ignored.
INFO - 2025-02-13 23:27:08 --> Controller Class Initialized
INFO - 2025-02-13 23:27:08 --> Model Class Initialized
DEBUG - 2025-02-13 23:27:08 --> File loaded: /apps/web-drc/application/modules/app_dashboard/models/App_dashboard_model.php
INFO - 2025-02-13 23:27:08 --> Model Class Initialized
DEBUG - 2025-02-13 23:27:08 --> File loaded: /apps/web-drc/application/modules/app_dashboard/views/content.php
DEBUG - 2025-02-13 23:27:08 --> File loaded: /apps/web-drc/application/views/templates/header.php
DEBUG - 2025-02-13 23:27:08 --> File loaded: /apps/web-drc/application/views/templates/toolbar.php
DEBUG - 2025-02-13 23:27:08 --> File loaded: /apps/web-drc/application/views/templates/sidebar.php
DEBUG - 2025-02-13 23:27:08 --> File loaded: /apps/web-drc/application/views/templates/contents.php
DEBUG - 2025-02-13 23:27:08 --> File loaded: /apps/web-drc/application/views/templates/content_footer.php
DEBUG - 2025-02-13 23:27:08 --> File loaded: /apps/web-drc/application/views/templates/footer.php
INFO - 2025-02-13 23:27:08 --> Config Class Initialized
INFO - 2025-02-13 23:27:08 --> Hooks Class Initialized
DEBUG - 2025-02-13 23:27:08 --> UTF-8 Support Enabled
INFO - 2025-02-13 23:27:08 --> Utf8 Class Initialized
INFO - 2025-02-13 23:27:08 --> URI Class Initialized
DEBUG - 2025-02-13 23:27:08 --> No URI present. Default controller set.
INFO - 2025-02-13 23:27:08 --> Router Class Initialized
INFO - 2025-02-13 23:27:08 --> Output Class Initialized
INFO - 2025-02-13 23:27:08 --> Security Class Initialized
DEBUG - 2025-02-13 23:27:08 --> Global POST, GET and COOKIE data sanitized
INFO - 2025-02-13 23:27:08 --> Input Class Initialized
INFO - 2025-02-13 23:27:08 --> Language Class Initialized
INFO - 2025-02-13 23:27:08 --> Language Class Initialized
INFO - 2025-02-13 23:27:08 --> Config Class Initialized
INFO - 2025-02-13 23:27:08 --> Loader Class Initialized
INFO - 2025-02-13 23:27:08 --> Helper loaded: url_helper
INFO - 2025-02-13 23:27:08 --> Helper loaded: easyui_helper
INFO - 2025-02-13 23:27:08 --> Helper loaded: param_helper
INFO - 2025-02-13 23:27:08 --> Helper loaded: credential_helper
INFO - 2025-02-13 23:27:08 --> Helper loaded: template_helper
INFO - 2025-02-13 23:27:08 --> Helper loaded: rest_helper
INFO - 2025-02-13 23:27:08 --> Database Driver Class Initialized
DEBUG - 2025-02-13 23:27:08 --> Idgenerator class already loaded. Second attempt ignored.
INFO - 2025-02-13 23:27:08 --> Controller Class Initialized
DEBUG - 2025-02-13 23:27:08 --> File loaded: /apps/web-drc/application/modules/app_auth/views/login_lte_template.php
DEBUG - 2025-02-13 23:27:08 --> File loaded: /apps/web-drc/application/views/template_login_lte/header.php
DEBUG - 2025-02-13 23:27:08 --> File loaded: /apps/web-drc/application/views/template_login_lte/contents.php
DEBUG - 2025-02-13 23:27:08 --> File loaded: /apps/web-drc/application/views/template_login_lte/default.php
INFO - 2025-02-13 23:27:08 --> Final output sent to browser
DEBUG - 2025-02-13 23:27:08 --> Total execution time: 0.0065
INFO - 2025-02-13 23:27:10 --> Config Class Initialized
INFO - 2025-02-13 23:27:10 --> Hooks Class Initialized
DEBUG - 2025-02-13 23:27:10 --> UTF-8 Support Enabled
INFO - 2025-02-13 23:27:10 --> Utf8 Class Initialized
INFO - 2025-02-13 23:27:10 --> URI Class Initialized
INFO - 2025-02-13 23:27:10 --> Router Class Initialized
INFO - 2025-02-13 23:27:10 --> Output Class Initialized
INFO - 2025-02-13 23:27:10 --> Security Class Initialized
DEBUG - 2025-02-13 23:27:10 --> Global POST, GET and COOKIE data sanitized
INFO - 2025-02-13 23:27:10 --> Input Class Initialized
INFO - 2025-02-13 23:27:10 --> Language Class Initialized
INFO - 2025-02-13 23:27:10 --> Language Class Initialized
INFO - 2025-02-13 23:27:10 --> Config Class Initialized
INFO - 2025-02-13 23:27:10 --> Loader Class Initialized
INFO - 2025-02-13 23:27:10 --> Helper loaded: url_helper
INFO - 2025-02-13 23:27:10 --> Helper loaded: easyui_helper
INFO - 2025-02-13 23:27:10 --> Helper loaded: param_helper
INFO - 2025-02-13 23:27:10 --> Helper loaded: credential_helper
INFO - 2025-02-13 23:27:10 --> Helper loaded: template_helper
INFO - 2025-02-13 23:27:10 --> Helper loaded: rest_helper
INFO - 2025-02-13 23:27:10 --> Database Driver Class Initialized
DEBUG - 2025-02-13 23:27:10 --> Idgenerator class already loaded. Second attempt ignored.
INFO - 2025-02-13 23:27:10 --> Controller Class Initialized
INFO - 2025-02-13 23:27:10 --> Final output sent to browser
DEBUG - 2025-02-13 23:27:10 --> Total execution time: 0.0081
INFO - 2025-02-13 23:27:10 --> Config Class Initialized
INFO - 2025-02-13 23:27:10 --> Hooks Class Initialized
DEBUG - 2025-02-13 23:27:10 --> UTF-8 Support Enabled
INFO - 2025-02-13 23:27:10 --> Utf8 Class Initialized
INFO - 2025-02-13 23:27:10 --> URI Class Initialized
INFO - 2025-02-13 23:27:10 --> Router Class Initialized
INFO - 2025-02-13 23:27:10 --> Output Class Initialized
INFO - 2025-02-13 23:27:10 --> Security Class Initialized
DEBUG - 2025-02-13 23:27:10 --> Global POST, GET and COOKIE data sanitized
INFO - 2025-02-13 23:27:10 --> Input Class Initialized
INFO - 2025-02-13 23:27:10 --> Language Class Initialized
INFO - 2025-02-13 23:27:10 --> Language Class Initialized
INFO - 2025-02-13 23:27:10 --> Config Class Initialized
INFO - 2025-02-13 23:27:10 --> Loader Class Initialized
INFO - 2025-02-13 23:27:10 --> Helper loaded: url_helper
INFO - 2025-02-13 23:27:10 --> Helper loaded: easyui_helper
INFO - 2025-02-13 23:27:10 --> Helper loaded: param_helper
INFO - 2025-02-13 23:27:10 --> Helper loaded: credential_helper
INFO - 2025-02-13 23:27:10 --> Helper loaded: template_helper
INFO - 2025-02-13 23:27:10 --> Helper loaded: rest_helper
INFO - 2025-02-13 23:27:10 --> Database Driver Class Initialized
DEBUG - 2025-02-13 23:27:10 --> Idgenerator class already loaded. Second attempt ignored.
INFO - 2025-02-13 23:27:10 --> Controller Class Initialized
INFO - 2025-02-13 23:27:10 --> Model Class Initialized
DEBUG - 2025-02-13 23:27:10 --> File loaded: /apps/web-drc/application/modules/app_dashboard/models/App_dashboard_model.php
INFO - 2025-02-13 23:27:10 --> Model Class Initialized
DEBUG - 2025-02-13 23:27:10 --> File loaded: /apps/web-drc/application/modules/app_dashboard/views/content.php
DEBUG - 2025-02-13 23:27:10 --> File loaded: /apps/web-drc/application/views/templates/header.php
DEBUG - 2025-02-13 23:27:10 --> File loaded: /apps/web-drc/application/views/templates/toolbar.php
DEBUG - 2025-02-13 23:27:10 --> File loaded: /apps/web-drc/application/views/templates/sidebar.php
DEBUG - 2025-02-13 23:27:10 --> File loaded: /apps/web-drc/application/views/templates/contents.php
DEBUG - 2025-02-13 23:27:10 --> File loaded: /apps/web-drc/application/views/templates/content_footer.php
DEBUG - 2025-02-13 23:27:10 --> File loaded: /apps/web-drc/application/views/templates/footer.php
DEBUG - 2025-02-13 23:27:10 --> File loaded: /apps/web-drc/application/views/templates/default.php
INFO - 2025-02-13 23:27:10 --> Final output sent to browser
DEBUG - 2025-02-13 23:27:10 --> Total execution time: 0.0068
INFO - 2025-02-13 23:27:11 --> Config Class Initialized
INFO - 2025-02-13 23:27:11 --> Hooks Class Initialized
DEBUG - 2025-02-13 23:27:11 --> UTF-8 Support Enabled
INFO - 2025-02-13 23:27:11 --> Utf8 Class Initialized
INFO - 2025-02-13 23:27:11 --> URI Class Initialized
INFO - 2025-02-13 23:27:11 --> Router Class Initialized
INFO - 2025-02-13 23:27:11 --> Output Class Initialized
INFO - 2025-02-13 23:27:11 --> Security Class Initialized
DEBUG - 2025-02-13 23:27:11 --> Global POST, GET and COOKIE data sanitized
INFO - 2025-02-13 23:27:11 --> Input Class Initialized
INFO - 2025-02-13 23:27:11 --> Language Class Initialized
INFO - 2025-02-13 23:27:11 --> Language Class Initialized
INFO - 2025-02-13 23:27:11 --> Config Class Initialized
INFO - 2025-02-13 23:27:11 --> Loader Class Initialized
INFO - 2025-02-13 23:27:11 --> Helper loaded: url_helper
INFO - 2025-02-13 23:27:11 --> Helper loaded: easyui_helper
INFO - 2025-02-13 23:27:11 --> Helper loaded: param_helper
INFO - 2025-02-13 23:27:11 --> Helper loaded: credential_helper
INFO - 2025-02-13 23:27:11 --> Helper loaded: template_helper
INFO - 2025-02-13 23:27:11 --> Helper loaded: rest_helper
INFO - 2025-02-13 23:27:11 --> Database Driver Class Initialized
DEBUG - 2025-02-13 23:27:11 --> Idgenerator class already loaded. Second attempt ignored.
INFO - 2025-02-13 23:27:11 --> Controller Class Initialized
INFO - 2025-02-13 23:27:11 --> Model Class Initialized
DEBUG - 2025-02-13 23:27:11 --> File loaded: /apps/web-drc/application/modules/app_dashboard/models/App_dashboard_model.php
INFO - 2025-02-13 23:27:11 --> Model Class Initialized
INFO - 2025-02-13 23:27:11 --> Final output sent to browser
DEBUG - 2025-02-13 23:27:11 --> Total execution time: 0.0190
INFO - 2025-02-13 23:27:11 --> Config Class Initialized
INFO - 2025-02-13 23:27:11 --> Hooks Class Initialized
DEBUG - 2025-02-13 23:27:11 --> UTF-8 Support Enabled
INFO - 2025-02-13 23:27:11 --> Utf8 Class Initialized
INFO - 2025-02-13 23:27:11 --> URI Class Initialized
INFO - 2025-02-13 23:27:11 --> Router Class Initialized
INFO - 2025-02-13 23:27:11 --> Output Class Initialized
INFO - 2025-02-13 23:27:11 --> Security Class Initialized
DEBUG - 2025-02-13 23:27:11 --> Global POST, GET and COOKIE data sanitized
INFO - 2025-02-13 23:27:11 --> Input Class Initialized
INFO - 2025-02-13 23:27:11 --> Language Class Initialized
INFO - 2025-02-13 23:27:11 --> Language Class Initialized
INFO - 2025-02-13 23:27:11 --> Config Class Initialized
INFO - 2025-02-13 23:27:11 --> Loader Class Initialized
INFO - 2025-02-13 23:27:11 --> Helper loaded: url_helper
INFO - 2025-02-13 23:27:11 --> Helper loaded: easyui_helper
INFO - 2025-02-13 23:27:11 --> Helper loaded: param_helper
INFO - 2025-02-13 23:27:11 --> Helper loaded: credential_helper
INFO - 2025-02-13 23:27:11 --> Helper loaded: template_helper
INFO - 2025-02-13 23:27:11 --> Helper loaded: rest_helper
INFO - 2025-02-13 23:27:11 --> Database Driver Class Initialized
DEBUG - 2025-02-13 23:27:11 --> Idgenerator class already loaded. Second attempt ignored.
INFO - 2025-02-13 23:27:11 --> Controller Class Initialized
INFO - 2025-02-13 23:27:11 --> Model Class Initialized
DEBUG - 2025-02-13 23:27:11 --> File loaded: /apps/web-drc/application/modules/api_v1/models/Api_v1_model.php
INFO - 2025-02-13 23:27:11 --> Model Class Initialized
INFO - 2025-02-13 23:27:11 --> Final output sent to browser
DEBUG - 2025-02-13 23:27:11 --> Total execution time: 0.0172
INFO - 2025-02-13 23:27:16 --> Config Class Initialized
INFO - 2025-02-13 23:27:16 --> Hooks Class Initialized
DEBUG - 2025-02-13 23:27:16 --> UTF-8 Support Enabled
INFO - 2025-02-13 23:27:16 --> Utf8 Class Initialized
INFO - 2025-02-13 23:27:16 --> URI Class Initialized
INFO - 2025-02-13 23:27:16 --> Router Class Initialized
INFO - 2025-02-13 23:27:16 --> Output Class Initialized
INFO - 2025-02-13 23:27:16 --> Security Class Initialized
DEBUG - 2025-02-13 23:27:16 --> Global POST, GET and COOKIE data sanitized
INFO - 2025-02-13 23:27:16 --> Input Class Initialized
INFO - 2025-02-13 23:27:16 --> Language Class Initialized
INFO - 2025-02-13 23:27:16 --> Language Class Initialized
INFO - 2025-02-13 23:27:16 --> Config Class Initialized
INFO - 2025-02-13 23:27:16 --> Loader Class Initialized
INFO - 2025-02-13 23:27:16 --> Helper loaded: url_helper
INFO - 2025-02-13 23:27:16 --> Helper loaded: easyui_helper
INFO - 2025-02-13 23:27:16 --> Helper loaded: param_helper
INFO - 2025-02-13 23:27:16 --> Helper loaded: credential_helper
INFO - 2025-02-13 23:27:16 --> Helper loaded: template_helper
INFO - 2025-02-13 23:27:16 --> Helper loaded: rest_helper
INFO - 2025-02-13 23:27:16 --> Database Driver Class Initialized
DEBUG - 2025-02-13 23:27:16 --> Idgenerator class already loaded. Second attempt ignored.
INFO - 2025-02-13 23:27:16 --> Controller Class Initialized
INFO - 2025-02-13 23:27:16 --> Model Class Initialized
DEBUG - 2025-02-13 23:27:16 --> File loaded: /apps/web-drc/application/modules/ref_customer/models/Customer_model.php
INFO - 2025-02-13 23:27:16 --> Model Class Initialized
DEBUG - 2025-02-13 23:27:16 --> File loaded: /apps/web-drc/application/modules/ref_customer/views/content.php
DEBUG - 2025-02-13 23:27:16 --> File loaded: /apps/web-drc/application/views/templates/header.php
DEBUG - 2025-02-13 23:27:16 --> File loaded: /apps/web-drc/application/views/templates/toolbar.php
DEBUG - 2025-02-13 23:27:16 --> File loaded: /apps/web-drc/application/views/templates/sidebar.php
DEBUG - 2025-02-13 23:27:16 --> File loaded: /apps/web-drc/application/views/templates/contents.php
DEBUG - 2025-02-13 23:27:16 --> File loaded: /apps/web-drc/application/views/templates/content_footer.php
DEBUG - 2025-02-13 23:27:16 --> File loaded: /apps/web-drc/application/views/templates/footer.php
DEBUG - 2025-02-13 23:27:16 --> File loaded: /apps/web-drc/application/views/templates/default.php
INFO - 2025-02-13 23:27:16 --> Final output sent to browser
DEBUG - 2025-02-13 23:27:16 --> Total execution time: 0.0171
INFO - 2025-02-13 23:27:16 --> Config Class Initialized
INFO - 2025-02-13 23:27:16 --> Hooks Class Initialized
DEBUG - 2025-02-13 23:27:16 --> UTF-8 Support Enabled
INFO - 2025-02-13 23:27:16 --> Utf8 Class Initialized
INFO - 2025-02-13 23:27:16 --> URI Class Initialized
INFO - 2025-02-13 23:27:16 --> Router Class Initialized
INFO - 2025-02-13 23:27:16 --> Output Class Initialized
INFO - 2025-02-13 23:27:16 --> Security Class Initialized
DEBUG - 2025-02-13 23:27:16 --> Global POST, GET and COOKIE data sanitized
INFO - 2025-02-13 23:27:16 --> Input Class Initialized
INFO - 2025-02-13 23:27:16 --> Language Class Initialized
INFO - 2025-02-13 23:27:16 --> Language Class Initialized
INFO - 2025-02-13 23:27:16 --> Config Class Initialized
INFO - 2025-02-13 23:27:16 --> Loader Class Initialized
INFO - 2025-02-13 23:27:16 --> Helper loaded: url_helper
INFO - 2025-02-13 23:27:16 --> Helper loaded: easyui_helper
INFO - 2025-02-13 23:27:16 --> Helper loaded: param_helper
INFO - 2025-02-13 23:27:16 --> Helper loaded: credential_helper
INFO - 2025-02-13 23:27:16 --> Helper loaded: template_helper
INFO - 2025-02-13 23:27:16 --> Helper loaded: rest_helper
INFO - 2025-02-13 23:27:16 --> Database Driver Class Initialized
DEBUG - 2025-02-13 23:27:16 --> Idgenerator class already loaded. Second attempt ignored.
INFO - 2025-02-13 23:27:16 --> Controller Class Initialized
INFO - 2025-02-13 23:27:16 --> Model Class Initialized
DEBUG - 2025-02-13 23:27:16 --> File loaded: /apps/web-drc/application/modules/ref_customer/models/Customer_model.php
INFO - 2025-02-13 23:27:16 --> Model Class Initialized
INFO - 2025-02-13 23:27:18 --> Final output sent to browser
DEBUG - 2025-02-13 23:27:18 --> Total execution time: 1.1904
INFO - 2025-02-13 23:27:33 --> Config Class Initialized
INFO - 2025-02-13 23:27:33 --> Hooks Class Initialized
DEBUG - 2025-02-13 23:27:33 --> UTF-8 Support Enabled
INFO - 2025-02-13 23:27:33 --> Utf8 Class Initialized
INFO - 2025-02-13 23:27:33 --> URI Class Initialized
INFO - 2025-02-13 23:27:33 --> Router Class Initialized
INFO - 2025-02-13 23:27:33 --> Output Class Initialized
INFO - 2025-02-13 23:27:33 --> Security Class Initialized
DEBUG - 2025-02-13 23:27:33 --> Global POST, GET and COOKIE data sanitized
INFO - 2025-02-13 23:27:33 --> Input Class Initialized
INFO - 2025-02-13 23:27:33 --> Language Class Initialized
INFO - 2025-02-13 23:27:33 --> Language Class Initialized
INFO - 2025-02-13 23:27:33 --> Config Class Initialized
INFO - 2025-02-13 23:27:33 --> Loader Class Initialized
INFO - 2025-02-13 23:27:33 --> Helper loaded: url_helper
INFO - 2025-02-13 23:27:33 --> Helper loaded: easyui_helper
INFO - 2025-02-13 23:27:33 --> Helper loaded: param_helper
INFO - 2025-02-13 23:27:33 --> Helper loaded: credential_helper
INFO - 2025-02-13 23:27:33 --> Helper loaded: template_helper
INFO - 2025-02-13 23:27:33 --> Helper loaded: rest_helper
INFO - 2025-02-13 23:27:33 --> Database Driver Class Initialized
DEBUG - 2025-02-13 23:27:33 --> Idgenerator class already loaded. Second attempt ignored.
INFO - 2025-02-13 23:27:33 --> Controller Class Initialized
INFO - 2025-02-13 23:27:33 --> Model Class Initialized
DEBUG - 2025-02-13 23:27:33 --> File loaded: /apps/web-drc/application/modules/conf_setup_pjp/models/Setup_pjp_model.php
INFO - 2025-02-13 23:27:33 --> Model Class Initialized
DEBUG - 2025-02-13 23:27:33 --> File loaded: /apps/web-drc/application/modules/conf_setup_pjp/views/content.php
DEBUG - 2025-02-13 23:27:33 --> File loaded: /apps/web-drc/application/views/templates/header.php
DEBUG - 2025-02-13 23:27:33 --> File loaded: /apps/web-drc/application/views/templates/toolbar.php
DEBUG - 2025-02-13 23:27:33 --> File loaded: /apps/web-drc/application/views/templates/sidebar.php
DEBUG - 2025-02-13 23:27:33 --> File loaded: /apps/web-drc/application/views/templates/contents.php
DEBUG - 2025-02-13 23:27:33 --> File loaded: /apps/web-drc/application/views/templates/content_footer.php
DEBUG - 2025-02-13 23:27:33 --> File loaded: /apps/web-drc/application/views/templates/footer.php
DEBUG - 2025-02-13 23:27:33 --> File loaded: /apps/web-drc/application/views/templates/default.php
INFO - 2025-02-13 23:27:33 --> Final output sent to browser
DEBUG - 2025-02-13 23:27:33 --> Total execution time: 0.0121
INFO - 2025-02-13 23:27:33 --> Config Class Initialized
INFO - 2025-02-13 23:27:33 --> Hooks Class Initialized
DEBUG - 2025-02-13 23:27:33 --> UTF-8 Support Enabled
INFO - 2025-02-13 23:27:33 --> Utf8 Class Initialized
INFO - 2025-02-13 23:27:33 --> URI Class Initialized
INFO - 2025-02-13 23:27:33 --> Router Class Initialized
INFO - 2025-02-13 23:27:33 --> Output Class Initialized
INFO - 2025-02-13 23:27:33 --> Security Class Initialized
DEBUG - 2025-02-13 23:27:33 --> Global POST, GET and COOKIE data sanitized
INFO - 2025-02-13 23:27:33 --> Input Class Initialized
INFO - 2025-02-13 23:27:33 --> Language Class Initialized
INFO - 2025-02-13 23:27:33 --> Language Class Initialized
INFO - 2025-02-13 23:27:33 --> Config Class Initialized
INFO - 2025-02-13 23:27:33 --> Loader Class Initialized
INFO - 2025-02-13 23:27:33 --> Helper loaded: url_helper
INFO - 2025-02-13 23:27:33 --> Helper loaded: easyui_helper
INFO - 2025-02-13 23:27:33 --> Helper loaded: param_helper
INFO - 2025-02-13 23:27:33 --> Helper loaded: credential_helper
INFO - 2025-02-13 23:27:33 --> Helper loaded: template_helper
INFO - 2025-02-13 23:27:33 --> Helper loaded: rest_helper
INFO - 2025-02-13 23:27:33 --> Database Driver Class Initialized
DEBUG - 2025-02-13 23:27:33 --> Idgenerator class already loaded. Second attempt ignored.
INFO - 2025-02-13 23:27:33 --> Controller Class Initialized
INFO - 2025-02-13 23:27:33 --> Model Class Initialized
DEBUG - 2025-02-13 23:27:33 --> File loaded: /apps/web-drc/application/modules/conf_setup_pjp/models/Setup_pjp_model.php
INFO - 2025-02-13 23:27:33 --> Model Class Initialized
INFO - 2025-02-13 23:27:38 --> Final output sent to browser
DEBUG - 2025-02-13 23:27:38 --> Total execution time: 4.5423
INFO - 2025-02-13 23:27:58 --> Config Class Initialized
INFO - 2025-02-13 23:27:58 --> Hooks Class Initialized
DEBUG - 2025-02-13 23:27:58 --> UTF-8 Support Enabled
INFO - 2025-02-13 23:27:58 --> Utf8 Class Initialized
INFO - 2025-02-13 23:27:58 --> URI Class Initialized
INFO - 2025-02-13 23:27:58 --> Router Class Initialized
INFO - 2025-02-13 23:27:58 --> Output Class Initialized
INFO - 2025-02-13 23:27:58 --> Security Class Initialized
DEBUG - 2025-02-13 23:27:58 --> Global POST, GET and COOKIE data sanitized
INFO - 2025-02-13 23:27:58 --> Input Class Initialized
INFO - 2025-02-13 23:27:58 --> Language Class Initialized
INFO - 2025-02-13 23:27:58 --> Language Class Initialized
INFO - 2025-02-13 23:27:58 --> Config Class Initialized
INFO - 2025-02-13 23:27:58 --> Loader Class Initialized
INFO - 2025-02-13 23:27:58 --> Helper loaded: url_helper
INFO - 2025-02-13 23:27:58 --> Helper loaded: easyui_helper
INFO - 2025-02-13 23:27:58 --> Helper loaded: param_helper
INFO - 2025-02-13 23:27:58 --> Helper loaded: credential_helper
INFO - 2025-02-13 23:27:58 --> Helper loaded: template_helper
INFO - 2025-02-13 23:27:58 --> Helper loaded: rest_helper
INFO - 2025-02-13 23:27:58 --> Database Driver Class Initialized
DEBUG - 2025-02-13 23:27:58 --> Idgenerator class already loaded. Second attempt ignored.
INFO - 2025-02-13 23:27:58 --> Controller Class Initialized
INFO - 2025-02-13 23:27:58 --> Model Class Initialized
DEBUG - 2025-02-13 23:27:58 --> File loaded: /apps/web-drc/application/modules/conf_setup_pjp/models/Setup_pjp_model.php
INFO - 2025-02-13 23:27:58 --> Model Class Initialized
INFO - 2025-02-13 23:28:03 --> Final output sent to browser
DEBUG - 2025-02-13 23:28:03 --> Total execution time: 4.8455
INFO - 2025-02-13 23:28:58 --> Config Class Initialized
INFO - 2025-02-13 23:28:58 --> Hooks Class Initialized
DEBUG - 2025-02-13 23:28:58 --> UTF-8 Support Enabled
INFO - 2025-02-13 23:28:58 --> Utf8 Class Initialized
INFO - 2025-02-13 23:28:58 --> URI Class Initialized
INFO - 2025-02-13 23:28:58 --> Router Class Initialized
INFO - 2025-02-13 23:28:58 --> Output Class Initialized
INFO - 2025-02-13 23:28:58 --> Security Class Initialized
DEBUG - 2025-02-13 23:28:58 --> Global POST, GET and COOKIE data sanitized
INFO - 2025-02-13 23:28:58 --> Input Class Initialized
INFO - 2025-02-13 23:28:58 --> Language Class Initialized
INFO - 2025-02-13 23:28:58 --> Language Class Initialized
INFO - 2025-02-13 23:28:58 --> Config Class Initialized
INFO - 2025-02-13 23:28:58 --> Loader Class Initialized
INFO - 2025-02-13 23:28:58 --> Helper loaded: url_helper
INFO - 2025-02-13 23:28:58 --> Helper loaded: easyui_helper
INFO - 2025-02-13 23:28:58 --> Helper loaded: param_helper
INFO - 2025-02-13 23:28:58 --> Helper loaded: credential_helper
INFO - 2025-02-13 23:28:58 --> Helper loaded: template_helper
INFO - 2025-02-13 23:28:58 --> Helper loaded: rest_helper
INFO - 2025-02-13 23:28:58 --> Database Driver Class Initialized
DEBUG - 2025-02-13 23:28:58 --> Idgenerator class already loaded. Second attempt ignored.
INFO - 2025-02-13 23:28:58 --> Controller Class Initialized
INFO - 2025-02-13 23:28:58 --> Model Class Initialized
DEBUG - 2025-02-13 23:28:58 --> File loaded: /apps/web-drc/application/modules/api_v1/models/Api_v1_model.php
INFO - 2025-02-13 23:28:58 --> Model Class Initialized
INFO - 2025-02-13 23:29:07 --> Final output sent to browser
DEBUG - 2025-02-13 23:29:07 --> Total execution time: 8.9525
INFO - 2025-02-13 23:45:04 --> Config Class Initialized
INFO - 2025-02-13 23:45:04 --> Hooks Class Initialized
DEBUG - 2025-02-13 23:45:04 --> UTF-8 Support Enabled
INFO - 2025-02-13 23:45:04 --> Utf8 Class Initialized
INFO - 2025-02-13 23:45:04 --> URI Class Initialized
INFO - 2025-02-13 23:45:04 --> Router Class Initialized
INFO - 2025-02-13 23:45:04 --> Output Class Initialized
INFO - 2025-02-13 23:45:04 --> Security Class Initialized
DEBUG - 2025-02-13 23:45:04 --> Global POST, GET and COOKIE data sanitized
INFO - 2025-02-13 23:45:04 --> Input Class Initialized
INFO - 2025-02-13 23:45:04 --> Language Class Initialized
INFO - 2025-02-13 23:45:04 --> Language Class Initialized
INFO - 2025-02-13 23:45:04 --> Config Class Initialized
INFO - 2025-02-13 23:45:04 --> Loader Class Initialized
INFO - 2025-02-13 23:45:04 --> Helper loaded: url_helper
INFO - 2025-02-13 23:45:04 --> Helper loaded: easyui_helper
INFO - 2025-02-13 23:45:04 --> Helper loaded: param_helper
INFO - 2025-02-13 23:45:04 --> Helper loaded: credential_helper
INFO - 2025-02-13 23:45:04 --> Helper loaded: template_helper
INFO - 2025-02-13 23:45:04 --> Helper loaded: rest_helper
INFO - 2025-02-13 23:45:04 --> Database Driver Class Initialized
DEBUG - 2025-02-13 23:45:04 --> Idgenerator class already loaded. Second attempt ignored.
INFO - 2025-02-13 23:45:04 --> Controller Class Initialized
INFO - 2025-02-13 23:45:04 --> Model Class Initialized
DEBUG - 2025-02-13 23:45:04 --> File loaded: /apps/web-drc/application/modules/ref_customer/models/Customer_model.php
INFO - 2025-02-13 23:45:04 --> Model Class Initialized
DEBUG - 2025-02-13 23:45:04 --> File loaded: /apps/web-drc/application/modules/ref_customer/views/content.php
DEBUG - 2025-02-13 23:45:04 --> File loaded: /apps/web-drc/application/views/templates/header.php
DEBUG - 2025-02-13 23:45:04 --> File loaded: /apps/web-drc/application/views/templates/toolbar.php
DEBUG - 2025-02-13 23:45:04 --> File loaded: /apps/web-drc/application/views/templates/sidebar.php
DEBUG - 2025-02-13 23:45:04 --> File loaded: /apps/web-drc/application/views/templates/contents.php
DEBUG - 2025-02-13 23:45:04 --> File loaded: /apps/web-drc/application/views/templates/content_footer.php
DEBUG - 2025-02-13 23:45:04 --> File loaded: /apps/web-drc/application/views/templates/footer.php
DEBUG - 2025-02-13 23:45:04 --> File loaded: /apps/web-drc/application/views/templates/default.php
INFO - 2025-02-13 23:45:04 --> Final output sent to browser
DEBUG - 2025-02-13 23:45:04 --> Total execution time: 0.0070
INFO - 2025-02-13 23:45:04 --> Config Class Initialized
INFO - 2025-02-13 23:45:04 --> Hooks Class Initialized
DEBUG - 2025-02-13 23:45:04 --> UTF-8 Support Enabled
INFO - 2025-02-13 23:45:04 --> Utf8 Class Initialized
INFO - 2025-02-13 23:45:04 --> URI Class Initialized
INFO - 2025-02-13 23:45:04 --> Router Class Initialized
INFO - 2025-02-13 23:45:04 --> Output Class Initialized
INFO - 2025-02-13 23:45:04 --> Security Class Initialized
DEBUG - 2025-02-13 23:45:04 --> Global POST, GET and COOKIE data sanitized
INFO - 2025-02-13 23:45:04 --> Input Class Initialized
INFO - 2025-02-13 23:45:04 --> Language Class Initialized
INFO - 2025-02-13 23:45:04 --> Language Class Initialized
INFO - 2025-02-13 23:45:04 --> Config Class Initialized
INFO - 2025-02-13 23:45:04 --> Loader Class Initialized
INFO - 2025-02-13 23:45:04 --> Helper loaded: url_helper
INFO - 2025-02-13 23:45:04 --> Helper loaded: easyui_helper
INFO - 2025-02-13 23:45:04 --> Helper loaded: param_helper
INFO - 2025-02-13 23:45:04 --> Helper loaded: credential_helper
INFO - 2025-02-13 23:45:04 --> Helper loaded: template_helper
INFO - 2025-02-13 23:45:04 --> Helper loaded: rest_helper
INFO - 2025-02-13 23:45:04 --> Database Driver Class Initialized
DEBUG - 2025-02-13 23:45:04 --> Idgenerator class already loaded. Second attempt ignored.
INFO - 2025-02-13 23:45:04 --> Controller Class Initialized
INFO - 2025-02-13 23:45:04 --> Model Class Initialized
DEBUG - 2025-02-13 23:45:04 --> File loaded: /apps/web-drc/application/modules/ref_customer/models/Customer_model.php
INFO - 2025-02-13 23:45:04 --> Model Class Initialized
INFO - 2025-02-13 23:45:05 --> Final output sent to browser
DEBUG - 2025-02-13 23:45:05 --> Total execution time: 1.4538
INFO - 2025-02-13 23:45:10 --> Config Class Initialized
INFO - 2025-02-13 23:45:10 --> Hooks Class Initialized
DEBUG - 2025-02-13 23:45:10 --> UTF-8 Support Enabled
INFO - 2025-02-13 23:45:10 --> Utf8 Class Initialized
INFO - 2025-02-13 23:45:10 --> URI Class Initialized
INFO - 2025-02-13 23:45:10 --> Router Class Initialized
INFO - 2025-02-13 23:45:10 --> Output Class Initialized
INFO - 2025-02-13 23:45:10 --> Security Class Initialized
DEBUG - 2025-02-13 23:45:10 --> Global POST, GET and COOKIE data sanitized
INFO - 2025-02-13 23:45:10 --> Input Class Initialized
INFO - 2025-02-13 23:45:10 --> Language Class Initialized
INFO - 2025-02-13 23:45:10 --> Language Class Initialized
INFO - 2025-02-13 23:45:10 --> Config Class Initialized
INFO - 2025-02-13 23:45:10 --> Loader Class Initialized
INFO - 2025-02-13 23:45:10 --> Helper loaded: url_helper
INFO - 2025-02-13 23:45:10 --> Helper loaded: easyui_helper
INFO - 2025-02-13 23:45:10 --> Helper loaded: param_helper
INFO - 2025-02-13 23:45:10 --> Helper loaded: credential_helper
INFO - 2025-02-13 23:45:10 --> Helper loaded: template_helper
INFO - 2025-02-13 23:45:10 --> Helper loaded: rest_helper
INFO - 2025-02-13 23:45:10 --> Database Driver Class Initialized
DEBUG - 2025-02-13 23:45:10 --> Idgenerator class already loaded. Second attempt ignored.
INFO - 2025-02-13 23:45:10 --> Controller Class Initialized
INFO - 2025-02-13 23:45:10 --> Model Class Initialized
DEBUG - 2025-02-13 23:45:10 --> File loaded: /apps/web-drc/application/modules/ref_customer/models/Customer_model.php
INFO - 2025-02-13 23:45:10 --> Model Class Initialized
INFO - 2025-02-13 23:45:10 --> Final output sent to browser
DEBUG - 2025-02-13 23:45:10 --> Total execution time: 0.2615
INFO - 2025-02-13 23:45:51 --> Config Class Initialized
INFO - 2025-02-13 23:45:51 --> Hooks Class Initialized
DEBUG - 2025-02-13 23:45:51 --> UTF-8 Support Enabled
INFO - 2025-02-13 23:45:51 --> Utf8 Class Initialized
INFO - 2025-02-13 23:45:51 --> URI Class Initialized
INFO - 2025-02-13 23:45:51 --> Router Class Initialized
INFO - 2025-02-13 23:45:51 --> Output Class Initialized
INFO - 2025-02-13 23:45:51 --> Security Class Initialized
DEBUG - 2025-02-13 23:45:51 --> Global POST, GET and COOKIE data sanitized
INFO - 2025-02-13 23:45:51 --> Input Class Initialized
INFO - 2025-02-13 23:45:51 --> Language Class Initialized
INFO - 2025-02-13 23:45:51 --> Language Class Initialized
INFO - 2025-02-13 23:45:51 --> Config Class Initialized
INFO - 2025-02-13 23:45:51 --> Loader Class Initialized
INFO - 2025-02-13 23:45:51 --> Helper loaded: url_helper
INFO - 2025-02-13 23:45:51 --> Helper loaded: easyui_helper
INFO - 2025-02-13 23:45:51 --> Helper loaded: param_helper
INFO - 2025-02-13 23:45:51 --> Helper loaded: credential_helper
INFO - 2025-02-13 23:45:51 --> Helper loaded: template_helper
INFO - 2025-02-13 23:45:51 --> Helper loaded: rest_helper
INFO - 2025-02-13 23:45:51 --> Database Driver Class Initialized
DEBUG - 2025-02-13 23:45:51 --> Idgenerator class already loaded. Second attempt ignored.
INFO - 2025-02-13 23:45:51 --> Controller Class Initialized
INFO - 2025-02-13 23:45:51 --> Model Class Initialized
DEBUG - 2025-02-13 23:45:51 --> File loaded: /apps/web-drc/application/modules/ref_customer/models/Customer_model.php
INFO - 2025-02-13 23:45:51 --> Model Class Initialized
INFO - 2025-02-13 23:45:51 --> Final output sent to browser
DEBUG - 2025-02-13 23:45:51 --> Total execution time: 0.2460
INFO - 2025-02-13 23:45:52 --> Config Class Initialized
INFO - 2025-02-13 23:45:52 --> Hooks Class Initialized
DEBUG - 2025-02-13 23:45:52 --> UTF-8 Support Enabled
INFO - 2025-02-13 23:45:52 --> Utf8 Class Initialized
INFO - 2025-02-13 23:45:52 --> URI Class Initialized
INFO - 2025-02-13 23:45:52 --> Router Class Initialized
INFO - 2025-02-13 23:45:52 --> Output Class Initialized
INFO - 2025-02-13 23:45:52 --> Security Class Initialized
DEBUG - 2025-02-13 23:45:52 --> Global POST, GET and COOKIE data sanitized
INFO - 2025-02-13 23:45:52 --> Input Class Initialized
INFO - 2025-02-13 23:45:52 --> Language Class Initialized
INFO - 2025-02-13 23:45:52 --> Language Class Initialized
INFO - 2025-02-13 23:45:52 --> Config Class Initialized
INFO - 2025-02-13 23:45:52 --> Loader Class Initialized
INFO - 2025-02-13 23:45:52 --> Helper loaded: url_helper
INFO - 2025-02-13 23:45:52 --> Helper loaded: easyui_helper
INFO - 2025-02-13 23:45:52 --> Helper loaded: param_helper
INFO - 2025-02-13 23:45:52 --> Helper loaded: credential_helper
INFO - 2025-02-13 23:45:52 --> Helper loaded: template_helper
INFO - 2025-02-13 23:45:52 --> Helper loaded: rest_helper
INFO - 2025-02-13 23:45:52 --> Database Driver Class Initialized
DEBUG - 2025-02-13 23:45:52 --> Idgenerator class already loaded. Second attempt ignored.
INFO - 2025-02-13 23:45:52 --> Controller Class Initialized
INFO - 2025-02-13 23:45:52 --> Model Class Initialized
DEBUG - 2025-02-13 23:45:52 --> File loaded: /apps/web-drc/application/modules/ref_customer/models/Customer_model.php
INFO - 2025-02-13 23:45:52 --> Model Class Initialized
INFO - 2025-02-13 23:45:52 --> Final output sent to browser
DEBUG - 2025-02-13 23:45:52 --> Total execution time: 0.0675
INFO - 2025-02-13 23:48:59 --> Config Class Initialized
INFO - 2025-02-13 23:48:59 --> Hooks Class Initialized
DEBUG - 2025-02-13 23:48:59 --> UTF-8 Support Enabled
INFO - 2025-02-13 23:48:59 --> Utf8 Class Initialized
INFO - 2025-02-13 23:48:59 --> URI Class Initialized
INFO - 2025-02-13 23:48:59 --> Router Class Initialized
INFO - 2025-02-13 23:48:59 --> Output Class Initialized
INFO - 2025-02-13 23:48:59 --> Security Class Initialized
DEBUG - 2025-02-13 23:48:59 --> Global POST, GET and COOKIE data sanitized
INFO - 2025-02-13 23:48:59 --> Input Class Initialized
INFO - 2025-02-13 23:48:59 --> Language Class Initialized
INFO - 2025-02-13 23:48:59 --> Language Class Initialized
INFO - 2025-02-13 23:48:59 --> Config Class Initialized
INFO - 2025-02-13 23:48:59 --> Loader Class Initialized
INFO - 2025-02-13 23:48:59 --> Helper loaded: url_helper
INFO - 2025-02-13 23:48:59 --> Helper loaded: easyui_helper
INFO - 2025-02-13 23:48:59 --> Helper loaded: param_helper
INFO - 2025-02-13 23:48:59 --> Helper loaded: credential_helper
INFO - 2025-02-13 23:48:59 --> Helper loaded: template_helper
INFO - 2025-02-13 23:48:59 --> Helper loaded: rest_helper
INFO - 2025-02-13 23:48:59 --> Database Driver Class Initialized
DEBUG - 2025-02-13 23:48:59 --> Idgenerator class already loaded. Second attempt ignored.
INFO - 2025-02-13 23:48:59 --> Controller Class Initialized
INFO - 2025-02-13 23:48:59 --> Model Class Initialized
DEBUG - 2025-02-13 23:48:59 --> File loaded: /apps/web-drc/application/modules/app_dashboard/models/App_dashboard_model.php
INFO - 2025-02-13 23:48:59 --> Model Class Initialized
DEBUG - 2025-02-13 23:48:59 --> File loaded: /apps/web-drc/application/modules/app_dashboard/views/content.php
DEBUG - 2025-02-13 23:48:59 --> File loaded: /apps/web-drc/application/views/templates/header.php
DEBUG - 2025-02-13 23:48:59 --> File loaded: /apps/web-drc/application/views/templates/toolbar.php
DEBUG - 2025-02-13 23:48:59 --> File loaded: /apps/web-drc/application/views/templates/sidebar.php
DEBUG - 2025-02-13 23:48:59 --> File loaded: /apps/web-drc/application/views/templates/contents.php
DEBUG - 2025-02-13 23:48:59 --> File loaded: /apps/web-drc/application/views/templates/content_footer.php
DEBUG - 2025-02-13 23:48:59 --> File loaded: /apps/web-drc/application/views/templates/footer.php
DEBUG - 2025-02-13 23:48:59 --> File loaded: /apps/web-drc/application/views/templates/default.php
INFO - 2025-02-13 23:48:59 --> Final output sent to browser
DEBUG - 2025-02-13 23:48:59 --> Total execution time: 0.0074
INFO - 2025-02-13 23:49:00 --> Config Class Initialized
INFO - 2025-02-13 23:49:00 --> Hooks Class Initialized
DEBUG - 2025-02-13 23:49:00 --> UTF-8 Support Enabled
INFO - 2025-02-13 23:49:00 --> Utf8 Class Initialized
INFO - 2025-02-13 23:49:00 --> URI Class Initialized
INFO - 2025-02-13 23:49:00 --> Router Class Initialized
INFO - 2025-02-13 23:49:00 --> Output Class Initialized
INFO - 2025-02-13 23:49:00 --> Security Class Initialized
DEBUG - 2025-02-13 23:49:00 --> Global POST, GET and COOKIE data sanitized
INFO - 2025-02-13 23:49:00 --> Input Class Initialized
INFO - 2025-02-13 23:49:00 --> Language Class Initialized
INFO - 2025-02-13 23:49:00 --> Language Class Initialized
INFO - 2025-02-13 23:49:00 --> Config Class Initialized
INFO - 2025-02-13 23:49:00 --> Loader Class Initialized
INFO - 2025-02-13 23:49:00 --> Helper loaded: url_helper
INFO - 2025-02-13 23:49:00 --> Helper loaded: easyui_helper
INFO - 2025-02-13 23:49:00 --> Helper loaded: param_helper
INFO - 2025-02-13 23:49:00 --> Helper loaded: credential_helper
INFO - 2025-02-13 23:49:00 --> Helper loaded: template_helper
INFO - 2025-02-13 23:49:00 --> Helper loaded: rest_helper
INFO - 2025-02-13 23:49:00 --> Database Driver Class Initialized
DEBUG - 2025-02-13 23:49:00 --> Idgenerator class already loaded. Second attempt ignored.
INFO - 2025-02-13 23:49:00 --> Controller Class Initialized
INFO - 2025-02-13 23:49:00 --> Model Class Initialized
DEBUG - 2025-02-13 23:49:00 --> File loaded: /apps/web-drc/application/modules/app_dashboard/models/App_dashboard_model.php
INFO - 2025-02-13 23:49:00 --> Model Class Initialized
INFO - 2025-02-13 23:49:00 --> Final output sent to browser
DEBUG - 2025-02-13 23:49:00 --> Total execution time: 0.0051
INFO - 2025-02-13 23:49:00 --> Config Class Initialized
INFO - 2025-02-13 23:49:00 --> Hooks Class Initialized
DEBUG - 2025-02-13 23:49:00 --> UTF-8 Support Enabled
INFO - 2025-02-13 23:49:00 --> Utf8 Class Initialized
INFO - 2025-02-13 23:49:00 --> URI Class Initialized
INFO - 2025-02-13 23:49:00 --> Router Class Initialized
INFO - 2025-02-13 23:49:00 --> Output Class Initialized
INFO - 2025-02-13 23:49:00 --> Security Class Initialized
DEBUG - 2025-02-13 23:49:00 --> Global POST, GET and COOKIE data sanitized
INFO - 2025-02-13 23:49:00 --> Input Class Initialized
INFO - 2025-02-13 23:49:00 --> Language Class Initialized
INFO - 2025-02-13 23:49:00 --> Language Class Initialized
INFO - 2025-02-13 23:49:00 --> Config Class Initialized
INFO - 2025-02-13 23:49:00 --> Loader Class Initialized
INFO - 2025-02-13 23:49:00 --> Helper loaded: url_helper
INFO - 2025-02-13 23:49:00 --> Helper loaded: easyui_helper
INFO - 2025-02-13 23:49:00 --> Helper loaded: param_helper
INFO - 2025-02-13 23:49:00 --> Helper loaded: credential_helper
INFO - 2025-02-13 23:49:00 --> Helper loaded: template_helper
INFO - 2025-02-13 23:49:00 --> Helper loaded: rest_helper
INFO - 2025-02-13 23:49:00 --> Database Driver Class Initialized
DEBUG - 2025-02-13 23:49:00 --> Idgenerator class already loaded. Second attempt ignored.
INFO - 2025-02-13 23:49:00 --> Controller Class Initialized
INFO - 2025-02-13 23:49:00 --> Model Class Initialized
DEBUG - 2025-02-13 23:49:00 --> File loaded: /apps/web-drc/application/modules/api_v1/models/Api_v1_model.php
INFO - 2025-02-13 23:49:00 --> Model Class Initialized
INFO - 2025-02-13 23:49:00 --> Final output sent to browser
DEBUG - 2025-02-13 23:49:00 --> Total execution time: 0.0027
INFO - 2025-02-13 23:49:02 --> Config Class Initialized
INFO - 2025-02-13 23:49:02 --> Hooks Class Initialized
DEBUG - 2025-02-13 23:49:02 --> UTF-8 Support Enabled
INFO - 2025-02-13 23:49:02 --> Utf8 Class Initialized
INFO - 2025-02-13 23:49:02 --> URI Class Initialized
INFO - 2025-02-13 23:49:02 --> Router Class Initialized
INFO - 2025-02-13 23:49:02 --> Output Class Initialized
INFO - 2025-02-13 23:49:02 --> Security Class Initialized
DEBUG - 2025-02-13 23:49:02 --> Global POST, GET and COOKIE data sanitized
INFO - 2025-02-13 23:49:02 --> Input Class Initialized
INFO - 2025-02-13 23:49:02 --> Language Class Initialized
INFO - 2025-02-13 23:49:02 --> Language Class Initialized
INFO - 2025-02-13 23:49:02 --> Config Class Initialized
INFO - 2025-02-13 23:49:02 --> Loader Class Initialized
INFO - 2025-02-13 23:49:02 --> Helper loaded: url_helper
INFO - 2025-02-13 23:49:02 --> Helper loaded: easyui_helper
INFO - 2025-02-13 23:49:02 --> Helper loaded: param_helper
INFO - 2025-02-13 23:49:02 --> Helper loaded: credential_helper
INFO - 2025-02-13 23:49:02 --> Helper loaded: template_helper
INFO - 2025-02-13 23:49:02 --> Helper loaded: rest_helper
INFO - 2025-02-13 23:49:02 --> Database Driver Class Initialized
DEBUG - 2025-02-13 23:49:02 --> Idgenerator class already loaded. Second attempt ignored.
INFO - 2025-02-13 23:49:02 --> Controller Class Initialized
INFO - 2025-02-13 23:49:02 --> Model Class Initialized
DEBUG - 2025-02-13 23:49:02 --> File loaded: /apps/web-drc/application/modules/app_dashboard/models/App_dashboard_model.php
INFO - 2025-02-13 23:49:02 --> Model Class Initialized
INFO - 2025-02-13 23:49:02 --> Final output sent to browser
DEBUG - 2025-02-13 23:49:02 --> Total execution time: 0.0130
INFO - 2025-02-13 23:49:04 --> Config Class Initialized
INFO - 2025-02-13 23:49:04 --> Hooks Class Initialized
DEBUG - 2025-02-13 23:49:04 --> UTF-8 Support Enabled
INFO - 2025-02-13 23:49:04 --> Utf8 Class Initialized
INFO - 2025-02-13 23:49:04 --> URI Class Initialized
INFO - 2025-02-13 23:49:04 --> Router Class Initialized
INFO - 2025-02-13 23:49:04 --> Output Class Initialized
INFO - 2025-02-13 23:49:04 --> Security Class Initialized
DEBUG - 2025-02-13 23:49:04 --> Global POST, GET and COOKIE data sanitized
INFO - 2025-02-13 23:49:04 --> Input Class Initialized
INFO - 2025-02-13 23:49:04 --> Language Class Initialized
INFO - 2025-02-13 23:49:04 --> Language Class Initialized
INFO - 2025-02-13 23:49:04 --> Config Class Initialized
INFO - 2025-02-13 23:49:04 --> Loader Class Initialized
INFO - 2025-02-13 23:49:04 --> Helper loaded: url_helper
INFO - 2025-02-13 23:49:04 --> Helper loaded: easyui_helper
INFO - 2025-02-13 23:49:04 --> Helper loaded: param_helper
INFO - 2025-02-13 23:49:04 --> Helper loaded: credential_helper
INFO - 2025-02-13 23:49:04 --> Helper loaded: template_helper
INFO - 2025-02-13 23:49:04 --> Helper loaded: rest_helper
INFO - 2025-02-13 23:49:04 --> Database Driver Class Initialized
DEBUG - 2025-02-13 23:49:04 --> Idgenerator class already loaded. Second attempt ignored.
INFO - 2025-02-13 23:49:04 --> Controller Class Initialized
INFO - 2025-02-13 23:49:04 --> Model Class Initialized
DEBUG - 2025-02-13 23:49:04 --> File loaded: /apps/web-drc/application/modules/app_dashboard/models/App_dashboard_model.php
INFO - 2025-02-13 23:49:04 --> Model Class Initialized
INFO - 2025-02-13 23:49:04 --> Final output sent to browser
DEBUG - 2025-02-13 23:49:04 --> Total execution time: 0.5017
