INFO - 2025-01-14 08:11:34 --> Config Class Initialized
INFO - 2025-01-14 08:11:34 --> Hooks Class Initialized
DEBUG - 2025-01-14 08:11:34 --> UTF-8 Support Enabled
INFO - 2025-01-14 08:11:34 --> Utf8 Class Initialized
INFO - 2025-01-14 08:11:34 --> URI Class Initialized
DEBUG - 2025-01-14 08:11:34 --> No URI present. Default controller set.
INFO - 2025-01-14 08:11:34 --> Router Class Initialized
INFO - 2025-01-14 08:11:34 --> Output Class Initialized
INFO - 2025-01-14 08:11:34 --> Security Class Initialized
DEBUG - 2025-01-14 08:11:34 --> Global POST, GET and COOKIE data sanitized
INFO - 2025-01-14 08:11:34 --> Input Class Initialized
INFO - 2025-01-14 08:11:34 --> Language Class Initialized
INFO - 2025-01-14 08:11:34 --> Language Class Initialized
INFO - 2025-01-14 08:11:34 --> Config Class Initialized
INFO - 2025-01-14 08:11:34 --> Loader Class Initialized
INFO - 2025-01-14 08:11:34 --> Helper loaded: url_helper
INFO - 2025-01-14 08:11:34 --> Helper loaded: easyui_helper
INFO - 2025-01-14 08:11:34 --> Helper loaded: param_helper
INFO - 2025-01-14 08:11:34 --> Helper loaded: credential_helper
INFO - 2025-01-14 08:11:34 --> Helper loaded: template_helper
INFO - 2025-01-14 08:11:34 --> Helper loaded: rest_helper
INFO - 2025-01-14 08:11:34 --> Database Driver Class Initialized
DEBUG - 2025-01-14 08:11:34 --> Idgenerator class already loaded. Second attempt ignored.
INFO - 2025-01-14 08:11:34 --> Controller Class Initialized
DEBUG - 2025-01-14 08:11:34 --> File loaded: /apps/web-drc/application/modules/app_auth/views/login_lte_template.php
DEBUG - 2025-01-14 08:11:34 --> File loaded: /apps/web-drc/application/views/template_login_lte/header.php
DEBUG - 2025-01-14 08:11:34 --> File loaded: /apps/web-drc/application/views/template_login_lte/contents.php
DEBUG - 2025-01-14 08:11:34 --> File loaded: /apps/web-drc/application/views/template_login_lte/default.php
INFO - 2025-01-14 08:11:34 --> Final output sent to browser
DEBUG - 2025-01-14 08:11:34 --> Total execution time: 0.0702
INFO - 2025-01-14 08:11:43 --> Config Class Initialized
INFO - 2025-01-14 08:11:43 --> Hooks Class Initialized
DEBUG - 2025-01-14 08:11:43 --> UTF-8 Support Enabled
INFO - 2025-01-14 08:11:43 --> Utf8 Class Initialized
INFO - 2025-01-14 08:11:43 --> URI Class Initialized
INFO - 2025-01-14 08:11:43 --> Router Class Initialized
INFO - 2025-01-14 08:11:43 --> Output Class Initialized
INFO - 2025-01-14 08:11:43 --> Security Class Initialized
DEBUG - 2025-01-14 08:11:43 --> Global POST, GET and COOKIE data sanitized
INFO - 2025-01-14 08:11:43 --> Input Class Initialized
INFO - 2025-01-14 08:11:43 --> Language Class Initialized
ERROR - 2025-01-14 08:11:43 --> 404 Page Not Found: /index
INFO - 2025-01-14 08:51:48 --> Config Class Initialized
INFO - 2025-01-14 08:51:48 --> Hooks Class Initialized
DEBUG - 2025-01-14 08:51:48 --> UTF-8 Support Enabled
INFO - 2025-01-14 08:51:48 --> Utf8 Class Initialized
INFO - 2025-01-14 08:51:48 --> URI Class Initialized
INFO - 2025-01-14 08:51:48 --> Router Class Initialized
INFO - 2025-01-14 08:51:48 --> Output Class Initialized
INFO - 2025-01-14 08:51:48 --> Security Class Initialized
DEBUG - 2025-01-14 08:51:48 --> Global POST, GET and COOKIE data sanitized
INFO - 2025-01-14 08:51:48 --> Input Class Initialized
INFO - 2025-01-14 08:51:48 --> Language Class Initialized
ERROR - 2025-01-14 08:51:48 --> 404 Page Not Found: /index
INFO - 2025-01-14 22:11:36 --> Config Class Initialized
INFO - 2025-01-14 22:11:36 --> Hooks Class Initialized
DEBUG - 2025-01-14 22:11:36 --> UTF-8 Support Enabled
INFO - 2025-01-14 22:11:36 --> Utf8 Class Initialized
INFO - 2025-01-14 22:11:36 --> URI Class Initialized
INFO - 2025-01-14 22:11:36 --> Router Class Initialized
INFO - 2025-01-14 22:11:36 --> Output Class Initialized
INFO - 2025-01-14 22:11:36 --> Security Class Initialized
DEBUG - 2025-01-14 22:11:36 --> Global POST, GET and COOKIE data sanitized
INFO - 2025-01-14 22:11:36 --> Input Class Initialized
INFO - 2025-01-14 22:11:36 --> Language Class Initialized
ERROR - 2025-01-14 22:11:36 --> 404 Page Not Found: /index
INFO - 2025-01-14 22:11:37 --> Config Class Initialized
INFO - 2025-01-14 22:11:37 --> Hooks Class Initialized
DEBUG - 2025-01-14 22:11:37 --> UTF-8 Support Enabled
INFO - 2025-01-14 22:11:37 --> Utf8 Class Initialized
INFO - 2025-01-14 22:11:37 --> URI Class Initialized
INFO - 2025-01-14 22:11:37 --> Router Class Initialized
INFO - 2025-01-14 22:11:37 --> Output Class Initialized
INFO - 2025-01-14 22:11:37 --> Security Class Initialized
DEBUG - 2025-01-14 22:11:37 --> Global POST, GET and COOKIE data sanitized
INFO - 2025-01-14 22:11:37 --> Input Class Initialized
INFO - 2025-01-14 22:11:37 --> Language Class Initialized
ERROR - 2025-01-14 22:11:37 --> 404 Page Not Found: /index
INFO - 2025-01-14 22:11:37 --> Config Class Initialized
INFO - 2025-01-14 22:11:37 --> Hooks Class Initialized
DEBUG - 2025-01-14 22:11:37 --> UTF-8 Support Enabled
INFO - 2025-01-14 22:11:37 --> Utf8 Class Initialized
INFO - 2025-01-14 22:11:37 --> URI Class Initialized
INFO - 2025-01-14 22:11:37 --> Router Class Initialized
INFO - 2025-01-14 22:11:37 --> Output Class Initialized
INFO - 2025-01-14 22:11:37 --> Security Class Initialized
DEBUG - 2025-01-14 22:11:37 --> Global POST, GET and COOKIE data sanitized
INFO - 2025-01-14 22:11:37 --> Input Class Initialized
INFO - 2025-01-14 22:11:37 --> Language Class Initialized
ERROR - 2025-01-14 22:11:37 --> 404 Page Not Found: /index
INFO - 2025-01-14 22:11:38 --> Config Class Initialized
INFO - 2025-01-14 22:11:38 --> Hooks Class Initialized
DEBUG - 2025-01-14 22:11:38 --> UTF-8 Support Enabled
INFO - 2025-01-14 22:11:38 --> Utf8 Class Initialized
INFO - 2025-01-14 22:11:38 --> URI Class Initialized
INFO - 2025-01-14 22:11:38 --> Router Class Initialized
INFO - 2025-01-14 22:11:38 --> Output Class Initialized
INFO - 2025-01-14 22:11:38 --> Security Class Initialized
DEBUG - 2025-01-14 22:11:38 --> Global POST, GET and COOKIE data sanitized
INFO - 2025-01-14 22:11:38 --> Input Class Initialized
INFO - 2025-01-14 22:11:38 --> Language Class Initialized
ERROR - 2025-01-14 22:11:38 --> 404 Page Not Found: /index
INFO - 2025-01-14 22:11:38 --> Config Class Initialized
INFO - 2025-01-14 22:11:38 --> Hooks Class Initialized
DEBUG - 2025-01-14 22:11:38 --> UTF-8 Support Enabled
INFO - 2025-01-14 22:11:38 --> Utf8 Class Initialized
INFO - 2025-01-14 22:11:38 --> URI Class Initialized
INFO - 2025-01-14 22:11:38 --> Router Class Initialized
INFO - 2025-01-14 22:11:38 --> Output Class Initialized
INFO - 2025-01-14 22:11:38 --> Security Class Initialized
DEBUG - 2025-01-14 22:11:38 --> Global POST, GET and COOKIE data sanitized
INFO - 2025-01-14 22:11:38 --> Input Class Initialized
INFO - 2025-01-14 22:11:38 --> Language Class Initialized
ERROR - 2025-01-14 22:11:38 --> 404 Page Not Found: /index
INFO - 2025-01-14 22:11:39 --> Config Class Initialized
INFO - 2025-01-14 22:11:39 --> Hooks Class Initialized
DEBUG - 2025-01-14 22:11:39 --> UTF-8 Support Enabled
INFO - 2025-01-14 22:11:39 --> Utf8 Class Initialized
INFO - 2025-01-14 22:11:39 --> URI Class Initialized
INFO - 2025-01-14 22:11:39 --> Router Class Initialized
INFO - 2025-01-14 22:11:39 --> Output Class Initialized
INFO - 2025-01-14 22:11:39 --> Security Class Initialized
DEBUG - 2025-01-14 22:11:39 --> Global POST, GET and COOKIE data sanitized
INFO - 2025-01-14 22:11:39 --> Input Class Initialized
INFO - 2025-01-14 22:11:39 --> Language Class Initialized
ERROR - 2025-01-14 22:11:39 --> 404 Page Not Found: /index
INFO - 2025-01-14 22:11:39 --> Config Class Initialized
INFO - 2025-01-14 22:11:39 --> Hooks Class Initialized
DEBUG - 2025-01-14 22:11:39 --> UTF-8 Support Enabled
INFO - 2025-01-14 22:11:39 --> Utf8 Class Initialized
INFO - 2025-01-14 22:11:39 --> URI Class Initialized
INFO - 2025-01-14 22:11:39 --> Router Class Initialized
INFO - 2025-01-14 22:11:39 --> Output Class Initialized
INFO - 2025-01-14 22:11:39 --> Security Class Initialized
DEBUG - 2025-01-14 22:11:39 --> Global POST, GET and COOKIE data sanitized
INFO - 2025-01-14 22:11:39 --> Input Class Initialized
INFO - 2025-01-14 22:11:39 --> Language Class Initialized
ERROR - 2025-01-14 22:11:39 --> 404 Page Not Found: /index
INFO - 2025-01-14 22:11:40 --> Config Class Initialized
INFO - 2025-01-14 22:11:40 --> Hooks Class Initialized
DEBUG - 2025-01-14 22:11:40 --> UTF-8 Support Enabled
INFO - 2025-01-14 22:11:40 --> Utf8 Class Initialized
INFO - 2025-01-14 22:11:40 --> URI Class Initialized
INFO - 2025-01-14 22:11:40 --> Router Class Initialized
INFO - 2025-01-14 22:11:40 --> Output Class Initialized
INFO - 2025-01-14 22:11:40 --> Security Class Initialized
DEBUG - 2025-01-14 22:11:40 --> Global POST, GET and COOKIE data sanitized
INFO - 2025-01-14 22:11:40 --> Input Class Initialized
INFO - 2025-01-14 22:11:40 --> Language Class Initialized
ERROR - 2025-01-14 22:11:40 --> 404 Page Not Found: /index
INFO - 2025-01-14 22:11:40 --> Config Class Initialized
INFO - 2025-01-14 22:11:40 --> Hooks Class Initialized
DEBUG - 2025-01-14 22:11:40 --> UTF-8 Support Enabled
INFO - 2025-01-14 22:11:40 --> Utf8 Class Initialized
INFO - 2025-01-14 22:11:40 --> URI Class Initialized
INFO - 2025-01-14 22:11:40 --> Router Class Initialized
INFO - 2025-01-14 22:11:40 --> Output Class Initialized
INFO - 2025-01-14 22:11:40 --> Security Class Initialized
DEBUG - 2025-01-14 22:11:40 --> Global POST, GET and COOKIE data sanitized
INFO - 2025-01-14 22:11:40 --> Input Class Initialized
INFO - 2025-01-14 22:11:40 --> Language Class Initialized
ERROR - 2025-01-14 22:11:40 --> 404 Page Not Found: /index
INFO - 2025-01-14 22:11:40 --> Config Class Initialized
INFO - 2025-01-14 22:11:40 --> Hooks Class Initialized
DEBUG - 2025-01-14 22:11:40 --> UTF-8 Support Enabled
INFO - 2025-01-14 22:11:40 --> Utf8 Class Initialized
INFO - 2025-01-14 22:11:40 --> URI Class Initialized
INFO - 2025-01-14 22:11:40 --> Router Class Initialized
INFO - 2025-01-14 22:11:40 --> Output Class Initialized
INFO - 2025-01-14 22:11:40 --> Security Class Initialized
DEBUG - 2025-01-14 22:11:40 --> Global POST, GET and COOKIE data sanitized
INFO - 2025-01-14 22:11:40 --> Input Class Initialized
INFO - 2025-01-14 22:11:40 --> Language Class Initialized
ERROR - 2025-01-14 22:11:40 --> 404 Page Not Found: /index
INFO - 2025-01-14 22:11:41 --> Config Class Initialized
INFO - 2025-01-14 22:11:41 --> Hooks Class Initialized
DEBUG - 2025-01-14 22:11:41 --> UTF-8 Support Enabled
INFO - 2025-01-14 22:11:41 --> Utf8 Class Initialized
INFO - 2025-01-14 22:11:41 --> URI Class Initialized
INFO - 2025-01-14 22:11:41 --> Router Class Initialized
INFO - 2025-01-14 22:11:41 --> Output Class Initialized
INFO - 2025-01-14 22:11:41 --> Security Class Initialized
DEBUG - 2025-01-14 22:11:41 --> Global POST, GET and COOKIE data sanitized
INFO - 2025-01-14 22:11:41 --> Input Class Initialized
INFO - 2025-01-14 22:11:41 --> Language Class Initialized
ERROR - 2025-01-14 22:11:41 --> 404 Page Not Found: /index
INFO - 2025-01-14 22:11:41 --> Config Class Initialized
INFO - 2025-01-14 22:11:41 --> Hooks Class Initialized
DEBUG - 2025-01-14 22:11:41 --> UTF-8 Support Enabled
INFO - 2025-01-14 22:11:41 --> Utf8 Class Initialized
INFO - 2025-01-14 22:11:41 --> URI Class Initialized
INFO - 2025-01-14 22:11:41 --> Router Class Initialized
INFO - 2025-01-14 22:11:41 --> Output Class Initialized
INFO - 2025-01-14 22:11:41 --> Security Class Initialized
DEBUG - 2025-01-14 22:11:41 --> Global POST, GET and COOKIE data sanitized
INFO - 2025-01-14 22:11:41 --> Input Class Initialized
INFO - 2025-01-14 22:11:41 --> Language Class Initialized
ERROR - 2025-01-14 22:11:41 --> 404 Page Not Found: /index
INFO - 2025-01-14 22:11:42 --> Config Class Initialized
INFO - 2025-01-14 22:11:42 --> Hooks Class Initialized
DEBUG - 2025-01-14 22:11:42 --> UTF-8 Support Enabled
INFO - 2025-01-14 22:11:42 --> Utf8 Class Initialized
INFO - 2025-01-14 22:11:42 --> URI Class Initialized
INFO - 2025-01-14 22:11:42 --> Router Class Initialized
INFO - 2025-01-14 22:11:42 --> Output Class Initialized
INFO - 2025-01-14 22:11:42 --> Security Class Initialized
DEBUG - 2025-01-14 22:11:42 --> Global POST, GET and COOKIE data sanitized
INFO - 2025-01-14 22:11:42 --> Input Class Initialized
INFO - 2025-01-14 22:11:42 --> Language Class Initialized
ERROR - 2025-01-14 22:11:42 --> 404 Page Not Found: /index
INFO - 2025-01-14 22:11:42 --> Config Class Initialized
INFO - 2025-01-14 22:11:42 --> Hooks Class Initialized
DEBUG - 2025-01-14 22:11:42 --> UTF-8 Support Enabled
INFO - 2025-01-14 22:11:42 --> Utf8 Class Initialized
INFO - 2025-01-14 22:11:42 --> URI Class Initialized
INFO - 2025-01-14 22:11:42 --> Router Class Initialized
INFO - 2025-01-14 22:11:42 --> Output Class Initialized
INFO - 2025-01-14 22:11:42 --> Security Class Initialized
DEBUG - 2025-01-14 22:11:42 --> Global POST, GET and COOKIE data sanitized
INFO - 2025-01-14 22:11:42 --> Input Class Initialized
INFO - 2025-01-14 22:11:42 --> Language Class Initialized
ERROR - 2025-01-14 22:11:42 --> 404 Page Not Found: /index
INFO - 2025-01-14 22:11:42 --> Config Class Initialized
INFO - 2025-01-14 22:11:42 --> Hooks Class Initialized
DEBUG - 2025-01-14 22:11:42 --> UTF-8 Support Enabled
INFO - 2025-01-14 22:11:42 --> Utf8 Class Initialized
INFO - 2025-01-14 22:11:42 --> URI Class Initialized
INFO - 2025-01-14 22:11:42 --> Router Class Initialized
INFO - 2025-01-14 22:11:42 --> Output Class Initialized
INFO - 2025-01-14 22:11:42 --> Security Class Initialized
DEBUG - 2025-01-14 22:11:42 --> Global POST, GET and COOKIE data sanitized
INFO - 2025-01-14 22:11:42 --> Input Class Initialized
INFO - 2025-01-14 22:11:42 --> Language Class Initialized
ERROR - 2025-01-14 22:11:42 --> 404 Page Not Found: /index
