INFO - 2025-06-18 02:02:12 --> Config Class Initialized
INFO - 2025-06-18 02:02:12 --> Hooks Class Initialized
DEBUG - 2025-06-18 02:02:12 --> UTF-8 Support Enabled
INFO - 2025-06-18 02:02:12 --> Utf8 Class Initialized
INFO - 2025-06-18 02:02:12 --> URI Class Initialized
DEBUG - 2025-06-18 02:02:12 --> No URI present. Default controller set.
INFO - 2025-06-18 02:02:12 --> Router Class Initialized
INFO - 2025-06-18 02:02:12 --> Output Class Initialized
INFO - 2025-06-18 02:02:12 --> Security Class Initialized
DEBUG - 2025-06-18 02:02:12 --> Global POST, GET and COOKIE data sanitized
INFO - 2025-06-18 02:02:12 --> Input Class Initialized
INFO - 2025-06-18 02:02:12 --> Language Class Initialized
INFO - 2025-06-18 02:02:12 --> Language Class Initialized
INFO - 2025-06-18 02:02:12 --> Config Class Initialized
INFO - 2025-06-18 02:02:12 --> Loader Class Initialized
INFO - 2025-06-18 02:02:12 --> Helper loaded: url_helper
INFO - 2025-06-18 02:02:12 --> Helper loaded: easyui_helper
INFO - 2025-06-18 02:02:12 --> Helper loaded: param_helper
INFO - 2025-06-18 02:02:12 --> Helper loaded: credential_helper
INFO - 2025-06-18 02:02:12 --> Helper loaded: template_helper
INFO - 2025-06-18 02:02:12 --> Helper loaded: rest_helper
INFO - 2025-06-18 02:02:12 --> Database Driver Class Initialized
DEBUG - 2025-06-18 02:02:12 --> Idgenerator class already loaded. Second attempt ignored.
INFO - 2025-06-18 02:02:12 --> Controller Class Initialized
DEBUG - 2025-06-18 02:02:12 --> File loaded: /apps/par-web/application/modules/app_auth/views/login_lte_template.php
DEBUG - 2025-06-18 02:02:12 --> File loaded: /apps/par-web/application/views/template_login_lte/header.php
DEBUG - 2025-06-18 02:02:12 --> File loaded: /apps/par-web/application/views/template_login_lte/contents.php
DEBUG - 2025-06-18 02:02:12 --> File loaded: /apps/par-web/application/views/template_login_lte/default.php
INFO - 2025-06-18 02:02:12 --> Final output sent to browser
DEBUG - 2025-06-18 02:02:12 --> Total execution time: 0.0064
INFO - 2025-06-18 03:31:20 --> Config Class Initialized
INFO - 2025-06-18 03:31:20 --> Hooks Class Initialized
DEBUG - 2025-06-18 03:31:20 --> UTF-8 Support Enabled
INFO - 2025-06-18 03:31:20 --> Utf8 Class Initialized
INFO - 2025-06-18 03:31:20 --> URI Class Initialized
DEBUG - 2025-06-18 03:31:20 --> No URI present. Default controller set.
INFO - 2025-06-18 03:31:20 --> Router Class Initialized
INFO - 2025-06-18 03:31:20 --> Output Class Initialized
INFO - 2025-06-18 03:31:20 --> Security Class Initialized
DEBUG - 2025-06-18 03:31:20 --> Global POST, GET and COOKIE data sanitized
INFO - 2025-06-18 03:31:20 --> Input Class Initialized
INFO - 2025-06-18 03:31:20 --> Language Class Initialized
INFO - 2025-06-18 03:31:20 --> Language Class Initialized
INFO - 2025-06-18 03:31:20 --> Config Class Initialized
INFO - 2025-06-18 03:31:20 --> Loader Class Initialized
INFO - 2025-06-18 03:31:20 --> Helper loaded: url_helper
INFO - 2025-06-18 03:31:20 --> Helper loaded: easyui_helper
INFO - 2025-06-18 03:31:20 --> Helper loaded: param_helper
INFO - 2025-06-18 03:31:20 --> Helper loaded: credential_helper
INFO - 2025-06-18 03:31:20 --> Helper loaded: template_helper
INFO - 2025-06-18 03:31:20 --> Helper loaded: rest_helper
INFO - 2025-06-18 03:31:20 --> Database Driver Class Initialized
DEBUG - 2025-06-18 03:31:20 --> Idgenerator class already loaded. Second attempt ignored.
INFO - 2025-06-18 03:31:20 --> Controller Class Initialized
DEBUG - 2025-06-18 03:31:20 --> File loaded: /apps/par-web/application/modules/app_auth/views/login_lte_template.php
DEBUG - 2025-06-18 03:31:20 --> File loaded: /apps/par-web/application/views/template_login_lte/header.php
DEBUG - 2025-06-18 03:31:20 --> File loaded: /apps/par-web/application/views/template_login_lte/contents.php
DEBUG - 2025-06-18 03:31:20 --> File loaded: /apps/par-web/application/views/template_login_lte/default.php
INFO - 2025-06-18 03:31:20 --> Final output sent to browser
DEBUG - 2025-06-18 03:31:20 --> Total execution time: 0.0041
INFO - 2025-06-18 04:53:29 --> Config Class Initialized
INFO - 2025-06-18 04:53:29 --> Hooks Class Initialized
DEBUG - 2025-06-18 04:53:29 --> UTF-8 Support Enabled
INFO - 2025-06-18 04:53:29 --> Utf8 Class Initialized
INFO - 2025-06-18 04:53:29 --> URI Class Initialized
DEBUG - 2025-06-18 04:53:29 --> No URI present. Default controller set.
INFO - 2025-06-18 04:53:29 --> Router Class Initialized
INFO - 2025-06-18 04:53:29 --> Output Class Initialized
INFO - 2025-06-18 04:53:29 --> Security Class Initialized
DEBUG - 2025-06-18 04:53:29 --> Global POST, GET and COOKIE data sanitized
INFO - 2025-06-18 04:53:29 --> Input Class Initialized
INFO - 2025-06-18 04:53:29 --> Language Class Initialized
INFO - 2025-06-18 04:53:29 --> Language Class Initialized
INFO - 2025-06-18 04:53:29 --> Config Class Initialized
INFO - 2025-06-18 04:53:29 --> Loader Class Initialized
INFO - 2025-06-18 04:53:29 --> Helper loaded: url_helper
INFO - 2025-06-18 04:53:29 --> Helper loaded: easyui_helper
INFO - 2025-06-18 04:53:29 --> Helper loaded: param_helper
INFO - 2025-06-18 04:53:29 --> Helper loaded: credential_helper
INFO - 2025-06-18 04:53:29 --> Helper loaded: template_helper
INFO - 2025-06-18 04:53:29 --> Helper loaded: rest_helper
INFO - 2025-06-18 04:53:29 --> Database Driver Class Initialized
DEBUG - 2025-06-18 04:53:29 --> Idgenerator class already loaded. Second attempt ignored.
INFO - 2025-06-18 04:53:29 --> Controller Class Initialized
DEBUG - 2025-06-18 04:53:29 --> File loaded: /apps/par-web/application/modules/app_auth/views/login_lte_template.php
DEBUG - 2025-06-18 04:53:29 --> File loaded: /apps/par-web/application/views/template_login_lte/header.php
DEBUG - 2025-06-18 04:53:29 --> File loaded: /apps/par-web/application/views/template_login_lte/contents.php
DEBUG - 2025-06-18 04:53:29 --> File loaded: /apps/par-web/application/views/template_login_lte/default.php
INFO - 2025-06-18 04:53:29 --> Final output sent to browser
DEBUG - 2025-06-18 04:53:29 --> Total execution time: 0.0062
INFO - 2025-06-18 06:02:33 --> Config Class Initialized
INFO - 2025-06-18 06:02:33 --> Hooks Class Initialized
DEBUG - 2025-06-18 06:02:33 --> UTF-8 Support Enabled
INFO - 2025-06-18 06:02:33 --> Utf8 Class Initialized
INFO - 2025-06-18 06:02:33 --> URI Class Initialized
DEBUG - 2025-06-18 06:02:33 --> No URI present. Default controller set.
INFO - 2025-06-18 06:02:33 --> Router Class Initialized
INFO - 2025-06-18 06:02:33 --> Output Class Initialized
INFO - 2025-06-18 06:02:33 --> Security Class Initialized
DEBUG - 2025-06-18 06:02:33 --> Global POST, GET and COOKIE data sanitized
INFO - 2025-06-18 06:02:33 --> Input Class Initialized
INFO - 2025-06-18 06:02:33 --> Language Class Initialized
INFO - 2025-06-18 06:02:33 --> Language Class Initialized
INFO - 2025-06-18 06:02:33 --> Config Class Initialized
INFO - 2025-06-18 06:02:33 --> Loader Class Initialized
INFO - 2025-06-18 06:02:33 --> Helper loaded: url_helper
INFO - 2025-06-18 06:02:33 --> Helper loaded: easyui_helper
INFO - 2025-06-18 06:02:33 --> Helper loaded: param_helper
INFO - 2025-06-18 06:02:33 --> Helper loaded: credential_helper
INFO - 2025-06-18 06:02:33 --> Helper loaded: template_helper
INFO - 2025-06-18 06:02:33 --> Helper loaded: rest_helper
INFO - 2025-06-18 06:02:33 --> Database Driver Class Initialized
DEBUG - 2025-06-18 06:02:33 --> Idgenerator class already loaded. Second attempt ignored.
INFO - 2025-06-18 06:02:33 --> Controller Class Initialized
DEBUG - 2025-06-18 06:02:33 --> File loaded: /apps/par-web/application/modules/app_auth/views/login_lte_template.php
DEBUG - 2025-06-18 06:02:33 --> File loaded: /apps/par-web/application/views/template_login_lte/header.php
DEBUG - 2025-06-18 06:02:33 --> File loaded: /apps/par-web/application/views/template_login_lte/contents.php
DEBUG - 2025-06-18 06:02:33 --> File loaded: /apps/par-web/application/views/template_login_lte/default.php
INFO - 2025-06-18 06:02:33 --> Final output sent to browser
DEBUG - 2025-06-18 06:02:33 --> Total execution time: 0.0071
INFO - 2025-06-18 10:41:24 --> Config Class Initialized
INFO - 2025-06-18 10:41:24 --> Hooks Class Initialized
DEBUG - 2025-06-18 10:41:24 --> UTF-8 Support Enabled
INFO - 2025-06-18 10:41:24 --> Utf8 Class Initialized
INFO - 2025-06-18 10:41:24 --> URI Class Initialized
INFO - 2025-06-18 10:41:24 --> Router Class Initialized
INFO - 2025-06-18 10:41:24 --> Output Class Initialized
INFO - 2025-06-18 10:41:24 --> Security Class Initialized
DEBUG - 2025-06-18 10:41:24 --> Global POST, GET and COOKIE data sanitized
INFO - 2025-06-18 10:41:24 --> Input Class Initialized
INFO - 2025-06-18 10:41:24 --> Language Class Initialized
INFO - 2025-06-18 10:41:24 --> Language Class Initialized
INFO - 2025-06-18 10:41:24 --> Config Class Initialized
INFO - 2025-06-18 10:41:24 --> Loader Class Initialized
INFO - 2025-06-18 10:41:24 --> Helper loaded: url_helper
INFO - 2025-06-18 10:41:24 --> Helper loaded: easyui_helper
INFO - 2025-06-18 10:41:24 --> Helper loaded: param_helper
INFO - 2025-06-18 10:41:24 --> Helper loaded: credential_helper
INFO - 2025-06-18 10:41:24 --> Helper loaded: template_helper
INFO - 2025-06-18 10:41:24 --> Helper loaded: rest_helper
INFO - 2025-06-18 10:41:25 --> Database Driver Class Initialized
DEBUG - 2025-06-18 10:41:25 --> Idgenerator class already loaded. Second attempt ignored.
INFO - 2025-06-18 10:41:25 --> Controller Class Initialized
INFO - 2025-06-18 10:41:25 --> Model Class Initialized
DEBUG - 2025-06-18 10:41:25 --> File loaded: /apps/par-web/application/modules/api_v1/models/Api_v1_model.php
INFO - 2025-06-18 10:41:25 --> Model Class Initialized
INFO - 2025-06-18 10:41:28 --> Final output sent to browser
DEBUG - 2025-06-18 10:41:28 --> Total execution time: 3.8055
INFO - 2025-06-18 20:35:05 --> Config Class Initialized
INFO - 2025-06-18 20:35:05 --> Hooks Class Initialized
DEBUG - 2025-06-18 20:35:05 --> UTF-8 Support Enabled
INFO - 2025-06-18 20:35:05 --> Utf8 Class Initialized
INFO - 2025-06-18 20:35:05 --> URI Class Initialized
DEBUG - 2025-06-18 20:35:05 --> No URI present. Default controller set.
INFO - 2025-06-18 20:35:05 --> Router Class Initialized
INFO - 2025-06-18 20:35:05 --> Output Class Initialized
INFO - 2025-06-18 20:35:05 --> Security Class Initialized
DEBUG - 2025-06-18 20:35:05 --> Global POST, GET and COOKIE data sanitized
INFO - 2025-06-18 20:35:05 --> Input Class Initialized
INFO - 2025-06-18 20:35:05 --> Language Class Initialized
INFO - 2025-06-18 20:35:05 --> Language Class Initialized
INFO - 2025-06-18 20:35:05 --> Config Class Initialized
INFO - 2025-06-18 20:35:05 --> Loader Class Initialized
INFO - 2025-06-18 20:35:05 --> Helper loaded: url_helper
INFO - 2025-06-18 20:35:05 --> Helper loaded: easyui_helper
INFO - 2025-06-18 20:35:05 --> Helper loaded: param_helper
INFO - 2025-06-18 20:35:05 --> Helper loaded: credential_helper
INFO - 2025-06-18 20:35:05 --> Helper loaded: template_helper
INFO - 2025-06-18 20:35:05 --> Helper loaded: rest_helper
INFO - 2025-06-18 20:35:05 --> Database Driver Class Initialized
DEBUG - 2025-06-18 20:35:05 --> Idgenerator class already loaded. Second attempt ignored.
INFO - 2025-06-18 20:35:05 --> Controller Class Initialized
DEBUG - 2025-06-18 20:35:05 --> File loaded: /apps/par-web/application/modules/app_auth/views/login_lte_template.php
DEBUG - 2025-06-18 20:35:05 --> File loaded: /apps/par-web/application/views/template_login_lte/header.php
DEBUG - 2025-06-18 20:35:05 --> File loaded: /apps/par-web/application/views/template_login_lte/contents.php
DEBUG - 2025-06-18 20:35:05 --> File loaded: /apps/par-web/application/views/template_login_lte/default.php
INFO - 2025-06-18 20:35:05 --> Final output sent to browser
DEBUG - 2025-06-18 20:35:05 --> Total execution time: 0.0509
INFO - 2025-06-18 20:35:06 --> Config Class Initialized
INFO - 2025-06-18 20:35:06 --> Hooks Class Initialized
DEBUG - 2025-06-18 20:35:06 --> UTF-8 Support Enabled
INFO - 2025-06-18 20:35:06 --> Utf8 Class Initialized
INFO - 2025-06-18 20:35:06 --> URI Class Initialized
INFO - 2025-06-18 20:35:06 --> Router Class Initialized
INFO - 2025-06-18 20:35:06 --> Output Class Initialized
INFO - 2025-06-18 20:35:06 --> Security Class Initialized
DEBUG - 2025-06-18 20:35:06 --> Global POST, GET and COOKIE data sanitized
INFO - 2025-06-18 20:35:06 --> Input Class Initialized
INFO - 2025-06-18 20:35:06 --> Language Class Initialized
ERROR - 2025-06-18 20:35:06 --> 404 Page Not Found: /index
INFO - 2025-06-18 20:35:06 --> Config Class Initialized
INFO - 2025-06-18 20:35:06 --> Hooks Class Initialized
DEBUG - 2025-06-18 20:35:06 --> UTF-8 Support Enabled
INFO - 2025-06-18 20:35:06 --> Utf8 Class Initialized
INFO - 2025-06-18 20:35:06 --> URI Class Initialized
INFO - 2025-06-18 20:35:06 --> Router Class Initialized
INFO - 2025-06-18 20:35:06 --> Output Class Initialized
INFO - 2025-06-18 20:35:06 --> Security Class Initialized
DEBUG - 2025-06-18 20:35:06 --> Global POST, GET and COOKIE data sanitized
INFO - 2025-06-18 20:35:06 --> Input Class Initialized
INFO - 2025-06-18 20:35:06 --> Language Class Initialized
ERROR - 2025-06-18 20:35:06 --> 404 Page Not Found: /index
INFO - 2025-06-18 20:36:59 --> Config Class Initialized
INFO - 2025-06-18 20:36:59 --> Hooks Class Initialized
DEBUG - 2025-06-18 20:36:59 --> UTF-8 Support Enabled
INFO - 2025-06-18 20:36:59 --> Utf8 Class Initialized
INFO - 2025-06-18 20:36:59 --> URI Class Initialized
DEBUG - 2025-06-18 20:36:59 --> No URI present. Default controller set.
INFO - 2025-06-18 20:36:59 --> Router Class Initialized
INFO - 2025-06-18 20:36:59 --> Output Class Initialized
INFO - 2025-06-18 20:36:59 --> Security Class Initialized
DEBUG - 2025-06-18 20:36:59 --> Global POST, GET and COOKIE data sanitized
INFO - 2025-06-18 20:36:59 --> Input Class Initialized
INFO - 2025-06-18 20:36:59 --> Language Class Initialized
INFO - 2025-06-18 20:36:59 --> Language Class Initialized
INFO - 2025-06-18 20:36:59 --> Config Class Initialized
INFO - 2025-06-18 20:36:59 --> Loader Class Initialized
INFO - 2025-06-18 20:36:59 --> Helper loaded: url_helper
INFO - 2025-06-18 20:36:59 --> Helper loaded: easyui_helper
INFO - 2025-06-18 20:36:59 --> Helper loaded: param_helper
INFO - 2025-06-18 20:36:59 --> Helper loaded: credential_helper
INFO - 2025-06-18 20:36:59 --> Helper loaded: template_helper
INFO - 2025-06-18 20:36:59 --> Helper loaded: rest_helper
INFO - 2025-06-18 20:36:59 --> Database Driver Class Initialized
DEBUG - 2025-06-18 20:36:59 --> Idgenerator class already loaded. Second attempt ignored.
INFO - 2025-06-18 20:36:59 --> Controller Class Initialized
DEBUG - 2025-06-18 20:36:59 --> File loaded: /apps/par-web/application/modules/app_auth/views/login_lte_template.php
DEBUG - 2025-06-18 20:36:59 --> File loaded: /apps/par-web/application/views/template_login_lte/header.php
DEBUG - 2025-06-18 20:36:59 --> File loaded: /apps/par-web/application/views/template_login_lte/contents.php
DEBUG - 2025-06-18 20:36:59 --> File loaded: /apps/par-web/application/views/template_login_lte/default.php
INFO - 2025-06-18 20:36:59 --> Final output sent to browser
DEBUG - 2025-06-18 20:36:59 --> Total execution time: 0.0039
INFO - 2025-06-18 20:37:00 --> Config Class Initialized
INFO - 2025-06-18 20:37:00 --> Hooks Class Initialized
DEBUG - 2025-06-18 20:37:00 --> UTF-8 Support Enabled
INFO - 2025-06-18 20:37:00 --> Utf8 Class Initialized
INFO - 2025-06-18 20:37:00 --> URI Class Initialized
INFO - 2025-06-18 20:37:00 --> Router Class Initialized
INFO - 2025-06-18 20:37:00 --> Output Class Initialized
INFO - 2025-06-18 20:37:00 --> Security Class Initialized
DEBUG - 2025-06-18 20:37:00 --> Global POST, GET and COOKIE data sanitized
INFO - 2025-06-18 20:37:00 --> Input Class Initialized
INFO - 2025-06-18 20:37:00 --> Language Class Initialized
ERROR - 2025-06-18 20:37:00 --> 404 Page Not Found: /index
INFO - 2025-06-18 20:37:02 --> Config Class Initialized
INFO - 2025-06-18 20:37:02 --> Hooks Class Initialized
DEBUG - 2025-06-18 20:37:02 --> UTF-8 Support Enabled
INFO - 2025-06-18 20:37:02 --> Utf8 Class Initialized
INFO - 2025-06-18 20:37:02 --> URI Class Initialized
INFO - 2025-06-18 20:37:02 --> Router Class Initialized
INFO - 2025-06-18 20:37:02 --> Output Class Initialized
INFO - 2025-06-18 20:37:02 --> Security Class Initialized
DEBUG - 2025-06-18 20:37:02 --> Global POST, GET and COOKIE data sanitized
INFO - 2025-06-18 20:37:02 --> Input Class Initialized
INFO - 2025-06-18 20:37:02 --> Language Class Initialized
INFO - 2025-06-18 20:37:02 --> Language Class Initialized
INFO - 2025-06-18 20:37:02 --> Config Class Initialized
INFO - 2025-06-18 20:37:02 --> Loader Class Initialized
INFO - 2025-06-18 20:37:02 --> Helper loaded: url_helper
INFO - 2025-06-18 20:37:02 --> Helper loaded: easyui_helper
INFO - 2025-06-18 20:37:02 --> Helper loaded: param_helper
INFO - 2025-06-18 20:37:02 --> Helper loaded: credential_helper
INFO - 2025-06-18 20:37:02 --> Helper loaded: template_helper
INFO - 2025-06-18 20:37:02 --> Helper loaded: rest_helper
INFO - 2025-06-18 20:37:02 --> Database Driver Class Initialized
DEBUG - 2025-06-18 20:37:02 --> Idgenerator class already loaded. Second attempt ignored.
INFO - 2025-06-18 20:37:02 --> Controller Class Initialized
INFO - 2025-06-18 20:37:02 --> Final output sent to browser
DEBUG - 2025-06-18 20:37:02 --> Total execution time: 0.0212
INFO - 2025-06-18 20:37:03 --> Config Class Initialized
INFO - 2025-06-18 20:37:03 --> Hooks Class Initialized
DEBUG - 2025-06-18 20:37:03 --> UTF-8 Support Enabled
INFO - 2025-06-18 20:37:03 --> Utf8 Class Initialized
INFO - 2025-06-18 20:37:03 --> URI Class Initialized
INFO - 2025-06-18 20:37:03 --> Router Class Initialized
INFO - 2025-06-18 20:37:03 --> Output Class Initialized
INFO - 2025-06-18 20:37:03 --> Security Class Initialized
DEBUG - 2025-06-18 20:37:03 --> Global POST, GET and COOKIE data sanitized
INFO - 2025-06-18 20:37:03 --> Input Class Initialized
INFO - 2025-06-18 20:37:03 --> Language Class Initialized
INFO - 2025-06-18 20:37:03 --> Language Class Initialized
INFO - 2025-06-18 20:37:03 --> Config Class Initialized
INFO - 2025-06-18 20:37:03 --> Loader Class Initialized
INFO - 2025-06-18 20:37:03 --> Helper loaded: url_helper
INFO - 2025-06-18 20:37:03 --> Helper loaded: easyui_helper
INFO - 2025-06-18 20:37:03 --> Helper loaded: param_helper
INFO - 2025-06-18 20:37:03 --> Helper loaded: credential_helper
INFO - 2025-06-18 20:37:03 --> Helper loaded: template_helper
INFO - 2025-06-18 20:37:03 --> Helper loaded: rest_helper
INFO - 2025-06-18 20:37:03 --> Database Driver Class Initialized
DEBUG - 2025-06-18 20:37:03 --> Idgenerator class already loaded. Second attempt ignored.
INFO - 2025-06-18 20:37:03 --> Controller Class Initialized
INFO - 2025-06-18 20:37:03 --> Model Class Initialized
DEBUG - 2025-06-18 20:37:03 --> File loaded: /apps/par-web/application/modules/app_dashboard/models/App_dashboard_model.php
INFO - 2025-06-18 20:37:03 --> Model Class Initialized
DEBUG - 2025-06-18 20:37:03 --> File loaded: /apps/par-web/application/modules/app_dashboard/views/content.php
DEBUG - 2025-06-18 20:37:03 --> File loaded: /apps/par-web/application/views/templates/header.php
DEBUG - 2025-06-18 20:37:03 --> File loaded: /apps/par-web/application/views/templates/toolbar.php
DEBUG - 2025-06-18 20:37:03 --> File loaded: /apps/par-web/application/views/templates/sidebar.php
DEBUG - 2025-06-18 20:37:03 --> File loaded: /apps/par-web/application/views/templates/contents.php
DEBUG - 2025-06-18 20:37:03 --> File loaded: /apps/par-web/application/views/templates/content_footer.php
DEBUG - 2025-06-18 20:37:03 --> File loaded: /apps/par-web/application/views/templates/footer.php
DEBUG - 2025-06-18 20:37:03 --> File loaded: /apps/par-web/application/views/templates/default.php
INFO - 2025-06-18 20:37:03 --> Final output sent to browser
DEBUG - 2025-06-18 20:37:03 --> Total execution time: 0.0274
INFO - 2025-06-18 20:37:04 --> Config Class Initialized
INFO - 2025-06-18 20:37:04 --> Hooks Class Initialized
DEBUG - 2025-06-18 20:37:04 --> UTF-8 Support Enabled
INFO - 2025-06-18 20:37:04 --> Utf8 Class Initialized
INFO - 2025-06-18 20:37:04 --> URI Class Initialized
INFO - 2025-06-18 20:37:04 --> Router Class Initialized
INFO - 2025-06-18 20:37:04 --> Output Class Initialized
INFO - 2025-06-18 20:37:04 --> Security Class Initialized
DEBUG - 2025-06-18 20:37:04 --> Global POST, GET and COOKIE data sanitized
INFO - 2025-06-18 20:37:04 --> Input Class Initialized
INFO - 2025-06-18 20:37:04 --> Language Class Initialized
INFO - 2025-06-18 20:37:04 --> Language Class Initialized
INFO - 2025-06-18 20:37:04 --> Config Class Initialized
INFO - 2025-06-18 20:37:04 --> Loader Class Initialized
INFO - 2025-06-18 20:37:04 --> Helper loaded: url_helper
INFO - 2025-06-18 20:37:04 --> Helper loaded: easyui_helper
INFO - 2025-06-18 20:37:04 --> Helper loaded: param_helper
INFO - 2025-06-18 20:37:04 --> Helper loaded: credential_helper
INFO - 2025-06-18 20:37:04 --> Helper loaded: template_helper
INFO - 2025-06-18 20:37:04 --> Helper loaded: rest_helper
INFO - 2025-06-18 20:37:04 --> Database Driver Class Initialized
DEBUG - 2025-06-18 20:37:04 --> Idgenerator class already loaded. Second attempt ignored.
INFO - 2025-06-18 20:37:04 --> Controller Class Initialized
INFO - 2025-06-18 20:37:04 --> Model Class Initialized
DEBUG - 2025-06-18 20:37:04 --> File loaded: /apps/par-web/application/modules/app_dashboard/models/App_dashboard_model.php
INFO - 2025-06-18 20:37:04 --> Model Class Initialized
INFO - 2025-06-18 20:37:04 --> Final output sent to browser
DEBUG - 2025-06-18 20:37:04 --> Total execution time: 0.0180
INFO - 2025-06-18 20:37:04 --> Config Class Initialized
INFO - 2025-06-18 20:37:04 --> Hooks Class Initialized
DEBUG - 2025-06-18 20:37:04 --> UTF-8 Support Enabled
INFO - 2025-06-18 20:37:04 --> Utf8 Class Initialized
INFO - 2025-06-18 20:37:04 --> URI Class Initialized
INFO - 2025-06-18 20:37:04 --> Router Class Initialized
INFO - 2025-06-18 20:37:04 --> Output Class Initialized
INFO - 2025-06-18 20:37:04 --> Security Class Initialized
DEBUG - 2025-06-18 20:37:04 --> Global POST, GET and COOKIE data sanitized
INFO - 2025-06-18 20:37:04 --> Input Class Initialized
INFO - 2025-06-18 20:37:04 --> Language Class Initialized
INFO - 2025-06-18 20:37:04 --> Language Class Initialized
INFO - 2025-06-18 20:37:04 --> Config Class Initialized
INFO - 2025-06-18 20:37:04 --> Loader Class Initialized
INFO - 2025-06-18 20:37:04 --> Helper loaded: url_helper
INFO - 2025-06-18 20:37:04 --> Helper loaded: easyui_helper
INFO - 2025-06-18 20:37:04 --> Helper loaded: param_helper
INFO - 2025-06-18 20:37:04 --> Helper loaded: credential_helper
INFO - 2025-06-18 20:37:04 --> Helper loaded: template_helper
INFO - 2025-06-18 20:37:04 --> Helper loaded: rest_helper
INFO - 2025-06-18 20:37:04 --> Database Driver Class Initialized
DEBUG - 2025-06-18 20:37:04 --> Idgenerator class already loaded. Second attempt ignored.
INFO - 2025-06-18 20:37:04 --> Controller Class Initialized
INFO - 2025-06-18 20:37:04 --> Model Class Initialized
DEBUG - 2025-06-18 20:37:04 --> File loaded: /apps/par-web/application/modules/api_v1/models/Api_v1_model.php
INFO - 2025-06-18 20:37:04 --> Model Class Initialized
INFO - 2025-06-18 20:37:04 --> Final output sent to browser
DEBUG - 2025-06-18 20:37:04 --> Total execution time: 0.0047
INFO - 2025-06-18 20:57:39 --> Config Class Initialized
INFO - 2025-06-18 20:57:39 --> Hooks Class Initialized
DEBUG - 2025-06-18 20:57:39 --> UTF-8 Support Enabled
INFO - 2025-06-18 20:57:39 --> Utf8 Class Initialized
INFO - 2025-06-18 20:57:39 --> URI Class Initialized
DEBUG - 2025-06-18 20:57:39 --> No URI present. Default controller set.
INFO - 2025-06-18 20:57:39 --> Router Class Initialized
INFO - 2025-06-18 20:57:39 --> Output Class Initialized
INFO - 2025-06-18 20:57:39 --> Security Class Initialized
DEBUG - 2025-06-18 20:57:39 --> Global POST, GET and COOKIE data sanitized
INFO - 2025-06-18 20:57:39 --> Input Class Initialized
INFO - 2025-06-18 20:57:39 --> Language Class Initialized
INFO - 2025-06-18 20:57:39 --> Language Class Initialized
INFO - 2025-06-18 20:57:39 --> Config Class Initialized
INFO - 2025-06-18 20:57:39 --> Loader Class Initialized
INFO - 2025-06-18 20:57:39 --> Helper loaded: url_helper
INFO - 2025-06-18 20:57:39 --> Helper loaded: easyui_helper
INFO - 2025-06-18 20:57:39 --> Helper loaded: param_helper
INFO - 2025-06-18 20:57:39 --> Helper loaded: credential_helper
INFO - 2025-06-18 20:57:39 --> Helper loaded: template_helper
INFO - 2025-06-18 20:57:39 --> Helper loaded: rest_helper
INFO - 2025-06-18 20:57:39 --> Database Driver Class Initialized
DEBUG - 2025-06-18 20:57:39 --> Idgenerator class already loaded. Second attempt ignored.
INFO - 2025-06-18 20:57:39 --> Controller Class Initialized
DEBUG - 2025-06-18 20:57:39 --> File loaded: /apps/par-web/application/modules/app_auth/views/login_lte_template.php
DEBUG - 2025-06-18 20:57:39 --> File loaded: /apps/par-web/application/views/template_login_lte/header.php
DEBUG - 2025-06-18 20:57:39 --> File loaded: /apps/par-web/application/views/template_login_lte/contents.php
DEBUG - 2025-06-18 20:57:39 --> File loaded: /apps/par-web/application/views/template_login_lte/default.php
INFO - 2025-06-18 20:57:39 --> Final output sent to browser
DEBUG - 2025-06-18 20:57:39 --> Total execution time: 0.0077
INFO - 2025-06-18 20:57:39 --> Config Class Initialized
INFO - 2025-06-18 20:57:39 --> Hooks Class Initialized
DEBUG - 2025-06-18 20:57:39 --> UTF-8 Support Enabled
INFO - 2025-06-18 20:57:39 --> Utf8 Class Initialized
INFO - 2025-06-18 20:57:39 --> URI Class Initialized
INFO - 2025-06-18 20:57:39 --> Router Class Initialized
INFO - 2025-06-18 20:57:39 --> Output Class Initialized
INFO - 2025-06-18 20:57:39 --> Security Class Initialized
DEBUG - 2025-06-18 20:57:39 --> Global POST, GET and COOKIE data sanitized
INFO - 2025-06-18 20:57:39 --> Input Class Initialized
INFO - 2025-06-18 20:57:39 --> Language Class Initialized
ERROR - 2025-06-18 20:57:39 --> 404 Page Not Found: /index
INFO - 2025-06-18 20:57:40 --> Config Class Initialized
INFO - 2025-06-18 20:57:40 --> Hooks Class Initialized
DEBUG - 2025-06-18 20:57:40 --> UTF-8 Support Enabled
INFO - 2025-06-18 20:57:40 --> Utf8 Class Initialized
INFO - 2025-06-18 20:57:40 --> URI Class Initialized
INFO - 2025-06-18 20:57:40 --> Router Class Initialized
INFO - 2025-06-18 20:57:40 --> Output Class Initialized
INFO - 2025-06-18 20:57:40 --> Security Class Initialized
DEBUG - 2025-06-18 20:57:40 --> Global POST, GET and COOKIE data sanitized
INFO - 2025-06-18 20:57:40 --> Input Class Initialized
INFO - 2025-06-18 20:57:40 --> Language Class Initialized
INFO - 2025-06-18 20:57:40 --> Language Class Initialized
INFO - 2025-06-18 20:57:40 --> Config Class Initialized
INFO - 2025-06-18 20:57:40 --> Loader Class Initialized
INFO - 2025-06-18 20:57:40 --> Helper loaded: url_helper
INFO - 2025-06-18 20:57:40 --> Helper loaded: easyui_helper
INFO - 2025-06-18 20:57:40 --> Helper loaded: param_helper
INFO - 2025-06-18 20:57:40 --> Helper loaded: credential_helper
INFO - 2025-06-18 20:57:40 --> Helper loaded: template_helper
INFO - 2025-06-18 20:57:40 --> Helper loaded: rest_helper
INFO - 2025-06-18 20:57:40 --> Database Driver Class Initialized
DEBUG - 2025-06-18 20:57:40 --> Idgenerator class already loaded. Second attempt ignored.
INFO - 2025-06-18 20:57:40 --> Controller Class Initialized
INFO - 2025-06-18 20:57:40 --> Final output sent to browser
DEBUG - 2025-06-18 20:57:40 --> Total execution time: 0.0059
INFO - 2025-06-18 20:57:41 --> Config Class Initialized
INFO - 2025-06-18 20:57:41 --> Hooks Class Initialized
DEBUG - 2025-06-18 20:57:41 --> UTF-8 Support Enabled
INFO - 2025-06-18 20:57:41 --> Utf8 Class Initialized
INFO - 2025-06-18 20:57:41 --> URI Class Initialized
INFO - 2025-06-18 20:57:41 --> Router Class Initialized
INFO - 2025-06-18 20:57:41 --> Output Class Initialized
INFO - 2025-06-18 20:57:41 --> Security Class Initialized
DEBUG - 2025-06-18 20:57:41 --> Global POST, GET and COOKIE data sanitized
INFO - 2025-06-18 20:57:41 --> Input Class Initialized
INFO - 2025-06-18 20:57:41 --> Language Class Initialized
INFO - 2025-06-18 20:57:41 --> Language Class Initialized
INFO - 2025-06-18 20:57:41 --> Config Class Initialized
INFO - 2025-06-18 20:57:41 --> Loader Class Initialized
INFO - 2025-06-18 20:57:41 --> Helper loaded: url_helper
INFO - 2025-06-18 20:57:41 --> Helper loaded: easyui_helper
INFO - 2025-06-18 20:57:41 --> Helper loaded: param_helper
INFO - 2025-06-18 20:57:41 --> Helper loaded: credential_helper
INFO - 2025-06-18 20:57:41 --> Helper loaded: template_helper
INFO - 2025-06-18 20:57:41 --> Helper loaded: rest_helper
INFO - 2025-06-18 20:57:41 --> Database Driver Class Initialized
DEBUG - 2025-06-18 20:57:41 --> Idgenerator class already loaded. Second attempt ignored.
INFO - 2025-06-18 20:57:41 --> Controller Class Initialized
INFO - 2025-06-18 20:57:41 --> Model Class Initialized
DEBUG - 2025-06-18 20:57:41 --> File loaded: /apps/par-web/application/modules/app_dashboard/models/App_dashboard_model.php
INFO - 2025-06-18 20:57:41 --> Model Class Initialized
DEBUG - 2025-06-18 20:57:41 --> File loaded: /apps/par-web/application/modules/app_dashboard/views/content.php
DEBUG - 2025-06-18 20:57:41 --> File loaded: /apps/par-web/application/views/templates/header.php
DEBUG - 2025-06-18 20:57:41 --> File loaded: /apps/par-web/application/views/templates/toolbar.php
DEBUG - 2025-06-18 20:57:41 --> File loaded: /apps/par-web/application/views/templates/sidebar.php
DEBUG - 2025-06-18 20:57:41 --> File loaded: /apps/par-web/application/views/templates/contents.php
DEBUG - 2025-06-18 20:57:41 --> File loaded: /apps/par-web/application/views/templates/content_footer.php
DEBUG - 2025-06-18 20:57:41 --> File loaded: /apps/par-web/application/views/templates/footer.php
DEBUG - 2025-06-18 20:57:41 --> File loaded: /apps/par-web/application/views/templates/default.php
INFO - 2025-06-18 20:57:41 --> Final output sent to browser
DEBUG - 2025-06-18 20:57:41 --> Total execution time: 0.0065
INFO - 2025-06-18 20:57:41 --> Config Class Initialized
INFO - 2025-06-18 20:57:41 --> Hooks Class Initialized
DEBUG - 2025-06-18 20:57:41 --> UTF-8 Support Enabled
INFO - 2025-06-18 20:57:41 --> Utf8 Class Initialized
INFO - 2025-06-18 20:57:41 --> URI Class Initialized
INFO - 2025-06-18 20:57:41 --> Router Class Initialized
INFO - 2025-06-18 20:57:41 --> Output Class Initialized
INFO - 2025-06-18 20:57:41 --> Security Class Initialized
DEBUG - 2025-06-18 20:57:41 --> Global POST, GET and COOKIE data sanitized
INFO - 2025-06-18 20:57:41 --> Input Class Initialized
INFO - 2025-06-18 20:57:41 --> Language Class Initialized
INFO - 2025-06-18 20:57:41 --> Language Class Initialized
INFO - 2025-06-18 20:57:41 --> Config Class Initialized
INFO - 2025-06-18 20:57:41 --> Loader Class Initialized
INFO - 2025-06-18 20:57:41 --> Helper loaded: url_helper
INFO - 2025-06-18 20:57:41 --> Helper loaded: easyui_helper
INFO - 2025-06-18 20:57:41 --> Helper loaded: param_helper
INFO - 2025-06-18 20:57:41 --> Helper loaded: credential_helper
INFO - 2025-06-18 20:57:41 --> Helper loaded: template_helper
INFO - 2025-06-18 20:57:41 --> Helper loaded: rest_helper
INFO - 2025-06-18 20:57:41 --> Database Driver Class Initialized
DEBUG - 2025-06-18 20:57:41 --> Idgenerator class already loaded. Second attempt ignored.
INFO - 2025-06-18 20:57:41 --> Controller Class Initialized
INFO - 2025-06-18 20:57:41 --> Model Class Initialized
DEBUG - 2025-06-18 20:57:41 --> File loaded: /apps/par-web/application/modules/app_dashboard/models/App_dashboard_model.php
INFO - 2025-06-18 20:57:41 --> Model Class Initialized
INFO - 2025-06-18 20:57:41 --> Final output sent to browser
DEBUG - 2025-06-18 20:57:41 --> Total execution time: 0.0109
INFO - 2025-06-18 20:57:41 --> Config Class Initialized
INFO - 2025-06-18 20:57:41 --> Hooks Class Initialized
DEBUG - 2025-06-18 20:57:41 --> UTF-8 Support Enabled
INFO - 2025-06-18 20:57:41 --> Utf8 Class Initialized
INFO - 2025-06-18 20:57:41 --> URI Class Initialized
INFO - 2025-06-18 20:57:41 --> Router Class Initialized
INFO - 2025-06-18 20:57:41 --> Output Class Initialized
INFO - 2025-06-18 20:57:41 --> Security Class Initialized
DEBUG - 2025-06-18 20:57:41 --> Global POST, GET and COOKIE data sanitized
INFO - 2025-06-18 20:57:41 --> Input Class Initialized
INFO - 2025-06-18 20:57:41 --> Language Class Initialized
INFO - 2025-06-18 20:57:41 --> Language Class Initialized
INFO - 2025-06-18 20:57:41 --> Config Class Initialized
INFO - 2025-06-18 20:57:41 --> Loader Class Initialized
INFO - 2025-06-18 20:57:41 --> Helper loaded: url_helper
INFO - 2025-06-18 20:57:41 --> Helper loaded: easyui_helper
INFO - 2025-06-18 20:57:41 --> Helper loaded: param_helper
INFO - 2025-06-18 20:57:41 --> Helper loaded: credential_helper
INFO - 2025-06-18 20:57:41 --> Helper loaded: template_helper
INFO - 2025-06-18 20:57:41 --> Helper loaded: rest_helper
INFO - 2025-06-18 20:57:41 --> Database Driver Class Initialized
DEBUG - 2025-06-18 20:57:41 --> Idgenerator class already loaded. Second attempt ignored.
INFO - 2025-06-18 20:57:41 --> Controller Class Initialized
INFO - 2025-06-18 20:57:41 --> Model Class Initialized
DEBUG - 2025-06-18 20:57:41 --> File loaded: /apps/par-web/application/modules/api_v1/models/Api_v1_model.php
INFO - 2025-06-18 20:57:41 --> Model Class Initialized
INFO - 2025-06-18 20:57:41 --> Final output sent to browser
DEBUG - 2025-06-18 20:57:41 --> Total execution time: 0.0032
INFO - 2025-06-18 20:57:56 --> Config Class Initialized
INFO - 2025-06-18 20:57:56 --> Hooks Class Initialized
DEBUG - 2025-06-18 20:57:56 --> UTF-8 Support Enabled
INFO - 2025-06-18 20:57:56 --> Utf8 Class Initialized
INFO - 2025-06-18 20:57:56 --> URI Class Initialized
INFO - 2025-06-18 20:57:56 --> Router Class Initialized
INFO - 2025-06-18 20:57:56 --> Output Class Initialized
INFO - 2025-06-18 20:57:56 --> Security Class Initialized
DEBUG - 2025-06-18 20:57:56 --> Global POST, GET and COOKIE data sanitized
INFO - 2025-06-18 20:57:56 --> Input Class Initialized
INFO - 2025-06-18 20:57:56 --> Language Class Initialized
INFO - 2025-06-18 20:57:56 --> Language Class Initialized
INFO - 2025-06-18 20:57:56 --> Config Class Initialized
INFO - 2025-06-18 20:57:56 --> Loader Class Initialized
INFO - 2025-06-18 20:57:56 --> Helper loaded: url_helper
INFO - 2025-06-18 20:57:56 --> Helper loaded: easyui_helper
INFO - 2025-06-18 20:57:56 --> Helper loaded: param_helper
INFO - 2025-06-18 20:57:56 --> Helper loaded: credential_helper
INFO - 2025-06-18 20:57:56 --> Helper loaded: template_helper
INFO - 2025-06-18 20:57:56 --> Helper loaded: rest_helper
INFO - 2025-06-18 20:57:56 --> Database Driver Class Initialized
DEBUG - 2025-06-18 20:57:56 --> Idgenerator class already loaded. Second attempt ignored.
INFO - 2025-06-18 20:57:56 --> Controller Class Initialized
INFO - 2025-06-18 20:57:56 --> Model Class Initialized
DEBUG - 2025-06-18 20:57:56 --> File loaded: /apps/par-web/application/modules/app_dashboard/models/App_dashboard_model.php
INFO - 2025-06-18 20:57:56 --> Model Class Initialized
INFO - 2025-06-18 20:57:56 --> Final output sent to browser
DEBUG - 2025-06-18 20:57:56 --> Total execution time: 0.0308
INFO - 2025-06-18 20:57:59 --> Config Class Initialized
INFO - 2025-06-18 20:57:59 --> Hooks Class Initialized
DEBUG - 2025-06-18 20:57:59 --> UTF-8 Support Enabled
INFO - 2025-06-18 20:57:59 --> Utf8 Class Initialized
INFO - 2025-06-18 20:57:59 --> URI Class Initialized
INFO - 2025-06-18 20:57:59 --> Router Class Initialized
INFO - 2025-06-18 20:57:59 --> Output Class Initialized
INFO - 2025-06-18 20:57:59 --> Security Class Initialized
DEBUG - 2025-06-18 20:57:59 --> Global POST, GET and COOKIE data sanitized
INFO - 2025-06-18 20:57:59 --> Input Class Initialized
INFO - 2025-06-18 20:57:59 --> Language Class Initialized
INFO - 2025-06-18 20:57:59 --> Language Class Initialized
INFO - 2025-06-18 20:57:59 --> Config Class Initialized
INFO - 2025-06-18 20:57:59 --> Loader Class Initialized
INFO - 2025-06-18 20:57:59 --> Helper loaded: url_helper
INFO - 2025-06-18 20:57:59 --> Helper loaded: easyui_helper
INFO - 2025-06-18 20:57:59 --> Helper loaded: param_helper
INFO - 2025-06-18 20:57:59 --> Helper loaded: credential_helper
INFO - 2025-06-18 20:57:59 --> Helper loaded: template_helper
INFO - 2025-06-18 20:57:59 --> Helper loaded: rest_helper
INFO - 2025-06-18 20:57:59 --> Database Driver Class Initialized
DEBUG - 2025-06-18 20:57:59 --> Idgenerator class already loaded. Second attempt ignored.
INFO - 2025-06-18 20:57:59 --> Controller Class Initialized
INFO - 2025-06-18 20:57:59 --> Model Class Initialized
DEBUG - 2025-06-18 20:57:59 --> File loaded: /apps/par-web/application/modules/rep_return_detector/models/Rep_return_detector_model.php
INFO - 2025-06-18 20:57:59 --> Model Class Initialized
DEBUG - 2025-06-18 20:57:59 --> File loaded: /apps/par-web/application/modules/rep_return_detector/views/form.php
DEBUG - 2025-06-18 20:57:59 --> File loaded: /apps/par-web/application/views/templates/header.php
DEBUG - 2025-06-18 20:57:59 --> File loaded: /apps/par-web/application/views/templates/toolbar.php
DEBUG - 2025-06-18 20:57:59 --> File loaded: /apps/par-web/application/views/templates/sidebar.php
DEBUG - 2025-06-18 20:57:59 --> File loaded: /apps/par-web/application/views/templates/contents.php
DEBUG - 2025-06-18 20:57:59 --> File loaded: /apps/par-web/application/views/templates/content_footer.php
DEBUG - 2025-06-18 20:57:59 --> File loaded: /apps/par-web/application/views/templates/footer.php
DEBUG - 2025-06-18 20:57:59 --> File loaded: /apps/par-web/application/views/templates/default.php
INFO - 2025-06-18 20:57:59 --> Final output sent to browser
DEBUG - 2025-06-18 20:57:59 --> Total execution time: 0.0202
INFO - 2025-06-18 20:58:00 --> Config Class Initialized
INFO - 2025-06-18 20:58:00 --> Hooks Class Initialized
DEBUG - 2025-06-18 20:58:00 --> UTF-8 Support Enabled
INFO - 2025-06-18 20:58:00 --> Utf8 Class Initialized
INFO - 2025-06-18 20:58:00 --> URI Class Initialized
INFO - 2025-06-18 20:58:00 --> Router Class Initialized
INFO - 2025-06-18 20:58:00 --> Output Class Initialized
INFO - 2025-06-18 20:58:00 --> Security Class Initialized
DEBUG - 2025-06-18 20:58:00 --> Global POST, GET and COOKIE data sanitized
INFO - 2025-06-18 20:58:00 --> Input Class Initialized
INFO - 2025-06-18 20:58:00 --> Language Class Initialized
INFO - 2025-06-18 20:58:00 --> Language Class Initialized
INFO - 2025-06-18 20:58:00 --> Config Class Initialized
INFO - 2025-06-18 20:58:00 --> Loader Class Initialized
INFO - 2025-06-18 20:58:00 --> Helper loaded: url_helper
INFO - 2025-06-18 20:58:00 --> Helper loaded: easyui_helper
INFO - 2025-06-18 20:58:00 --> Helper loaded: param_helper
INFO - 2025-06-18 20:58:00 --> Helper loaded: credential_helper
INFO - 2025-06-18 20:58:00 --> Helper loaded: template_helper
INFO - 2025-06-18 20:58:00 --> Helper loaded: rest_helper
INFO - 2025-06-18 20:58:00 --> Database Driver Class Initialized
DEBUG - 2025-06-18 20:58:00 --> Idgenerator class already loaded. Second attempt ignored.
INFO - 2025-06-18 20:58:00 --> Controller Class Initialized
INFO - 2025-06-18 20:58:00 --> Model Class Initialized
DEBUG - 2025-06-18 20:58:00 --> File loaded: /apps/par-web/application/modules/api_v1/models/Api_v1_model.php
INFO - 2025-06-18 20:58:00 --> Model Class Initialized
INFO - 2025-06-18 20:58:00 --> Final output sent to browser
DEBUG - 2025-06-18 20:58:00 --> Total execution time: 0.0058
INFO - 2025-06-18 20:58:01 --> Config Class Initialized
INFO - 2025-06-18 20:58:01 --> Hooks Class Initialized
DEBUG - 2025-06-18 20:58:01 --> UTF-8 Support Enabled
INFO - 2025-06-18 20:58:01 --> Utf8 Class Initialized
INFO - 2025-06-18 20:58:01 --> URI Class Initialized
INFO - 2025-06-18 20:58:01 --> Router Class Initialized
INFO - 2025-06-18 20:58:01 --> Output Class Initialized
INFO - 2025-06-18 20:58:01 --> Security Class Initialized
DEBUG - 2025-06-18 20:58:01 --> Global POST, GET and COOKIE data sanitized
INFO - 2025-06-18 20:58:01 --> Input Class Initialized
INFO - 2025-06-18 20:58:01 --> Language Class Initialized
INFO - 2025-06-18 20:58:01 --> Language Class Initialized
INFO - 2025-06-18 20:58:01 --> Config Class Initialized
INFO - 2025-06-18 20:58:01 --> Loader Class Initialized
INFO - 2025-06-18 20:58:01 --> Helper loaded: url_helper
INFO - 2025-06-18 20:58:01 --> Helper loaded: easyui_helper
INFO - 2025-06-18 20:58:01 --> Helper loaded: param_helper
INFO - 2025-06-18 20:58:01 --> Helper loaded: credential_helper
INFO - 2025-06-18 20:58:01 --> Helper loaded: template_helper
INFO - 2025-06-18 20:58:01 --> Helper loaded: rest_helper
INFO - 2025-06-18 20:58:01 --> Database Driver Class Initialized
DEBUG - 2025-06-18 20:58:01 --> Idgenerator class already loaded. Second attempt ignored.
INFO - 2025-06-18 20:58:01 --> Controller Class Initialized
INFO - 2025-06-18 20:58:01 --> Model Class Initialized
DEBUG - 2025-06-18 20:58:01 --> File loaded: /apps/par-web/application/modules/drc_dashboard/models/Drc_dashboard_model.php
INFO - 2025-06-18 20:58:01 --> Model Class Initialized
DEBUG - 2025-06-18 20:58:01 --> File loaded: /apps/par-web/application/modules/drc_dashboard/views/form.php
DEBUG - 2025-06-18 20:58:01 --> File loaded: /apps/par-web/application/views/templates/header.php
DEBUG - 2025-06-18 20:58:01 --> File loaded: /apps/par-web/application/views/templates/toolbar.php
DEBUG - 2025-06-18 20:58:01 --> File loaded: /apps/par-web/application/views/templates/sidebar.php
DEBUG - 2025-06-18 20:58:01 --> File loaded: /apps/par-web/application/views/templates/contents.php
DEBUG - 2025-06-18 20:58:01 --> File loaded: /apps/par-web/application/views/templates/content_footer.php
DEBUG - 2025-06-18 20:58:01 --> File loaded: /apps/par-web/application/views/templates/footer.php
DEBUG - 2025-06-18 20:58:01 --> File loaded: /apps/par-web/application/views/templates/default.php
INFO - 2025-06-18 20:58:01 --> Final output sent to browser
DEBUG - 2025-06-18 20:58:01 --> Total execution time: 0.0479
INFO - 2025-06-18 20:58:06 --> Config Class Initialized
INFO - 2025-06-18 20:58:06 --> Hooks Class Initialized
DEBUG - 2025-06-18 20:58:06 --> UTF-8 Support Enabled
INFO - 2025-06-18 20:58:06 --> Utf8 Class Initialized
INFO - 2025-06-18 20:58:06 --> URI Class Initialized
INFO - 2025-06-18 20:58:06 --> Router Class Initialized
INFO - 2025-06-18 20:58:06 --> Output Class Initialized
INFO - 2025-06-18 20:58:06 --> Security Class Initialized
DEBUG - 2025-06-18 20:58:06 --> Global POST, GET and COOKIE data sanitized
INFO - 2025-06-18 20:58:06 --> Input Class Initialized
INFO - 2025-06-18 20:58:06 --> Language Class Initialized
INFO - 2025-06-18 20:58:06 --> Language Class Initialized
INFO - 2025-06-18 20:58:06 --> Config Class Initialized
INFO - 2025-06-18 20:58:06 --> Loader Class Initialized
INFO - 2025-06-18 20:58:06 --> Helper loaded: url_helper
INFO - 2025-06-18 20:58:06 --> Helper loaded: easyui_helper
INFO - 2025-06-18 20:58:06 --> Helper loaded: param_helper
INFO - 2025-06-18 20:58:06 --> Helper loaded: credential_helper
INFO - 2025-06-18 20:58:06 --> Helper loaded: template_helper
INFO - 2025-06-18 20:58:06 --> Helper loaded: rest_helper
INFO - 2025-06-18 20:58:06 --> Database Driver Class Initialized
DEBUG - 2025-06-18 20:58:06 --> Idgenerator class already loaded. Second attempt ignored.
INFO - 2025-06-18 20:58:06 --> Controller Class Initialized
INFO - 2025-06-18 20:58:06 --> Model Class Initialized
DEBUG - 2025-06-18 20:58:06 --> File loaded: /apps/par-web/application/modules/ref_customer/models/Customer_model.php
INFO - 2025-06-18 20:58:06 --> Model Class Initialized
DEBUG - 2025-06-18 20:58:06 --> File loaded: /apps/par-web/application/modules/ref_customer/views/content.php
DEBUG - 2025-06-18 20:58:06 --> File loaded: /apps/par-web/application/views/templates/header.php
DEBUG - 2025-06-18 20:58:06 --> File loaded: /apps/par-web/application/views/templates/toolbar.php
DEBUG - 2025-06-18 20:58:06 --> File loaded: /apps/par-web/application/views/templates/sidebar.php
DEBUG - 2025-06-18 20:58:06 --> File loaded: /apps/par-web/application/views/templates/contents.php
DEBUG - 2025-06-18 20:58:06 --> File loaded: /apps/par-web/application/views/templates/content_footer.php
DEBUG - 2025-06-18 20:58:06 --> File loaded: /apps/par-web/application/views/templates/footer.php
DEBUG - 2025-06-18 20:58:06 --> File loaded: /apps/par-web/application/views/templates/default.php
INFO - 2025-06-18 20:58:06 --> Final output sent to browser
DEBUG - 2025-06-18 20:58:06 --> Total execution time: 0.0079
INFO - 2025-06-18 20:58:06 --> Config Class Initialized
INFO - 2025-06-18 20:58:06 --> Hooks Class Initialized
DEBUG - 2025-06-18 20:58:06 --> UTF-8 Support Enabled
INFO - 2025-06-18 20:58:06 --> Utf8 Class Initialized
INFO - 2025-06-18 20:58:06 --> URI Class Initialized
INFO - 2025-06-18 20:58:06 --> Router Class Initialized
INFO - 2025-06-18 20:58:06 --> Output Class Initialized
INFO - 2025-06-18 20:58:06 --> Security Class Initialized
DEBUG - 2025-06-18 20:58:06 --> Global POST, GET and COOKIE data sanitized
INFO - 2025-06-18 20:58:06 --> Input Class Initialized
INFO - 2025-06-18 20:58:06 --> Language Class Initialized
INFO - 2025-06-18 20:58:06 --> Language Class Initialized
INFO - 2025-06-18 20:58:06 --> Config Class Initialized
INFO - 2025-06-18 20:58:06 --> Loader Class Initialized
INFO - 2025-06-18 20:58:06 --> Helper loaded: url_helper
INFO - 2025-06-18 20:58:06 --> Helper loaded: easyui_helper
INFO - 2025-06-18 20:58:06 --> Helper loaded: param_helper
INFO - 2025-06-18 20:58:06 --> Helper loaded: credential_helper
INFO - 2025-06-18 20:58:06 --> Helper loaded: template_helper
INFO - 2025-06-18 20:58:06 --> Helper loaded: rest_helper
INFO - 2025-06-18 20:58:06 --> Database Driver Class Initialized
DEBUG - 2025-06-18 20:58:06 --> Idgenerator class already loaded. Second attempt ignored.
INFO - 2025-06-18 20:58:06 --> Controller Class Initialized
INFO - 2025-06-18 20:58:06 --> Model Class Initialized
DEBUG - 2025-06-18 20:58:06 --> File loaded: /apps/par-web/application/modules/ref_customer/models/Customer_model.php
INFO - 2025-06-18 20:58:06 --> Model Class Initialized
INFO - 2025-06-18 20:58:06 --> Final output sent to browser
DEBUG - 2025-06-18 20:58:06 --> Total execution time: 0.0789
INFO - 2025-06-18 20:58:13 --> Config Class Initialized
INFO - 2025-06-18 20:58:13 --> Hooks Class Initialized
DEBUG - 2025-06-18 20:58:13 --> UTF-8 Support Enabled
INFO - 2025-06-18 20:58:13 --> Utf8 Class Initialized
INFO - 2025-06-18 20:58:13 --> URI Class Initialized
INFO - 2025-06-18 20:58:13 --> Router Class Initialized
INFO - 2025-06-18 20:58:13 --> Output Class Initialized
INFO - 2025-06-18 20:58:13 --> Security Class Initialized
DEBUG - 2025-06-18 20:58:13 --> Global POST, GET and COOKIE data sanitized
INFO - 2025-06-18 20:58:13 --> Input Class Initialized
INFO - 2025-06-18 20:58:13 --> Language Class Initialized
INFO - 2025-06-18 20:58:13 --> Language Class Initialized
INFO - 2025-06-18 20:58:13 --> Config Class Initialized
INFO - 2025-06-18 20:58:13 --> Loader Class Initialized
INFO - 2025-06-18 20:58:13 --> Helper loaded: url_helper
INFO - 2025-06-18 20:58:13 --> Helper loaded: easyui_helper
INFO - 2025-06-18 20:58:13 --> Helper loaded: param_helper
INFO - 2025-06-18 20:58:13 --> Helper loaded: credential_helper
INFO - 2025-06-18 20:58:13 --> Helper loaded: template_helper
INFO - 2025-06-18 20:58:13 --> Helper loaded: rest_helper
INFO - 2025-06-18 20:58:13 --> Database Driver Class Initialized
DEBUG - 2025-06-18 20:58:13 --> Idgenerator class already loaded. Second attempt ignored.
INFO - 2025-06-18 20:58:13 --> Controller Class Initialized
INFO - 2025-06-18 20:58:13 --> Model Class Initialized
DEBUG - 2025-06-18 20:58:13 --> File loaded: /apps/par-web/application/modules/conf_setup_pjp/models/Setup_pjp_model.php
INFO - 2025-06-18 20:58:13 --> Model Class Initialized
DEBUG - 2025-06-18 20:58:13 --> File loaded: /apps/par-web/application/modules/conf_setup_pjp/views/content.php
DEBUG - 2025-06-18 20:58:13 --> File loaded: /apps/par-web/application/views/templates/header.php
DEBUG - 2025-06-18 20:58:13 --> File loaded: /apps/par-web/application/views/templates/toolbar.php
DEBUG - 2025-06-18 20:58:13 --> File loaded: /apps/par-web/application/views/templates/sidebar.php
DEBUG - 2025-06-18 20:58:13 --> File loaded: /apps/par-web/application/views/templates/contents.php
DEBUG - 2025-06-18 20:58:13 --> File loaded: /apps/par-web/application/views/templates/content_footer.php
DEBUG - 2025-06-18 20:58:13 --> File loaded: /apps/par-web/application/views/templates/footer.php
DEBUG - 2025-06-18 20:58:13 --> File loaded: /apps/par-web/application/views/templates/default.php
INFO - 2025-06-18 20:58:13 --> Final output sent to browser
DEBUG - 2025-06-18 20:58:13 --> Total execution time: 0.0112
INFO - 2025-06-18 20:58:14 --> Config Class Initialized
INFO - 2025-06-18 20:58:14 --> Hooks Class Initialized
DEBUG - 2025-06-18 20:58:14 --> UTF-8 Support Enabled
INFO - 2025-06-18 20:58:14 --> Utf8 Class Initialized
INFO - 2025-06-18 20:58:14 --> URI Class Initialized
INFO - 2025-06-18 20:58:14 --> Router Class Initialized
INFO - 2025-06-18 20:58:14 --> Output Class Initialized
INFO - 2025-06-18 20:58:14 --> Security Class Initialized
DEBUG - 2025-06-18 20:58:14 --> Global POST, GET and COOKIE data sanitized
INFO - 2025-06-18 20:58:14 --> Input Class Initialized
INFO - 2025-06-18 20:58:14 --> Language Class Initialized
INFO - 2025-06-18 20:58:14 --> Language Class Initialized
INFO - 2025-06-18 20:58:14 --> Config Class Initialized
INFO - 2025-06-18 20:58:14 --> Loader Class Initialized
INFO - 2025-06-18 20:58:14 --> Helper loaded: url_helper
INFO - 2025-06-18 20:58:14 --> Helper loaded: easyui_helper
INFO - 2025-06-18 20:58:14 --> Helper loaded: param_helper
INFO - 2025-06-18 20:58:14 --> Helper loaded: credential_helper
INFO - 2025-06-18 20:58:14 --> Helper loaded: template_helper
INFO - 2025-06-18 20:58:14 --> Helper loaded: rest_helper
INFO - 2025-06-18 20:58:14 --> Database Driver Class Initialized
DEBUG - 2025-06-18 20:58:14 --> Idgenerator class already loaded. Second attempt ignored.
INFO - 2025-06-18 20:58:14 --> Controller Class Initialized
INFO - 2025-06-18 20:58:14 --> Model Class Initialized
DEBUG - 2025-06-18 20:58:14 --> File loaded: /apps/par-web/application/modules/conf_setup_pjp/models/Setup_pjp_model.php
INFO - 2025-06-18 20:58:14 --> Model Class Initialized
INFO - 2025-06-18 20:58:14 --> Final output sent to browser
DEBUG - 2025-06-18 20:58:14 --> Total execution time: 0.0452
INFO - 2025-06-18 20:59:34 --> Config Class Initialized
INFO - 2025-06-18 20:59:34 --> Hooks Class Initialized
DEBUG - 2025-06-18 20:59:34 --> UTF-8 Support Enabled
INFO - 2025-06-18 20:59:34 --> Utf8 Class Initialized
INFO - 2025-06-18 20:59:34 --> URI Class Initialized
INFO - 2025-06-18 20:59:34 --> Router Class Initialized
INFO - 2025-06-18 20:59:34 --> Output Class Initialized
INFO - 2025-06-18 20:59:34 --> Security Class Initialized
DEBUG - 2025-06-18 20:59:34 --> Global POST, GET and COOKIE data sanitized
INFO - 2025-06-18 20:59:34 --> Input Class Initialized
INFO - 2025-06-18 20:59:34 --> Language Class Initialized
INFO - 2025-06-18 20:59:34 --> Language Class Initialized
INFO - 2025-06-18 20:59:34 --> Config Class Initialized
INFO - 2025-06-18 20:59:34 --> Loader Class Initialized
INFO - 2025-06-18 20:59:34 --> Helper loaded: url_helper
INFO - 2025-06-18 20:59:34 --> Helper loaded: easyui_helper
INFO - 2025-06-18 20:59:34 --> Helper loaded: param_helper
INFO - 2025-06-18 20:59:34 --> Helper loaded: credential_helper
INFO - 2025-06-18 20:59:34 --> Helper loaded: template_helper
INFO - 2025-06-18 20:59:34 --> Helper loaded: rest_helper
INFO - 2025-06-18 20:59:34 --> Database Driver Class Initialized
DEBUG - 2025-06-18 20:59:34 --> Idgenerator class already loaded. Second attempt ignored.
INFO - 2025-06-18 20:59:34 --> Controller Class Initialized
INFO - 2025-06-18 20:59:34 --> Model Class Initialized
DEBUG - 2025-06-18 20:59:34 --> File loaded: /apps/par-web/application/modules/conf_setup_pjp/models/Setup_pjp_model.php
INFO - 2025-06-18 20:59:34 --> Model Class Initialized
INFO - 2025-06-18 20:59:34 --> Final output sent to browser
DEBUG - 2025-06-18 20:59:34 --> Total execution time: 0.0152
INFO - 2025-06-18 20:59:41 --> Config Class Initialized
INFO - 2025-06-18 20:59:41 --> Hooks Class Initialized
DEBUG - 2025-06-18 20:59:41 --> UTF-8 Support Enabled
INFO - 2025-06-18 20:59:41 --> Utf8 Class Initialized
INFO - 2025-06-18 20:59:41 --> URI Class Initialized
INFO - 2025-06-18 20:59:41 --> Router Class Initialized
INFO - 2025-06-18 20:59:41 --> Output Class Initialized
INFO - 2025-06-18 20:59:41 --> Security Class Initialized
DEBUG - 2025-06-18 20:59:41 --> Global POST, GET and COOKIE data sanitized
INFO - 2025-06-18 20:59:41 --> Input Class Initialized
INFO - 2025-06-18 20:59:41 --> Language Class Initialized
INFO - 2025-06-18 20:59:41 --> Language Class Initialized
INFO - 2025-06-18 20:59:41 --> Config Class Initialized
INFO - 2025-06-18 20:59:41 --> Loader Class Initialized
INFO - 2025-06-18 20:59:41 --> Helper loaded: url_helper
INFO - 2025-06-18 20:59:41 --> Helper loaded: easyui_helper
INFO - 2025-06-18 20:59:41 --> Helper loaded: param_helper
INFO - 2025-06-18 20:59:41 --> Helper loaded: credential_helper
INFO - 2025-06-18 20:59:41 --> Helper loaded: template_helper
INFO - 2025-06-18 20:59:41 --> Helper loaded: rest_helper
INFO - 2025-06-18 20:59:41 --> Database Driver Class Initialized
DEBUG - 2025-06-18 20:59:41 --> Idgenerator class already loaded. Second attempt ignored.
INFO - 2025-06-18 20:59:41 --> Controller Class Initialized
INFO - 2025-06-18 20:59:41 --> Model Class Initialized
DEBUG - 2025-06-18 20:59:41 --> File loaded: /apps/par-web/application/modules/conf_setup_pjp/models/Setup_pjp_model.php
INFO - 2025-06-18 20:59:41 --> Model Class Initialized
INFO - 2025-06-18 20:59:41 --> Final output sent to browser
DEBUG - 2025-06-18 20:59:41 --> Total execution time: 0.0135
INFO - 2025-06-18 23:03:30 --> Config Class Initialized
INFO - 2025-06-18 23:03:30 --> Hooks Class Initialized
DEBUG - 2025-06-18 23:03:30 --> UTF-8 Support Enabled
INFO - 2025-06-18 23:03:30 --> Utf8 Class Initialized
INFO - 2025-06-18 23:03:30 --> URI Class Initialized
DEBUG - 2025-06-18 23:03:30 --> No URI present. Default controller set.
INFO - 2025-06-18 23:03:30 --> Router Class Initialized
INFO - 2025-06-18 23:03:30 --> Output Class Initialized
INFO - 2025-06-18 23:03:30 --> Security Class Initialized
DEBUG - 2025-06-18 23:03:30 --> Global POST, GET and COOKIE data sanitized
INFO - 2025-06-18 23:03:30 --> Input Class Initialized
INFO - 2025-06-18 23:03:30 --> Language Class Initialized
INFO - 2025-06-18 23:03:30 --> Language Class Initialized
INFO - 2025-06-18 23:03:30 --> Config Class Initialized
INFO - 2025-06-18 23:03:30 --> Loader Class Initialized
INFO - 2025-06-18 23:03:30 --> Helper loaded: url_helper
INFO - 2025-06-18 23:03:30 --> Helper loaded: easyui_helper
INFO - 2025-06-18 23:03:30 --> Helper loaded: param_helper
INFO - 2025-06-18 23:03:30 --> Helper loaded: credential_helper
INFO - 2025-06-18 23:03:30 --> Helper loaded: template_helper
INFO - 2025-06-18 23:03:30 --> Helper loaded: rest_helper
INFO - 2025-06-18 23:03:30 --> Database Driver Class Initialized
DEBUG - 2025-06-18 23:03:30 --> Idgenerator class already loaded. Second attempt ignored.
INFO - 2025-06-18 23:03:30 --> Controller Class Initialized
DEBUG - 2025-06-18 23:03:30 --> File loaded: /apps/par-web/application/modules/app_auth/views/login_lte_template.php
DEBUG - 2025-06-18 23:03:30 --> File loaded: /apps/par-web/application/views/template_login_lte/header.php
DEBUG - 2025-06-18 23:03:30 --> File loaded: /apps/par-web/application/views/template_login_lte/contents.php
DEBUG - 2025-06-18 23:03:30 --> File loaded: /apps/par-web/application/views/template_login_lte/default.php
INFO - 2025-06-18 23:03:30 --> Final output sent to browser
DEBUG - 2025-06-18 23:03:30 --> Total execution time: 0.0037
