INFO - 2025-01-11 07:57:15 --> Config Class Initialized
INFO - 2025-01-11 07:57:15 --> Hooks Class Initialized
DEBUG - 2025-01-11 07:57:15 --> UTF-8 Support Enabled
INFO - 2025-01-11 07:57:15 --> Utf8 Class Initialized
INFO - 2025-01-11 07:57:15 --> URI Class Initialized
DEBUG - 2025-01-11 07:57:15 --> No URI present. Default controller set.
INFO - 2025-01-11 07:57:15 --> Router Class Initialized
INFO - 2025-01-11 07:57:15 --> Output Class Initialized
INFO - 2025-01-11 07:57:15 --> Security Class Initialized
DEBUG - 2025-01-11 07:57:15 --> Global POST, GET and COOKIE data sanitized
INFO - 2025-01-11 07:57:15 --> Input Class Initialized
INFO - 2025-01-11 07:57:15 --> Language Class Initialized
INFO - 2025-01-11 07:57:15 --> Language Class Initialized
INFO - 2025-01-11 07:57:15 --> Config Class Initialized
INFO - 2025-01-11 07:57:15 --> Loader Class Initialized
INFO - 2025-01-11 07:57:15 --> Helper loaded: url_helper
INFO - 2025-01-11 07:57:15 --> Helper loaded: easyui_helper
INFO - 2025-01-11 07:57:15 --> Helper loaded: param_helper
INFO - 2025-01-11 07:57:15 --> Helper loaded: credential_helper
INFO - 2025-01-11 07:57:15 --> Helper loaded: template_helper
INFO - 2025-01-11 07:57:15 --> Helper loaded: rest_helper
INFO - 2025-01-11 07:57:15 --> Database Driver Class Initialized
DEBUG - 2025-01-11 07:57:15 --> Idgenerator class already loaded. Second attempt ignored.
INFO - 2025-01-11 07:57:15 --> Controller Class Initialized
DEBUG - 2025-01-11 07:57:15 --> File loaded: /apps/web-drc/application/modules/app_auth/views/login_lte_template.php
DEBUG - 2025-01-11 07:57:15 --> File loaded: /apps/web-drc/application/views/template_login_lte/header.php
DEBUG - 2025-01-11 07:57:15 --> File loaded: /apps/web-drc/application/views/template_login_lte/contents.php
DEBUG - 2025-01-11 07:57:15 --> File loaded: /apps/web-drc/application/views/template_login_lte/default.php
INFO - 2025-01-11 07:57:15 --> Final output sent to browser
DEBUG - 2025-01-11 07:57:15 --> Total execution time: 0.1020
INFO - 2025-01-11 07:57:15 --> Config Class Initialized
INFO - 2025-01-11 07:57:15 --> Hooks Class Initialized
DEBUG - 2025-01-11 07:57:15 --> UTF-8 Support Enabled
INFO - 2025-01-11 07:57:15 --> Utf8 Class Initialized
INFO - 2025-01-11 07:57:15 --> URI Class Initialized
INFO - 2025-01-11 07:57:15 --> Router Class Initialized
INFO - 2025-01-11 07:57:15 --> Output Class Initialized
INFO - 2025-01-11 07:57:15 --> Security Class Initialized
DEBUG - 2025-01-11 07:57:15 --> Global POST, GET and COOKIE data sanitized
INFO - 2025-01-11 07:57:15 --> Input Class Initialized
INFO - 2025-01-11 07:57:15 --> Language Class Initialized
ERROR - 2025-01-11 07:57:15 --> 404 Page Not Found: /index
INFO - 2025-01-11 08:06:37 --> Config Class Initialized
INFO - 2025-01-11 08:06:37 --> Hooks Class Initialized
DEBUG - 2025-01-11 08:06:37 --> UTF-8 Support Enabled
INFO - 2025-01-11 08:06:37 --> Utf8 Class Initialized
INFO - 2025-01-11 08:06:37 --> URI Class Initialized
DEBUG - 2025-01-11 08:06:37 --> No URI present. Default controller set.
INFO - 2025-01-11 08:06:37 --> Router Class Initialized
INFO - 2025-01-11 08:06:37 --> Output Class Initialized
INFO - 2025-01-11 08:06:37 --> Security Class Initialized
DEBUG - 2025-01-11 08:06:37 --> Global POST, GET and COOKIE data sanitized
INFO - 2025-01-11 08:06:37 --> Input Class Initialized
INFO - 2025-01-11 08:06:37 --> Language Class Initialized
INFO - 2025-01-11 08:06:37 --> Language Class Initialized
INFO - 2025-01-11 08:06:37 --> Config Class Initialized
INFO - 2025-01-11 08:06:37 --> Loader Class Initialized
INFO - 2025-01-11 08:06:37 --> Helper loaded: url_helper
INFO - 2025-01-11 08:06:37 --> Helper loaded: easyui_helper
INFO - 2025-01-11 08:06:37 --> Helper loaded: param_helper
INFO - 2025-01-11 08:06:37 --> Helper loaded: credential_helper
INFO - 2025-01-11 08:06:37 --> Helper loaded: template_helper
INFO - 2025-01-11 08:06:37 --> Helper loaded: rest_helper
INFO - 2025-01-11 08:06:37 --> Database Driver Class Initialized
DEBUG - 2025-01-11 08:06:37 --> Idgenerator class already loaded. Second attempt ignored.
INFO - 2025-01-11 08:06:37 --> Controller Class Initialized
DEBUG - 2025-01-11 08:06:37 --> File loaded: /apps/web-drc/application/modules/app_auth/views/login_lte_template.php
DEBUG - 2025-01-11 08:06:37 --> File loaded: /apps/web-drc/application/views/template_login_lte/header.php
DEBUG - 2025-01-11 08:06:37 --> File loaded: /apps/web-drc/application/views/template_login_lte/contents.php
DEBUG - 2025-01-11 08:06:37 --> File loaded: /apps/web-drc/application/views/template_login_lte/default.php
INFO - 2025-01-11 08:06:37 --> Final output sent to browser
DEBUG - 2025-01-11 08:06:37 --> Total execution time: 0.0109
INFO - 2025-01-11 11:29:33 --> Config Class Initialized
INFO - 2025-01-11 11:29:33 --> Hooks Class Initialized
DEBUG - 2025-01-11 11:29:33 --> UTF-8 Support Enabled
INFO - 2025-01-11 11:29:33 --> Utf8 Class Initialized
INFO - 2025-01-11 11:29:33 --> URI Class Initialized
INFO - 2025-01-11 11:29:33 --> Router Class Initialized
INFO - 2025-01-11 11:29:33 --> Output Class Initialized
INFO - 2025-01-11 11:29:33 --> Security Class Initialized
DEBUG - 2025-01-11 11:29:33 --> Global POST, GET and COOKIE data sanitized
INFO - 2025-01-11 11:29:33 --> Input Class Initialized
INFO - 2025-01-11 11:29:33 --> Language Class Initialized
ERROR - 2025-01-11 11:29:33 --> 404 Page Not Found: /index
INFO - 2025-01-11 11:29:33 --> Config Class Initialized
INFO - 2025-01-11 11:29:33 --> Hooks Class Initialized
DEBUG - 2025-01-11 11:29:33 --> UTF-8 Support Enabled
INFO - 2025-01-11 11:29:33 --> Utf8 Class Initialized
INFO - 2025-01-11 11:29:33 --> URI Class Initialized
INFO - 2025-01-11 11:29:33 --> Router Class Initialized
INFO - 2025-01-11 11:29:33 --> Output Class Initialized
INFO - 2025-01-11 11:29:33 --> Security Class Initialized
DEBUG - 2025-01-11 11:29:33 --> Global POST, GET and COOKIE data sanitized
INFO - 2025-01-11 11:29:33 --> Input Class Initialized
INFO - 2025-01-11 11:29:33 --> Language Class Initialized
ERROR - 2025-01-11 11:29:33 --> 404 Page Not Found: /index
INFO - 2025-01-11 11:29:33 --> Config Class Initialized
INFO - 2025-01-11 11:29:33 --> Hooks Class Initialized
DEBUG - 2025-01-11 11:29:33 --> UTF-8 Support Enabled
INFO - 2025-01-11 11:29:33 --> Utf8 Class Initialized
INFO - 2025-01-11 11:29:33 --> URI Class Initialized
INFO - 2025-01-11 11:29:33 --> Router Class Initialized
INFO - 2025-01-11 11:29:33 --> Output Class Initialized
INFO - 2025-01-11 11:29:33 --> Security Class Initialized
DEBUG - 2025-01-11 11:29:33 --> Global POST, GET and COOKIE data sanitized
INFO - 2025-01-11 11:29:33 --> Input Class Initialized
INFO - 2025-01-11 11:29:33 --> Language Class Initialized
ERROR - 2025-01-11 11:29:33 --> 404 Page Not Found: /index
INFO - 2025-01-11 11:29:34 --> Config Class Initialized
INFO - 2025-01-11 11:29:34 --> Hooks Class Initialized
DEBUG - 2025-01-11 11:29:34 --> UTF-8 Support Enabled
INFO - 2025-01-11 11:29:34 --> Utf8 Class Initialized
INFO - 2025-01-11 11:29:34 --> URI Class Initialized
INFO - 2025-01-11 11:29:34 --> Router Class Initialized
INFO - 2025-01-11 11:29:34 --> Output Class Initialized
INFO - 2025-01-11 11:29:34 --> Security Class Initialized
DEBUG - 2025-01-11 11:29:34 --> Global POST, GET and COOKIE data sanitized
INFO - 2025-01-11 11:29:34 --> Input Class Initialized
INFO - 2025-01-11 11:29:34 --> Language Class Initialized
ERROR - 2025-01-11 11:29:34 --> 404 Page Not Found: /index
INFO - 2025-01-11 11:29:34 --> Config Class Initialized
INFO - 2025-01-11 11:29:34 --> Hooks Class Initialized
DEBUG - 2025-01-11 11:29:34 --> UTF-8 Support Enabled
INFO - 2025-01-11 11:29:34 --> Utf8 Class Initialized
INFO - 2025-01-11 11:29:34 --> URI Class Initialized
INFO - 2025-01-11 11:29:34 --> Router Class Initialized
INFO - 2025-01-11 11:29:34 --> Output Class Initialized
INFO - 2025-01-11 11:29:34 --> Security Class Initialized
DEBUG - 2025-01-11 11:29:34 --> Global POST, GET and COOKIE data sanitized
INFO - 2025-01-11 11:29:34 --> Input Class Initialized
INFO - 2025-01-11 11:29:34 --> Language Class Initialized
ERROR - 2025-01-11 11:29:34 --> 404 Page Not Found: /index
INFO - 2025-01-11 11:29:35 --> Config Class Initialized
INFO - 2025-01-11 11:29:35 --> Hooks Class Initialized
DEBUG - 2025-01-11 11:29:35 --> UTF-8 Support Enabled
INFO - 2025-01-11 11:29:35 --> Utf8 Class Initialized
INFO - 2025-01-11 11:29:35 --> URI Class Initialized
INFO - 2025-01-11 11:29:35 --> Router Class Initialized
INFO - 2025-01-11 11:29:35 --> Output Class Initialized
INFO - 2025-01-11 11:29:35 --> Security Class Initialized
DEBUG - 2025-01-11 11:29:35 --> Global POST, GET and COOKIE data sanitized
INFO - 2025-01-11 11:29:35 --> Input Class Initialized
INFO - 2025-01-11 11:29:35 --> Language Class Initialized
ERROR - 2025-01-11 11:29:35 --> 404 Page Not Found: /index
INFO - 2025-01-11 11:29:35 --> Config Class Initialized
INFO - 2025-01-11 11:29:35 --> Hooks Class Initialized
DEBUG - 2025-01-11 11:29:35 --> UTF-8 Support Enabled
INFO - 2025-01-11 11:29:35 --> Utf8 Class Initialized
INFO - 2025-01-11 11:29:35 --> URI Class Initialized
INFO - 2025-01-11 11:29:35 --> Router Class Initialized
INFO - 2025-01-11 11:29:35 --> Output Class Initialized
INFO - 2025-01-11 11:29:35 --> Security Class Initialized
DEBUG - 2025-01-11 11:29:35 --> Global POST, GET and COOKIE data sanitized
INFO - 2025-01-11 11:29:35 --> Input Class Initialized
INFO - 2025-01-11 11:29:35 --> Language Class Initialized
ERROR - 2025-01-11 11:29:35 --> 404 Page Not Found: /index
INFO - 2025-01-11 11:29:36 --> Config Class Initialized
INFO - 2025-01-11 11:29:36 --> Hooks Class Initialized
DEBUG - 2025-01-11 11:29:36 --> UTF-8 Support Enabled
INFO - 2025-01-11 11:29:36 --> Utf8 Class Initialized
INFO - 2025-01-11 11:29:36 --> URI Class Initialized
INFO - 2025-01-11 11:29:36 --> Router Class Initialized
INFO - 2025-01-11 11:29:36 --> Output Class Initialized
INFO - 2025-01-11 11:29:36 --> Security Class Initialized
DEBUG - 2025-01-11 11:29:36 --> Global POST, GET and COOKIE data sanitized
INFO - 2025-01-11 11:29:36 --> Input Class Initialized
INFO - 2025-01-11 11:29:36 --> Language Class Initialized
ERROR - 2025-01-11 11:29:36 --> 404 Page Not Found: /index
INFO - 2025-01-11 11:29:36 --> Config Class Initialized
INFO - 2025-01-11 11:29:36 --> Hooks Class Initialized
DEBUG - 2025-01-11 11:29:36 --> UTF-8 Support Enabled
INFO - 2025-01-11 11:29:36 --> Utf8 Class Initialized
INFO - 2025-01-11 11:29:36 --> URI Class Initialized
INFO - 2025-01-11 11:29:36 --> Router Class Initialized
INFO - 2025-01-11 11:29:36 --> Output Class Initialized
INFO - 2025-01-11 11:29:36 --> Security Class Initialized
DEBUG - 2025-01-11 11:29:36 --> Global POST, GET and COOKIE data sanitized
INFO - 2025-01-11 11:29:36 --> Input Class Initialized
INFO - 2025-01-11 11:29:36 --> Language Class Initialized
ERROR - 2025-01-11 11:29:36 --> 404 Page Not Found: /index
INFO - 2025-01-11 11:29:36 --> Config Class Initialized
INFO - 2025-01-11 11:29:36 --> Hooks Class Initialized
DEBUG - 2025-01-11 11:29:36 --> UTF-8 Support Enabled
INFO - 2025-01-11 11:29:36 --> Utf8 Class Initialized
INFO - 2025-01-11 11:29:36 --> URI Class Initialized
INFO - 2025-01-11 11:29:36 --> Router Class Initialized
INFO - 2025-01-11 11:29:36 --> Output Class Initialized
INFO - 2025-01-11 11:29:36 --> Security Class Initialized
DEBUG - 2025-01-11 11:29:36 --> Global POST, GET and COOKIE data sanitized
INFO - 2025-01-11 11:29:36 --> Input Class Initialized
INFO - 2025-01-11 11:29:36 --> Language Class Initialized
ERROR - 2025-01-11 11:29:36 --> 404 Page Not Found: /index
INFO - 2025-01-11 11:29:37 --> Config Class Initialized
INFO - 2025-01-11 11:29:37 --> Hooks Class Initialized
DEBUG - 2025-01-11 11:29:37 --> UTF-8 Support Enabled
INFO - 2025-01-11 11:29:37 --> Utf8 Class Initialized
INFO - 2025-01-11 11:29:37 --> URI Class Initialized
INFO - 2025-01-11 11:29:37 --> Router Class Initialized
INFO - 2025-01-11 11:29:37 --> Output Class Initialized
INFO - 2025-01-11 11:29:37 --> Security Class Initialized
DEBUG - 2025-01-11 11:29:37 --> Global POST, GET and COOKIE data sanitized
INFO - 2025-01-11 11:29:37 --> Input Class Initialized
INFO - 2025-01-11 11:29:37 --> Language Class Initialized
ERROR - 2025-01-11 11:29:37 --> 404 Page Not Found: /index
INFO - 2025-01-11 11:29:37 --> Config Class Initialized
INFO - 2025-01-11 11:29:37 --> Hooks Class Initialized
DEBUG - 2025-01-11 11:29:37 --> UTF-8 Support Enabled
INFO - 2025-01-11 11:29:37 --> Utf8 Class Initialized
INFO - 2025-01-11 11:29:37 --> URI Class Initialized
INFO - 2025-01-11 11:29:37 --> Router Class Initialized
INFO - 2025-01-11 11:29:37 --> Output Class Initialized
INFO - 2025-01-11 11:29:37 --> Security Class Initialized
DEBUG - 2025-01-11 11:29:37 --> Global POST, GET and COOKIE data sanitized
INFO - 2025-01-11 11:29:37 --> Input Class Initialized
INFO - 2025-01-11 11:29:37 --> Language Class Initialized
ERROR - 2025-01-11 11:29:37 --> 404 Page Not Found: /index
INFO - 2025-01-11 11:29:37 --> Config Class Initialized
INFO - 2025-01-11 11:29:37 --> Hooks Class Initialized
DEBUG - 2025-01-11 11:29:37 --> UTF-8 Support Enabled
INFO - 2025-01-11 11:29:37 --> Utf8 Class Initialized
INFO - 2025-01-11 11:29:37 --> URI Class Initialized
INFO - 2025-01-11 11:29:37 --> Router Class Initialized
INFO - 2025-01-11 11:29:37 --> Output Class Initialized
INFO - 2025-01-11 11:29:37 --> Security Class Initialized
DEBUG - 2025-01-11 11:29:37 --> Global POST, GET and COOKIE data sanitized
INFO - 2025-01-11 11:29:37 --> Input Class Initialized
INFO - 2025-01-11 11:29:37 --> Language Class Initialized
ERROR - 2025-01-11 11:29:37 --> 404 Page Not Found: /index
INFO - 2025-01-11 11:29:38 --> Config Class Initialized
INFO - 2025-01-11 11:29:38 --> Hooks Class Initialized
DEBUG - 2025-01-11 11:29:38 --> UTF-8 Support Enabled
INFO - 2025-01-11 11:29:38 --> Utf8 Class Initialized
INFO - 2025-01-11 11:29:38 --> URI Class Initialized
INFO - 2025-01-11 11:29:38 --> Router Class Initialized
INFO - 2025-01-11 11:29:38 --> Output Class Initialized
INFO - 2025-01-11 11:29:38 --> Security Class Initialized
DEBUG - 2025-01-11 11:29:38 --> Global POST, GET and COOKIE data sanitized
INFO - 2025-01-11 11:29:38 --> Input Class Initialized
INFO - 2025-01-11 11:29:38 --> Language Class Initialized
ERROR - 2025-01-11 11:29:38 --> 404 Page Not Found: /index
INFO - 2025-01-11 11:29:38 --> Config Class Initialized
INFO - 2025-01-11 11:29:38 --> Hooks Class Initialized
DEBUG - 2025-01-11 11:29:38 --> UTF-8 Support Enabled
INFO - 2025-01-11 11:29:38 --> Utf8 Class Initialized
INFO - 2025-01-11 11:29:38 --> URI Class Initialized
INFO - 2025-01-11 11:29:38 --> Router Class Initialized
INFO - 2025-01-11 11:29:38 --> Output Class Initialized
INFO - 2025-01-11 11:29:38 --> Security Class Initialized
DEBUG - 2025-01-11 11:29:38 --> Global POST, GET and COOKIE data sanitized
INFO - 2025-01-11 11:29:38 --> Input Class Initialized
INFO - 2025-01-11 11:29:38 --> Language Class Initialized
ERROR - 2025-01-11 11:29:38 --> 404 Page Not Found: /index
INFO - 2025-01-11 13:28:36 --> Config Class Initialized
INFO - 2025-01-11 13:28:36 --> Hooks Class Initialized
DEBUG - 2025-01-11 13:28:36 --> UTF-8 Support Enabled
INFO - 2025-01-11 13:28:36 --> Utf8 Class Initialized
INFO - 2025-01-11 13:28:36 --> URI Class Initialized
DEBUG - 2025-01-11 13:28:36 --> No URI present. Default controller set.
INFO - 2025-01-11 13:28:36 --> Router Class Initialized
INFO - 2025-01-11 13:28:36 --> Output Class Initialized
INFO - 2025-01-11 13:28:36 --> Security Class Initialized
DEBUG - 2025-01-11 13:28:36 --> Global POST, GET and COOKIE data sanitized
INFO - 2025-01-11 13:28:36 --> Input Class Initialized
INFO - 2025-01-11 13:28:36 --> Language Class Initialized
INFO - 2025-01-11 13:28:36 --> Language Class Initialized
INFO - 2025-01-11 13:28:36 --> Config Class Initialized
INFO - 2025-01-11 13:28:36 --> Loader Class Initialized
INFO - 2025-01-11 13:28:36 --> Helper loaded: url_helper
INFO - 2025-01-11 13:28:36 --> Helper loaded: easyui_helper
INFO - 2025-01-11 13:28:36 --> Helper loaded: param_helper
INFO - 2025-01-11 13:28:36 --> Helper loaded: credential_helper
INFO - 2025-01-11 13:28:36 --> Helper loaded: template_helper
INFO - 2025-01-11 13:28:36 --> Helper loaded: rest_helper
INFO - 2025-01-11 13:28:36 --> Database Driver Class Initialized
DEBUG - 2025-01-11 13:28:36 --> Idgenerator class already loaded. Second attempt ignored.
INFO - 2025-01-11 13:28:36 --> Controller Class Initialized
DEBUG - 2025-01-11 13:28:36 --> File loaded: /apps/web-drc/application/modules/app_auth/views/login_lte_template.php
DEBUG - 2025-01-11 13:28:36 --> File loaded: /apps/web-drc/application/views/template_login_lte/header.php
DEBUG - 2025-01-11 13:28:36 --> File loaded: /apps/web-drc/application/views/template_login_lte/contents.php
DEBUG - 2025-01-11 13:28:36 --> File loaded: /apps/web-drc/application/views/template_login_lte/default.php
INFO - 2025-01-11 13:28:36 --> Final output sent to browser
DEBUG - 2025-01-11 13:28:36 --> Total execution time: 0.0448
