INFO - 2025-02-27 00:37:00 --> Config Class Initialized
INFO - 2025-02-27 00:37:00 --> Hooks Class Initialized
DEBUG - 2025-02-27 00:37:00 --> UTF-8 Support Enabled
INFO - 2025-02-27 00:37:00 --> Utf8 Class Initialized
INFO - 2025-02-27 00:37:00 --> URI Class Initialized
DEBUG - 2025-02-27 00:37:00 --> No URI present. Default controller set.
INFO - 2025-02-27 00:37:00 --> Router Class Initialized
INFO - 2025-02-27 00:37:00 --> Output Class Initialized
INFO - 2025-02-27 00:37:00 --> Security Class Initialized
DEBUG - 2025-02-27 00:37:00 --> Global POST, GET and COOKIE data sanitized
INFO - 2025-02-27 00:37:00 --> Input Class Initialized
INFO - 2025-02-27 00:37:00 --> Language Class Initialized
INFO - 2025-02-27 00:37:00 --> Language Class Initialized
INFO - 2025-02-27 00:37:00 --> Config Class Initialized
INFO - 2025-02-27 00:37:00 --> Loader Class Initialized
INFO - 2025-02-27 00:37:00 --> Helper loaded: url_helper
INFO - 2025-02-27 00:37:00 --> Helper loaded: easyui_helper
INFO - 2025-02-27 00:37:00 --> Helper loaded: param_helper
INFO - 2025-02-27 00:37:00 --> Helper loaded: credential_helper
INFO - 2025-02-27 00:37:00 --> Helper loaded: template_helper
INFO - 2025-02-27 00:37:00 --> Helper loaded: rest_helper
INFO - 2025-02-27 00:37:00 --> Database Driver Class Initialized
DEBUG - 2025-02-27 00:37:00 --> Idgenerator class already loaded. Second attempt ignored.
INFO - 2025-02-27 00:37:00 --> Controller Class Initialized
DEBUG - 2025-02-27 00:37:00 --> File loaded: /apps/web-drc/application/modules/app_auth/views/login_lte_template.php
DEBUG - 2025-02-27 00:37:00 --> File loaded: /apps/web-drc/application/views/template_login_lte/header.php
DEBUG - 2025-02-27 00:37:00 --> File loaded: /apps/web-drc/application/views/template_login_lte/contents.php
DEBUG - 2025-02-27 00:37:00 --> File loaded: /apps/web-drc/application/views/template_login_lte/default.php
INFO - 2025-02-27 00:37:00 --> Final output sent to browser
DEBUG - 2025-02-27 00:37:00 --> Total execution time: 0.0462
INFO - 2025-02-27 03:53:34 --> Config Class Initialized
INFO - 2025-02-27 03:53:34 --> Hooks Class Initialized
DEBUG - 2025-02-27 03:53:34 --> UTF-8 Support Enabled
INFO - 2025-02-27 03:53:34 --> Utf8 Class Initialized
INFO - 2025-02-27 03:53:34 --> URI Class Initialized
DEBUG - 2025-02-27 03:53:34 --> No URI present. Default controller set.
INFO - 2025-02-27 03:53:34 --> Router Class Initialized
INFO - 2025-02-27 03:53:34 --> Output Class Initialized
INFO - 2025-02-27 03:53:34 --> Security Class Initialized
DEBUG - 2025-02-27 03:53:34 --> Global POST, GET and COOKIE data sanitized
INFO - 2025-02-27 03:53:34 --> Input Class Initialized
INFO - 2025-02-27 03:53:34 --> Language Class Initialized
INFO - 2025-02-27 03:53:34 --> Language Class Initialized
INFO - 2025-02-27 03:53:34 --> Config Class Initialized
INFO - 2025-02-27 03:53:34 --> Loader Class Initialized
INFO - 2025-02-27 03:53:34 --> Helper loaded: url_helper
INFO - 2025-02-27 03:53:34 --> Helper loaded: easyui_helper
INFO - 2025-02-27 03:53:34 --> Helper loaded: param_helper
INFO - 2025-02-27 03:53:34 --> Helper loaded: credential_helper
INFO - 2025-02-27 03:53:34 --> Helper loaded: template_helper
INFO - 2025-02-27 03:53:34 --> Helper loaded: rest_helper
INFO - 2025-02-27 03:53:34 --> Database Driver Class Initialized
DEBUG - 2025-02-27 03:53:34 --> Idgenerator class already loaded. Second attempt ignored.
INFO - 2025-02-27 03:53:34 --> Controller Class Initialized
DEBUG - 2025-02-27 03:53:34 --> File loaded: /apps/web-drc/application/modules/app_auth/views/login_lte_template.php
DEBUG - 2025-02-27 03:53:34 --> File loaded: /apps/web-drc/application/views/template_login_lte/header.php
DEBUG - 2025-02-27 03:53:34 --> File loaded: /apps/web-drc/application/views/template_login_lte/contents.php
DEBUG - 2025-02-27 03:53:34 --> File loaded: /apps/web-drc/application/views/template_login_lte/default.php
INFO - 2025-02-27 03:53:34 --> Final output sent to browser
DEBUG - 2025-02-27 03:53:34 --> Total execution time: 0.0038
INFO - 2025-02-27 03:53:42 --> Config Class Initialized
INFO - 2025-02-27 03:53:42 --> Hooks Class Initialized
DEBUG - 2025-02-27 03:53:42 --> UTF-8 Support Enabled
INFO - 2025-02-27 03:53:42 --> Utf8 Class Initialized
INFO - 2025-02-27 03:53:42 --> URI Class Initialized
INFO - 2025-02-27 03:53:42 --> Router Class Initialized
INFO - 2025-02-27 03:53:42 --> Output Class Initialized
INFO - 2025-02-27 03:53:42 --> Security Class Initialized
DEBUG - 2025-02-27 03:53:42 --> Global POST, GET and COOKIE data sanitized
INFO - 2025-02-27 03:53:42 --> Input Class Initialized
INFO - 2025-02-27 03:53:42 --> Language Class Initialized
ERROR - 2025-02-27 03:53:42 --> 404 Page Not Found: /index
INFO - 2025-02-27 03:54:11 --> Config Class Initialized
INFO - 2025-02-27 03:54:11 --> Hooks Class Initialized
DEBUG - 2025-02-27 03:54:11 --> UTF-8 Support Enabled
INFO - 2025-02-27 03:54:11 --> Utf8 Class Initialized
INFO - 2025-02-27 03:54:11 --> URI Class Initialized
INFO - 2025-02-27 03:54:11 --> Router Class Initialized
INFO - 2025-02-27 03:54:11 --> Output Class Initialized
INFO - 2025-02-27 03:54:11 --> Security Class Initialized
DEBUG - 2025-02-27 03:54:11 --> Global POST, GET and COOKIE data sanitized
INFO - 2025-02-27 03:54:11 --> Input Class Initialized
INFO - 2025-02-27 03:54:11 --> Language Class Initialized
ERROR - 2025-02-27 03:54:11 --> 404 Page Not Found: /index
INFO - 2025-02-27 07:14:59 --> Config Class Initialized
INFO - 2025-02-27 07:14:59 --> Hooks Class Initialized
DEBUG - 2025-02-27 07:14:59 --> UTF-8 Support Enabled
INFO - 2025-02-27 07:14:59 --> Utf8 Class Initialized
INFO - 2025-02-27 07:14:59 --> URI Class Initialized
DEBUG - 2025-02-27 07:14:59 --> No URI present. Default controller set.
INFO - 2025-02-27 07:14:59 --> Router Class Initialized
INFO - 2025-02-27 07:14:59 --> Output Class Initialized
INFO - 2025-02-27 07:14:59 --> Security Class Initialized
DEBUG - 2025-02-27 07:14:59 --> Global POST, GET and COOKIE data sanitized
INFO - 2025-02-27 07:14:59 --> Input Class Initialized
INFO - 2025-02-27 07:14:59 --> Language Class Initialized
INFO - 2025-02-27 07:14:59 --> Language Class Initialized
INFO - 2025-02-27 07:14:59 --> Config Class Initialized
INFO - 2025-02-27 07:14:59 --> Loader Class Initialized
INFO - 2025-02-27 07:14:59 --> Helper loaded: url_helper
INFO - 2025-02-27 07:14:59 --> Helper loaded: easyui_helper
INFO - 2025-02-27 07:14:59 --> Helper loaded: param_helper
INFO - 2025-02-27 07:14:59 --> Helper loaded: credential_helper
INFO - 2025-02-27 07:14:59 --> Helper loaded: template_helper
INFO - 2025-02-27 07:14:59 --> Helper loaded: rest_helper
INFO - 2025-02-27 07:14:59 --> Database Driver Class Initialized
DEBUG - 2025-02-27 07:14:59 --> Idgenerator class already loaded. Second attempt ignored.
INFO - 2025-02-27 07:14:59 --> Controller Class Initialized
DEBUG - 2025-02-27 07:14:59 --> File loaded: /apps/web-drc/application/modules/app_auth/views/login_lte_template.php
DEBUG - 2025-02-27 07:14:59 --> File loaded: /apps/web-drc/application/views/template_login_lte/header.php
DEBUG - 2025-02-27 07:14:59 --> File loaded: /apps/web-drc/application/views/template_login_lte/contents.php
DEBUG - 2025-02-27 07:14:59 --> File loaded: /apps/web-drc/application/views/template_login_lte/default.php
INFO - 2025-02-27 07:14:59 --> Final output sent to browser
DEBUG - 2025-02-27 07:14:59 --> Total execution time: 0.0455
INFO - 2025-02-27 07:15:03 --> Config Class Initialized
INFO - 2025-02-27 07:15:03 --> Hooks Class Initialized
DEBUG - 2025-02-27 07:15:03 --> UTF-8 Support Enabled
INFO - 2025-02-27 07:15:03 --> Utf8 Class Initialized
INFO - 2025-02-27 07:15:03 --> URI Class Initialized
INFO - 2025-02-27 07:15:03 --> Router Class Initialized
INFO - 2025-02-27 07:15:03 --> Output Class Initialized
INFO - 2025-02-27 07:15:03 --> Security Class Initialized
DEBUG - 2025-02-27 07:15:03 --> Global POST, GET and COOKIE data sanitized
INFO - 2025-02-27 07:15:03 --> Input Class Initialized
INFO - 2025-02-27 07:15:03 --> Language Class Initialized
ERROR - 2025-02-27 07:15:03 --> 404 Page Not Found: /index
INFO - 2025-02-27 19:36:35 --> Config Class Initialized
INFO - 2025-02-27 19:36:35 --> Hooks Class Initialized
DEBUG - 2025-02-27 19:36:35 --> UTF-8 Support Enabled
INFO - 2025-02-27 19:36:35 --> Utf8 Class Initialized
INFO - 2025-02-27 19:36:35 --> URI Class Initialized
DEBUG - 2025-02-27 19:36:35 --> No URI present. Default controller set.
INFO - 2025-02-27 19:36:35 --> Router Class Initialized
INFO - 2025-02-27 19:36:35 --> Output Class Initialized
INFO - 2025-02-27 19:36:35 --> Security Class Initialized
DEBUG - 2025-02-27 19:36:35 --> Global POST, GET and COOKIE data sanitized
INFO - 2025-02-27 19:36:35 --> Input Class Initialized
INFO - 2025-02-27 19:36:35 --> Language Class Initialized
INFO - 2025-02-27 19:36:35 --> Language Class Initialized
INFO - 2025-02-27 19:36:35 --> Config Class Initialized
INFO - 2025-02-27 19:36:35 --> Loader Class Initialized
INFO - 2025-02-27 19:36:35 --> Helper loaded: url_helper
INFO - 2025-02-27 19:36:35 --> Helper loaded: easyui_helper
INFO - 2025-02-27 19:36:35 --> Helper loaded: param_helper
INFO - 2025-02-27 19:36:35 --> Helper loaded: credential_helper
INFO - 2025-02-27 19:36:35 --> Helper loaded: template_helper
INFO - 2025-02-27 19:36:35 --> Helper loaded: rest_helper
INFO - 2025-02-27 19:36:35 --> Database Driver Class Initialized
DEBUG - 2025-02-27 19:36:35 --> Idgenerator class already loaded. Second attempt ignored.
INFO - 2025-02-27 19:36:35 --> Controller Class Initialized
DEBUG - 2025-02-27 19:36:35 --> File loaded: /apps/web-drc/application/modules/app_auth/views/login_lte_template.php
DEBUG - 2025-02-27 19:36:35 --> File loaded: /apps/web-drc/application/views/template_login_lte/header.php
DEBUG - 2025-02-27 19:36:35 --> File loaded: /apps/web-drc/application/views/template_login_lte/contents.php
DEBUG - 2025-02-27 19:36:35 --> File loaded: /apps/web-drc/application/views/template_login_lte/default.php
INFO - 2025-02-27 19:36:35 --> Final output sent to browser
DEBUG - 2025-02-27 19:36:35 --> Total execution time: 0.0464
