INFO - 2025-02-24 10:04:46 --> Config Class Initialized
INFO - 2025-02-24 10:04:46 --> Hooks Class Initialized
DEBUG - 2025-02-24 10:04:46 --> UTF-8 Support Enabled
INFO - 2025-02-24 10:04:46 --> Utf8 Class Initialized
INFO - 2025-02-24 10:04:46 --> URI Class Initialized
INFO - 2025-02-24 10:04:46 --> Router Class Initialized
INFO - 2025-02-24 10:04:46 --> Output Class Initialized
INFO - 2025-02-24 10:04:46 --> Security Class Initialized
DEBUG - 2025-02-24 10:04:46 --> Global POST, GET and COOKIE data sanitized
INFO - 2025-02-24 10:04:46 --> Input Class Initialized
INFO - 2025-02-24 10:04:46 --> Language Class Initialized
INFO - 2025-02-24 10:04:46 --> Language Class Initialized
INFO - 2025-02-24 10:04:46 --> Config Class Initialized
INFO - 2025-02-24 10:04:46 --> Loader Class Initialized
INFO - 2025-02-24 10:04:46 --> Helper loaded: url_helper
INFO - 2025-02-24 10:04:46 --> Helper loaded: easyui_helper
INFO - 2025-02-24 10:04:46 --> Helper loaded: param_helper
INFO - 2025-02-24 10:04:46 --> Helper loaded: credential_helper
INFO - 2025-02-24 10:04:46 --> Helper loaded: template_helper
INFO - 2025-02-24 10:04:46 --> Helper loaded: rest_helper
INFO - 2025-02-24 10:04:46 --> Database Driver Class Initialized
DEBUG - 2025-02-24 10:04:46 --> Idgenerator class already loaded. Second attempt ignored.
INFO - 2025-02-24 10:04:46 --> Controller Class Initialized
INFO - 2025-02-24 10:04:46 --> Final output sent to browser
DEBUG - 2025-02-24 10:04:46 --> Total execution time: 0.0847
INFO - 2025-02-24 10:04:46 --> Config Class Initialized
INFO - 2025-02-24 10:04:46 --> Hooks Class Initialized
DEBUG - 2025-02-24 10:04:46 --> UTF-8 Support Enabled
INFO - 2025-02-24 10:04:46 --> Utf8 Class Initialized
INFO - 2025-02-24 10:04:46 --> URI Class Initialized
INFO - 2025-02-24 10:04:46 --> Router Class Initialized
INFO - 2025-02-24 10:04:46 --> Output Class Initialized
INFO - 2025-02-24 10:04:46 --> Security Class Initialized
DEBUG - 2025-02-24 10:04:46 --> Global POST, GET and COOKIE data sanitized
INFO - 2025-02-24 10:04:46 --> Input Class Initialized
INFO - 2025-02-24 10:04:46 --> Language Class Initialized
INFO - 2025-02-24 10:04:46 --> Language Class Initialized
INFO - 2025-02-24 10:04:46 --> Config Class Initialized
INFO - 2025-02-24 10:04:46 --> Loader Class Initialized
INFO - 2025-02-24 10:04:46 --> Helper loaded: url_helper
INFO - 2025-02-24 10:04:46 --> Helper loaded: easyui_helper
INFO - 2025-02-24 10:04:46 --> Helper loaded: param_helper
INFO - 2025-02-24 10:04:46 --> Helper loaded: credential_helper
INFO - 2025-02-24 10:04:46 --> Helper loaded: template_helper
INFO - 2025-02-24 10:04:46 --> Helper loaded: rest_helper
INFO - 2025-02-24 10:04:46 --> Database Driver Class Initialized
DEBUG - 2025-02-24 10:04:46 --> Idgenerator class already loaded. Second attempt ignored.
INFO - 2025-02-24 10:04:46 --> Controller Class Initialized
INFO - 2025-02-24 10:04:46 --> Model Class Initialized
DEBUG - 2025-02-24 10:04:46 --> File loaded: /apps/web-drc/application/modules/app_dashboard/models/App_dashboard_model.php
INFO - 2025-02-24 10:04:46 --> Model Class Initialized
DEBUG - 2025-02-24 10:04:46 --> File loaded: /apps/web-drc/application/modules/app_dashboard/views/content.php
DEBUG - 2025-02-24 10:04:46 --> File loaded: /apps/web-drc/application/views/templates/header.php
DEBUG - 2025-02-24 10:04:46 --> File loaded: /apps/web-drc/application/views/templates/toolbar.php
DEBUG - 2025-02-24 10:04:46 --> File loaded: /apps/web-drc/application/views/templates/sidebar.php
DEBUG - 2025-02-24 10:04:46 --> File loaded: /apps/web-drc/application/views/templates/contents.php
DEBUG - 2025-02-24 10:04:46 --> File loaded: /apps/web-drc/application/views/templates/content_footer.php
DEBUG - 2025-02-24 10:04:46 --> File loaded: /apps/web-drc/application/views/templates/footer.php
DEBUG - 2025-02-24 10:04:46 --> File loaded: /apps/web-drc/application/views/templates/default.php
INFO - 2025-02-24 10:04:46 --> Final output sent to browser
DEBUG - 2025-02-24 10:04:46 --> Total execution time: 0.0287
INFO - 2025-02-24 10:04:46 --> Config Class Initialized
INFO - 2025-02-24 10:04:46 --> Hooks Class Initialized
DEBUG - 2025-02-24 10:04:46 --> UTF-8 Support Enabled
INFO - 2025-02-24 10:04:46 --> Utf8 Class Initialized
INFO - 2025-02-24 10:04:46 --> URI Class Initialized
INFO - 2025-02-24 10:04:46 --> Router Class Initialized
INFO - 2025-02-24 10:04:46 --> Output Class Initialized
INFO - 2025-02-24 10:04:46 --> Security Class Initialized
DEBUG - 2025-02-24 10:04:46 --> Global POST, GET and COOKIE data sanitized
INFO - 2025-02-24 10:04:46 --> Input Class Initialized
INFO - 2025-02-24 10:04:46 --> Language Class Initialized
INFO - 2025-02-24 10:04:46 --> Language Class Initialized
INFO - 2025-02-24 10:04:46 --> Config Class Initialized
INFO - 2025-02-24 10:04:46 --> Loader Class Initialized
INFO - 2025-02-24 10:04:46 --> Helper loaded: url_helper
INFO - 2025-02-24 10:04:46 --> Helper loaded: easyui_helper
INFO - 2025-02-24 10:04:46 --> Helper loaded: param_helper
INFO - 2025-02-24 10:04:46 --> Helper loaded: credential_helper
INFO - 2025-02-24 10:04:46 --> Helper loaded: template_helper
INFO - 2025-02-24 10:04:46 --> Helper loaded: rest_helper
INFO - 2025-02-24 10:04:46 --> Database Driver Class Initialized
DEBUG - 2025-02-24 10:04:46 --> Idgenerator class already loaded. Second attempt ignored.
INFO - 2025-02-24 10:04:46 --> Controller Class Initialized
INFO - 2025-02-24 10:04:46 --> Model Class Initialized
DEBUG - 2025-02-24 10:04:46 --> File loaded: /apps/web-drc/application/modules/app_dashboard/models/App_dashboard_model.php
INFO - 2025-02-24 10:04:46 --> Model Class Initialized
INFO - 2025-02-24 10:04:46 --> Final output sent to browser
DEBUG - 2025-02-24 10:04:46 --> Total execution time: 0.0309
INFO - 2025-02-24 10:04:46 --> Config Class Initialized
INFO - 2025-02-24 10:04:46 --> Hooks Class Initialized
DEBUG - 2025-02-24 10:04:46 --> UTF-8 Support Enabled
INFO - 2025-02-24 10:04:46 --> Utf8 Class Initialized
INFO - 2025-02-24 10:04:46 --> URI Class Initialized
INFO - 2025-02-24 10:04:46 --> Router Class Initialized
INFO - 2025-02-24 10:04:46 --> Output Class Initialized
INFO - 2025-02-24 10:04:46 --> Security Class Initialized
DEBUG - 2025-02-24 10:04:46 --> Global POST, GET and COOKIE data sanitized
INFO - 2025-02-24 10:04:46 --> Input Class Initialized
INFO - 2025-02-24 10:04:46 --> Language Class Initialized
INFO - 2025-02-24 10:04:46 --> Language Class Initialized
INFO - 2025-02-24 10:04:46 --> Config Class Initialized
INFO - 2025-02-24 10:04:46 --> Loader Class Initialized
INFO - 2025-02-24 10:04:46 --> Helper loaded: url_helper
INFO - 2025-02-24 10:04:46 --> Helper loaded: easyui_helper
INFO - 2025-02-24 10:04:46 --> Helper loaded: param_helper
INFO - 2025-02-24 10:04:46 --> Helper loaded: credential_helper
INFO - 2025-02-24 10:04:46 --> Helper loaded: template_helper
INFO - 2025-02-24 10:04:46 --> Helper loaded: rest_helper
INFO - 2025-02-24 10:04:46 --> Database Driver Class Initialized
DEBUG - 2025-02-24 10:04:46 --> Idgenerator class already loaded. Second attempt ignored.
INFO - 2025-02-24 10:04:46 --> Controller Class Initialized
INFO - 2025-02-24 10:04:46 --> Model Class Initialized
DEBUG - 2025-02-24 10:04:46 --> File loaded: /apps/web-drc/application/modules/api_v1/models/Api_v1_model.php
INFO - 2025-02-24 10:04:46 --> Model Class Initialized
INFO - 2025-02-24 10:04:46 --> Final output sent to browser
DEBUG - 2025-02-24 10:04:46 --> Total execution time: 0.0145
INFO - 2025-02-24 10:04:51 --> Config Class Initialized
INFO - 2025-02-24 10:04:51 --> Hooks Class Initialized
DEBUG - 2025-02-24 10:04:51 --> UTF-8 Support Enabled
INFO - 2025-02-24 10:04:51 --> Utf8 Class Initialized
INFO - 2025-02-24 10:04:51 --> URI Class Initialized
INFO - 2025-02-24 10:04:51 --> Router Class Initialized
INFO - 2025-02-24 10:04:51 --> Output Class Initialized
INFO - 2025-02-24 10:04:51 --> Security Class Initialized
DEBUG - 2025-02-24 10:04:51 --> Global POST, GET and COOKIE data sanitized
INFO - 2025-02-24 10:04:51 --> Input Class Initialized
INFO - 2025-02-24 10:04:51 --> Language Class Initialized
INFO - 2025-02-24 10:04:51 --> Language Class Initialized
INFO - 2025-02-24 10:04:51 --> Config Class Initialized
INFO - 2025-02-24 10:04:51 --> Loader Class Initialized
INFO - 2025-02-24 10:04:51 --> Helper loaded: url_helper
INFO - 2025-02-24 10:04:51 --> Helper loaded: easyui_helper
INFO - 2025-02-24 10:04:51 --> Helper loaded: param_helper
INFO - 2025-02-24 10:04:51 --> Helper loaded: credential_helper
INFO - 2025-02-24 10:04:51 --> Helper loaded: template_helper
INFO - 2025-02-24 10:04:51 --> Helper loaded: rest_helper
INFO - 2025-02-24 10:04:51 --> Database Driver Class Initialized
DEBUG - 2025-02-24 10:04:51 --> Idgenerator class already loaded. Second attempt ignored.
INFO - 2025-02-24 10:04:51 --> Controller Class Initialized
INFO - 2025-02-24 10:04:51 --> Model Class Initialized
DEBUG - 2025-02-24 10:04:51 --> File loaded: /apps/web-drc/application/modules/promo_product_sales/models/Promo_product_model.php
INFO - 2025-02-24 10:04:51 --> Model Class Initialized
DEBUG - 2025-02-24 10:04:51 --> File loaded: /apps/web-drc/application/modules/promo_product_sales/views/content.php
DEBUG - 2025-02-24 10:04:51 --> File loaded: /apps/web-drc/application/views/templates/header.php
DEBUG - 2025-02-24 10:04:51 --> File loaded: /apps/web-drc/application/views/templates/toolbar.php
DEBUG - 2025-02-24 10:04:51 --> File loaded: /apps/web-drc/application/views/templates/sidebar.php
DEBUG - 2025-02-24 10:04:51 --> File loaded: /apps/web-drc/application/views/templates/contents.php
DEBUG - 2025-02-24 10:04:51 --> File loaded: /apps/web-drc/application/views/templates/content_footer.php
DEBUG - 2025-02-24 10:04:51 --> File loaded: /apps/web-drc/application/views/templates/footer.php
DEBUG - 2025-02-24 10:04:51 --> File loaded: /apps/web-drc/application/views/templates/default.php
INFO - 2025-02-24 10:04:51 --> Final output sent to browser
DEBUG - 2025-02-24 10:04:51 --> Total execution time: 0.0109
INFO - 2025-02-24 10:04:52 --> Config Class Initialized
INFO - 2025-02-24 10:04:52 --> Hooks Class Initialized
DEBUG - 2025-02-24 10:04:52 --> UTF-8 Support Enabled
INFO - 2025-02-24 10:04:52 --> Utf8 Class Initialized
INFO - 2025-02-24 10:04:52 --> URI Class Initialized
INFO - 2025-02-24 10:04:52 --> Router Class Initialized
INFO - 2025-02-24 10:04:52 --> Output Class Initialized
INFO - 2025-02-24 10:04:52 --> Security Class Initialized
DEBUG - 2025-02-24 10:04:52 --> Global POST, GET and COOKIE data sanitized
INFO - 2025-02-24 10:04:52 --> Input Class Initialized
INFO - 2025-02-24 10:04:52 --> Language Class Initialized
INFO - 2025-02-24 10:04:52 --> Language Class Initialized
INFO - 2025-02-24 10:04:52 --> Config Class Initialized
INFO - 2025-02-24 10:04:52 --> Loader Class Initialized
INFO - 2025-02-24 10:04:52 --> Helper loaded: url_helper
INFO - 2025-02-24 10:04:52 --> Helper loaded: easyui_helper
INFO - 2025-02-24 10:04:52 --> Helper loaded: param_helper
INFO - 2025-02-24 10:04:52 --> Helper loaded: credential_helper
INFO - 2025-02-24 10:04:52 --> Helper loaded: template_helper
INFO - 2025-02-24 10:04:52 --> Helper loaded: rest_helper
INFO - 2025-02-24 10:04:52 --> Database Driver Class Initialized
DEBUG - 2025-02-24 10:04:52 --> Idgenerator class already loaded. Second attempt ignored.
INFO - 2025-02-24 10:04:52 --> Controller Class Initialized
INFO - 2025-02-24 10:04:52 --> Model Class Initialized
DEBUG - 2025-02-24 10:04:52 --> File loaded: /apps/web-drc/application/modules/promo_product_sales/models/Promo_product_model.php
INFO - 2025-02-24 10:04:52 --> Model Class Initialized
INFO - 2025-02-24 10:04:52 --> Final output sent to browser
DEBUG - 2025-02-24 10:04:52 --> Total execution time: 0.0053
INFO - 2025-02-24 10:04:54 --> Config Class Initialized
INFO - 2025-02-24 10:04:54 --> Hooks Class Initialized
DEBUG - 2025-02-24 10:04:54 --> UTF-8 Support Enabled
INFO - 2025-02-24 10:04:54 --> Utf8 Class Initialized
INFO - 2025-02-24 10:04:54 --> URI Class Initialized
INFO - 2025-02-24 10:04:54 --> Router Class Initialized
INFO - 2025-02-24 10:04:54 --> Output Class Initialized
INFO - 2025-02-24 10:04:54 --> Security Class Initialized
DEBUG - 2025-02-24 10:04:54 --> Global POST, GET and COOKIE data sanitized
INFO - 2025-02-24 10:04:54 --> Input Class Initialized
INFO - 2025-02-24 10:04:54 --> Language Class Initialized
INFO - 2025-02-24 10:04:54 --> Language Class Initialized
INFO - 2025-02-24 10:04:54 --> Config Class Initialized
INFO - 2025-02-24 10:04:54 --> Loader Class Initialized
INFO - 2025-02-24 10:04:54 --> Helper loaded: url_helper
INFO - 2025-02-24 10:04:54 --> Helper loaded: easyui_helper
INFO - 2025-02-24 10:04:54 --> Helper loaded: param_helper
INFO - 2025-02-24 10:04:54 --> Helper loaded: credential_helper
INFO - 2025-02-24 10:04:54 --> Helper loaded: template_helper
INFO - 2025-02-24 10:04:54 --> Helper loaded: rest_helper
INFO - 2025-02-24 10:04:54 --> Database Driver Class Initialized
DEBUG - 2025-02-24 10:04:54 --> Idgenerator class already loaded. Second attempt ignored.
INFO - 2025-02-24 10:04:54 --> Controller Class Initialized
INFO - 2025-02-24 10:04:54 --> Model Class Initialized
DEBUG - 2025-02-24 10:04:54 --> File loaded: /apps/web-drc/application/modules/mapping_promo_active/models/Promo_active_model.php
INFO - 2025-02-24 10:04:54 --> Model Class Initialized
DEBUG - 2025-02-24 10:04:54 --> File loaded: /apps/web-drc/application/modules/mapping_promo_active/views/content.php
DEBUG - 2025-02-24 10:04:54 --> File loaded: /apps/web-drc/application/views/templates/header.php
DEBUG - 2025-02-24 10:04:54 --> File loaded: /apps/web-drc/application/views/templates/toolbar.php
DEBUG - 2025-02-24 10:04:54 --> File loaded: /apps/web-drc/application/views/templates/sidebar.php
DEBUG - 2025-02-24 10:04:54 --> File loaded: /apps/web-drc/application/views/templates/contents.php
DEBUG - 2025-02-24 10:04:54 --> File loaded: /apps/web-drc/application/views/templates/content_footer.php
DEBUG - 2025-02-24 10:04:54 --> File loaded: /apps/web-drc/application/views/templates/footer.php
DEBUG - 2025-02-24 10:04:54 --> File loaded: /apps/web-drc/application/views/templates/default.php
INFO - 2025-02-24 10:04:54 --> Final output sent to browser
DEBUG - 2025-02-24 10:04:54 --> Total execution time: 0.0154
INFO - 2025-02-24 10:04:54 --> Config Class Initialized
INFO - 2025-02-24 10:04:54 --> Hooks Class Initialized
DEBUG - 2025-02-24 10:04:54 --> UTF-8 Support Enabled
INFO - 2025-02-24 10:04:54 --> Utf8 Class Initialized
INFO - 2025-02-24 10:04:54 --> URI Class Initialized
INFO - 2025-02-24 10:04:54 --> Router Class Initialized
INFO - 2025-02-24 10:04:54 --> Output Class Initialized
INFO - 2025-02-24 10:04:54 --> Security Class Initialized
DEBUG - 2025-02-24 10:04:54 --> Global POST, GET and COOKIE data sanitized
INFO - 2025-02-24 10:04:54 --> Input Class Initialized
INFO - 2025-02-24 10:04:54 --> Language Class Initialized
INFO - 2025-02-24 10:04:54 --> Language Class Initialized
INFO - 2025-02-24 10:04:54 --> Config Class Initialized
INFO - 2025-02-24 10:04:54 --> Loader Class Initialized
INFO - 2025-02-24 10:04:54 --> Helper loaded: url_helper
INFO - 2025-02-24 10:04:54 --> Helper loaded: easyui_helper
INFO - 2025-02-24 10:04:54 --> Helper loaded: param_helper
INFO - 2025-02-24 10:04:54 --> Helper loaded: credential_helper
INFO - 2025-02-24 10:04:54 --> Helper loaded: template_helper
INFO - 2025-02-24 10:04:54 --> Helper loaded: rest_helper
INFO - 2025-02-24 10:04:54 --> Database Driver Class Initialized
DEBUG - 2025-02-24 10:04:54 --> Idgenerator class already loaded. Second attempt ignored.
INFO - 2025-02-24 10:04:54 --> Controller Class Initialized
INFO - 2025-02-24 10:04:54 --> Model Class Initialized
DEBUG - 2025-02-24 10:04:54 --> File loaded: /apps/web-drc/application/modules/mapping_promo_active/models/Promo_active_model.php
INFO - 2025-02-24 10:04:54 --> Model Class Initialized
INFO - 2025-02-24 10:04:54 --> Final output sent to browser
DEBUG - 2025-02-24 10:04:54 --> Total execution time: 0.0299
INFO - 2025-02-24 10:04:56 --> Config Class Initialized
INFO - 2025-02-24 10:04:56 --> Hooks Class Initialized
DEBUG - 2025-02-24 10:04:56 --> UTF-8 Support Enabled
INFO - 2025-02-24 10:04:56 --> Utf8 Class Initialized
INFO - 2025-02-24 10:04:56 --> URI Class Initialized
INFO - 2025-02-24 10:04:56 --> Router Class Initialized
INFO - 2025-02-24 10:04:56 --> Output Class Initialized
INFO - 2025-02-24 10:04:56 --> Security Class Initialized
DEBUG - 2025-02-24 10:04:56 --> Global POST, GET and COOKIE data sanitized
INFO - 2025-02-24 10:04:56 --> Input Class Initialized
INFO - 2025-02-24 10:04:56 --> Language Class Initialized
INFO - 2025-02-24 10:04:56 --> Language Class Initialized
INFO - 2025-02-24 10:04:56 --> Config Class Initialized
INFO - 2025-02-24 10:04:56 --> Loader Class Initialized
INFO - 2025-02-24 10:04:56 --> Helper loaded: url_helper
INFO - 2025-02-24 10:04:56 --> Helper loaded: easyui_helper
INFO - 2025-02-24 10:04:56 --> Helper loaded: param_helper
INFO - 2025-02-24 10:04:56 --> Helper loaded: credential_helper
INFO - 2025-02-24 10:04:56 --> Helper loaded: template_helper
INFO - 2025-02-24 10:04:56 --> Helper loaded: rest_helper
INFO - 2025-02-24 10:04:56 --> Database Driver Class Initialized
DEBUG - 2025-02-24 10:04:56 --> Idgenerator class already loaded. Second attempt ignored.
INFO - 2025-02-24 10:04:56 --> Controller Class Initialized
INFO - 2025-02-24 10:04:56 --> Model Class Initialized
DEBUG - 2025-02-24 10:04:56 --> File loaded: /apps/web-drc/application/modules/mapping_promo_active/models/Promo_active_model.php
INFO - 2025-02-24 10:04:56 --> Model Class Initialized
DEBUG - 2025-02-24 10:04:56 --> File loaded: /apps/web-drc/application/modules/mapping_promo_active/views/form.php
DEBUG - 2025-02-24 10:04:56 --> File loaded: /apps/web-drc/application/views/templates/header.php
DEBUG - 2025-02-24 10:04:56 --> File loaded: /apps/web-drc/application/views/templates/toolbar.php
DEBUG - 2025-02-24 10:04:56 --> File loaded: /apps/web-drc/application/views/templates/sidebar.php
DEBUG - 2025-02-24 10:04:56 --> File loaded: /apps/web-drc/application/views/templates/contents.php
DEBUG - 2025-02-24 10:04:56 --> File loaded: /apps/web-drc/application/views/templates/content_footer.php
DEBUG - 2025-02-24 10:04:56 --> File loaded: /apps/web-drc/application/views/templates/footer.php
DEBUG - 2025-02-24 10:04:56 --> File loaded: /apps/web-drc/application/views/templates/default.php
INFO - 2025-02-24 10:04:56 --> Final output sent to browser
DEBUG - 2025-02-24 10:04:56 --> Total execution time: 0.0085
INFO - 2025-02-24 10:04:57 --> Config Class Initialized
INFO - 2025-02-24 10:04:57 --> Hooks Class Initialized
DEBUG - 2025-02-24 10:04:57 --> UTF-8 Support Enabled
INFO - 2025-02-24 10:04:57 --> Utf8 Class Initialized
INFO - 2025-02-24 10:04:57 --> URI Class Initialized
INFO - 2025-02-24 10:04:57 --> Router Class Initialized
INFO - 2025-02-24 10:04:57 --> Output Class Initialized
INFO - 2025-02-24 10:04:57 --> Security Class Initialized
DEBUG - 2025-02-24 10:04:57 --> Global POST, GET and COOKIE data sanitized
INFO - 2025-02-24 10:04:57 --> Input Class Initialized
INFO - 2025-02-24 10:04:57 --> Language Class Initialized
INFO - 2025-02-24 10:04:57 --> Language Class Initialized
INFO - 2025-02-24 10:04:57 --> Config Class Initialized
INFO - 2025-02-24 10:04:57 --> Loader Class Initialized
INFO - 2025-02-24 10:04:57 --> Helper loaded: url_helper
INFO - 2025-02-24 10:04:57 --> Helper loaded: easyui_helper
INFO - 2025-02-24 10:04:57 --> Helper loaded: param_helper
INFO - 2025-02-24 10:04:57 --> Helper loaded: credential_helper
INFO - 2025-02-24 10:04:57 --> Helper loaded: template_helper
INFO - 2025-02-24 10:04:57 --> Helper loaded: rest_helper
INFO - 2025-02-24 10:04:57 --> Database Driver Class Initialized
DEBUG - 2025-02-24 10:04:57 --> Idgenerator class already loaded. Second attempt ignored.
INFO - 2025-02-24 10:04:57 --> Controller Class Initialized
INFO - 2025-02-24 10:04:57 --> Model Class Initialized
DEBUG - 2025-02-24 10:04:57 --> File loaded: /apps/web-drc/application/modules/api_v1/models/Api_v1_model.php
INFO - 2025-02-24 10:04:57 --> Model Class Initialized
INFO - 2025-02-24 10:04:57 --> Final output sent to browser
DEBUG - 2025-02-24 10:04:57 --> Total execution time: 0.0064
INFO - 2025-02-24 10:04:57 --> Config Class Initialized
INFO - 2025-02-24 10:04:57 --> Hooks Class Initialized
DEBUG - 2025-02-24 10:04:57 --> UTF-8 Support Enabled
INFO - 2025-02-24 10:04:57 --> Utf8 Class Initialized
INFO - 2025-02-24 10:04:57 --> URI Class Initialized
INFO - 2025-02-24 10:04:57 --> Router Class Initialized
INFO - 2025-02-24 10:04:57 --> Output Class Initialized
INFO - 2025-02-24 10:04:57 --> Security Class Initialized
DEBUG - 2025-02-24 10:04:57 --> Global POST, GET and COOKIE data sanitized
INFO - 2025-02-24 10:04:57 --> Input Class Initialized
INFO - 2025-02-24 10:04:57 --> Language Class Initialized
INFO - 2025-02-24 10:04:57 --> Language Class Initialized
INFO - 2025-02-24 10:04:57 --> Config Class Initialized
INFO - 2025-02-24 10:04:57 --> Loader Class Initialized
INFO - 2025-02-24 10:04:57 --> Helper loaded: url_helper
INFO - 2025-02-24 10:04:57 --> Helper loaded: easyui_helper
INFO - 2025-02-24 10:04:57 --> Helper loaded: param_helper
INFO - 2025-02-24 10:04:57 --> Helper loaded: credential_helper
INFO - 2025-02-24 10:04:57 --> Helper loaded: template_helper
INFO - 2025-02-24 10:04:57 --> Helper loaded: rest_helper
INFO - 2025-02-24 10:04:57 --> Database Driver Class Initialized
DEBUG - 2025-02-24 10:04:57 --> Idgenerator class already loaded. Second attempt ignored.
INFO - 2025-02-24 10:04:57 --> Controller Class Initialized
INFO - 2025-02-24 10:04:57 --> Model Class Initialized
DEBUG - 2025-02-24 10:04:57 --> File loaded: /apps/web-drc/application/modules/api_v1/models/Api_v1_model.php
INFO - 2025-02-24 10:04:57 --> Model Class Initialized
INFO - 2025-02-24 10:04:57 --> Final output sent to browser
DEBUG - 2025-02-24 10:04:57 --> Total execution time: 0.0047
INFO - 2025-02-24 10:04:57 --> Config Class Initialized
INFO - 2025-02-24 10:04:57 --> Hooks Class Initialized
DEBUG - 2025-02-24 10:04:57 --> UTF-8 Support Enabled
INFO - 2025-02-24 10:04:57 --> Utf8 Class Initialized
INFO - 2025-02-24 10:04:57 --> URI Class Initialized
INFO - 2025-02-24 10:04:57 --> Router Class Initialized
INFO - 2025-02-24 10:04:57 --> Output Class Initialized
INFO - 2025-02-24 10:04:57 --> Security Class Initialized
DEBUG - 2025-02-24 10:04:57 --> Global POST, GET and COOKIE data sanitized
INFO - 2025-02-24 10:04:57 --> Input Class Initialized
INFO - 2025-02-24 10:04:57 --> Language Class Initialized
INFO - 2025-02-24 10:04:57 --> Language Class Initialized
INFO - 2025-02-24 10:04:57 --> Config Class Initialized
INFO - 2025-02-24 10:04:57 --> Loader Class Initialized
INFO - 2025-02-24 10:04:57 --> Helper loaded: url_helper
INFO - 2025-02-24 10:04:57 --> Helper loaded: easyui_helper
INFO - 2025-02-24 10:04:57 --> Helper loaded: param_helper
INFO - 2025-02-24 10:04:57 --> Helper loaded: credential_helper
INFO - 2025-02-24 10:04:57 --> Helper loaded: template_helper
INFO - 2025-02-24 10:04:57 --> Helper loaded: rest_helper
INFO - 2025-02-24 10:04:57 --> Database Driver Class Initialized
DEBUG - 2025-02-24 10:04:57 --> Idgenerator class already loaded. Second attempt ignored.
INFO - 2025-02-24 10:04:57 --> Controller Class Initialized
INFO - 2025-02-24 10:04:57 --> Model Class Initialized
DEBUG - 2025-02-24 10:04:57 --> File loaded: /apps/web-drc/application/modules/ref_customer_class/models/Customer_class_model.php
INFO - 2025-02-24 10:04:57 --> Model Class Initialized
INFO - 2025-02-24 10:04:57 --> Final output sent to browser
DEBUG - 2025-02-24 10:04:57 --> Total execution time: 0.0075
INFO - 2025-02-24 10:05:27 --> Config Class Initialized
INFO - 2025-02-24 10:05:27 --> Hooks Class Initialized
DEBUG - 2025-02-24 10:05:27 --> UTF-8 Support Enabled
INFO - 2025-02-24 10:05:27 --> Utf8 Class Initialized
INFO - 2025-02-24 10:05:27 --> URI Class Initialized
INFO - 2025-02-24 10:05:27 --> Router Class Initialized
INFO - 2025-02-24 10:05:27 --> Output Class Initialized
INFO - 2025-02-24 10:05:27 --> Security Class Initialized
DEBUG - 2025-02-24 10:05:27 --> Global POST, GET and COOKIE data sanitized
INFO - 2025-02-24 10:05:27 --> Input Class Initialized
INFO - 2025-02-24 10:05:27 --> Language Class Initialized
INFO - 2025-02-24 10:05:27 --> Language Class Initialized
INFO - 2025-02-24 10:05:27 --> Config Class Initialized
INFO - 2025-02-24 10:05:27 --> Loader Class Initialized
INFO - 2025-02-24 10:05:27 --> Helper loaded: url_helper
INFO - 2025-02-24 10:05:27 --> Helper loaded: easyui_helper
INFO - 2025-02-24 10:05:27 --> Helper loaded: param_helper
INFO - 2025-02-24 10:05:27 --> Helper loaded: credential_helper
INFO - 2025-02-24 10:05:27 --> Helper loaded: template_helper
INFO - 2025-02-24 10:05:27 --> Helper loaded: rest_helper
INFO - 2025-02-24 10:05:27 --> Database Driver Class Initialized
DEBUG - 2025-02-24 10:05:27 --> Idgenerator class already loaded. Second attempt ignored.
INFO - 2025-02-24 10:05:27 --> Controller Class Initialized
INFO - 2025-02-24 10:05:27 --> Model Class Initialized
DEBUG - 2025-02-24 10:05:27 --> File loaded: /apps/web-drc/application/modules/mapping_promo_active/models/Promo_active_model.php
INFO - 2025-02-24 10:05:27 --> Model Class Initialized
ERROR - 2025-02-24 10:05:27 --> Cache: Failed to initialize APC; extension not loaded/enabled?
INFO - 2025-02-24 10:05:27 --> Helper loaded: file_helper
ERROR - 2025-02-24 10:05:27 --> Cache adapter "apc" and backup "file" are both unavailable. Cache is now using "Dummy" adapter.
ERROR - 2025-02-24 10:05:27 --> Severity: Warning --> fopen(/apps/web-drc/resource/files/lock/lock.txt): failed to open stream: Permission denied /apps/web-drc/application/libraries/IDGenerator.php 30
ERROR - 2025-02-24 10:05:27 --> Severity: Warning --> flock() expects parameter 1 to be resource, bool given /apps/web-drc/application/libraries/IDGenerator.php 31
ERROR - 2025-02-24 10:05:27 --> Severity: Warning --> fclose() expects parameter 1 to be resource, bool given /apps/web-drc/application/libraries/IDGenerator.php 67
INFO - 2025-02-24 10:05:27 --> Final output sent to browser
DEBUG - 2025-02-24 10:05:27 --> Total execution time: 0.0174
INFO - 2025-02-24 10:05:42 --> Config Class Initialized
INFO - 2025-02-24 10:05:42 --> Hooks Class Initialized
DEBUG - 2025-02-24 10:05:42 --> UTF-8 Support Enabled
INFO - 2025-02-24 10:05:42 --> Utf8 Class Initialized
INFO - 2025-02-24 10:05:42 --> URI Class Initialized
INFO - 2025-02-24 10:05:42 --> Router Class Initialized
INFO - 2025-02-24 10:05:42 --> Output Class Initialized
INFO - 2025-02-24 10:05:42 --> Security Class Initialized
DEBUG - 2025-02-24 10:05:42 --> Global POST, GET and COOKIE data sanitized
INFO - 2025-02-24 10:05:42 --> Input Class Initialized
INFO - 2025-02-24 10:05:42 --> Language Class Initialized
INFO - 2025-02-24 10:05:42 --> Language Class Initialized
INFO - 2025-02-24 10:05:42 --> Config Class Initialized
INFO - 2025-02-24 10:05:42 --> Loader Class Initialized
INFO - 2025-02-24 10:05:42 --> Helper loaded: url_helper
INFO - 2025-02-24 10:05:42 --> Helper loaded: easyui_helper
INFO - 2025-02-24 10:05:42 --> Helper loaded: param_helper
INFO - 2025-02-24 10:05:42 --> Helper loaded: credential_helper
INFO - 2025-02-24 10:05:42 --> Helper loaded: template_helper
INFO - 2025-02-24 10:05:42 --> Helper loaded: rest_helper
INFO - 2025-02-24 10:05:42 --> Database Driver Class Initialized
DEBUG - 2025-02-24 10:05:42 --> Idgenerator class already loaded. Second attempt ignored.
INFO - 2025-02-24 10:05:42 --> Controller Class Initialized
INFO - 2025-02-24 10:05:42 --> Model Class Initialized
DEBUG - 2025-02-24 10:05:42 --> File loaded: /apps/web-drc/application/modules/mapping_promo_active/models/Promo_active_model.php
INFO - 2025-02-24 10:05:42 --> Model Class Initialized
ERROR - 2025-02-24 10:05:42 --> Cache: Failed to initialize APC; extension not loaded/enabled?
INFO - 2025-02-24 10:05:42 --> Helper loaded: file_helper
ERROR - 2025-02-24 10:05:42 --> Cache adapter "apc" and backup "file" are both unavailable. Cache is now using "Dummy" adapter.
ERROR - 2025-02-24 10:05:42 --> Severity: Warning --> fopen(/apps/web-drc/resource/files/lock/lock.txt): failed to open stream: Permission denied /apps/web-drc/application/libraries/IDGenerator.php 30
ERROR - 2025-02-24 10:05:42 --> Severity: Warning --> flock() expects parameter 1 to be resource, bool given /apps/web-drc/application/libraries/IDGenerator.php 31
ERROR - 2025-02-24 10:05:42 --> Severity: Warning --> fclose() expects parameter 1 to be resource, bool given /apps/web-drc/application/libraries/IDGenerator.php 67
INFO - 2025-02-24 10:05:42 --> Final output sent to browser
DEBUG - 2025-02-24 10:05:42 --> Total execution time: 0.0059
INFO - 2025-02-24 10:05:47 --> Config Class Initialized
INFO - 2025-02-24 10:05:47 --> Hooks Class Initialized
DEBUG - 2025-02-24 10:05:47 --> UTF-8 Support Enabled
INFO - 2025-02-24 10:05:47 --> Utf8 Class Initialized
INFO - 2025-02-24 10:05:47 --> URI Class Initialized
INFO - 2025-02-24 10:05:47 --> Router Class Initialized
INFO - 2025-02-24 10:05:47 --> Output Class Initialized
INFO - 2025-02-24 10:05:47 --> Security Class Initialized
DEBUG - 2025-02-24 10:05:47 --> Global POST, GET and COOKIE data sanitized
INFO - 2025-02-24 10:05:47 --> Input Class Initialized
INFO - 2025-02-24 10:05:47 --> Language Class Initialized
INFO - 2025-02-24 10:05:47 --> Language Class Initialized
INFO - 2025-02-24 10:05:47 --> Config Class Initialized
INFO - 2025-02-24 10:05:47 --> Loader Class Initialized
INFO - 2025-02-24 10:05:47 --> Helper loaded: url_helper
INFO - 2025-02-24 10:05:47 --> Helper loaded: easyui_helper
INFO - 2025-02-24 10:05:47 --> Helper loaded: param_helper
INFO - 2025-02-24 10:05:47 --> Helper loaded: credential_helper
INFO - 2025-02-24 10:05:47 --> Helper loaded: template_helper
INFO - 2025-02-24 10:05:47 --> Helper loaded: rest_helper
INFO - 2025-02-24 10:05:47 --> Database Driver Class Initialized
DEBUG - 2025-02-24 10:05:47 --> Idgenerator class already loaded. Second attempt ignored.
INFO - 2025-02-24 10:05:47 --> Controller Class Initialized
INFO - 2025-02-24 10:05:47 --> Model Class Initialized
DEBUG - 2025-02-24 10:05:47 --> File loaded: /apps/web-drc/application/modules/mapping_promo_active/models/Promo_active_model.php
INFO - 2025-02-24 10:05:47 --> Model Class Initialized
ERROR - 2025-02-24 10:05:47 --> Cache: Failed to initialize APC; extension not loaded/enabled?
INFO - 2025-02-24 10:05:47 --> Helper loaded: file_helper
ERROR - 2025-02-24 10:05:47 --> Cache adapter "apc" and backup "file" are both unavailable. Cache is now using "Dummy" adapter.
ERROR - 2025-02-24 10:05:47 --> Severity: Warning --> fopen(/apps/web-drc/resource/files/lock/lock.txt): failed to open stream: Permission denied /apps/web-drc/application/libraries/IDGenerator.php 30
ERROR - 2025-02-24 10:05:47 --> Severity: Warning --> flock() expects parameter 1 to be resource, bool given /apps/web-drc/application/libraries/IDGenerator.php 31
ERROR - 2025-02-24 10:05:47 --> Severity: Warning --> fclose() expects parameter 1 to be resource, bool given /apps/web-drc/application/libraries/IDGenerator.php 67
INFO - 2025-02-24 10:05:47 --> Final output sent to browser
DEBUG - 2025-02-24 10:05:47 --> Total execution time: 0.0066
INFO - 2025-02-24 10:05:51 --> Config Class Initialized
INFO - 2025-02-24 10:05:51 --> Hooks Class Initialized
DEBUG - 2025-02-24 10:05:51 --> UTF-8 Support Enabled
INFO - 2025-02-24 10:05:51 --> Utf8 Class Initialized
INFO - 2025-02-24 10:05:51 --> URI Class Initialized
INFO - 2025-02-24 10:05:51 --> Router Class Initialized
INFO - 2025-02-24 10:05:51 --> Output Class Initialized
INFO - 2025-02-24 10:05:51 --> Security Class Initialized
DEBUG - 2025-02-24 10:05:51 --> Global POST, GET and COOKIE data sanitized
INFO - 2025-02-24 10:05:51 --> Input Class Initialized
INFO - 2025-02-24 10:05:51 --> Language Class Initialized
INFO - 2025-02-24 10:05:51 --> Language Class Initialized
INFO - 2025-02-24 10:05:51 --> Config Class Initialized
INFO - 2025-02-24 10:05:51 --> Loader Class Initialized
INFO - 2025-02-24 10:05:51 --> Helper loaded: url_helper
INFO - 2025-02-24 10:05:51 --> Helper loaded: easyui_helper
INFO - 2025-02-24 10:05:51 --> Helper loaded: param_helper
INFO - 2025-02-24 10:05:51 --> Helper loaded: credential_helper
INFO - 2025-02-24 10:05:51 --> Helper loaded: template_helper
INFO - 2025-02-24 10:05:51 --> Helper loaded: rest_helper
INFO - 2025-02-24 10:05:51 --> Database Driver Class Initialized
DEBUG - 2025-02-24 10:05:51 --> Idgenerator class already loaded. Second attempt ignored.
INFO - 2025-02-24 10:05:51 --> Controller Class Initialized
INFO - 2025-02-24 10:05:51 --> Model Class Initialized
DEBUG - 2025-02-24 10:05:51 --> File loaded: /apps/web-drc/application/modules/mapping_promo_active/models/Promo_active_model.php
INFO - 2025-02-24 10:05:51 --> Model Class Initialized
DEBUG - 2025-02-24 10:05:51 --> File loaded: /apps/web-drc/application/modules/mapping_promo_active/views/content.php
DEBUG - 2025-02-24 10:05:51 --> File loaded: /apps/web-drc/application/views/templates/header.php
DEBUG - 2025-02-24 10:05:51 --> File loaded: /apps/web-drc/application/views/templates/toolbar.php
DEBUG - 2025-02-24 10:05:51 --> File loaded: /apps/web-drc/application/views/templates/sidebar.php
DEBUG - 2025-02-24 10:05:51 --> File loaded: /apps/web-drc/application/views/templates/contents.php
DEBUG - 2025-02-24 10:05:51 --> File loaded: /apps/web-drc/application/views/templates/content_footer.php
DEBUG - 2025-02-24 10:05:51 --> File loaded: /apps/web-drc/application/views/templates/footer.php
DEBUG - 2025-02-24 10:05:51 --> File loaded: /apps/web-drc/application/views/templates/default.php
INFO - 2025-02-24 10:05:51 --> Final output sent to browser
DEBUG - 2025-02-24 10:05:51 --> Total execution time: 0.0073
INFO - 2025-02-24 10:05:51 --> Config Class Initialized
INFO - 2025-02-24 10:05:51 --> Hooks Class Initialized
DEBUG - 2025-02-24 10:05:51 --> UTF-8 Support Enabled
INFO - 2025-02-24 10:05:51 --> Utf8 Class Initialized
INFO - 2025-02-24 10:05:51 --> URI Class Initialized
INFO - 2025-02-24 10:05:51 --> Router Class Initialized
INFO - 2025-02-24 10:05:51 --> Output Class Initialized
INFO - 2025-02-24 10:05:51 --> Security Class Initialized
DEBUG - 2025-02-24 10:05:51 --> Global POST, GET and COOKIE data sanitized
INFO - 2025-02-24 10:05:51 --> Input Class Initialized
INFO - 2025-02-24 10:05:51 --> Language Class Initialized
INFO - 2025-02-24 10:05:51 --> Language Class Initialized
INFO - 2025-02-24 10:05:51 --> Config Class Initialized
INFO - 2025-02-24 10:05:51 --> Loader Class Initialized
INFO - 2025-02-24 10:05:51 --> Helper loaded: url_helper
INFO - 2025-02-24 10:05:51 --> Helper loaded: easyui_helper
INFO - 2025-02-24 10:05:51 --> Helper loaded: param_helper
INFO - 2025-02-24 10:05:51 --> Helper loaded: credential_helper
INFO - 2025-02-24 10:05:51 --> Helper loaded: template_helper
INFO - 2025-02-24 10:05:51 --> Helper loaded: rest_helper
INFO - 2025-02-24 10:05:51 --> Database Driver Class Initialized
DEBUG - 2025-02-24 10:05:51 --> Idgenerator class already loaded. Second attempt ignored.
INFO - 2025-02-24 10:05:51 --> Controller Class Initialized
INFO - 2025-02-24 10:05:51 --> Model Class Initialized
DEBUG - 2025-02-24 10:05:51 --> File loaded: /apps/web-drc/application/modules/mapping_promo_active/models/Promo_active_model.php
INFO - 2025-02-24 10:05:51 --> Model Class Initialized
INFO - 2025-02-24 10:05:51 --> Final output sent to browser
DEBUG - 2025-02-24 10:05:51 --> Total execution time: 0.0047
INFO - 2025-02-24 10:05:53 --> Config Class Initialized
INFO - 2025-02-24 10:05:53 --> Hooks Class Initialized
DEBUG - 2025-02-24 10:05:53 --> UTF-8 Support Enabled
INFO - 2025-02-24 10:05:53 --> Utf8 Class Initialized
INFO - 2025-02-24 10:05:53 --> URI Class Initialized
INFO - 2025-02-24 10:05:53 --> Router Class Initialized
INFO - 2025-02-24 10:05:53 --> Output Class Initialized
INFO - 2025-02-24 10:05:53 --> Security Class Initialized
DEBUG - 2025-02-24 10:05:53 --> Global POST, GET and COOKIE data sanitized
INFO - 2025-02-24 10:05:53 --> Input Class Initialized
INFO - 2025-02-24 10:05:53 --> Language Class Initialized
INFO - 2025-02-24 10:05:53 --> Language Class Initialized
INFO - 2025-02-24 10:05:53 --> Config Class Initialized
INFO - 2025-02-24 10:05:53 --> Loader Class Initialized
INFO - 2025-02-24 10:05:53 --> Helper loaded: url_helper
INFO - 2025-02-24 10:05:53 --> Helper loaded: easyui_helper
INFO - 2025-02-24 10:05:53 --> Helper loaded: param_helper
INFO - 2025-02-24 10:05:53 --> Helper loaded: credential_helper
INFO - 2025-02-24 10:05:53 --> Helper loaded: template_helper
INFO - 2025-02-24 10:05:53 --> Helper loaded: rest_helper
INFO - 2025-02-24 10:05:53 --> Database Driver Class Initialized
DEBUG - 2025-02-24 10:05:53 --> Idgenerator class already loaded. Second attempt ignored.
INFO - 2025-02-24 10:05:53 --> Controller Class Initialized
INFO - 2025-02-24 10:05:53 --> Model Class Initialized
DEBUG - 2025-02-24 10:05:53 --> File loaded: /apps/web-drc/application/modules/mapping_promo_active/models/Promo_active_model.php
INFO - 2025-02-24 10:05:53 --> Model Class Initialized
INFO - 2025-02-24 10:05:53 --> Final output sent to browser
DEBUG - 2025-02-24 10:05:53 --> Total execution time: 0.0133
INFO - 2025-02-24 10:06:18 --> Config Class Initialized
INFO - 2025-02-24 10:06:18 --> Hooks Class Initialized
DEBUG - 2025-02-24 10:06:18 --> UTF-8 Support Enabled
INFO - 2025-02-24 10:06:18 --> Utf8 Class Initialized
INFO - 2025-02-24 10:06:18 --> URI Class Initialized
INFO - 2025-02-24 10:06:18 --> Router Class Initialized
INFO - 2025-02-24 10:06:18 --> Output Class Initialized
INFO - 2025-02-24 10:06:18 --> Security Class Initialized
DEBUG - 2025-02-24 10:06:18 --> Global POST, GET and COOKIE data sanitized
INFO - 2025-02-24 10:06:18 --> Input Class Initialized
INFO - 2025-02-24 10:06:18 --> Language Class Initialized
INFO - 2025-02-24 10:06:18 --> Language Class Initialized
INFO - 2025-02-24 10:06:18 --> Config Class Initialized
INFO - 2025-02-24 10:06:18 --> Loader Class Initialized
INFO - 2025-02-24 10:06:18 --> Helper loaded: url_helper
INFO - 2025-02-24 10:06:18 --> Helper loaded: easyui_helper
INFO - 2025-02-24 10:06:18 --> Helper loaded: param_helper
INFO - 2025-02-24 10:06:18 --> Helper loaded: credential_helper
INFO - 2025-02-24 10:06:18 --> Helper loaded: template_helper
INFO - 2025-02-24 10:06:18 --> Helper loaded: rest_helper
INFO - 2025-02-24 10:06:18 --> Database Driver Class Initialized
DEBUG - 2025-02-24 10:06:18 --> Idgenerator class already loaded. Second attempt ignored.
INFO - 2025-02-24 10:06:18 --> Controller Class Initialized
INFO - 2025-02-24 10:06:18 --> Model Class Initialized
DEBUG - 2025-02-24 10:06:18 --> File loaded: /apps/web-drc/application/modules/mapping_promo_active/models/Promo_active_model.php
INFO - 2025-02-24 10:06:18 --> Model Class Initialized
DEBUG - 2025-02-24 10:06:18 --> File loaded: /apps/web-drc/application/modules/mapping_promo_active/views/form.php
DEBUG - 2025-02-24 10:06:18 --> File loaded: /apps/web-drc/application/views/templates/header.php
DEBUG - 2025-02-24 10:06:18 --> File loaded: /apps/web-drc/application/views/templates/toolbar.php
DEBUG - 2025-02-24 10:06:18 --> File loaded: /apps/web-drc/application/views/templates/sidebar.php
DEBUG - 2025-02-24 10:06:18 --> File loaded: /apps/web-drc/application/views/templates/contents.php
DEBUG - 2025-02-24 10:06:18 --> File loaded: /apps/web-drc/application/views/templates/content_footer.php
DEBUG - 2025-02-24 10:06:18 --> File loaded: /apps/web-drc/application/views/templates/footer.php
DEBUG - 2025-02-24 10:06:18 --> File loaded: /apps/web-drc/application/views/templates/default.php
INFO - 2025-02-24 10:06:18 --> Final output sent to browser
DEBUG - 2025-02-24 10:06:18 --> Total execution time: 0.0083
INFO - 2025-02-24 10:06:18 --> Config Class Initialized
INFO - 2025-02-24 10:06:18 --> Hooks Class Initialized
DEBUG - 2025-02-24 10:06:18 --> UTF-8 Support Enabled
INFO - 2025-02-24 10:06:18 --> Utf8 Class Initialized
INFO - 2025-02-24 10:06:18 --> URI Class Initialized
INFO - 2025-02-24 10:06:18 --> Router Class Initialized
INFO - 2025-02-24 10:06:18 --> Output Class Initialized
INFO - 2025-02-24 10:06:18 --> Security Class Initialized
DEBUG - 2025-02-24 10:06:18 --> Global POST, GET and COOKIE data sanitized
INFO - 2025-02-24 10:06:18 --> Input Class Initialized
INFO - 2025-02-24 10:06:18 --> Language Class Initialized
INFO - 2025-02-24 10:06:18 --> Language Class Initialized
INFO - 2025-02-24 10:06:18 --> Config Class Initialized
INFO - 2025-02-24 10:06:18 --> Loader Class Initialized
INFO - 2025-02-24 10:06:18 --> Helper loaded: url_helper
INFO - 2025-02-24 10:06:18 --> Helper loaded: easyui_helper
INFO - 2025-02-24 10:06:18 --> Helper loaded: param_helper
INFO - 2025-02-24 10:06:18 --> Helper loaded: credential_helper
INFO - 2025-02-24 10:06:18 --> Helper loaded: template_helper
INFO - 2025-02-24 10:06:18 --> Helper loaded: rest_helper
INFO - 2025-02-24 10:06:18 --> Database Driver Class Initialized
DEBUG - 2025-02-24 10:06:18 --> Idgenerator class already loaded. Second attempt ignored.
INFO - 2025-02-24 10:06:18 --> Controller Class Initialized
INFO - 2025-02-24 10:06:18 --> Model Class Initialized
DEBUG - 2025-02-24 10:06:18 --> File loaded: /apps/web-drc/application/modules/api_v1/models/Api_v1_model.php
INFO - 2025-02-24 10:06:18 --> Model Class Initialized
INFO - 2025-02-24 10:06:18 --> Final output sent to browser
DEBUG - 2025-02-24 10:06:18 --> Total execution time: 0.0040
INFO - 2025-02-24 10:06:18 --> Config Class Initialized
INFO - 2025-02-24 10:06:18 --> Hooks Class Initialized
DEBUG - 2025-02-24 10:06:18 --> UTF-8 Support Enabled
INFO - 2025-02-24 10:06:18 --> Utf8 Class Initialized
INFO - 2025-02-24 10:06:18 --> URI Class Initialized
INFO - 2025-02-24 10:06:18 --> Router Class Initialized
INFO - 2025-02-24 10:06:18 --> Output Class Initialized
INFO - 2025-02-24 10:06:18 --> Security Class Initialized
DEBUG - 2025-02-24 10:06:18 --> Global POST, GET and COOKIE data sanitized
INFO - 2025-02-24 10:06:18 --> Input Class Initialized
INFO - 2025-02-24 10:06:18 --> Language Class Initialized
INFO - 2025-02-24 10:06:18 --> Language Class Initialized
INFO - 2025-02-24 10:06:18 --> Config Class Initialized
INFO - 2025-02-24 10:06:18 --> Loader Class Initialized
INFO - 2025-02-24 10:06:18 --> Helper loaded: url_helper
INFO - 2025-02-24 10:06:18 --> Helper loaded: easyui_helper
INFO - 2025-02-24 10:06:18 --> Helper loaded: param_helper
INFO - 2025-02-24 10:06:18 --> Helper loaded: credential_helper
INFO - 2025-02-24 10:06:18 --> Helper loaded: template_helper
INFO - 2025-02-24 10:06:18 --> Helper loaded: rest_helper
INFO - 2025-02-24 10:06:18 --> Database Driver Class Initialized
DEBUG - 2025-02-24 10:06:18 --> Idgenerator class already loaded. Second attempt ignored.
INFO - 2025-02-24 10:06:18 --> Controller Class Initialized
INFO - 2025-02-24 10:06:18 --> Model Class Initialized
DEBUG - 2025-02-24 10:06:18 --> File loaded: /apps/web-drc/application/modules/api_v1/models/Api_v1_model.php
INFO - 2025-02-24 10:06:18 --> Model Class Initialized
INFO - 2025-02-24 10:06:18 --> Final output sent to browser
DEBUG - 2025-02-24 10:06:18 --> Total execution time: 0.0030
INFO - 2025-02-24 10:06:18 --> Config Class Initialized
INFO - 2025-02-24 10:06:18 --> Hooks Class Initialized
DEBUG - 2025-02-24 10:06:18 --> UTF-8 Support Enabled
INFO - 2025-02-24 10:06:18 --> Utf8 Class Initialized
INFO - 2025-02-24 10:06:18 --> URI Class Initialized
INFO - 2025-02-24 10:06:18 --> Router Class Initialized
INFO - 2025-02-24 10:06:18 --> Output Class Initialized
INFO - 2025-02-24 10:06:18 --> Security Class Initialized
DEBUG - 2025-02-24 10:06:18 --> Global POST, GET and COOKIE data sanitized
INFO - 2025-02-24 10:06:18 --> Input Class Initialized
INFO - 2025-02-24 10:06:18 --> Language Class Initialized
INFO - 2025-02-24 10:06:18 --> Language Class Initialized
INFO - 2025-02-24 10:06:18 --> Config Class Initialized
INFO - 2025-02-24 10:06:18 --> Loader Class Initialized
INFO - 2025-02-24 10:06:18 --> Helper loaded: url_helper
INFO - 2025-02-24 10:06:18 --> Helper loaded: easyui_helper
INFO - 2025-02-24 10:06:18 --> Helper loaded: param_helper
INFO - 2025-02-24 10:06:18 --> Helper loaded: credential_helper
INFO - 2025-02-24 10:06:18 --> Helper loaded: template_helper
INFO - 2025-02-24 10:06:18 --> Helper loaded: rest_helper
INFO - 2025-02-24 10:06:18 --> Database Driver Class Initialized
DEBUG - 2025-02-24 10:06:18 --> Idgenerator class already loaded. Second attempt ignored.
INFO - 2025-02-24 10:06:18 --> Controller Class Initialized
INFO - 2025-02-24 10:06:18 --> Model Class Initialized
DEBUG - 2025-02-24 10:06:18 --> File loaded: /apps/web-drc/application/modules/ref_customer_class/models/Customer_class_model.php
INFO - 2025-02-24 10:06:18 --> Model Class Initialized
INFO - 2025-02-24 10:06:18 --> Final output sent to browser
DEBUG - 2025-02-24 10:06:18 --> Total execution time: 0.0045
INFO - 2025-02-24 10:06:52 --> Config Class Initialized
INFO - 2025-02-24 10:06:52 --> Hooks Class Initialized
DEBUG - 2025-02-24 10:06:52 --> UTF-8 Support Enabled
INFO - 2025-02-24 10:06:52 --> Utf8 Class Initialized
INFO - 2025-02-24 10:06:52 --> URI Class Initialized
INFO - 2025-02-24 10:06:52 --> Router Class Initialized
INFO - 2025-02-24 10:06:52 --> Output Class Initialized
INFO - 2025-02-24 10:06:52 --> Security Class Initialized
DEBUG - 2025-02-24 10:06:52 --> Global POST, GET and COOKIE data sanitized
INFO - 2025-02-24 10:06:52 --> Input Class Initialized
INFO - 2025-02-24 10:06:52 --> Language Class Initialized
INFO - 2025-02-24 10:06:52 --> Language Class Initialized
INFO - 2025-02-24 10:06:52 --> Config Class Initialized
INFO - 2025-02-24 10:06:52 --> Loader Class Initialized
INFO - 2025-02-24 10:06:52 --> Helper loaded: url_helper
INFO - 2025-02-24 10:06:52 --> Helper loaded: easyui_helper
INFO - 2025-02-24 10:06:52 --> Helper loaded: param_helper
INFO - 2025-02-24 10:06:52 --> Helper loaded: credential_helper
INFO - 2025-02-24 10:06:52 --> Helper loaded: template_helper
INFO - 2025-02-24 10:06:52 --> Helper loaded: rest_helper
INFO - 2025-02-24 10:06:52 --> Database Driver Class Initialized
DEBUG - 2025-02-24 10:06:52 --> Idgenerator class already loaded. Second attempt ignored.
INFO - 2025-02-24 10:06:52 --> Controller Class Initialized
INFO - 2025-02-24 10:06:52 --> Model Class Initialized
DEBUG - 2025-02-24 10:06:52 --> File loaded: /apps/web-drc/application/modules/mapping_promo_active/models/Promo_active_model.php
INFO - 2025-02-24 10:06:52 --> Model Class Initialized
ERROR - 2025-02-24 10:06:52 --> Cache: Failed to initialize APC; extension not loaded/enabled?
INFO - 2025-02-24 10:06:52 --> Helper loaded: file_helper
ERROR - 2025-02-24 10:06:52 --> Cache adapter "apc" and backup "file" are both unavailable. Cache is now using "Dummy" adapter.
ERROR - 2025-02-24 10:06:52 --> Severity: Warning --> fopen(/apps/web-drc/resource/files/lock/lock.txt): failed to open stream: Permission denied /apps/web-drc/application/libraries/IDGenerator.php 30
ERROR - 2025-02-24 10:06:52 --> Severity: Warning --> flock() expects parameter 1 to be resource, bool given /apps/web-drc/application/libraries/IDGenerator.php 31
ERROR - 2025-02-24 10:06:52 --> Severity: Warning --> fclose() expects parameter 1 to be resource, bool given /apps/web-drc/application/libraries/IDGenerator.php 67
INFO - 2025-02-24 10:06:52 --> Final output sent to browser
DEBUG - 2025-02-24 10:06:52 --> Total execution time: 0.0040
INFO - 2025-02-24 10:07:04 --> Config Class Initialized
INFO - 2025-02-24 10:07:04 --> Hooks Class Initialized
DEBUG - 2025-02-24 10:07:04 --> UTF-8 Support Enabled
INFO - 2025-02-24 10:07:04 --> Utf8 Class Initialized
INFO - 2025-02-24 10:07:04 --> URI Class Initialized
INFO - 2025-02-24 10:07:04 --> Router Class Initialized
INFO - 2025-02-24 10:07:04 --> Output Class Initialized
INFO - 2025-02-24 10:07:04 --> Security Class Initialized
DEBUG - 2025-02-24 10:07:04 --> Global POST, GET and COOKIE data sanitized
INFO - 2025-02-24 10:07:04 --> Input Class Initialized
INFO - 2025-02-24 10:07:04 --> Language Class Initialized
INFO - 2025-02-24 10:07:04 --> Language Class Initialized
INFO - 2025-02-24 10:07:04 --> Config Class Initialized
INFO - 2025-02-24 10:07:04 --> Loader Class Initialized
INFO - 2025-02-24 10:07:04 --> Helper loaded: url_helper
INFO - 2025-02-24 10:07:04 --> Helper loaded: easyui_helper
INFO - 2025-02-24 10:07:04 --> Helper loaded: param_helper
INFO - 2025-02-24 10:07:04 --> Helper loaded: credential_helper
INFO - 2025-02-24 10:07:04 --> Helper loaded: template_helper
INFO - 2025-02-24 10:07:04 --> Helper loaded: rest_helper
INFO - 2025-02-24 10:07:04 --> Database Driver Class Initialized
DEBUG - 2025-02-24 10:07:04 --> Idgenerator class already loaded. Second attempt ignored.
INFO - 2025-02-24 10:07:04 --> Controller Class Initialized
INFO - 2025-02-24 10:07:04 --> Model Class Initialized
DEBUG - 2025-02-24 10:07:04 --> File loaded: /apps/web-drc/application/modules/mapping_promo_active/models/Promo_active_model.php
INFO - 2025-02-24 10:07:04 --> Model Class Initialized
ERROR - 2025-02-24 10:07:04 --> Cache: Failed to initialize APC; extension not loaded/enabled?
INFO - 2025-02-24 10:07:04 --> Helper loaded: file_helper
ERROR - 2025-02-24 10:07:04 --> Cache adapter "apc" and backup "file" are both unavailable. Cache is now using "Dummy" adapter.
ERROR - 2025-02-24 10:07:04 --> Severity: Warning --> fopen(/apps/web-drc/resource/files/lock/lock.txt): failed to open stream: Permission denied /apps/web-drc/application/libraries/IDGenerator.php 30
ERROR - 2025-02-24 10:07:04 --> Severity: Warning --> flock() expects parameter 1 to be resource, bool given /apps/web-drc/application/libraries/IDGenerator.php 31
ERROR - 2025-02-24 10:07:04 --> Severity: Warning --> fclose() expects parameter 1 to be resource, bool given /apps/web-drc/application/libraries/IDGenerator.php 67
INFO - 2025-02-24 10:07:04 --> Final output sent to browser
DEBUG - 2025-02-24 10:07:04 --> Total execution time: 0.0066
INFO - 2025-02-24 10:07:10 --> Config Class Initialized
INFO - 2025-02-24 10:07:10 --> Hooks Class Initialized
DEBUG - 2025-02-24 10:07:10 --> UTF-8 Support Enabled
INFO - 2025-02-24 10:07:10 --> Utf8 Class Initialized
INFO - 2025-02-24 10:07:10 --> URI Class Initialized
INFO - 2025-02-24 10:07:10 --> Router Class Initialized
INFO - 2025-02-24 10:07:10 --> Output Class Initialized
INFO - 2025-02-24 10:07:10 --> Security Class Initialized
DEBUG - 2025-02-24 10:07:10 --> Global POST, GET and COOKIE data sanitized
INFO - 2025-02-24 10:07:10 --> Input Class Initialized
INFO - 2025-02-24 10:07:10 --> Language Class Initialized
INFO - 2025-02-24 10:07:10 --> Language Class Initialized
INFO - 2025-02-24 10:07:10 --> Config Class Initialized
INFO - 2025-02-24 10:07:10 --> Loader Class Initialized
INFO - 2025-02-24 10:07:10 --> Helper loaded: url_helper
INFO - 2025-02-24 10:07:10 --> Helper loaded: easyui_helper
INFO - 2025-02-24 10:07:10 --> Helper loaded: param_helper
INFO - 2025-02-24 10:07:10 --> Helper loaded: credential_helper
INFO - 2025-02-24 10:07:10 --> Helper loaded: template_helper
INFO - 2025-02-24 10:07:10 --> Helper loaded: rest_helper
INFO - 2025-02-24 10:07:10 --> Database Driver Class Initialized
DEBUG - 2025-02-24 10:07:10 --> Idgenerator class already loaded. Second attempt ignored.
INFO - 2025-02-24 10:07:10 --> Controller Class Initialized
INFO - 2025-02-24 10:07:10 --> Model Class Initialized
DEBUG - 2025-02-24 10:07:10 --> File loaded: /apps/web-drc/application/modules/mapping_promo_active/models/Promo_active_model.php
INFO - 2025-02-24 10:07:10 --> Model Class Initialized
ERROR - 2025-02-24 10:07:10 --> Cache: Failed to initialize APC; extension not loaded/enabled?
INFO - 2025-02-24 10:07:10 --> Helper loaded: file_helper
ERROR - 2025-02-24 10:07:10 --> Cache adapter "apc" and backup "file" are both unavailable. Cache is now using "Dummy" adapter.
ERROR - 2025-02-24 10:07:10 --> Severity: Warning --> fopen(/apps/web-drc/resource/files/lock/lock.txt): failed to open stream: Permission denied /apps/web-drc/application/libraries/IDGenerator.php 30
ERROR - 2025-02-24 10:07:10 --> Severity: Warning --> flock() expects parameter 1 to be resource, bool given /apps/web-drc/application/libraries/IDGenerator.php 31
ERROR - 2025-02-24 10:07:10 --> Severity: Warning --> fclose() expects parameter 1 to be resource, bool given /apps/web-drc/application/libraries/IDGenerator.php 67
INFO - 2025-02-24 10:07:10 --> Final output sent to browser
DEBUG - 2025-02-24 10:07:10 --> Total execution time: 0.0090
INFO - 2025-02-24 10:15:47 --> Config Class Initialized
INFO - 2025-02-24 10:15:47 --> Hooks Class Initialized
DEBUG - 2025-02-24 10:15:47 --> UTF-8 Support Enabled
INFO - 2025-02-24 10:15:47 --> Utf8 Class Initialized
INFO - 2025-02-24 10:15:47 --> URI Class Initialized
INFO - 2025-02-24 10:15:47 --> Router Class Initialized
INFO - 2025-02-24 10:15:47 --> Output Class Initialized
INFO - 2025-02-24 10:15:47 --> Security Class Initialized
DEBUG - 2025-02-24 10:15:47 --> Global POST, GET and COOKIE data sanitized
INFO - 2025-02-24 10:15:47 --> Input Class Initialized
INFO - 2025-02-24 10:15:47 --> Language Class Initialized
INFO - 2025-02-24 10:15:47 --> Language Class Initialized
INFO - 2025-02-24 10:15:47 --> Config Class Initialized
INFO - 2025-02-24 10:15:47 --> Loader Class Initialized
INFO - 2025-02-24 10:15:47 --> Helper loaded: url_helper
INFO - 2025-02-24 10:15:47 --> Helper loaded: easyui_helper
INFO - 2025-02-24 10:15:47 --> Helper loaded: param_helper
INFO - 2025-02-24 10:15:47 --> Helper loaded: credential_helper
INFO - 2025-02-24 10:15:47 --> Helper loaded: template_helper
INFO - 2025-02-24 10:15:47 --> Helper loaded: rest_helper
INFO - 2025-02-24 10:15:47 --> Database Driver Class Initialized
DEBUG - 2025-02-24 10:15:47 --> Idgenerator class already loaded. Second attempt ignored.
INFO - 2025-02-24 10:15:47 --> Controller Class Initialized
INFO - 2025-02-24 10:15:47 --> Model Class Initialized
DEBUG - 2025-02-24 10:15:47 --> File loaded: /apps/web-drc/application/modules/conf_setup_pjp/models/Setup_pjp_model.php
INFO - 2025-02-24 10:15:47 --> Model Class Initialized
DEBUG - 2025-02-24 10:15:47 --> File loaded: /apps/web-drc/application/modules/conf_setup_pjp/views/content.php
DEBUG - 2025-02-24 10:15:47 --> File loaded: /apps/web-drc/application/views/templates/header.php
DEBUG - 2025-02-24 10:15:47 --> File loaded: /apps/web-drc/application/views/templates/toolbar.php
DEBUG - 2025-02-24 10:15:47 --> File loaded: /apps/web-drc/application/views/templates/sidebar.php
DEBUG - 2025-02-24 10:15:47 --> File loaded: /apps/web-drc/application/views/templates/contents.php
DEBUG - 2025-02-24 10:15:47 --> File loaded: /apps/web-drc/application/views/templates/content_footer.php
DEBUG - 2025-02-24 10:15:47 --> File loaded: /apps/web-drc/application/views/templates/footer.php
DEBUG - 2025-02-24 10:15:47 --> File loaded: /apps/web-drc/application/views/templates/default.php
INFO - 2025-02-24 10:15:47 --> Final output sent to browser
DEBUG - 2025-02-24 10:15:47 --> Total execution time: 0.0156
INFO - 2025-02-24 10:15:47 --> Config Class Initialized
INFO - 2025-02-24 10:15:47 --> Hooks Class Initialized
DEBUG - 2025-02-24 10:15:47 --> UTF-8 Support Enabled
INFO - 2025-02-24 10:15:47 --> Utf8 Class Initialized
INFO - 2025-02-24 10:15:47 --> URI Class Initialized
INFO - 2025-02-24 10:15:47 --> Router Class Initialized
INFO - 2025-02-24 10:15:47 --> Output Class Initialized
INFO - 2025-02-24 10:15:47 --> Security Class Initialized
DEBUG - 2025-02-24 10:15:47 --> Global POST, GET and COOKIE data sanitized
INFO - 2025-02-24 10:15:47 --> Input Class Initialized
INFO - 2025-02-24 10:15:47 --> Language Class Initialized
INFO - 2025-02-24 10:15:47 --> Language Class Initialized
INFO - 2025-02-24 10:15:47 --> Config Class Initialized
INFO - 2025-02-24 10:15:47 --> Loader Class Initialized
INFO - 2025-02-24 10:15:47 --> Helper loaded: url_helper
INFO - 2025-02-24 10:15:47 --> Helper loaded: easyui_helper
INFO - 2025-02-24 10:15:47 --> Helper loaded: param_helper
INFO - 2025-02-24 10:15:47 --> Helper loaded: credential_helper
INFO - 2025-02-24 10:15:47 --> Helper loaded: template_helper
INFO - 2025-02-24 10:15:47 --> Helper loaded: rest_helper
INFO - 2025-02-24 10:15:47 --> Database Driver Class Initialized
DEBUG - 2025-02-24 10:15:47 --> Idgenerator class already loaded. Second attempt ignored.
INFO - 2025-02-24 10:15:47 --> Controller Class Initialized
INFO - 2025-02-24 10:15:47 --> Model Class Initialized
DEBUG - 2025-02-24 10:15:47 --> File loaded: /apps/web-drc/application/modules/conf_setup_pjp/models/Setup_pjp_model.php
INFO - 2025-02-24 10:15:47 --> Model Class Initialized
INFO - 2025-02-24 10:16:12 --> Final output sent to browser
DEBUG - 2025-02-24 10:16:12 --> Total execution time: 25.1406
INFO - 2025-02-24 22:59:45 --> Config Class Initialized
INFO - 2025-02-24 22:59:45 --> Hooks Class Initialized
DEBUG - 2025-02-24 22:59:45 --> UTF-8 Support Enabled
INFO - 2025-02-24 22:59:45 --> Utf8 Class Initialized
INFO - 2025-02-24 22:59:45 --> URI Class Initialized
INFO - 2025-02-24 22:59:45 --> Router Class Initialized
INFO - 2025-02-24 22:59:45 --> Output Class Initialized
INFO - 2025-02-24 22:59:45 --> Security Class Initialized
DEBUG - 2025-02-24 22:59:45 --> Global POST, GET and COOKIE data sanitized
INFO - 2025-02-24 22:59:45 --> Input Class Initialized
INFO - 2025-02-24 22:59:45 --> Language Class Initialized
INFO - 2025-02-24 22:59:45 --> Language Class Initialized
INFO - 2025-02-24 22:59:45 --> Config Class Initialized
INFO - 2025-02-24 22:59:45 --> Loader Class Initialized
INFO - 2025-02-24 22:59:45 --> Helper loaded: url_helper
INFO - 2025-02-24 22:59:45 --> Helper loaded: easyui_helper
INFO - 2025-02-24 22:59:45 --> Helper loaded: param_helper
INFO - 2025-02-24 22:59:45 --> Helper loaded: credential_helper
INFO - 2025-02-24 22:59:45 --> Helper loaded: template_helper
INFO - 2025-02-24 22:59:45 --> Helper loaded: rest_helper
INFO - 2025-02-24 22:59:45 --> Database Driver Class Initialized
DEBUG - 2025-02-24 22:59:45 --> Idgenerator class already loaded. Second attempt ignored.
INFO - 2025-02-24 22:59:45 --> Controller Class Initialized
INFO - 2025-02-24 22:59:45 --> Model Class Initialized
DEBUG - 2025-02-24 22:59:45 --> File loaded: /apps/web-drc/application/modules/conf_setup_pjp/models/Setup_pjp_model.php
INFO - 2025-02-24 22:59:45 --> Model Class Initialized
DEBUG - 2025-02-24 22:59:45 --> File loaded: /apps/web-drc/application/modules/conf_setup_pjp/views/content.php
DEBUG - 2025-02-24 22:59:45 --> File loaded: /apps/web-drc/application/views/templates/header.php
DEBUG - 2025-02-24 22:59:45 --> File loaded: /apps/web-drc/application/views/templates/toolbar.php
DEBUG - 2025-02-24 22:59:45 --> File loaded: /apps/web-drc/application/views/templates/sidebar.php
DEBUG - 2025-02-24 22:59:45 --> File loaded: /apps/web-drc/application/views/templates/contents.php
DEBUG - 2025-02-24 22:59:45 --> File loaded: /apps/web-drc/application/views/templates/content_footer.php
DEBUG - 2025-02-24 22:59:45 --> File loaded: /apps/web-drc/application/views/templates/footer.php
INFO - 2025-02-24 22:59:46 --> Config Class Initialized
INFO - 2025-02-24 22:59:46 --> Hooks Class Initialized
DEBUG - 2025-02-24 22:59:46 --> UTF-8 Support Enabled
INFO - 2025-02-24 22:59:46 --> Utf8 Class Initialized
INFO - 2025-02-24 22:59:46 --> URI Class Initialized
DEBUG - 2025-02-24 22:59:46 --> No URI present. Default controller set.
INFO - 2025-02-24 22:59:46 --> Router Class Initialized
INFO - 2025-02-24 22:59:46 --> Output Class Initialized
INFO - 2025-02-24 22:59:46 --> Security Class Initialized
DEBUG - 2025-02-24 22:59:46 --> Global POST, GET and COOKIE data sanitized
INFO - 2025-02-24 22:59:46 --> Input Class Initialized
INFO - 2025-02-24 22:59:46 --> Language Class Initialized
INFO - 2025-02-24 22:59:46 --> Language Class Initialized
INFO - 2025-02-24 22:59:46 --> Config Class Initialized
INFO - 2025-02-24 22:59:46 --> Loader Class Initialized
INFO - 2025-02-24 22:59:46 --> Helper loaded: url_helper
INFO - 2025-02-24 22:59:46 --> Helper loaded: easyui_helper
INFO - 2025-02-24 22:59:46 --> Helper loaded: param_helper
INFO - 2025-02-24 22:59:46 --> Helper loaded: credential_helper
INFO - 2025-02-24 22:59:46 --> Helper loaded: template_helper
INFO - 2025-02-24 22:59:46 --> Helper loaded: rest_helper
INFO - 2025-02-24 22:59:46 --> Database Driver Class Initialized
DEBUG - 2025-02-24 22:59:46 --> Idgenerator class already loaded. Second attempt ignored.
INFO - 2025-02-24 22:59:46 --> Controller Class Initialized
DEBUG - 2025-02-24 22:59:46 --> File loaded: /apps/web-drc/application/modules/app_auth/views/login_lte_template.php
DEBUG - 2025-02-24 22:59:46 --> File loaded: /apps/web-drc/application/views/template_login_lte/header.php
DEBUG - 2025-02-24 22:59:46 --> File loaded: /apps/web-drc/application/views/template_login_lte/contents.php
DEBUG - 2025-02-24 22:59:46 --> File loaded: /apps/web-drc/application/views/template_login_lte/default.php
INFO - 2025-02-24 22:59:46 --> Final output sent to browser
DEBUG - 2025-02-24 22:59:46 --> Total execution time: 0.0045
INFO - 2025-02-24 22:59:46 --> Config Class Initialized
INFO - 2025-02-24 22:59:46 --> Hooks Class Initialized
DEBUG - 2025-02-24 22:59:46 --> UTF-8 Support Enabled
INFO - 2025-02-24 22:59:46 --> Utf8 Class Initialized
INFO - 2025-02-24 22:59:46 --> URI Class Initialized
INFO - 2025-02-24 22:59:46 --> Router Class Initialized
INFO - 2025-02-24 22:59:46 --> Output Class Initialized
INFO - 2025-02-24 22:59:46 --> Security Class Initialized
DEBUG - 2025-02-24 22:59:46 --> Global POST, GET and COOKIE data sanitized
INFO - 2025-02-24 22:59:46 --> Input Class Initialized
INFO - 2025-02-24 22:59:46 --> Language Class Initialized
ERROR - 2025-02-24 22:59:46 --> 404 Page Not Found: /index
