INFO - 2025-01-07 05:24:10 --> Config Class Initialized
INFO - 2025-01-07 05:24:10 --> Hooks Class Initialized
DEBUG - 2025-01-07 05:24:10 --> UTF-8 Support Enabled
INFO - 2025-01-07 05:24:10 --> Utf8 Class Initialized
INFO - 2025-01-07 05:24:10 --> URI Class Initialized
DEBUG - 2025-01-07 05:24:10 --> No URI present. Default controller set.
INFO - 2025-01-07 05:24:10 --> Router Class Initialized
INFO - 2025-01-07 05:24:10 --> Output Class Initialized
INFO - 2025-01-07 05:24:10 --> Security Class Initialized
DEBUG - 2025-01-07 05:24:10 --> Global POST, GET and COOKIE data sanitized
INFO - 2025-01-07 05:24:10 --> Input Class Initialized
INFO - 2025-01-07 05:24:10 --> Language Class Initialized
INFO - 2025-01-07 05:24:10 --> Language Class Initialized
INFO - 2025-01-07 05:24:10 --> Config Class Initialized
INFO - 2025-01-07 05:24:10 --> Loader Class Initialized
INFO - 2025-01-07 05:24:10 --> Helper loaded: url_helper
INFO - 2025-01-07 05:24:10 --> Helper loaded: easyui_helper
INFO - 2025-01-07 05:24:10 --> Helper loaded: param_helper
INFO - 2025-01-07 05:24:10 --> Helper loaded: credential_helper
INFO - 2025-01-07 05:24:10 --> Helper loaded: template_helper
INFO - 2025-01-07 05:24:10 --> Helper loaded: rest_helper
INFO - 2025-01-07 05:24:10 --> Database Driver Class Initialized
DEBUG - 2025-01-07 05:24:10 --> Idgenerator class already loaded. Second attempt ignored.
INFO - 2025-01-07 05:24:10 --> Controller Class Initialized
DEBUG - 2025-01-07 05:24:10 --> File loaded: /apps/web-drc/application/modules/app_auth/views/login_lte_template.php
DEBUG - 2025-01-07 05:24:10 --> File loaded: /apps/web-drc/application/views/template_login_lte/header.php
DEBUG - 2025-01-07 05:24:10 --> File loaded: /apps/web-drc/application/views/template_login_lte/contents.php
DEBUG - 2025-01-07 05:24:10 --> File loaded: /apps/web-drc/application/views/template_login_lte/default.php
INFO - 2025-01-07 05:24:10 --> Final output sent to browser
DEBUG - 2025-01-07 05:24:10 --> Total execution time: 0.0126
INFO - 2025-01-07 11:43:06 --> Config Class Initialized
INFO - 2025-01-07 11:43:06 --> Hooks Class Initialized
DEBUG - 2025-01-07 11:43:06 --> UTF-8 Support Enabled
INFO - 2025-01-07 11:43:06 --> Utf8 Class Initialized
INFO - 2025-01-07 11:43:06 --> URI Class Initialized
DEBUG - 2025-01-07 11:43:06 --> No URI present. Default controller set.
INFO - 2025-01-07 11:43:06 --> Router Class Initialized
INFO - 2025-01-07 11:43:06 --> Output Class Initialized
INFO - 2025-01-07 11:43:06 --> Security Class Initialized
DEBUG - 2025-01-07 11:43:06 --> Global POST, GET and COOKIE data sanitized
INFO - 2025-01-07 11:43:06 --> Input Class Initialized
INFO - 2025-01-07 11:43:06 --> Language Class Initialized
INFO - 2025-01-07 11:43:06 --> Language Class Initialized
INFO - 2025-01-07 11:43:06 --> Config Class Initialized
INFO - 2025-01-07 11:43:06 --> Loader Class Initialized
INFO - 2025-01-07 11:43:07 --> Helper loaded: url_helper
INFO - 2025-01-07 11:43:07 --> Helper loaded: easyui_helper
INFO - 2025-01-07 11:43:07 --> Helper loaded: param_helper
INFO - 2025-01-07 11:43:07 --> Helper loaded: credential_helper
INFO - 2025-01-07 11:43:07 --> Helper loaded: template_helper
INFO - 2025-01-07 11:43:07 --> Helper loaded: rest_helper
INFO - 2025-01-07 11:43:07 --> Database Driver Class Initialized
DEBUG - 2025-01-07 11:43:07 --> Idgenerator class already loaded. Second attempt ignored.
INFO - 2025-01-07 11:43:07 --> Controller Class Initialized
DEBUG - 2025-01-07 11:43:07 --> File loaded: /apps/web-drc/application/modules/app_auth/views/login_lte_template.php
DEBUG - 2025-01-07 11:43:07 --> File loaded: /apps/web-drc/application/views/template_login_lte/header.php
DEBUG - 2025-01-07 11:43:07 --> File loaded: /apps/web-drc/application/views/template_login_lte/contents.php
DEBUG - 2025-01-07 11:43:07 --> File loaded: /apps/web-drc/application/views/template_login_lte/default.php
INFO - 2025-01-07 11:43:07 --> Final output sent to browser
DEBUG - 2025-01-07 11:43:07 --> Total execution time: 0.0794
INFO - 2025-01-07 11:43:07 --> Config Class Initialized
INFO - 2025-01-07 11:43:07 --> Hooks Class Initialized
DEBUG - 2025-01-07 11:43:07 --> UTF-8 Support Enabled
INFO - 2025-01-07 11:43:07 --> Utf8 Class Initialized
INFO - 2025-01-07 11:43:07 --> URI Class Initialized
INFO - 2025-01-07 11:43:07 --> Router Class Initialized
INFO - 2025-01-07 11:43:07 --> Output Class Initialized
INFO - 2025-01-07 11:43:07 --> Security Class Initialized
DEBUG - 2025-01-07 11:43:07 --> Global POST, GET and COOKIE data sanitized
INFO - 2025-01-07 11:43:07 --> Input Class Initialized
INFO - 2025-01-07 11:43:07 --> Language Class Initialized
ERROR - 2025-01-07 11:43:07 --> 404 Page Not Found: /index
INFO - 2025-01-07 11:43:07 --> Config Class Initialized
INFO - 2025-01-07 11:43:07 --> Hooks Class Initialized
DEBUG - 2025-01-07 11:43:07 --> UTF-8 Support Enabled
INFO - 2025-01-07 11:43:07 --> Utf8 Class Initialized
INFO - 2025-01-07 11:43:07 --> URI Class Initialized
INFO - 2025-01-07 11:43:07 --> Router Class Initialized
INFO - 2025-01-07 11:43:07 --> Output Class Initialized
INFO - 2025-01-07 11:43:07 --> Security Class Initialized
DEBUG - 2025-01-07 11:43:07 --> Global POST, GET and COOKIE data sanitized
INFO - 2025-01-07 11:43:07 --> Input Class Initialized
INFO - 2025-01-07 11:43:07 --> Language Class Initialized
ERROR - 2025-01-07 11:43:07 --> 404 Page Not Found: /index
INFO - 2025-01-07 11:43:10 --> Config Class Initialized
INFO - 2025-01-07 11:43:10 --> Hooks Class Initialized
DEBUG - 2025-01-07 11:43:10 --> UTF-8 Support Enabled
INFO - 2025-01-07 11:43:10 --> Utf8 Class Initialized
INFO - 2025-01-07 11:43:10 --> URI Class Initialized
INFO - 2025-01-07 11:43:10 --> Router Class Initialized
INFO - 2025-01-07 11:43:10 --> Output Class Initialized
INFO - 2025-01-07 11:43:10 --> Security Class Initialized
DEBUG - 2025-01-07 11:43:10 --> Global POST, GET and COOKIE data sanitized
INFO - 2025-01-07 11:43:10 --> Input Class Initialized
INFO - 2025-01-07 11:43:10 --> Language Class Initialized
INFO - 2025-01-07 11:43:10 --> Language Class Initialized
INFO - 2025-01-07 11:43:10 --> Config Class Initialized
INFO - 2025-01-07 11:43:10 --> Loader Class Initialized
INFO - 2025-01-07 11:43:10 --> Helper loaded: url_helper
INFO - 2025-01-07 11:43:10 --> Helper loaded: easyui_helper
INFO - 2025-01-07 11:43:10 --> Helper loaded: param_helper
INFO - 2025-01-07 11:43:10 --> Helper loaded: credential_helper
INFO - 2025-01-07 11:43:10 --> Helper loaded: template_helper
INFO - 2025-01-07 11:43:10 --> Helper loaded: rest_helper
INFO - 2025-01-07 11:43:10 --> Database Driver Class Initialized
DEBUG - 2025-01-07 11:43:10 --> Idgenerator class already loaded. Second attempt ignored.
INFO - 2025-01-07 11:43:10 --> Controller Class Initialized
INFO - 2025-01-07 11:43:10 --> Final output sent to browser
DEBUG - 2025-01-07 11:43:10 --> Total execution time: 0.0315
INFO - 2025-01-07 11:43:10 --> Config Class Initialized
INFO - 2025-01-07 11:43:10 --> Hooks Class Initialized
DEBUG - 2025-01-07 11:43:10 --> UTF-8 Support Enabled
INFO - 2025-01-07 11:43:10 --> Utf8 Class Initialized
INFO - 2025-01-07 11:43:10 --> URI Class Initialized
INFO - 2025-01-07 11:43:10 --> Router Class Initialized
INFO - 2025-01-07 11:43:10 --> Output Class Initialized
INFO - 2025-01-07 11:43:10 --> Security Class Initialized
DEBUG - 2025-01-07 11:43:10 --> Global POST, GET and COOKIE data sanitized
INFO - 2025-01-07 11:43:10 --> Input Class Initialized
INFO - 2025-01-07 11:43:10 --> Language Class Initialized
INFO - 2025-01-07 11:43:10 --> Language Class Initialized
INFO - 2025-01-07 11:43:10 --> Config Class Initialized
INFO - 2025-01-07 11:43:10 --> Loader Class Initialized
INFO - 2025-01-07 11:43:10 --> Helper loaded: url_helper
INFO - 2025-01-07 11:43:10 --> Helper loaded: easyui_helper
INFO - 2025-01-07 11:43:10 --> Helper loaded: param_helper
INFO - 2025-01-07 11:43:10 --> Helper loaded: credential_helper
INFO - 2025-01-07 11:43:10 --> Helper loaded: template_helper
INFO - 2025-01-07 11:43:10 --> Helper loaded: rest_helper
INFO - 2025-01-07 11:43:10 --> Database Driver Class Initialized
DEBUG - 2025-01-07 11:43:10 --> Idgenerator class already loaded. Second attempt ignored.
INFO - 2025-01-07 11:43:10 --> Controller Class Initialized
INFO - 2025-01-07 11:43:10 --> Model Class Initialized
DEBUG - 2025-01-07 11:43:10 --> File loaded: /apps/web-drc/application/modules/app_dashboard/models/App_dashboard_model.php
INFO - 2025-01-07 11:43:10 --> Model Class Initialized
DEBUG - 2025-01-07 11:43:10 --> File loaded: /apps/web-drc/application/modules/app_dashboard/views/content.php
DEBUG - 2025-01-07 11:43:10 --> File loaded: /apps/web-drc/application/views/templates/header.php
DEBUG - 2025-01-07 11:43:10 --> File loaded: /apps/web-drc/application/views/templates/toolbar.php
DEBUG - 2025-01-07 11:43:10 --> File loaded: /apps/web-drc/application/views/templates/sidebar.php
DEBUG - 2025-01-07 11:43:10 --> File loaded: /apps/web-drc/application/views/templates/contents.php
DEBUG - 2025-01-07 11:43:10 --> File loaded: /apps/web-drc/application/views/templates/content_footer.php
DEBUG - 2025-01-07 11:43:10 --> File loaded: /apps/web-drc/application/views/templates/footer.php
DEBUG - 2025-01-07 11:43:10 --> File loaded: /apps/web-drc/application/views/templates/default.php
INFO - 2025-01-07 11:43:10 --> Final output sent to browser
DEBUG - 2025-01-07 11:43:10 --> Total execution time: 0.0508
INFO - 2025-01-07 11:43:10 --> Config Class Initialized
INFO - 2025-01-07 11:43:10 --> Hooks Class Initialized
DEBUG - 2025-01-07 11:43:10 --> UTF-8 Support Enabled
INFO - 2025-01-07 11:43:10 --> Utf8 Class Initialized
INFO - 2025-01-07 11:43:10 --> URI Class Initialized
INFO - 2025-01-07 11:43:10 --> Router Class Initialized
INFO - 2025-01-07 11:43:10 --> Output Class Initialized
INFO - 2025-01-07 11:43:10 --> Security Class Initialized
DEBUG - 2025-01-07 11:43:10 --> Global POST, GET and COOKIE data sanitized
INFO - 2025-01-07 11:43:10 --> Input Class Initialized
INFO - 2025-01-07 11:43:10 --> Language Class Initialized
ERROR - 2025-01-07 11:43:10 --> 404 Page Not Found: /index
INFO - 2025-01-07 11:43:10 --> Config Class Initialized
INFO - 2025-01-07 11:43:10 --> Hooks Class Initialized
DEBUG - 2025-01-07 11:43:10 --> UTF-8 Support Enabled
INFO - 2025-01-07 11:43:10 --> Utf8 Class Initialized
INFO - 2025-01-07 11:43:10 --> URI Class Initialized
INFO - 2025-01-07 11:43:10 --> Router Class Initialized
INFO - 2025-01-07 11:43:10 --> Output Class Initialized
INFO - 2025-01-07 11:43:10 --> Security Class Initialized
DEBUG - 2025-01-07 11:43:10 --> Global POST, GET and COOKIE data sanitized
INFO - 2025-01-07 11:43:10 --> Input Class Initialized
INFO - 2025-01-07 11:43:10 --> Language Class Initialized
INFO - 2025-01-07 11:43:10 --> Language Class Initialized
INFO - 2025-01-07 11:43:10 --> Config Class Initialized
INFO - 2025-01-07 11:43:10 --> Loader Class Initialized
INFO - 2025-01-07 11:43:10 --> Helper loaded: url_helper
INFO - 2025-01-07 11:43:10 --> Helper loaded: easyui_helper
INFO - 2025-01-07 11:43:10 --> Helper loaded: param_helper
INFO - 2025-01-07 11:43:10 --> Helper loaded: credential_helper
INFO - 2025-01-07 11:43:10 --> Helper loaded: template_helper
INFO - 2025-01-07 11:43:10 --> Helper loaded: rest_helper
INFO - 2025-01-07 11:43:10 --> Database Driver Class Initialized
DEBUG - 2025-01-07 11:43:10 --> Idgenerator class already loaded. Second attempt ignored.
INFO - 2025-01-07 11:43:10 --> Controller Class Initialized
INFO - 2025-01-07 11:43:10 --> Model Class Initialized
DEBUG - 2025-01-07 11:43:10 --> File loaded: /apps/web-drc/application/modules/app_dashboard/models/App_dashboard_model.php
INFO - 2025-01-07 11:43:10 --> Model Class Initialized
INFO - 2025-01-07 11:43:10 --> Final output sent to browser
DEBUG - 2025-01-07 11:43:10 --> Total execution time: 0.0535
INFO - 2025-01-07 11:43:10 --> Config Class Initialized
INFO - 2025-01-07 11:43:10 --> Hooks Class Initialized
DEBUG - 2025-01-07 11:43:10 --> UTF-8 Support Enabled
INFO - 2025-01-07 11:43:10 --> Utf8 Class Initialized
INFO - 2025-01-07 11:43:10 --> URI Class Initialized
INFO - 2025-01-07 11:43:10 --> Router Class Initialized
INFO - 2025-01-07 11:43:10 --> Output Class Initialized
INFO - 2025-01-07 11:43:10 --> Security Class Initialized
DEBUG - 2025-01-07 11:43:10 --> Global POST, GET and COOKIE data sanitized
INFO - 2025-01-07 11:43:10 --> Input Class Initialized
INFO - 2025-01-07 11:43:10 --> Language Class Initialized
INFO - 2025-01-07 11:43:10 --> Language Class Initialized
INFO - 2025-01-07 11:43:10 --> Config Class Initialized
INFO - 2025-01-07 11:43:10 --> Loader Class Initialized
INFO - 2025-01-07 11:43:10 --> Helper loaded: url_helper
INFO - 2025-01-07 11:43:10 --> Helper loaded: easyui_helper
INFO - 2025-01-07 11:43:10 --> Helper loaded: param_helper
INFO - 2025-01-07 11:43:10 --> Helper loaded: credential_helper
INFO - 2025-01-07 11:43:10 --> Helper loaded: template_helper
INFO - 2025-01-07 11:43:10 --> Helper loaded: rest_helper
INFO - 2025-01-07 11:43:10 --> Database Driver Class Initialized
DEBUG - 2025-01-07 11:43:10 --> Idgenerator class already loaded. Second attempt ignored.
INFO - 2025-01-07 11:43:10 --> Controller Class Initialized
INFO - 2025-01-07 11:43:10 --> Model Class Initialized
DEBUG - 2025-01-07 11:43:10 --> File loaded: /apps/web-drc/application/modules/api_v1/models/Api_v1_model.php
INFO - 2025-01-07 11:43:10 --> Model Class Initialized
INFO - 2025-01-07 11:43:10 --> Final output sent to browser
DEBUG - 2025-01-07 11:43:10 --> Total execution time: 0.0155
INFO - 2025-01-07 11:43:32 --> Config Class Initialized
INFO - 2025-01-07 11:43:32 --> Hooks Class Initialized
DEBUG - 2025-01-07 11:43:32 --> UTF-8 Support Enabled
INFO - 2025-01-07 11:43:32 --> Utf8 Class Initialized
INFO - 2025-01-07 11:43:32 --> URI Class Initialized
INFO - 2025-01-07 11:43:32 --> Router Class Initialized
INFO - 2025-01-07 11:43:32 --> Output Class Initialized
INFO - 2025-01-07 11:43:32 --> Security Class Initialized
DEBUG - 2025-01-07 11:43:32 --> Global POST, GET and COOKIE data sanitized
INFO - 2025-01-07 11:43:32 --> Input Class Initialized
INFO - 2025-01-07 11:43:32 --> Language Class Initialized
INFO - 2025-01-07 11:43:32 --> Language Class Initialized
INFO - 2025-01-07 11:43:32 --> Config Class Initialized
INFO - 2025-01-07 11:43:32 --> Loader Class Initialized
INFO - 2025-01-07 11:43:32 --> Helper loaded: url_helper
INFO - 2025-01-07 11:43:32 --> Helper loaded: easyui_helper
INFO - 2025-01-07 11:43:32 --> Helper loaded: param_helper
INFO - 2025-01-07 11:43:32 --> Helper loaded: credential_helper
INFO - 2025-01-07 11:43:32 --> Helper loaded: template_helper
INFO - 2025-01-07 11:43:32 --> Helper loaded: rest_helper
INFO - 2025-01-07 11:43:32 --> Database Driver Class Initialized
DEBUG - 2025-01-07 11:43:32 --> Idgenerator class already loaded. Second attempt ignored.
INFO - 2025-01-07 11:43:32 --> Controller Class Initialized
INFO - 2025-01-07 11:43:32 --> Model Class Initialized
DEBUG - 2025-01-07 11:43:32 --> File loaded: /apps/web-drc/application/modules/mapping_promo_active/models/Promo_active_model.php
INFO - 2025-01-07 11:43:32 --> Model Class Initialized
DEBUG - 2025-01-07 11:43:32 --> File loaded: /apps/web-drc/application/modules/mapping_promo_active/views/content.php
DEBUG - 2025-01-07 11:43:32 --> File loaded: /apps/web-drc/application/views/templates/header.php
DEBUG - 2025-01-07 11:43:32 --> File loaded: /apps/web-drc/application/views/templates/toolbar.php
DEBUG - 2025-01-07 11:43:32 --> File loaded: /apps/web-drc/application/views/templates/sidebar.php
DEBUG - 2025-01-07 11:43:32 --> File loaded: /apps/web-drc/application/views/templates/contents.php
DEBUG - 2025-01-07 11:43:32 --> File loaded: /apps/web-drc/application/views/templates/content_footer.php
DEBUG - 2025-01-07 11:43:32 --> File loaded: /apps/web-drc/application/views/templates/footer.php
DEBUG - 2025-01-07 11:43:32 --> File loaded: /apps/web-drc/application/views/templates/default.php
INFO - 2025-01-07 11:43:32 --> Final output sent to browser
DEBUG - 2025-01-07 11:43:32 --> Total execution time: 0.0170
INFO - 2025-01-07 11:43:32 --> Config Class Initialized
INFO - 2025-01-07 11:43:32 --> Hooks Class Initialized
DEBUG - 2025-01-07 11:43:32 --> UTF-8 Support Enabled
INFO - 2025-01-07 11:43:32 --> Utf8 Class Initialized
INFO - 2025-01-07 11:43:32 --> URI Class Initialized
INFO - 2025-01-07 11:43:32 --> Router Class Initialized
INFO - 2025-01-07 11:43:32 --> Output Class Initialized
INFO - 2025-01-07 11:43:32 --> Security Class Initialized
DEBUG - 2025-01-07 11:43:32 --> Global POST, GET and COOKIE data sanitized
INFO - 2025-01-07 11:43:32 --> Input Class Initialized
INFO - 2025-01-07 11:43:32 --> Language Class Initialized
INFO - 2025-01-07 11:43:32 --> Language Class Initialized
INFO - 2025-01-07 11:43:32 --> Config Class Initialized
INFO - 2025-01-07 11:43:32 --> Loader Class Initialized
INFO - 2025-01-07 11:43:32 --> Helper loaded: url_helper
INFO - 2025-01-07 11:43:32 --> Helper loaded: easyui_helper
INFO - 2025-01-07 11:43:32 --> Helper loaded: param_helper
INFO - 2025-01-07 11:43:32 --> Helper loaded: credential_helper
INFO - 2025-01-07 11:43:32 --> Helper loaded: template_helper
INFO - 2025-01-07 11:43:32 --> Helper loaded: rest_helper
INFO - 2025-01-07 11:43:32 --> Database Driver Class Initialized
DEBUG - 2025-01-07 11:43:32 --> Idgenerator class already loaded. Second attempt ignored.
INFO - 2025-01-07 11:43:32 --> Controller Class Initialized
INFO - 2025-01-07 11:43:32 --> Model Class Initialized
DEBUG - 2025-01-07 11:43:32 --> File loaded: /apps/web-drc/application/modules/mapping_promo_active/models/Promo_active_model.php
INFO - 2025-01-07 11:43:32 --> Model Class Initialized
INFO - 2025-01-07 11:43:32 --> Final output sent to browser
DEBUG - 2025-01-07 11:43:32 --> Total execution time: 0.0110
INFO - 2025-01-07 11:43:32 --> Config Class Initialized
INFO - 2025-01-07 11:43:32 --> Hooks Class Initialized
DEBUG - 2025-01-07 11:43:32 --> UTF-8 Support Enabled
INFO - 2025-01-07 11:43:32 --> Utf8 Class Initialized
INFO - 2025-01-07 11:43:32 --> URI Class Initialized
INFO - 2025-01-07 11:43:32 --> Router Class Initialized
INFO - 2025-01-07 11:43:32 --> Output Class Initialized
INFO - 2025-01-07 11:43:32 --> Security Class Initialized
DEBUG - 2025-01-07 11:43:32 --> Global POST, GET and COOKIE data sanitized
INFO - 2025-01-07 11:43:32 --> Input Class Initialized
INFO - 2025-01-07 11:43:32 --> Language Class Initialized
ERROR - 2025-01-07 11:43:32 --> 404 Page Not Found: /index
INFO - 2025-01-07 11:43:38 --> Config Class Initialized
INFO - 2025-01-07 11:43:38 --> Hooks Class Initialized
DEBUG - 2025-01-07 11:43:38 --> UTF-8 Support Enabled
INFO - 2025-01-07 11:43:38 --> Utf8 Class Initialized
INFO - 2025-01-07 11:43:38 --> URI Class Initialized
INFO - 2025-01-07 11:43:38 --> Router Class Initialized
INFO - 2025-01-07 11:43:38 --> Output Class Initialized
INFO - 2025-01-07 11:43:38 --> Security Class Initialized
DEBUG - 2025-01-07 11:43:38 --> Global POST, GET and COOKIE data sanitized
INFO - 2025-01-07 11:43:38 --> Input Class Initialized
INFO - 2025-01-07 11:43:38 --> Language Class Initialized
INFO - 2025-01-07 11:43:38 --> Language Class Initialized
INFO - 2025-01-07 11:43:38 --> Config Class Initialized
INFO - 2025-01-07 11:43:38 --> Loader Class Initialized
INFO - 2025-01-07 11:43:38 --> Helper loaded: url_helper
INFO - 2025-01-07 11:43:38 --> Helper loaded: easyui_helper
INFO - 2025-01-07 11:43:38 --> Helper loaded: param_helper
INFO - 2025-01-07 11:43:38 --> Helper loaded: credential_helper
INFO - 2025-01-07 11:43:38 --> Helper loaded: template_helper
INFO - 2025-01-07 11:43:38 --> Helper loaded: rest_helper
INFO - 2025-01-07 11:43:38 --> Database Driver Class Initialized
DEBUG - 2025-01-07 11:43:38 --> Idgenerator class already loaded. Second attempt ignored.
INFO - 2025-01-07 11:43:38 --> Controller Class Initialized
INFO - 2025-01-07 11:43:38 --> Model Class Initialized
DEBUG - 2025-01-07 11:43:38 --> File loaded: /apps/web-drc/application/modules/mapping_promo_active/models/Promo_active_model.php
INFO - 2025-01-07 11:43:38 --> Model Class Initialized
INFO - 2025-01-07 11:43:38 --> Final output sent to browser
DEBUG - 2025-01-07 11:43:38 --> Total execution time: 0.0123
INFO - 2025-01-07 11:43:47 --> Config Class Initialized
INFO - 2025-01-07 11:43:47 --> Hooks Class Initialized
DEBUG - 2025-01-07 11:43:47 --> UTF-8 Support Enabled
INFO - 2025-01-07 11:43:47 --> Utf8 Class Initialized
INFO - 2025-01-07 11:43:47 --> URI Class Initialized
INFO - 2025-01-07 11:43:47 --> Router Class Initialized
INFO - 2025-01-07 11:43:47 --> Output Class Initialized
INFO - 2025-01-07 11:43:47 --> Security Class Initialized
DEBUG - 2025-01-07 11:43:47 --> Global POST, GET and COOKIE data sanitized
INFO - 2025-01-07 11:43:47 --> Input Class Initialized
INFO - 2025-01-07 11:43:47 --> Language Class Initialized
INFO - 2025-01-07 11:43:47 --> Language Class Initialized
INFO - 2025-01-07 11:43:47 --> Config Class Initialized
INFO - 2025-01-07 11:43:47 --> Loader Class Initialized
INFO - 2025-01-07 11:43:47 --> Helper loaded: url_helper
INFO - 2025-01-07 11:43:47 --> Helper loaded: easyui_helper
INFO - 2025-01-07 11:43:47 --> Helper loaded: param_helper
INFO - 2025-01-07 11:43:47 --> Helper loaded: credential_helper
INFO - 2025-01-07 11:43:47 --> Helper loaded: template_helper
INFO - 2025-01-07 11:43:47 --> Helper loaded: rest_helper
INFO - 2025-01-07 11:43:47 --> Database Driver Class Initialized
DEBUG - 2025-01-07 11:43:47 --> Idgenerator class already loaded. Second attempt ignored.
INFO - 2025-01-07 11:43:47 --> Controller Class Initialized
INFO - 2025-01-07 11:43:47 --> Model Class Initialized
DEBUG - 2025-01-07 11:43:47 --> File loaded: /apps/web-drc/application/modules/mapping_promo_active/models/Promo_active_model.php
INFO - 2025-01-07 11:43:47 --> Model Class Initialized
INFO - 2025-01-07 11:43:47 --> Final output sent to browser
DEBUG - 2025-01-07 11:43:47 --> Total execution time: 0.0215
INFO - 2025-01-07 11:43:48 --> Config Class Initialized
INFO - 2025-01-07 11:43:48 --> Hooks Class Initialized
DEBUG - 2025-01-07 11:43:48 --> UTF-8 Support Enabled
INFO - 2025-01-07 11:43:48 --> Utf8 Class Initialized
INFO - 2025-01-07 11:43:48 --> URI Class Initialized
INFO - 2025-01-07 11:43:48 --> Router Class Initialized
INFO - 2025-01-07 11:43:48 --> Output Class Initialized
INFO - 2025-01-07 11:43:48 --> Security Class Initialized
DEBUG - 2025-01-07 11:43:48 --> Global POST, GET and COOKIE data sanitized
INFO - 2025-01-07 11:43:48 --> Input Class Initialized
INFO - 2025-01-07 11:43:48 --> Language Class Initialized
INFO - 2025-01-07 11:43:48 --> Language Class Initialized
INFO - 2025-01-07 11:43:48 --> Config Class Initialized
INFO - 2025-01-07 11:43:48 --> Loader Class Initialized
INFO - 2025-01-07 11:43:48 --> Helper loaded: url_helper
INFO - 2025-01-07 11:43:48 --> Helper loaded: easyui_helper
INFO - 2025-01-07 11:43:48 --> Helper loaded: param_helper
INFO - 2025-01-07 11:43:48 --> Helper loaded: credential_helper
INFO - 2025-01-07 11:43:48 --> Helper loaded: template_helper
INFO - 2025-01-07 11:43:48 --> Helper loaded: rest_helper
INFO - 2025-01-07 11:43:48 --> Database Driver Class Initialized
DEBUG - 2025-01-07 11:43:48 --> Idgenerator class already loaded. Second attempt ignored.
INFO - 2025-01-07 11:43:48 --> Controller Class Initialized
INFO - 2025-01-07 11:43:48 --> Model Class Initialized
DEBUG - 2025-01-07 11:43:48 --> File loaded: /apps/web-drc/application/modules/mapping_promo_active/models/Promo_active_model.php
INFO - 2025-01-07 11:43:48 --> Model Class Initialized
INFO - 2025-01-07 11:43:48 --> Final output sent to browser
DEBUG - 2025-01-07 11:43:48 --> Total execution time: 0.0117
INFO - 2025-01-07 11:43:57 --> Config Class Initialized
INFO - 2025-01-07 11:43:57 --> Hooks Class Initialized
DEBUG - 2025-01-07 11:43:57 --> UTF-8 Support Enabled
INFO - 2025-01-07 11:43:57 --> Utf8 Class Initialized
INFO - 2025-01-07 11:43:57 --> URI Class Initialized
INFO - 2025-01-07 11:43:57 --> Router Class Initialized
INFO - 2025-01-07 11:43:57 --> Output Class Initialized
INFO - 2025-01-07 11:43:57 --> Security Class Initialized
DEBUG - 2025-01-07 11:43:57 --> Global POST, GET and COOKIE data sanitized
INFO - 2025-01-07 11:43:57 --> Input Class Initialized
INFO - 2025-01-07 11:43:57 --> Language Class Initialized
INFO - 2025-01-07 11:43:57 --> Language Class Initialized
INFO - 2025-01-07 11:43:57 --> Config Class Initialized
INFO - 2025-01-07 11:43:57 --> Loader Class Initialized
INFO - 2025-01-07 11:43:57 --> Helper loaded: url_helper
INFO - 2025-01-07 11:43:57 --> Helper loaded: easyui_helper
INFO - 2025-01-07 11:43:57 --> Helper loaded: param_helper
INFO - 2025-01-07 11:43:57 --> Helper loaded: credential_helper
INFO - 2025-01-07 11:43:57 --> Helper loaded: template_helper
INFO - 2025-01-07 11:43:57 --> Helper loaded: rest_helper
INFO - 2025-01-07 11:43:57 --> Database Driver Class Initialized
DEBUG - 2025-01-07 11:43:57 --> Idgenerator class already loaded. Second attempt ignored.
INFO - 2025-01-07 11:43:57 --> Controller Class Initialized
INFO - 2025-01-07 11:43:57 --> Model Class Initialized
DEBUG - 2025-01-07 11:43:57 --> File loaded: /apps/web-drc/application/modules/mapping_promo_active/models/Promo_active_model.php
INFO - 2025-01-07 11:43:57 --> Model Class Initialized
DEBUG - 2025-01-07 11:43:57 --> File loaded: /apps/web-drc/application/modules/mapping_promo_active/views/form.php
DEBUG - 2025-01-07 11:43:57 --> File loaded: /apps/web-drc/application/views/templates/header.php
DEBUG - 2025-01-07 11:43:57 --> File loaded: /apps/web-drc/application/views/templates/toolbar.php
DEBUG - 2025-01-07 11:43:57 --> File loaded: /apps/web-drc/application/views/templates/sidebar.php
DEBUG - 2025-01-07 11:43:57 --> File loaded: /apps/web-drc/application/views/templates/contents.php
DEBUG - 2025-01-07 11:43:57 --> File loaded: /apps/web-drc/application/views/templates/content_footer.php
DEBUG - 2025-01-07 11:43:57 --> File loaded: /apps/web-drc/application/views/templates/footer.php
DEBUG - 2025-01-07 11:43:57 --> File loaded: /apps/web-drc/application/views/templates/default.php
INFO - 2025-01-07 11:43:57 --> Final output sent to browser
DEBUG - 2025-01-07 11:43:57 --> Total execution time: 0.0140
INFO - 2025-01-07 11:43:57 --> Config Class Initialized
INFO - 2025-01-07 11:43:57 --> Hooks Class Initialized
DEBUG - 2025-01-07 11:43:57 --> UTF-8 Support Enabled
INFO - 2025-01-07 11:43:57 --> Utf8 Class Initialized
INFO - 2025-01-07 11:43:57 --> URI Class Initialized
INFO - 2025-01-07 11:43:57 --> Router Class Initialized
INFO - 2025-01-07 11:43:57 --> Output Class Initialized
INFO - 2025-01-07 11:43:57 --> Security Class Initialized
DEBUG - 2025-01-07 11:43:57 --> Global POST, GET and COOKIE data sanitized
INFO - 2025-01-07 11:43:57 --> Input Class Initialized
INFO - 2025-01-07 11:43:57 --> Language Class Initialized
ERROR - 2025-01-07 11:43:57 --> 404 Page Not Found: /index
INFO - 2025-01-07 11:43:57 --> Config Class Initialized
INFO - 2025-01-07 11:43:57 --> Hooks Class Initialized
DEBUG - 2025-01-07 11:43:57 --> UTF-8 Support Enabled
INFO - 2025-01-07 11:43:57 --> Utf8 Class Initialized
INFO - 2025-01-07 11:43:57 --> URI Class Initialized
INFO - 2025-01-07 11:43:57 --> Router Class Initialized
INFO - 2025-01-07 11:43:57 --> Output Class Initialized
INFO - 2025-01-07 11:43:57 --> Security Class Initialized
DEBUG - 2025-01-07 11:43:57 --> Global POST, GET and COOKIE data sanitized
INFO - 2025-01-07 11:43:57 --> Input Class Initialized
INFO - 2025-01-07 11:43:57 --> Language Class Initialized
INFO - 2025-01-07 11:43:57 --> Language Class Initialized
INFO - 2025-01-07 11:43:57 --> Config Class Initialized
INFO - 2025-01-07 11:43:57 --> Loader Class Initialized
INFO - 2025-01-07 11:43:57 --> Helper loaded: url_helper
INFO - 2025-01-07 11:43:57 --> Helper loaded: easyui_helper
INFO - 2025-01-07 11:43:57 --> Helper loaded: param_helper
INFO - 2025-01-07 11:43:57 --> Helper loaded: credential_helper
INFO - 2025-01-07 11:43:57 --> Helper loaded: template_helper
INFO - 2025-01-07 11:43:57 --> Helper loaded: rest_helper
INFO - 2025-01-07 11:43:57 --> Database Driver Class Initialized
DEBUG - 2025-01-07 11:43:57 --> Idgenerator class already loaded. Second attempt ignored.
INFO - 2025-01-07 11:43:57 --> Controller Class Initialized
INFO - 2025-01-07 11:43:57 --> Model Class Initialized
DEBUG - 2025-01-07 11:43:57 --> File loaded: /apps/web-drc/application/modules/api_v1/models/Api_v1_model.php
INFO - 2025-01-07 11:43:57 --> Model Class Initialized
INFO - 2025-01-07 11:43:57 --> Final output sent to browser
DEBUG - 2025-01-07 11:43:57 --> Total execution time: 0.0088
INFO - 2025-01-07 11:43:57 --> Config Class Initialized
INFO - 2025-01-07 11:43:57 --> Hooks Class Initialized
DEBUG - 2025-01-07 11:43:57 --> UTF-8 Support Enabled
INFO - 2025-01-07 11:43:57 --> Utf8 Class Initialized
INFO - 2025-01-07 11:43:57 --> URI Class Initialized
INFO - 2025-01-07 11:43:57 --> Router Class Initialized
INFO - 2025-01-07 11:43:57 --> Output Class Initialized
INFO - 2025-01-07 11:43:57 --> Security Class Initialized
DEBUG - 2025-01-07 11:43:57 --> Global POST, GET and COOKIE data sanitized
INFO - 2025-01-07 11:43:57 --> Input Class Initialized
INFO - 2025-01-07 11:43:57 --> Language Class Initialized
INFO - 2025-01-07 11:43:57 --> Language Class Initialized
INFO - 2025-01-07 11:43:57 --> Config Class Initialized
INFO - 2025-01-07 11:43:57 --> Loader Class Initialized
INFO - 2025-01-07 11:43:57 --> Helper loaded: url_helper
INFO - 2025-01-07 11:43:57 --> Helper loaded: easyui_helper
INFO - 2025-01-07 11:43:57 --> Helper loaded: param_helper
INFO - 2025-01-07 11:43:57 --> Helper loaded: credential_helper
INFO - 2025-01-07 11:43:57 --> Helper loaded: template_helper
INFO - 2025-01-07 11:43:57 --> Helper loaded: rest_helper
INFO - 2025-01-07 11:43:57 --> Database Driver Class Initialized
DEBUG - 2025-01-07 11:43:57 --> Idgenerator class already loaded. Second attempt ignored.
INFO - 2025-01-07 11:43:57 --> Controller Class Initialized
INFO - 2025-01-07 11:43:57 --> Model Class Initialized
DEBUG - 2025-01-07 11:43:57 --> File loaded: /apps/web-drc/application/modules/api_v1/models/Api_v1_model.php
INFO - 2025-01-07 11:43:57 --> Model Class Initialized
INFO - 2025-01-07 11:43:57 --> Final output sent to browser
DEBUG - 2025-01-07 11:43:57 --> Total execution time: 0.0152
INFO - 2025-01-07 11:43:57 --> Config Class Initialized
INFO - 2025-01-07 11:43:57 --> Hooks Class Initialized
DEBUG - 2025-01-07 11:43:57 --> UTF-8 Support Enabled
INFO - 2025-01-07 11:43:57 --> Utf8 Class Initialized
INFO - 2025-01-07 11:43:57 --> URI Class Initialized
INFO - 2025-01-07 11:43:57 --> Router Class Initialized
INFO - 2025-01-07 11:43:57 --> Output Class Initialized
INFO - 2025-01-07 11:43:57 --> Security Class Initialized
DEBUG - 2025-01-07 11:43:57 --> Global POST, GET and COOKIE data sanitized
INFO - 2025-01-07 11:43:57 --> Input Class Initialized
INFO - 2025-01-07 11:43:57 --> Language Class Initialized
INFO - 2025-01-07 11:43:57 --> Language Class Initialized
INFO - 2025-01-07 11:43:57 --> Config Class Initialized
INFO - 2025-01-07 11:43:57 --> Loader Class Initialized
INFO - 2025-01-07 11:43:57 --> Helper loaded: url_helper
INFO - 2025-01-07 11:43:57 --> Helper loaded: easyui_helper
INFO - 2025-01-07 11:43:57 --> Helper loaded: param_helper
INFO - 2025-01-07 11:43:57 --> Helper loaded: credential_helper
INFO - 2025-01-07 11:43:57 --> Helper loaded: template_helper
INFO - 2025-01-07 11:43:57 --> Helper loaded: rest_helper
INFO - 2025-01-07 11:43:57 --> Database Driver Class Initialized
DEBUG - 2025-01-07 11:43:57 --> Idgenerator class already loaded. Second attempt ignored.
INFO - 2025-01-07 11:43:57 --> Controller Class Initialized
INFO - 2025-01-07 11:43:57 --> Model Class Initialized
DEBUG - 2025-01-07 11:43:57 --> File loaded: /apps/web-drc/application/modules/ref_customer_class/models/Customer_class_model.php
INFO - 2025-01-07 11:43:57 --> Model Class Initialized
INFO - 2025-01-07 11:43:57 --> Final output sent to browser
DEBUG - 2025-01-07 11:43:57 --> Total execution time: 0.0059
INFO - 2025-01-07 11:45:05 --> Config Class Initialized
INFO - 2025-01-07 11:45:05 --> Hooks Class Initialized
DEBUG - 2025-01-07 11:45:05 --> UTF-8 Support Enabled
INFO - 2025-01-07 11:45:05 --> Utf8 Class Initialized
INFO - 2025-01-07 11:45:05 --> URI Class Initialized
INFO - 2025-01-07 11:45:05 --> Router Class Initialized
INFO - 2025-01-07 11:45:05 --> Output Class Initialized
INFO - 2025-01-07 11:45:05 --> Security Class Initialized
DEBUG - 2025-01-07 11:45:05 --> Global POST, GET and COOKIE data sanitized
INFO - 2025-01-07 11:45:05 --> Input Class Initialized
INFO - 2025-01-07 11:45:05 --> Language Class Initialized
INFO - 2025-01-07 11:45:05 --> Language Class Initialized
INFO - 2025-01-07 11:45:05 --> Config Class Initialized
INFO - 2025-01-07 11:45:05 --> Loader Class Initialized
INFO - 2025-01-07 11:45:05 --> Helper loaded: url_helper
INFO - 2025-01-07 11:45:05 --> Helper loaded: easyui_helper
INFO - 2025-01-07 11:45:05 --> Helper loaded: param_helper
INFO - 2025-01-07 11:45:05 --> Helper loaded: credential_helper
INFO - 2025-01-07 11:45:05 --> Helper loaded: template_helper
INFO - 2025-01-07 11:45:05 --> Helper loaded: rest_helper
INFO - 2025-01-07 11:45:05 --> Database Driver Class Initialized
DEBUG - 2025-01-07 11:45:05 --> Idgenerator class already loaded. Second attempt ignored.
INFO - 2025-01-07 11:45:05 --> Controller Class Initialized
INFO - 2025-01-07 11:45:05 --> Model Class Initialized
DEBUG - 2025-01-07 11:45:05 --> File loaded: /apps/web-drc/application/modules/mapping_promo_active/models/Promo_active_model.php
INFO - 2025-01-07 11:45:05 --> Model Class Initialized
INFO - 2025-01-07 11:45:05 --> Final output sent to browser
DEBUG - 2025-01-07 11:45:05 --> Total execution time: 0.0386
INFO - 2025-01-07 11:45:05 --> Config Class Initialized
INFO - 2025-01-07 11:45:05 --> Hooks Class Initialized
DEBUG - 2025-01-07 11:45:05 --> UTF-8 Support Enabled
INFO - 2025-01-07 11:45:05 --> Utf8 Class Initialized
INFO - 2025-01-07 11:45:05 --> URI Class Initialized
INFO - 2025-01-07 11:45:05 --> Router Class Initialized
INFO - 2025-01-07 11:45:05 --> Output Class Initialized
INFO - 2025-01-07 11:45:05 --> Security Class Initialized
DEBUG - 2025-01-07 11:45:05 --> Global POST, GET and COOKIE data sanitized
INFO - 2025-01-07 11:45:05 --> Input Class Initialized
INFO - 2025-01-07 11:45:05 --> Language Class Initialized
INFO - 2025-01-07 11:45:05 --> Language Class Initialized
INFO - 2025-01-07 11:45:05 --> Config Class Initialized
INFO - 2025-01-07 11:45:05 --> Loader Class Initialized
INFO - 2025-01-07 11:45:05 --> Helper loaded: url_helper
INFO - 2025-01-07 11:45:05 --> Helper loaded: easyui_helper
INFO - 2025-01-07 11:45:05 --> Helper loaded: param_helper
INFO - 2025-01-07 11:45:05 --> Helper loaded: credential_helper
INFO - 2025-01-07 11:45:05 --> Helper loaded: template_helper
INFO - 2025-01-07 11:45:05 --> Helper loaded: rest_helper
INFO - 2025-01-07 11:45:05 --> Database Driver Class Initialized
DEBUG - 2025-01-07 11:45:05 --> Idgenerator class already loaded. Second attempt ignored.
INFO - 2025-01-07 11:45:05 --> Controller Class Initialized
INFO - 2025-01-07 11:45:05 --> Model Class Initialized
DEBUG - 2025-01-07 11:45:05 --> File loaded: /apps/web-drc/application/modules/mapping_promo_active/models/Promo_active_model.php
INFO - 2025-01-07 11:45:05 --> Model Class Initialized
DEBUG - 2025-01-07 11:45:05 --> File loaded: /apps/web-drc/application/modules/mapping_promo_active/views/content.php
DEBUG - 2025-01-07 11:45:05 --> File loaded: /apps/web-drc/application/views/templates/header.php
DEBUG - 2025-01-07 11:45:05 --> File loaded: /apps/web-drc/application/views/templates/toolbar.php
DEBUG - 2025-01-07 11:45:05 --> File loaded: /apps/web-drc/application/views/templates/sidebar.php
DEBUG - 2025-01-07 11:45:05 --> File loaded: /apps/web-drc/application/views/templates/contents.php
DEBUG - 2025-01-07 11:45:05 --> File loaded: /apps/web-drc/application/views/templates/content_footer.php
DEBUG - 2025-01-07 11:45:05 --> File loaded: /apps/web-drc/application/views/templates/footer.php
DEBUG - 2025-01-07 11:45:05 --> File loaded: /apps/web-drc/application/views/templates/default.php
INFO - 2025-01-07 11:45:05 --> Final output sent to browser
DEBUG - 2025-01-07 11:45:05 --> Total execution time: 0.0098
INFO - 2025-01-07 11:45:06 --> Config Class Initialized
INFO - 2025-01-07 11:45:06 --> Hooks Class Initialized
DEBUG - 2025-01-07 11:45:06 --> UTF-8 Support Enabled
INFO - 2025-01-07 11:45:06 --> Utf8 Class Initialized
INFO - 2025-01-07 11:45:06 --> URI Class Initialized
INFO - 2025-01-07 11:45:06 --> Router Class Initialized
INFO - 2025-01-07 11:45:06 --> Output Class Initialized
INFO - 2025-01-07 11:45:06 --> Security Class Initialized
DEBUG - 2025-01-07 11:45:06 --> Global POST, GET and COOKIE data sanitized
INFO - 2025-01-07 11:45:06 --> Input Class Initialized
INFO - 2025-01-07 11:45:06 --> Language Class Initialized
INFO - 2025-01-07 11:45:06 --> Language Class Initialized
INFO - 2025-01-07 11:45:06 --> Config Class Initialized
INFO - 2025-01-07 11:45:06 --> Loader Class Initialized
INFO - 2025-01-07 11:45:06 --> Helper loaded: url_helper
INFO - 2025-01-07 11:45:06 --> Helper loaded: easyui_helper
INFO - 2025-01-07 11:45:06 --> Helper loaded: param_helper
INFO - 2025-01-07 11:45:06 --> Helper loaded: credential_helper
INFO - 2025-01-07 11:45:06 --> Helper loaded: template_helper
INFO - 2025-01-07 11:45:06 --> Helper loaded: rest_helper
INFO - 2025-01-07 11:45:06 --> Database Driver Class Initialized
DEBUG - 2025-01-07 11:45:06 --> Idgenerator class already loaded. Second attempt ignored.
INFO - 2025-01-07 11:45:06 --> Controller Class Initialized
INFO - 2025-01-07 11:45:06 --> Model Class Initialized
DEBUG - 2025-01-07 11:45:06 --> File loaded: /apps/web-drc/application/modules/mapping_promo_active/models/Promo_active_model.php
INFO - 2025-01-07 11:45:06 --> Model Class Initialized
INFO - 2025-01-07 11:45:06 --> Final output sent to browser
DEBUG - 2025-01-07 11:45:06 --> Total execution time: 0.0057
INFO - 2025-01-07 11:45:11 --> Config Class Initialized
INFO - 2025-01-07 11:45:11 --> Hooks Class Initialized
DEBUG - 2025-01-07 11:45:11 --> UTF-8 Support Enabled
INFO - 2025-01-07 11:45:11 --> Utf8 Class Initialized
INFO - 2025-01-07 11:45:11 --> URI Class Initialized
INFO - 2025-01-07 11:45:11 --> Router Class Initialized
INFO - 2025-01-07 11:45:11 --> Output Class Initialized
INFO - 2025-01-07 11:45:11 --> Security Class Initialized
DEBUG - 2025-01-07 11:45:11 --> Global POST, GET and COOKIE data sanitized
INFO - 2025-01-07 11:45:11 --> Input Class Initialized
INFO - 2025-01-07 11:45:11 --> Language Class Initialized
INFO - 2025-01-07 11:45:11 --> Language Class Initialized
INFO - 2025-01-07 11:45:11 --> Config Class Initialized
INFO - 2025-01-07 11:45:11 --> Loader Class Initialized
INFO - 2025-01-07 11:45:11 --> Helper loaded: url_helper
INFO - 2025-01-07 11:45:11 --> Helper loaded: easyui_helper
INFO - 2025-01-07 11:45:11 --> Helper loaded: param_helper
INFO - 2025-01-07 11:45:11 --> Helper loaded: credential_helper
INFO - 2025-01-07 11:45:11 --> Helper loaded: template_helper
INFO - 2025-01-07 11:45:11 --> Helper loaded: rest_helper
INFO - 2025-01-07 11:45:11 --> Database Driver Class Initialized
DEBUG - 2025-01-07 11:45:11 --> Idgenerator class already loaded. Second attempt ignored.
INFO - 2025-01-07 11:45:11 --> Controller Class Initialized
INFO - 2025-01-07 11:45:11 --> Model Class Initialized
DEBUG - 2025-01-07 11:45:11 --> File loaded: /apps/web-drc/application/modules/mapping_promo_active/models/Promo_active_model.php
INFO - 2025-01-07 11:45:11 --> Model Class Initialized
INFO - 2025-01-07 11:45:11 --> Final output sent to browser
DEBUG - 2025-01-07 11:45:11 --> Total execution time: 0.0112
INFO - 2025-01-07 11:45:13 --> Config Class Initialized
INFO - 2025-01-07 11:45:13 --> Hooks Class Initialized
DEBUG - 2025-01-07 11:45:13 --> UTF-8 Support Enabled
INFO - 2025-01-07 11:45:13 --> Utf8 Class Initialized
INFO - 2025-01-07 11:45:13 --> URI Class Initialized
INFO - 2025-01-07 11:45:13 --> Router Class Initialized
INFO - 2025-01-07 11:45:13 --> Output Class Initialized
INFO - 2025-01-07 11:45:13 --> Security Class Initialized
DEBUG - 2025-01-07 11:45:13 --> Global POST, GET and COOKIE data sanitized
INFO - 2025-01-07 11:45:13 --> Input Class Initialized
INFO - 2025-01-07 11:45:13 --> Language Class Initialized
INFO - 2025-01-07 11:45:13 --> Language Class Initialized
INFO - 2025-01-07 11:45:13 --> Config Class Initialized
INFO - 2025-01-07 11:45:13 --> Loader Class Initialized
INFO - 2025-01-07 11:45:13 --> Helper loaded: url_helper
INFO - 2025-01-07 11:45:13 --> Helper loaded: easyui_helper
INFO - 2025-01-07 11:45:13 --> Helper loaded: param_helper
INFO - 2025-01-07 11:45:13 --> Helper loaded: credential_helper
INFO - 2025-01-07 11:45:13 --> Helper loaded: template_helper
INFO - 2025-01-07 11:45:13 --> Helper loaded: rest_helper
INFO - 2025-01-07 11:45:13 --> Database Driver Class Initialized
DEBUG - 2025-01-07 11:45:13 --> Idgenerator class already loaded. Second attempt ignored.
INFO - 2025-01-07 11:45:13 --> Controller Class Initialized
INFO - 2025-01-07 11:45:13 --> Model Class Initialized
DEBUG - 2025-01-07 11:45:13 --> File loaded: /apps/web-drc/application/modules/mapping_promo_active/models/Promo_active_model.php
INFO - 2025-01-07 11:45:13 --> Model Class Initialized
INFO - 2025-01-07 11:45:13 --> Final output sent to browser
DEBUG - 2025-01-07 11:45:13 --> Total execution time: 0.0093
INFO - 2025-01-07 11:45:15 --> Config Class Initialized
INFO - 2025-01-07 11:45:15 --> Hooks Class Initialized
DEBUG - 2025-01-07 11:45:15 --> UTF-8 Support Enabled
INFO - 2025-01-07 11:45:15 --> Utf8 Class Initialized
INFO - 2025-01-07 11:45:15 --> URI Class Initialized
INFO - 2025-01-07 11:45:15 --> Router Class Initialized
INFO - 2025-01-07 11:45:15 --> Output Class Initialized
INFO - 2025-01-07 11:45:15 --> Security Class Initialized
DEBUG - 2025-01-07 11:45:15 --> Global POST, GET and COOKIE data sanitized
INFO - 2025-01-07 11:45:15 --> Input Class Initialized
INFO - 2025-01-07 11:45:15 --> Language Class Initialized
INFO - 2025-01-07 11:45:15 --> Language Class Initialized
INFO - 2025-01-07 11:45:15 --> Config Class Initialized
INFO - 2025-01-07 11:45:15 --> Loader Class Initialized
INFO - 2025-01-07 11:45:15 --> Helper loaded: url_helper
INFO - 2025-01-07 11:45:15 --> Helper loaded: easyui_helper
INFO - 2025-01-07 11:45:15 --> Helper loaded: param_helper
INFO - 2025-01-07 11:45:15 --> Helper loaded: credential_helper
INFO - 2025-01-07 11:45:15 --> Helper loaded: template_helper
INFO - 2025-01-07 11:45:15 --> Helper loaded: rest_helper
INFO - 2025-01-07 11:45:15 --> Database Driver Class Initialized
DEBUG - 2025-01-07 11:45:15 --> Idgenerator class already loaded. Second attempt ignored.
INFO - 2025-01-07 11:45:15 --> Controller Class Initialized
INFO - 2025-01-07 11:45:15 --> Model Class Initialized
DEBUG - 2025-01-07 11:45:15 --> File loaded: /apps/web-drc/application/modules/mapping_promo_active/models/Promo_active_model.php
INFO - 2025-01-07 11:45:15 --> Model Class Initialized
INFO - 2025-01-07 11:45:15 --> Final output sent to browser
DEBUG - 2025-01-07 11:45:15 --> Total execution time: 0.0129
INFO - 2025-01-07 11:45:16 --> Config Class Initialized
INFO - 2025-01-07 11:45:16 --> Hooks Class Initialized
DEBUG - 2025-01-07 11:45:16 --> UTF-8 Support Enabled
INFO - 2025-01-07 11:45:16 --> Utf8 Class Initialized
INFO - 2025-01-07 11:45:16 --> URI Class Initialized
INFO - 2025-01-07 11:45:16 --> Router Class Initialized
INFO - 2025-01-07 11:45:16 --> Output Class Initialized
INFO - 2025-01-07 11:45:16 --> Security Class Initialized
DEBUG - 2025-01-07 11:45:16 --> Global POST, GET and COOKIE data sanitized
INFO - 2025-01-07 11:45:16 --> Input Class Initialized
INFO - 2025-01-07 11:45:16 --> Language Class Initialized
INFO - 2025-01-07 11:45:16 --> Language Class Initialized
INFO - 2025-01-07 11:45:16 --> Config Class Initialized
INFO - 2025-01-07 11:45:16 --> Loader Class Initialized
INFO - 2025-01-07 11:45:16 --> Helper loaded: url_helper
INFO - 2025-01-07 11:45:16 --> Helper loaded: easyui_helper
INFO - 2025-01-07 11:45:16 --> Helper loaded: param_helper
INFO - 2025-01-07 11:45:16 --> Helper loaded: credential_helper
INFO - 2025-01-07 11:45:16 --> Helper loaded: template_helper
INFO - 2025-01-07 11:45:16 --> Helper loaded: rest_helper
INFO - 2025-01-07 11:45:16 --> Database Driver Class Initialized
DEBUG - 2025-01-07 11:45:16 --> Idgenerator class already loaded. Second attempt ignored.
INFO - 2025-01-07 11:45:16 --> Controller Class Initialized
INFO - 2025-01-07 11:45:16 --> Model Class Initialized
DEBUG - 2025-01-07 11:45:16 --> File loaded: /apps/web-drc/application/modules/mapping_promo_active/models/Promo_active_model.php
INFO - 2025-01-07 11:45:16 --> Model Class Initialized
INFO - 2025-01-07 11:45:16 --> Final output sent to browser
DEBUG - 2025-01-07 11:45:16 --> Total execution time: 0.0139
INFO - 2025-01-07 17:06:56 --> Config Class Initialized
INFO - 2025-01-07 17:06:56 --> Hooks Class Initialized
DEBUG - 2025-01-07 17:06:56 --> UTF-8 Support Enabled
INFO - 2025-01-07 17:06:56 --> Utf8 Class Initialized
INFO - 2025-01-07 17:06:56 --> URI Class Initialized
INFO - 2025-01-07 17:06:56 --> Router Class Initialized
INFO - 2025-01-07 17:06:56 --> Output Class Initialized
INFO - 2025-01-07 17:06:56 --> Security Class Initialized
DEBUG - 2025-01-07 17:06:56 --> Global POST, GET and COOKIE data sanitized
INFO - 2025-01-07 17:06:56 --> Input Class Initialized
INFO - 2025-01-07 17:06:56 --> Language Class Initialized
INFO - 2025-01-07 17:06:56 --> Language Class Initialized
INFO - 2025-01-07 17:06:56 --> Config Class Initialized
INFO - 2025-01-07 17:06:56 --> Loader Class Initialized
INFO - 2025-01-07 17:06:56 --> Helper loaded: url_helper
INFO - 2025-01-07 17:06:56 --> Helper loaded: easyui_helper
INFO - 2025-01-07 17:06:56 --> Helper loaded: param_helper
INFO - 2025-01-07 17:06:56 --> Helper loaded: credential_helper
INFO - 2025-01-07 17:06:56 --> Helper loaded: template_helper
INFO - 2025-01-07 17:06:56 --> Helper loaded: rest_helper
INFO - 2025-01-07 17:06:56 --> Database Driver Class Initialized
DEBUG - 2025-01-07 17:06:56 --> Idgenerator class already loaded. Second attempt ignored.
INFO - 2025-01-07 17:06:56 --> Controller Class Initialized
INFO - 2025-01-07 17:06:56 --> Model Class Initialized
DEBUG - 2025-01-07 17:06:56 --> File loaded: /apps/web-drc/application/modules/app_dashboard/models/App_dashboard_model.php
INFO - 2025-01-07 17:06:56 --> Model Class Initialized
DEBUG - 2025-01-07 17:06:56 --> File loaded: /apps/web-drc/application/modules/app_dashboard/views/content.php
DEBUG - 2025-01-07 17:06:56 --> File loaded: /apps/web-drc/application/views/templates/header.php
DEBUG - 2025-01-07 17:06:56 --> File loaded: /apps/web-drc/application/views/templates/toolbar.php
DEBUG - 2025-01-07 17:06:56 --> File loaded: /apps/web-drc/application/views/templates/sidebar.php
DEBUG - 2025-01-07 17:06:56 --> File loaded: /apps/web-drc/application/views/templates/contents.php
DEBUG - 2025-01-07 17:06:56 --> File loaded: /apps/web-drc/application/views/templates/content_footer.php
DEBUG - 2025-01-07 17:06:56 --> File loaded: /apps/web-drc/application/views/templates/footer.php
INFO - 2025-01-07 17:07:01 --> Config Class Initialized
INFO - 2025-01-07 17:07:01 --> Hooks Class Initialized
DEBUG - 2025-01-07 17:07:01 --> UTF-8 Support Enabled
INFO - 2025-01-07 17:07:01 --> Utf8 Class Initialized
INFO - 2025-01-07 17:07:01 --> URI Class Initialized
DEBUG - 2025-01-07 17:07:01 --> No URI present. Default controller set.
INFO - 2025-01-07 17:07:01 --> Router Class Initialized
INFO - 2025-01-07 17:07:01 --> Output Class Initialized
INFO - 2025-01-07 17:07:01 --> Security Class Initialized
DEBUG - 2025-01-07 17:07:01 --> Global POST, GET and COOKIE data sanitized
INFO - 2025-01-07 17:07:01 --> Input Class Initialized
INFO - 2025-01-07 17:07:01 --> Language Class Initialized
INFO - 2025-01-07 17:07:01 --> Language Class Initialized
INFO - 2025-01-07 17:07:01 --> Config Class Initialized
INFO - 2025-01-07 17:07:01 --> Loader Class Initialized
INFO - 2025-01-07 17:07:01 --> Helper loaded: url_helper
INFO - 2025-01-07 17:07:01 --> Helper loaded: easyui_helper
INFO - 2025-01-07 17:07:01 --> Helper loaded: param_helper
INFO - 2025-01-07 17:07:01 --> Helper loaded: credential_helper
INFO - 2025-01-07 17:07:01 --> Helper loaded: template_helper
INFO - 2025-01-07 17:07:01 --> Helper loaded: rest_helper
INFO - 2025-01-07 17:07:01 --> Database Driver Class Initialized
DEBUG - 2025-01-07 17:07:01 --> Idgenerator class already loaded. Second attempt ignored.
INFO - 2025-01-07 17:07:01 --> Controller Class Initialized
DEBUG - 2025-01-07 17:07:01 --> File loaded: /apps/web-drc/application/modules/app_auth/views/login_lte_template.php
DEBUG - 2025-01-07 17:07:01 --> File loaded: /apps/web-drc/application/views/template_login_lte/header.php
DEBUG - 2025-01-07 17:07:01 --> File loaded: /apps/web-drc/application/views/template_login_lte/contents.php
DEBUG - 2025-01-07 17:07:01 --> File loaded: /apps/web-drc/application/views/template_login_lte/default.php
INFO - 2025-01-07 17:07:01 --> Final output sent to browser
DEBUG - 2025-01-07 17:07:01 --> Total execution time: 0.0186
INFO - 2025-01-07 17:07:07 --> Config Class Initialized
INFO - 2025-01-07 17:07:07 --> Hooks Class Initialized
DEBUG - 2025-01-07 17:07:07 --> UTF-8 Support Enabled
INFO - 2025-01-07 17:07:07 --> Utf8 Class Initialized
INFO - 2025-01-07 17:07:07 --> URI Class Initialized
INFO - 2025-01-07 17:07:07 --> Router Class Initialized
INFO - 2025-01-07 17:07:07 --> Output Class Initialized
INFO - 2025-01-07 17:07:07 --> Security Class Initialized
DEBUG - 2025-01-07 17:07:07 --> Global POST, GET and COOKIE data sanitized
INFO - 2025-01-07 17:07:07 --> Input Class Initialized
INFO - 2025-01-07 17:07:07 --> Language Class Initialized
INFO - 2025-01-07 17:07:07 --> Language Class Initialized
INFO - 2025-01-07 17:07:07 --> Config Class Initialized
INFO - 2025-01-07 17:07:07 --> Loader Class Initialized
INFO - 2025-01-07 17:07:07 --> Helper loaded: url_helper
INFO - 2025-01-07 17:07:07 --> Helper loaded: easyui_helper
INFO - 2025-01-07 17:07:07 --> Helper loaded: param_helper
INFO - 2025-01-07 17:07:07 --> Helper loaded: credential_helper
INFO - 2025-01-07 17:07:07 --> Helper loaded: template_helper
INFO - 2025-01-07 17:07:07 --> Helper loaded: rest_helper
INFO - 2025-01-07 17:07:07 --> Database Driver Class Initialized
DEBUG - 2025-01-07 17:07:07 --> Idgenerator class already loaded. Second attempt ignored.
INFO - 2025-01-07 17:07:07 --> Controller Class Initialized
INFO - 2025-01-07 17:07:07 --> Final output sent to browser
DEBUG - 2025-01-07 17:07:07 --> Total execution time: 0.0223
INFO - 2025-01-07 17:07:08 --> Config Class Initialized
INFO - 2025-01-07 17:07:08 --> Hooks Class Initialized
DEBUG - 2025-01-07 17:07:08 --> UTF-8 Support Enabled
INFO - 2025-01-07 17:07:08 --> Utf8 Class Initialized
INFO - 2025-01-07 17:07:08 --> URI Class Initialized
INFO - 2025-01-07 17:07:08 --> Router Class Initialized
INFO - 2025-01-07 17:07:08 --> Output Class Initialized
INFO - 2025-01-07 17:07:08 --> Security Class Initialized
DEBUG - 2025-01-07 17:07:08 --> Global POST, GET and COOKIE data sanitized
INFO - 2025-01-07 17:07:08 --> Input Class Initialized
INFO - 2025-01-07 17:07:08 --> Language Class Initialized
INFO - 2025-01-07 17:07:08 --> Language Class Initialized
INFO - 2025-01-07 17:07:08 --> Config Class Initialized
INFO - 2025-01-07 17:07:08 --> Loader Class Initialized
INFO - 2025-01-07 17:07:08 --> Helper loaded: url_helper
INFO - 2025-01-07 17:07:08 --> Helper loaded: easyui_helper
INFO - 2025-01-07 17:07:08 --> Helper loaded: param_helper
INFO - 2025-01-07 17:07:08 --> Helper loaded: credential_helper
INFO - 2025-01-07 17:07:08 --> Helper loaded: template_helper
INFO - 2025-01-07 17:07:08 --> Helper loaded: rest_helper
INFO - 2025-01-07 17:07:08 --> Database Driver Class Initialized
DEBUG - 2025-01-07 17:07:08 --> Idgenerator class already loaded. Second attempt ignored.
INFO - 2025-01-07 17:07:08 --> Controller Class Initialized
INFO - 2025-01-07 17:07:08 --> Model Class Initialized
DEBUG - 2025-01-07 17:07:08 --> File loaded: /apps/web-drc/application/modules/app_dashboard/models/App_dashboard_model.php
INFO - 2025-01-07 17:07:08 --> Model Class Initialized
DEBUG - 2025-01-07 17:07:08 --> File loaded: /apps/web-drc/application/modules/app_dashboard/views/content.php
DEBUG - 2025-01-07 17:07:08 --> File loaded: /apps/web-drc/application/views/templates/header.php
DEBUG - 2025-01-07 17:07:08 --> File loaded: /apps/web-drc/application/views/templates/toolbar.php
DEBUG - 2025-01-07 17:07:08 --> File loaded: /apps/web-drc/application/views/templates/sidebar.php
DEBUG - 2025-01-07 17:07:08 --> File loaded: /apps/web-drc/application/views/templates/contents.php
DEBUG - 2025-01-07 17:07:08 --> File loaded: /apps/web-drc/application/views/templates/content_footer.php
DEBUG - 2025-01-07 17:07:08 --> File loaded: /apps/web-drc/application/views/templates/footer.php
DEBUG - 2025-01-07 17:07:08 --> File loaded: /apps/web-drc/application/views/templates/default.php
INFO - 2025-01-07 17:07:08 --> Final output sent to browser
DEBUG - 2025-01-07 17:07:08 --> Total execution time: 0.0094
INFO - 2025-01-07 17:07:10 --> Config Class Initialized
INFO - 2025-01-07 17:07:10 --> Hooks Class Initialized
DEBUG - 2025-01-07 17:07:10 --> UTF-8 Support Enabled
INFO - 2025-01-07 17:07:10 --> Utf8 Class Initialized
INFO - 2025-01-07 17:07:10 --> URI Class Initialized
INFO - 2025-01-07 17:07:10 --> Router Class Initialized
INFO - 2025-01-07 17:07:10 --> Output Class Initialized
INFO - 2025-01-07 17:07:10 --> Security Class Initialized
DEBUG - 2025-01-07 17:07:10 --> Global POST, GET and COOKIE data sanitized
INFO - 2025-01-07 17:07:10 --> Input Class Initialized
INFO - 2025-01-07 17:07:10 --> Language Class Initialized
INFO - 2025-01-07 17:07:10 --> Language Class Initialized
INFO - 2025-01-07 17:07:10 --> Config Class Initialized
INFO - 2025-01-07 17:07:10 --> Loader Class Initialized
INFO - 2025-01-07 17:07:10 --> Helper loaded: url_helper
INFO - 2025-01-07 17:07:10 --> Helper loaded: easyui_helper
INFO - 2025-01-07 17:07:10 --> Helper loaded: param_helper
INFO - 2025-01-07 17:07:10 --> Helper loaded: credential_helper
INFO - 2025-01-07 17:07:10 --> Helper loaded: template_helper
INFO - 2025-01-07 17:07:10 --> Helper loaded: rest_helper
INFO - 2025-01-07 17:07:10 --> Database Driver Class Initialized
DEBUG - 2025-01-07 17:07:10 --> Idgenerator class already loaded. Second attempt ignored.
INFO - 2025-01-07 17:07:10 --> Controller Class Initialized
INFO - 2025-01-07 17:07:10 --> Model Class Initialized
DEBUG - 2025-01-07 17:07:10 --> File loaded: /apps/web-drc/application/modules/app_dashboard/models/App_dashboard_model.php
INFO - 2025-01-07 17:07:10 --> Model Class Initialized
INFO - 2025-01-07 17:07:10 --> Final output sent to browser
DEBUG - 2025-01-07 17:07:10 --> Total execution time: 0.0379
INFO - 2025-01-07 17:08:51 --> Config Class Initialized
INFO - 2025-01-07 17:08:51 --> Hooks Class Initialized
DEBUG - 2025-01-07 17:08:51 --> UTF-8 Support Enabled
INFO - 2025-01-07 17:08:51 --> Utf8 Class Initialized
INFO - 2025-01-07 17:08:51 --> URI Class Initialized
INFO - 2025-01-07 17:08:51 --> Router Class Initialized
INFO - 2025-01-07 17:08:51 --> Output Class Initialized
INFO - 2025-01-07 17:08:51 --> Security Class Initialized
DEBUG - 2025-01-07 17:08:51 --> Global POST, GET and COOKIE data sanitized
INFO - 2025-01-07 17:08:51 --> Input Class Initialized
INFO - 2025-01-07 17:08:51 --> Language Class Initialized
ERROR - 2025-01-07 17:08:51 --> 404 Page Not Found: /index
INFO - 2025-01-07 17:08:55 --> Config Class Initialized
INFO - 2025-01-07 17:08:55 --> Hooks Class Initialized
DEBUG - 2025-01-07 17:08:55 --> UTF-8 Support Enabled
INFO - 2025-01-07 17:08:55 --> Utf8 Class Initialized
INFO - 2025-01-07 17:08:55 --> URI Class Initialized
INFO - 2025-01-07 17:08:55 --> Router Class Initialized
INFO - 2025-01-07 17:08:55 --> Output Class Initialized
INFO - 2025-01-07 17:08:55 --> Security Class Initialized
DEBUG - 2025-01-07 17:08:55 --> Global POST, GET and COOKIE data sanitized
INFO - 2025-01-07 17:08:55 --> Input Class Initialized
INFO - 2025-01-07 17:08:55 --> Language Class Initialized
INFO - 2025-01-07 17:08:55 --> Language Class Initialized
INFO - 2025-01-07 17:08:55 --> Config Class Initialized
INFO - 2025-01-07 17:08:55 --> Loader Class Initialized
INFO - 2025-01-07 17:08:55 --> Helper loaded: url_helper
INFO - 2025-01-07 17:08:55 --> Helper loaded: easyui_helper
INFO - 2025-01-07 17:08:55 --> Helper loaded: param_helper
INFO - 2025-01-07 17:08:55 --> Helper loaded: credential_helper
INFO - 2025-01-07 17:08:55 --> Helper loaded: template_helper
INFO - 2025-01-07 17:08:55 --> Helper loaded: rest_helper
INFO - 2025-01-07 17:08:55 --> Database Driver Class Initialized
DEBUG - 2025-01-07 17:08:55 --> Idgenerator class already loaded. Second attempt ignored.
INFO - 2025-01-07 17:08:55 --> Controller Class Initialized
INFO - 2025-01-07 17:08:55 --> Model Class Initialized
DEBUG - 2025-01-07 17:08:55 --> File loaded: /apps/web-drc/application/modules/app_dashboard/models/App_dashboard_model.php
INFO - 2025-01-07 17:08:55 --> Model Class Initialized
INFO - 2025-01-07 17:08:55 --> Final output sent to browser
DEBUG - 2025-01-07 17:08:55 --> Total execution time: 0.0461
INFO - 2025-01-07 17:09:14 --> Config Class Initialized
INFO - 2025-01-07 17:09:14 --> Hooks Class Initialized
DEBUG - 2025-01-07 17:09:14 --> UTF-8 Support Enabled
INFO - 2025-01-07 17:09:14 --> Utf8 Class Initialized
INFO - 2025-01-07 17:09:14 --> URI Class Initialized
INFO - 2025-01-07 17:09:14 --> Router Class Initialized
INFO - 2025-01-07 17:09:14 --> Output Class Initialized
INFO - 2025-01-07 17:09:14 --> Security Class Initialized
DEBUG - 2025-01-07 17:09:14 --> Global POST, GET and COOKIE data sanitized
INFO - 2025-01-07 17:09:14 --> Input Class Initialized
INFO - 2025-01-07 17:09:14 --> Language Class Initialized
INFO - 2025-01-07 17:09:14 --> Language Class Initialized
INFO - 2025-01-07 17:09:14 --> Config Class Initialized
INFO - 2025-01-07 17:09:14 --> Loader Class Initialized
INFO - 2025-01-07 17:09:14 --> Helper loaded: url_helper
INFO - 2025-01-07 17:09:14 --> Helper loaded: easyui_helper
INFO - 2025-01-07 17:09:14 --> Helper loaded: param_helper
INFO - 2025-01-07 17:09:14 --> Helper loaded: credential_helper
INFO - 2025-01-07 17:09:14 --> Helper loaded: template_helper
INFO - 2025-01-07 17:09:14 --> Helper loaded: rest_helper
INFO - 2025-01-07 17:09:14 --> Database Driver Class Initialized
DEBUG - 2025-01-07 17:09:14 --> Idgenerator class already loaded. Second attempt ignored.
INFO - 2025-01-07 17:09:14 --> Controller Class Initialized
INFO - 2025-01-07 17:09:14 --> Model Class Initialized
DEBUG - 2025-01-07 17:09:14 --> File loaded: /apps/web-drc/application/modules/app_dashboard/models/App_dashboard_model.php
INFO - 2025-01-07 17:09:14 --> Model Class Initialized
INFO - 2025-01-07 17:09:15 --> Final output sent to browser
DEBUG - 2025-01-07 17:09:15 --> Total execution time: 0.8910
INFO - 2025-01-07 17:11:02 --> Config Class Initialized
INFO - 2025-01-07 17:11:02 --> Hooks Class Initialized
DEBUG - 2025-01-07 17:11:02 --> UTF-8 Support Enabled
INFO - 2025-01-07 17:11:02 --> Utf8 Class Initialized
INFO - 2025-01-07 17:11:02 --> URI Class Initialized
INFO - 2025-01-07 17:11:02 --> Router Class Initialized
INFO - 2025-01-07 17:11:02 --> Output Class Initialized
INFO - 2025-01-07 17:11:02 --> Security Class Initialized
DEBUG - 2025-01-07 17:11:02 --> Global POST, GET and COOKIE data sanitized
INFO - 2025-01-07 17:11:02 --> Input Class Initialized
INFO - 2025-01-07 17:11:02 --> Language Class Initialized
INFO - 2025-01-07 17:11:02 --> Language Class Initialized
INFO - 2025-01-07 17:11:02 --> Config Class Initialized
INFO - 2025-01-07 17:11:02 --> Loader Class Initialized
INFO - 2025-01-07 17:11:02 --> Helper loaded: url_helper
INFO - 2025-01-07 17:11:02 --> Helper loaded: easyui_helper
INFO - 2025-01-07 17:11:02 --> Helper loaded: param_helper
INFO - 2025-01-07 17:11:02 --> Helper loaded: credential_helper
INFO - 2025-01-07 17:11:02 --> Helper loaded: template_helper
INFO - 2025-01-07 17:11:02 --> Helper loaded: rest_helper
INFO - 2025-01-07 17:11:02 --> Database Driver Class Initialized
DEBUG - 2025-01-07 17:11:02 --> Idgenerator class already loaded. Second attempt ignored.
INFO - 2025-01-07 17:11:02 --> Controller Class Initialized
INFO - 2025-01-07 17:11:02 --> Model Class Initialized
DEBUG - 2025-01-07 17:11:02 --> File loaded: /apps/web-drc/application/modules/app_dashboard/models/App_dashboard_model.php
INFO - 2025-01-07 17:11:02 --> Model Class Initialized
INFO - 2025-01-07 17:11:02 --> Final output sent to browser
DEBUG - 2025-01-07 17:11:02 --> Total execution time: 0.1528
INFO - 2025-01-07 17:30:34 --> Config Class Initialized
INFO - 2025-01-07 17:30:34 --> Hooks Class Initialized
DEBUG - 2025-01-07 17:30:34 --> UTF-8 Support Enabled
INFO - 2025-01-07 17:30:34 --> Utf8 Class Initialized
INFO - 2025-01-07 17:30:34 --> URI Class Initialized
INFO - 2025-01-07 17:30:34 --> Router Class Initialized
INFO - 2025-01-07 17:30:34 --> Output Class Initialized
INFO - 2025-01-07 17:30:34 --> Security Class Initialized
DEBUG - 2025-01-07 17:30:34 --> Global POST, GET and COOKIE data sanitized
INFO - 2025-01-07 17:30:34 --> Input Class Initialized
INFO - 2025-01-07 17:30:34 --> Language Class Initialized
INFO - 2025-01-07 17:30:34 --> Language Class Initialized
INFO - 2025-01-07 17:30:34 --> Config Class Initialized
INFO - 2025-01-07 17:30:34 --> Loader Class Initialized
INFO - 2025-01-07 17:30:34 --> Helper loaded: url_helper
INFO - 2025-01-07 17:30:34 --> Helper loaded: easyui_helper
INFO - 2025-01-07 17:30:34 --> Helper loaded: param_helper
INFO - 2025-01-07 17:30:34 --> Helper loaded: credential_helper
INFO - 2025-01-07 17:30:34 --> Helper loaded: template_helper
INFO - 2025-01-07 17:30:34 --> Helper loaded: rest_helper
INFO - 2025-01-07 17:30:34 --> Database Driver Class Initialized
DEBUG - 2025-01-07 17:30:34 --> Idgenerator class already loaded. Second attempt ignored.
INFO - 2025-01-07 17:30:34 --> Controller Class Initialized
INFO - 2025-01-07 17:30:34 --> Model Class Initialized
DEBUG - 2025-01-07 17:30:34 --> File loaded: /apps/web-drc/application/modules/app_dashboard/models/App_dashboard_model.php
INFO - 2025-01-07 17:30:34 --> Model Class Initialized
DEBUG - 2025-01-07 17:30:34 --> File loaded: /apps/web-drc/application/modules/app_dashboard/views/content.php
DEBUG - 2025-01-07 17:30:34 --> File loaded: /apps/web-drc/application/views/templates/header.php
DEBUG - 2025-01-07 17:30:34 --> File loaded: /apps/web-drc/application/views/templates/toolbar.php
DEBUG - 2025-01-07 17:30:34 --> File loaded: /apps/web-drc/application/views/templates/sidebar.php
DEBUG - 2025-01-07 17:30:34 --> File loaded: /apps/web-drc/application/views/templates/contents.php
DEBUG - 2025-01-07 17:30:34 --> File loaded: /apps/web-drc/application/views/templates/content_footer.php
DEBUG - 2025-01-07 17:30:34 --> File loaded: /apps/web-drc/application/views/templates/footer.php
DEBUG - 2025-01-07 17:30:34 --> File loaded: /apps/web-drc/application/views/templates/default.php
INFO - 2025-01-07 17:30:34 --> Final output sent to browser
DEBUG - 2025-01-07 17:30:34 --> Total execution time: 0.0121
INFO - 2025-01-07 17:30:34 --> Config Class Initialized
INFO - 2025-01-07 17:30:34 --> Hooks Class Initialized
DEBUG - 2025-01-07 17:30:34 --> UTF-8 Support Enabled
INFO - 2025-01-07 17:30:34 --> Utf8 Class Initialized
INFO - 2025-01-07 17:30:34 --> URI Class Initialized
INFO - 2025-01-07 17:30:34 --> Router Class Initialized
INFO - 2025-01-07 17:30:34 --> Output Class Initialized
INFO - 2025-01-07 17:30:34 --> Security Class Initialized
DEBUG - 2025-01-07 17:30:34 --> Global POST, GET and COOKIE data sanitized
INFO - 2025-01-07 17:30:34 --> Input Class Initialized
INFO - 2025-01-07 17:30:34 --> Language Class Initialized
ERROR - 2025-01-07 17:30:34 --> 404 Page Not Found: /index
INFO - 2025-01-07 17:30:34 --> Config Class Initialized
INFO - 2025-01-07 17:30:34 --> Hooks Class Initialized
DEBUG - 2025-01-07 17:30:34 --> UTF-8 Support Enabled
INFO - 2025-01-07 17:30:34 --> Utf8 Class Initialized
INFO - 2025-01-07 17:30:34 --> URI Class Initialized
INFO - 2025-01-07 17:30:34 --> Router Class Initialized
INFO - 2025-01-07 17:30:34 --> Output Class Initialized
INFO - 2025-01-07 17:30:34 --> Security Class Initialized
DEBUG - 2025-01-07 17:30:34 --> Global POST, GET and COOKIE data sanitized
INFO - 2025-01-07 17:30:34 --> Input Class Initialized
INFO - 2025-01-07 17:30:34 --> Language Class Initialized
INFO - 2025-01-07 17:30:34 --> Language Class Initialized
INFO - 2025-01-07 17:30:34 --> Config Class Initialized
INFO - 2025-01-07 17:30:34 --> Loader Class Initialized
INFO - 2025-01-07 17:30:34 --> Helper loaded: url_helper
INFO - 2025-01-07 17:30:34 --> Helper loaded: easyui_helper
INFO - 2025-01-07 17:30:34 --> Helper loaded: param_helper
INFO - 2025-01-07 17:30:34 --> Helper loaded: credential_helper
INFO - 2025-01-07 17:30:34 --> Helper loaded: template_helper
INFO - 2025-01-07 17:30:34 --> Helper loaded: rest_helper
INFO - 2025-01-07 17:30:34 --> Database Driver Class Initialized
DEBUG - 2025-01-07 17:30:34 --> Idgenerator class already loaded. Second attempt ignored.
INFO - 2025-01-07 17:30:34 --> Controller Class Initialized
INFO - 2025-01-07 17:30:34 --> Model Class Initialized
DEBUG - 2025-01-07 17:30:34 --> File loaded: /apps/web-drc/application/modules/app_dashboard/models/App_dashboard_model.php
INFO - 2025-01-07 17:30:34 --> Model Class Initialized
INFO - 2025-01-07 17:30:34 --> Final output sent to browser
DEBUG - 2025-01-07 17:30:34 --> Total execution time: 0.0062
INFO - 2025-01-07 17:30:34 --> Config Class Initialized
INFO - 2025-01-07 17:30:34 --> Hooks Class Initialized
DEBUG - 2025-01-07 17:30:34 --> UTF-8 Support Enabled
INFO - 2025-01-07 17:30:34 --> Utf8 Class Initialized
INFO - 2025-01-07 17:30:34 --> URI Class Initialized
INFO - 2025-01-07 17:30:34 --> Router Class Initialized
INFO - 2025-01-07 17:30:34 --> Output Class Initialized
INFO - 2025-01-07 17:30:34 --> Security Class Initialized
DEBUG - 2025-01-07 17:30:34 --> Global POST, GET and COOKIE data sanitized
INFO - 2025-01-07 17:30:34 --> Input Class Initialized
INFO - 2025-01-07 17:30:34 --> Language Class Initialized
INFO - 2025-01-07 17:30:34 --> Language Class Initialized
INFO - 2025-01-07 17:30:34 --> Config Class Initialized
INFO - 2025-01-07 17:30:34 --> Loader Class Initialized
INFO - 2025-01-07 17:30:34 --> Helper loaded: url_helper
INFO - 2025-01-07 17:30:34 --> Helper loaded: easyui_helper
INFO - 2025-01-07 17:30:34 --> Helper loaded: param_helper
INFO - 2025-01-07 17:30:34 --> Helper loaded: credential_helper
INFO - 2025-01-07 17:30:34 --> Helper loaded: template_helper
INFO - 2025-01-07 17:30:34 --> Helper loaded: rest_helper
INFO - 2025-01-07 17:30:34 --> Database Driver Class Initialized
DEBUG - 2025-01-07 17:30:34 --> Idgenerator class already loaded. Second attempt ignored.
INFO - 2025-01-07 17:30:34 --> Controller Class Initialized
INFO - 2025-01-07 17:30:34 --> Model Class Initialized
DEBUG - 2025-01-07 17:30:34 --> File loaded: /apps/web-drc/application/modules/api_v1/models/Api_v1_model.php
INFO - 2025-01-07 17:30:34 --> Model Class Initialized
INFO - 2025-01-07 17:30:34 --> Final output sent to browser
DEBUG - 2025-01-07 17:30:34 --> Total execution time: 0.0079
INFO - 2025-01-07 17:30:40 --> Config Class Initialized
INFO - 2025-01-07 17:30:40 --> Hooks Class Initialized
DEBUG - 2025-01-07 17:30:40 --> UTF-8 Support Enabled
INFO - 2025-01-07 17:30:40 --> Utf8 Class Initialized
INFO - 2025-01-07 17:30:40 --> URI Class Initialized
INFO - 2025-01-07 17:30:40 --> Router Class Initialized
INFO - 2025-01-07 17:30:40 --> Output Class Initialized
INFO - 2025-01-07 17:30:40 --> Security Class Initialized
DEBUG - 2025-01-07 17:30:40 --> Global POST, GET and COOKIE data sanitized
INFO - 2025-01-07 17:30:40 --> Input Class Initialized
INFO - 2025-01-07 17:30:40 --> Language Class Initialized
INFO - 2025-01-07 17:30:40 --> Language Class Initialized
INFO - 2025-01-07 17:30:40 --> Config Class Initialized
INFO - 2025-01-07 17:30:40 --> Loader Class Initialized
INFO - 2025-01-07 17:30:40 --> Helper loaded: url_helper
INFO - 2025-01-07 17:30:40 --> Helper loaded: easyui_helper
INFO - 2025-01-07 17:30:40 --> Helper loaded: param_helper
INFO - 2025-01-07 17:30:40 --> Helper loaded: credential_helper
INFO - 2025-01-07 17:30:40 --> Helper loaded: template_helper
INFO - 2025-01-07 17:30:40 --> Helper loaded: rest_helper
INFO - 2025-01-07 17:30:40 --> Database Driver Class Initialized
DEBUG - 2025-01-07 17:30:40 --> Idgenerator class already loaded. Second attempt ignored.
INFO - 2025-01-07 17:30:40 --> Controller Class Initialized
INFO - 2025-01-07 17:30:40 --> Model Class Initialized
DEBUG - 2025-01-07 17:30:40 --> File loaded: /apps/web-drc/application/modules/app_dashboard/models/App_dashboard_model.php
INFO - 2025-01-07 17:30:40 --> Model Class Initialized
INFO - 2025-01-07 17:30:40 --> Final output sent to browser
DEBUG - 2025-01-07 17:30:40 --> Total execution time: 0.0305
INFO - 2025-01-07 17:30:43 --> Config Class Initialized
INFO - 2025-01-07 17:30:43 --> Hooks Class Initialized
DEBUG - 2025-01-07 17:30:43 --> UTF-8 Support Enabled
INFO - 2025-01-07 17:30:43 --> Utf8 Class Initialized
INFO - 2025-01-07 17:30:43 --> URI Class Initialized
INFO - 2025-01-07 17:30:43 --> Router Class Initialized
INFO - 2025-01-07 17:30:43 --> Output Class Initialized
INFO - 2025-01-07 17:30:43 --> Security Class Initialized
DEBUG - 2025-01-07 17:30:43 --> Global POST, GET and COOKIE data sanitized
INFO - 2025-01-07 17:30:43 --> Input Class Initialized
INFO - 2025-01-07 17:30:43 --> Language Class Initialized
INFO - 2025-01-07 17:30:43 --> Language Class Initialized
INFO - 2025-01-07 17:30:43 --> Config Class Initialized
INFO - 2025-01-07 17:30:43 --> Loader Class Initialized
INFO - 2025-01-07 17:30:43 --> Helper loaded: url_helper
INFO - 2025-01-07 17:30:43 --> Helper loaded: easyui_helper
INFO - 2025-01-07 17:30:43 --> Helper loaded: param_helper
INFO - 2025-01-07 17:30:43 --> Helper loaded: credential_helper
INFO - 2025-01-07 17:30:43 --> Helper loaded: template_helper
INFO - 2025-01-07 17:30:43 --> Helper loaded: rest_helper
INFO - 2025-01-07 17:30:43 --> Database Driver Class Initialized
DEBUG - 2025-01-07 17:30:43 --> Idgenerator class already loaded. Second attempt ignored.
INFO - 2025-01-07 17:30:43 --> Controller Class Initialized
INFO - 2025-01-07 17:30:43 --> Model Class Initialized
DEBUG - 2025-01-07 17:30:43 --> File loaded: /apps/web-drc/application/modules/app_dashboard/models/App_dashboard_model.php
INFO - 2025-01-07 17:30:43 --> Model Class Initialized
INFO - 2025-01-07 17:30:43 --> Final output sent to browser
DEBUG - 2025-01-07 17:30:43 --> Total execution time: 0.5291
INFO - 2025-01-07 17:31:33 --> Config Class Initialized
INFO - 2025-01-07 17:31:33 --> Hooks Class Initialized
DEBUG - 2025-01-07 17:31:33 --> UTF-8 Support Enabled
INFO - 2025-01-07 17:31:33 --> Utf8 Class Initialized
INFO - 2025-01-07 17:31:33 --> URI Class Initialized
INFO - 2025-01-07 17:31:33 --> Router Class Initialized
INFO - 2025-01-07 17:31:33 --> Output Class Initialized
INFO - 2025-01-07 17:31:33 --> Security Class Initialized
DEBUG - 2025-01-07 17:31:33 --> Global POST, GET and COOKIE data sanitized
INFO - 2025-01-07 17:31:33 --> Input Class Initialized
INFO - 2025-01-07 17:31:33 --> Language Class Initialized
ERROR - 2025-01-07 17:31:33 --> 404 Page Not Found: /index
INFO - 2025-01-07 17:56:00 --> Config Class Initialized
INFO - 2025-01-07 17:56:00 --> Hooks Class Initialized
DEBUG - 2025-01-07 17:56:00 --> UTF-8 Support Enabled
INFO - 2025-01-07 17:56:00 --> Utf8 Class Initialized
INFO - 2025-01-07 17:56:00 --> URI Class Initialized
INFO - 2025-01-07 17:56:00 --> Router Class Initialized
INFO - 2025-01-07 17:56:00 --> Output Class Initialized
INFO - 2025-01-07 17:56:00 --> Security Class Initialized
DEBUG - 2025-01-07 17:56:00 --> Global POST, GET and COOKIE data sanitized
INFO - 2025-01-07 17:56:00 --> Input Class Initialized
INFO - 2025-01-07 17:56:00 --> Language Class Initialized
INFO - 2025-01-07 17:56:00 --> Language Class Initialized
INFO - 2025-01-07 17:56:00 --> Config Class Initialized
INFO - 2025-01-07 17:56:00 --> Loader Class Initialized
INFO - 2025-01-07 17:56:00 --> Helper loaded: url_helper
INFO - 2025-01-07 17:56:00 --> Helper loaded: easyui_helper
INFO - 2025-01-07 17:56:00 --> Helper loaded: param_helper
INFO - 2025-01-07 17:56:00 --> Helper loaded: credential_helper
INFO - 2025-01-07 17:56:00 --> Helper loaded: template_helper
INFO - 2025-01-07 17:56:00 --> Helper loaded: rest_helper
INFO - 2025-01-07 17:56:00 --> Database Driver Class Initialized
DEBUG - 2025-01-07 17:56:00 --> Idgenerator class already loaded. Second attempt ignored.
INFO - 2025-01-07 17:56:00 --> Controller Class Initialized
INFO - 2025-01-07 17:56:00 --> Model Class Initialized
DEBUG - 2025-01-07 17:56:00 --> File loaded: /apps/web-drc/application/modules/app_dashboard/models/App_dashboard_model.php
INFO - 2025-01-07 17:56:00 --> Model Class Initialized
INFO - 2025-01-07 17:56:00 --> Final output sent to browser
DEBUG - 2025-01-07 17:56:00 --> Total execution time: 0.3253
INFO - 2025-01-07 19:01:52 --> Config Class Initialized
INFO - 2025-01-07 19:01:52 --> Hooks Class Initialized
DEBUG - 2025-01-07 19:01:52 --> UTF-8 Support Enabled
INFO - 2025-01-07 19:01:52 --> Utf8 Class Initialized
INFO - 2025-01-07 19:01:52 --> URI Class Initialized
INFO - 2025-01-07 19:01:52 --> Router Class Initialized
INFO - 2025-01-07 19:01:52 --> Output Class Initialized
INFO - 2025-01-07 19:01:52 --> Security Class Initialized
DEBUG - 2025-01-07 19:01:52 --> Global POST, GET and COOKIE data sanitized
INFO - 2025-01-07 19:01:52 --> Input Class Initialized
INFO - 2025-01-07 19:01:52 --> Language Class Initialized
INFO - 2025-01-07 19:01:52 --> Language Class Initialized
INFO - 2025-01-07 19:01:52 --> Config Class Initialized
INFO - 2025-01-07 19:01:52 --> Loader Class Initialized
INFO - 2025-01-07 19:01:52 --> Helper loaded: url_helper
INFO - 2025-01-07 19:01:52 --> Helper loaded: easyui_helper
INFO - 2025-01-07 19:01:52 --> Helper loaded: param_helper
INFO - 2025-01-07 19:01:52 --> Helper loaded: credential_helper
INFO - 2025-01-07 19:01:52 --> Helper loaded: template_helper
INFO - 2025-01-07 19:01:52 --> Helper loaded: rest_helper
INFO - 2025-01-07 19:01:52 --> Database Driver Class Initialized
DEBUG - 2025-01-07 19:01:52 --> Idgenerator class already loaded. Second attempt ignored.
INFO - 2025-01-07 19:01:52 --> Controller Class Initialized
INFO - 2025-01-07 19:01:52 --> Model Class Initialized
DEBUG - 2025-01-07 19:01:52 --> File loaded: /apps/web-drc/application/modules/ref_sales_salesman/models/Sales_salesman_model.php
INFO - 2025-01-07 19:01:52 --> Model Class Initialized
DEBUG - 2025-01-07 19:01:52 --> File loaded: /apps/web-drc/application/modules/ref_sales_salesman/views/content.php
DEBUG - 2025-01-07 19:01:52 --> File loaded: /apps/web-drc/application/views/templates/header.php
DEBUG - 2025-01-07 19:01:52 --> File loaded: /apps/web-drc/application/views/templates/toolbar.php
DEBUG - 2025-01-07 19:01:52 --> File loaded: /apps/web-drc/application/views/templates/sidebar.php
DEBUG - 2025-01-07 19:01:52 --> File loaded: /apps/web-drc/application/views/templates/contents.php
DEBUG - 2025-01-07 19:01:52 --> File loaded: /apps/web-drc/application/views/templates/content_footer.php
DEBUG - 2025-01-07 19:01:52 --> File loaded: /apps/web-drc/application/views/templates/footer.php
INFO - 2025-01-07 19:01:52 --> Config Class Initialized
INFO - 2025-01-07 19:01:52 --> Hooks Class Initialized
DEBUG - 2025-01-07 19:01:52 --> UTF-8 Support Enabled
INFO - 2025-01-07 19:01:52 --> Utf8 Class Initialized
INFO - 2025-01-07 19:01:52 --> URI Class Initialized
DEBUG - 2025-01-07 19:01:52 --> No URI present. Default controller set.
INFO - 2025-01-07 19:01:52 --> Router Class Initialized
INFO - 2025-01-07 19:01:52 --> Output Class Initialized
INFO - 2025-01-07 19:01:52 --> Security Class Initialized
DEBUG - 2025-01-07 19:01:52 --> Global POST, GET and COOKIE data sanitized
INFO - 2025-01-07 19:01:52 --> Input Class Initialized
INFO - 2025-01-07 19:01:52 --> Language Class Initialized
INFO - 2025-01-07 19:01:52 --> Language Class Initialized
INFO - 2025-01-07 19:01:52 --> Config Class Initialized
INFO - 2025-01-07 19:01:52 --> Loader Class Initialized
INFO - 2025-01-07 19:01:52 --> Helper loaded: url_helper
INFO - 2025-01-07 19:01:52 --> Helper loaded: easyui_helper
INFO - 2025-01-07 19:01:52 --> Helper loaded: param_helper
INFO - 2025-01-07 19:01:52 --> Helper loaded: credential_helper
INFO - 2025-01-07 19:01:52 --> Helper loaded: template_helper
INFO - 2025-01-07 19:01:52 --> Helper loaded: rest_helper
INFO - 2025-01-07 19:01:52 --> Database Driver Class Initialized
DEBUG - 2025-01-07 19:01:52 --> Idgenerator class already loaded. Second attempt ignored.
INFO - 2025-01-07 19:01:52 --> Controller Class Initialized
DEBUG - 2025-01-07 19:01:52 --> File loaded: /apps/web-drc/application/modules/app_auth/views/login_lte_template.php
DEBUG - 2025-01-07 19:01:52 --> File loaded: /apps/web-drc/application/views/template_login_lte/header.php
DEBUG - 2025-01-07 19:01:52 --> File loaded: /apps/web-drc/application/views/template_login_lte/contents.php
DEBUG - 2025-01-07 19:01:52 --> File loaded: /apps/web-drc/application/views/template_login_lte/default.php
INFO - 2025-01-07 19:01:52 --> Final output sent to browser
DEBUG - 2025-01-07 19:01:52 --> Total execution time: 0.0038
INFO - 2025-01-07 19:01:53 --> Config Class Initialized
INFO - 2025-01-07 19:01:53 --> Hooks Class Initialized
DEBUG - 2025-01-07 19:01:53 --> UTF-8 Support Enabled
INFO - 2025-01-07 19:01:53 --> Utf8 Class Initialized
INFO - 2025-01-07 19:01:53 --> URI Class Initialized
INFO - 2025-01-07 19:01:53 --> Router Class Initialized
INFO - 2025-01-07 19:01:53 --> Output Class Initialized
INFO - 2025-01-07 19:01:53 --> Security Class Initialized
DEBUG - 2025-01-07 19:01:53 --> Global POST, GET and COOKIE data sanitized
INFO - 2025-01-07 19:01:53 --> Input Class Initialized
INFO - 2025-01-07 19:01:53 --> Language Class Initialized
INFO - 2025-01-07 19:01:53 --> Language Class Initialized
INFO - 2025-01-07 19:01:53 --> Config Class Initialized
INFO - 2025-01-07 19:01:53 --> Loader Class Initialized
INFO - 2025-01-07 19:01:53 --> Helper loaded: url_helper
INFO - 2025-01-07 19:01:53 --> Helper loaded: easyui_helper
INFO - 2025-01-07 19:01:53 --> Helper loaded: param_helper
INFO - 2025-01-07 19:01:53 --> Helper loaded: credential_helper
INFO - 2025-01-07 19:01:53 --> Helper loaded: template_helper
INFO - 2025-01-07 19:01:53 --> Helper loaded: rest_helper
INFO - 2025-01-07 19:01:53 --> Database Driver Class Initialized
DEBUG - 2025-01-07 19:01:53 --> Idgenerator class already loaded. Second attempt ignored.
INFO - 2025-01-07 19:01:53 --> Controller Class Initialized
INFO - 2025-01-07 19:01:53 --> Final output sent to browser
DEBUG - 2025-01-07 19:01:53 --> Total execution time: 0.0065
INFO - 2025-01-07 19:01:53 --> Config Class Initialized
INFO - 2025-01-07 19:01:53 --> Hooks Class Initialized
DEBUG - 2025-01-07 19:01:53 --> UTF-8 Support Enabled
INFO - 2025-01-07 19:01:53 --> Utf8 Class Initialized
INFO - 2025-01-07 19:01:53 --> URI Class Initialized
INFO - 2025-01-07 19:01:53 --> Router Class Initialized
INFO - 2025-01-07 19:01:53 --> Output Class Initialized
INFO - 2025-01-07 19:01:53 --> Security Class Initialized
DEBUG - 2025-01-07 19:01:53 --> Global POST, GET and COOKIE data sanitized
INFO - 2025-01-07 19:01:53 --> Input Class Initialized
INFO - 2025-01-07 19:01:53 --> Language Class Initialized
INFO - 2025-01-07 19:01:53 --> Language Class Initialized
INFO - 2025-01-07 19:01:53 --> Config Class Initialized
INFO - 2025-01-07 19:01:53 --> Loader Class Initialized
INFO - 2025-01-07 19:01:53 --> Helper loaded: url_helper
INFO - 2025-01-07 19:01:53 --> Helper loaded: easyui_helper
INFO - 2025-01-07 19:01:53 --> Helper loaded: param_helper
INFO - 2025-01-07 19:01:53 --> Helper loaded: credential_helper
INFO - 2025-01-07 19:01:53 --> Helper loaded: template_helper
INFO - 2025-01-07 19:01:53 --> Helper loaded: rest_helper
INFO - 2025-01-07 19:01:53 --> Database Driver Class Initialized
DEBUG - 2025-01-07 19:01:53 --> Idgenerator class already loaded. Second attempt ignored.
INFO - 2025-01-07 19:01:53 --> Controller Class Initialized
INFO - 2025-01-07 19:01:53 --> Model Class Initialized
DEBUG - 2025-01-07 19:01:53 --> File loaded: /apps/web-drc/application/modules/app_dashboard/models/App_dashboard_model.php
INFO - 2025-01-07 19:01:53 --> Model Class Initialized
DEBUG - 2025-01-07 19:01:53 --> File loaded: /apps/web-drc/application/modules/app_dashboard/views/content.php
DEBUG - 2025-01-07 19:01:53 --> File loaded: /apps/web-drc/application/views/templates/header.php
DEBUG - 2025-01-07 19:01:53 --> File loaded: /apps/web-drc/application/views/templates/toolbar.php
DEBUG - 2025-01-07 19:01:53 --> File loaded: /apps/web-drc/application/views/templates/sidebar.php
DEBUG - 2025-01-07 19:01:53 --> File loaded: /apps/web-drc/application/views/templates/contents.php
DEBUG - 2025-01-07 19:01:53 --> File loaded: /apps/web-drc/application/views/templates/content_footer.php
DEBUG - 2025-01-07 19:01:53 --> File loaded: /apps/web-drc/application/views/templates/footer.php
DEBUG - 2025-01-07 19:01:53 --> File loaded: /apps/web-drc/application/views/templates/default.php
INFO - 2025-01-07 19:01:53 --> Final output sent to browser
DEBUG - 2025-01-07 19:01:53 --> Total execution time: 0.0118
INFO - 2025-01-07 19:01:54 --> Config Class Initialized
INFO - 2025-01-07 19:01:54 --> Hooks Class Initialized
DEBUG - 2025-01-07 19:01:54 --> UTF-8 Support Enabled
INFO - 2025-01-07 19:01:54 --> Utf8 Class Initialized
INFO - 2025-01-07 19:01:54 --> URI Class Initialized
INFO - 2025-01-07 19:01:54 --> Router Class Initialized
INFO - 2025-01-07 19:01:54 --> Output Class Initialized
INFO - 2025-01-07 19:01:54 --> Security Class Initialized
DEBUG - 2025-01-07 19:01:54 --> Global POST, GET and COOKIE data sanitized
INFO - 2025-01-07 19:01:54 --> Input Class Initialized
INFO - 2025-01-07 19:01:54 --> Language Class Initialized
INFO - 2025-01-07 19:01:54 --> Language Class Initialized
INFO - 2025-01-07 19:01:54 --> Config Class Initialized
INFO - 2025-01-07 19:01:54 --> Loader Class Initialized
INFO - 2025-01-07 19:01:54 --> Helper loaded: url_helper
INFO - 2025-01-07 19:01:54 --> Helper loaded: easyui_helper
INFO - 2025-01-07 19:01:54 --> Helper loaded: param_helper
INFO - 2025-01-07 19:01:54 --> Helper loaded: credential_helper
INFO - 2025-01-07 19:01:54 --> Helper loaded: template_helper
INFO - 2025-01-07 19:01:54 --> Helper loaded: rest_helper
INFO - 2025-01-07 19:01:54 --> Database Driver Class Initialized
DEBUG - 2025-01-07 19:01:54 --> Idgenerator class already loaded. Second attempt ignored.
INFO - 2025-01-07 19:01:54 --> Controller Class Initialized
INFO - 2025-01-07 19:01:54 --> Model Class Initialized
DEBUG - 2025-01-07 19:01:54 --> File loaded: /apps/web-drc/application/modules/app_dashboard/models/App_dashboard_model.php
INFO - 2025-01-07 19:01:54 --> Model Class Initialized
INFO - 2025-01-07 19:01:54 --> Final output sent to browser
DEBUG - 2025-01-07 19:01:54 --> Total execution time: 0.0054
INFO - 2025-01-07 19:01:54 --> Config Class Initialized
INFO - 2025-01-07 19:01:54 --> Hooks Class Initialized
DEBUG - 2025-01-07 19:01:54 --> UTF-8 Support Enabled
INFO - 2025-01-07 19:01:54 --> Utf8 Class Initialized
INFO - 2025-01-07 19:01:54 --> URI Class Initialized
INFO - 2025-01-07 19:01:54 --> Router Class Initialized
INFO - 2025-01-07 19:01:54 --> Output Class Initialized
INFO - 2025-01-07 19:01:54 --> Security Class Initialized
DEBUG - 2025-01-07 19:01:54 --> Global POST, GET and COOKIE data sanitized
INFO - 2025-01-07 19:01:54 --> Input Class Initialized
INFO - 2025-01-07 19:01:54 --> Language Class Initialized
INFO - 2025-01-07 19:01:54 --> Language Class Initialized
INFO - 2025-01-07 19:01:54 --> Config Class Initialized
INFO - 2025-01-07 19:01:54 --> Loader Class Initialized
INFO - 2025-01-07 19:01:54 --> Helper loaded: url_helper
INFO - 2025-01-07 19:01:54 --> Helper loaded: easyui_helper
INFO - 2025-01-07 19:01:54 --> Helper loaded: param_helper
INFO - 2025-01-07 19:01:54 --> Helper loaded: credential_helper
INFO - 2025-01-07 19:01:54 --> Helper loaded: template_helper
INFO - 2025-01-07 19:01:54 --> Helper loaded: rest_helper
INFO - 2025-01-07 19:01:54 --> Database Driver Class Initialized
DEBUG - 2025-01-07 19:01:54 --> Idgenerator class already loaded. Second attempt ignored.
INFO - 2025-01-07 19:01:54 --> Controller Class Initialized
INFO - 2025-01-07 19:01:54 --> Model Class Initialized
DEBUG - 2025-01-07 19:01:54 --> File loaded: /apps/web-drc/application/modules/api_v1/models/Api_v1_model.php
INFO - 2025-01-07 19:01:54 --> Model Class Initialized
INFO - 2025-01-07 19:01:54 --> Final output sent to browser
DEBUG - 2025-01-07 19:01:54 --> Total execution time: 0.0031
INFO - 2025-01-07 19:01:57 --> Config Class Initialized
INFO - 2025-01-07 19:01:57 --> Hooks Class Initialized
DEBUG - 2025-01-07 19:01:57 --> UTF-8 Support Enabled
INFO - 2025-01-07 19:01:57 --> Utf8 Class Initialized
INFO - 2025-01-07 19:01:57 --> URI Class Initialized
INFO - 2025-01-07 19:01:57 --> Router Class Initialized
INFO - 2025-01-07 19:01:57 --> Output Class Initialized
INFO - 2025-01-07 19:01:57 --> Security Class Initialized
DEBUG - 2025-01-07 19:01:57 --> Global POST, GET and COOKIE data sanitized
INFO - 2025-01-07 19:01:57 --> Input Class Initialized
INFO - 2025-01-07 19:01:57 --> Language Class Initialized
INFO - 2025-01-07 19:01:57 --> Language Class Initialized
INFO - 2025-01-07 19:01:57 --> Config Class Initialized
INFO - 2025-01-07 19:01:57 --> Loader Class Initialized
INFO - 2025-01-07 19:01:57 --> Helper loaded: url_helper
INFO - 2025-01-07 19:01:57 --> Helper loaded: easyui_helper
INFO - 2025-01-07 19:01:57 --> Helper loaded: param_helper
INFO - 2025-01-07 19:01:57 --> Helper loaded: credential_helper
INFO - 2025-01-07 19:01:57 --> Helper loaded: template_helper
INFO - 2025-01-07 19:01:57 --> Helper loaded: rest_helper
INFO - 2025-01-07 19:01:57 --> Database Driver Class Initialized
DEBUG - 2025-01-07 19:01:57 --> Idgenerator class already loaded. Second attempt ignored.
INFO - 2025-01-07 19:01:57 --> Controller Class Initialized
INFO - 2025-01-07 19:01:57 --> Model Class Initialized
DEBUG - 2025-01-07 19:01:57 --> File loaded: /apps/web-drc/application/modules/ref_sales_salesman/models/Sales_salesman_model.php
INFO - 2025-01-07 19:01:57 --> Model Class Initialized
DEBUG - 2025-01-07 19:01:57 --> File loaded: /apps/web-drc/application/modules/ref_sales_salesman/views/content.php
DEBUG - 2025-01-07 19:01:57 --> File loaded: /apps/web-drc/application/views/templates/header.php
DEBUG - 2025-01-07 19:01:57 --> File loaded: /apps/web-drc/application/views/templates/toolbar.php
DEBUG - 2025-01-07 19:01:57 --> File loaded: /apps/web-drc/application/views/templates/sidebar.php
DEBUG - 2025-01-07 19:01:57 --> File loaded: /apps/web-drc/application/views/templates/contents.php
DEBUG - 2025-01-07 19:01:57 --> File loaded: /apps/web-drc/application/views/templates/content_footer.php
DEBUG - 2025-01-07 19:01:57 --> File loaded: /apps/web-drc/application/views/templates/footer.php
DEBUG - 2025-01-07 19:01:57 --> File loaded: /apps/web-drc/application/views/templates/default.php
INFO - 2025-01-07 19:01:57 --> Final output sent to browser
DEBUG - 2025-01-07 19:01:57 --> Total execution time: 0.0094
INFO - 2025-01-07 19:01:57 --> Config Class Initialized
INFO - 2025-01-07 19:01:57 --> Hooks Class Initialized
DEBUG - 2025-01-07 19:01:57 --> UTF-8 Support Enabled
INFO - 2025-01-07 19:01:57 --> Utf8 Class Initialized
INFO - 2025-01-07 19:01:57 --> URI Class Initialized
INFO - 2025-01-07 19:01:57 --> Router Class Initialized
INFO - 2025-01-07 19:01:57 --> Output Class Initialized
INFO - 2025-01-07 19:01:57 --> Security Class Initialized
DEBUG - 2025-01-07 19:01:57 --> Global POST, GET and COOKIE data sanitized
INFO - 2025-01-07 19:01:57 --> Input Class Initialized
INFO - 2025-01-07 19:01:57 --> Language Class Initialized
INFO - 2025-01-07 19:01:57 --> Language Class Initialized
INFO - 2025-01-07 19:01:57 --> Config Class Initialized
INFO - 2025-01-07 19:01:57 --> Loader Class Initialized
INFO - 2025-01-07 19:01:57 --> Helper loaded: url_helper
INFO - 2025-01-07 19:01:57 --> Helper loaded: easyui_helper
INFO - 2025-01-07 19:01:57 --> Helper loaded: param_helper
INFO - 2025-01-07 19:01:57 --> Helper loaded: credential_helper
INFO - 2025-01-07 19:01:57 --> Helper loaded: template_helper
INFO - 2025-01-07 19:01:57 --> Helper loaded: rest_helper
INFO - 2025-01-07 19:01:57 --> Database Driver Class Initialized
DEBUG - 2025-01-07 19:01:57 --> Idgenerator class already loaded. Second attempt ignored.
INFO - 2025-01-07 19:01:57 --> Controller Class Initialized
INFO - 2025-01-07 19:01:57 --> Model Class Initialized
DEBUG - 2025-01-07 19:01:57 --> File loaded: /apps/web-drc/application/modules/ref_sales_salesman/models/Sales_salesman_model.php
INFO - 2025-01-07 19:01:57 --> Model Class Initialized
INFO - 2025-01-07 19:01:57 --> Final output sent to browser
DEBUG - 2025-01-07 19:01:57 --> Total execution time: 0.0137
INFO - 2025-01-07 19:02:07 --> Config Class Initialized
INFO - 2025-01-07 19:02:07 --> Hooks Class Initialized
DEBUG - 2025-01-07 19:02:07 --> UTF-8 Support Enabled
INFO - 2025-01-07 19:02:07 --> Utf8 Class Initialized
INFO - 2025-01-07 19:02:07 --> URI Class Initialized
INFO - 2025-01-07 19:02:07 --> Router Class Initialized
INFO - 2025-01-07 19:02:07 --> Output Class Initialized
INFO - 2025-01-07 19:02:07 --> Security Class Initialized
DEBUG - 2025-01-07 19:02:07 --> Global POST, GET and COOKIE data sanitized
INFO - 2025-01-07 19:02:07 --> Input Class Initialized
INFO - 2025-01-07 19:02:07 --> Language Class Initialized
INFO - 2025-01-07 19:02:07 --> Language Class Initialized
INFO - 2025-01-07 19:02:07 --> Config Class Initialized
INFO - 2025-01-07 19:02:07 --> Loader Class Initialized
INFO - 2025-01-07 19:02:07 --> Helper loaded: url_helper
INFO - 2025-01-07 19:02:07 --> Helper loaded: easyui_helper
INFO - 2025-01-07 19:02:07 --> Helper loaded: param_helper
INFO - 2025-01-07 19:02:07 --> Helper loaded: credential_helper
INFO - 2025-01-07 19:02:07 --> Helper loaded: template_helper
INFO - 2025-01-07 19:02:07 --> Helper loaded: rest_helper
INFO - 2025-01-07 19:02:07 --> Database Driver Class Initialized
DEBUG - 2025-01-07 19:02:07 --> Idgenerator class already loaded. Second attempt ignored.
INFO - 2025-01-07 19:02:07 --> Controller Class Initialized
INFO - 2025-01-07 19:02:07 --> Model Class Initialized
DEBUG - 2025-01-07 19:02:07 --> File loaded: /apps/web-drc/application/modules/ref_sales_salesman/models/Sales_salesman_model.php
INFO - 2025-01-07 19:02:07 --> Model Class Initialized
INFO - 2025-01-07 19:02:07 --> Final output sent to browser
DEBUG - 2025-01-07 19:02:07 --> Total execution time: 0.0241
INFO - 2025-01-07 19:02:09 --> Config Class Initialized
INFO - 2025-01-07 19:02:09 --> Hooks Class Initialized
DEBUG - 2025-01-07 19:02:09 --> UTF-8 Support Enabled
INFO - 2025-01-07 19:02:09 --> Utf8 Class Initialized
INFO - 2025-01-07 19:02:09 --> URI Class Initialized
INFO - 2025-01-07 19:02:09 --> Router Class Initialized
INFO - 2025-01-07 19:02:09 --> Output Class Initialized
INFO - 2025-01-07 19:02:09 --> Security Class Initialized
DEBUG - 2025-01-07 19:02:09 --> Global POST, GET and COOKIE data sanitized
INFO - 2025-01-07 19:02:09 --> Input Class Initialized
INFO - 2025-01-07 19:02:09 --> Language Class Initialized
INFO - 2025-01-07 19:02:09 --> Language Class Initialized
INFO - 2025-01-07 19:02:09 --> Config Class Initialized
INFO - 2025-01-07 19:02:09 --> Loader Class Initialized
INFO - 2025-01-07 19:02:09 --> Helper loaded: url_helper
INFO - 2025-01-07 19:02:09 --> Helper loaded: easyui_helper
INFO - 2025-01-07 19:02:09 --> Helper loaded: param_helper
INFO - 2025-01-07 19:02:09 --> Helper loaded: credential_helper
INFO - 2025-01-07 19:02:09 --> Helper loaded: template_helper
INFO - 2025-01-07 19:02:09 --> Helper loaded: rest_helper
INFO - 2025-01-07 19:02:09 --> Database Driver Class Initialized
DEBUG - 2025-01-07 19:02:09 --> Idgenerator class already loaded. Second attempt ignored.
INFO - 2025-01-07 19:02:09 --> Controller Class Initialized
INFO - 2025-01-07 19:02:09 --> Model Class Initialized
DEBUG - 2025-01-07 19:02:09 --> File loaded: /apps/web-drc/application/modules/ref_sales_salesman/models/Sales_salesman_model.php
INFO - 2025-01-07 19:02:09 --> Model Class Initialized
INFO - 2025-01-07 19:02:09 --> Final output sent to browser
DEBUG - 2025-01-07 19:02:09 --> Total execution time: 0.0144
