INFO - 2025-01-28 11:15:22 --> Config Class Initialized
INFO - 2025-01-28 11:15:22 --> Hooks Class Initialized
DEBUG - 2025-01-28 11:15:22 --> UTF-8 Support Enabled
INFO - 2025-01-28 11:15:22 --> Utf8 Class Initialized
INFO - 2025-01-28 11:15:22 --> URI Class Initialized
DEBUG - 2025-01-28 11:15:22 --> No URI present. Default controller set.
INFO - 2025-01-28 11:15:22 --> Router Class Initialized
INFO - 2025-01-28 11:15:22 --> Output Class Initialized
INFO - 2025-01-28 11:15:22 --> Security Class Initialized
DEBUG - 2025-01-28 11:15:22 --> Global POST, GET and COOKIE data sanitized
INFO - 2025-01-28 11:15:22 --> Input Class Initialized
INFO - 2025-01-28 11:15:22 --> Language Class Initialized
INFO - 2025-01-28 11:15:22 --> Language Class Initialized
INFO - 2025-01-28 11:15:22 --> Config Class Initialized
INFO - 2025-01-28 11:15:22 --> Loader Class Initialized
INFO - 2025-01-28 11:15:22 --> Helper loaded: url_helper
INFO - 2025-01-28 11:15:22 --> Helper loaded: easyui_helper
INFO - 2025-01-28 11:15:22 --> Helper loaded: param_helper
INFO - 2025-01-28 11:15:22 --> Helper loaded: credential_helper
INFO - 2025-01-28 11:15:22 --> Helper loaded: template_helper
INFO - 2025-01-28 11:15:22 --> Helper loaded: rest_helper
INFO - 2025-01-28 11:15:22 --> Database Driver Class Initialized
DEBUG - 2025-01-28 11:15:22 --> Idgenerator class already loaded. Second attempt ignored.
INFO - 2025-01-28 11:15:22 --> Controller Class Initialized
DEBUG - 2025-01-28 11:15:22 --> File loaded: /apps/web-drc/application/modules/app_auth/views/login_lte_template.php
DEBUG - 2025-01-28 11:15:22 --> File loaded: /apps/web-drc/application/views/template_login_lte/header.php
DEBUG - 2025-01-28 11:15:22 --> File loaded: /apps/web-drc/application/views/template_login_lte/contents.php
DEBUG - 2025-01-28 11:15:22 --> File loaded: /apps/web-drc/application/views/template_login_lte/default.php
INFO - 2025-01-28 11:15:22 --> Final output sent to browser
DEBUG - 2025-01-28 11:15:22 --> Total execution time: 0.2533
INFO - 2025-01-28 11:15:34 --> Config Class Initialized
INFO - 2025-01-28 11:15:34 --> Hooks Class Initialized
DEBUG - 2025-01-28 11:15:34 --> UTF-8 Support Enabled
INFO - 2025-01-28 11:15:34 --> Utf8 Class Initialized
INFO - 2025-01-28 11:15:34 --> URI Class Initialized
INFO - 2025-01-28 11:15:34 --> Router Class Initialized
INFO - 2025-01-28 11:15:34 --> Output Class Initialized
INFO - 2025-01-28 11:15:34 --> Security Class Initialized
DEBUG - 2025-01-28 11:15:34 --> Global POST, GET and COOKIE data sanitized
INFO - 2025-01-28 11:15:34 --> Input Class Initialized
INFO - 2025-01-28 11:15:34 --> Language Class Initialized
INFO - 2025-01-28 11:15:34 --> Config Class Initialized
INFO - 2025-01-28 11:15:34 --> Hooks Class Initialized
DEBUG - 2025-01-28 11:15:34 --> UTF-8 Support Enabled
INFO - 2025-01-28 11:15:34 --> Utf8 Class Initialized
INFO - 2025-01-28 11:15:34 --> URI Class Initialized
ERROR - 2025-01-28 11:15:34 --> 404 Page Not Found: /index
INFO - 2025-01-28 11:15:34 --> Router Class Initialized
INFO - 2025-01-28 11:15:34 --> Output Class Initialized
INFO - 2025-01-28 11:15:34 --> Security Class Initialized
DEBUG - 2025-01-28 11:15:34 --> Global POST, GET and COOKIE data sanitized
INFO - 2025-01-28 11:15:34 --> Input Class Initialized
INFO - 2025-01-28 11:15:34 --> Language Class Initialized
ERROR - 2025-01-28 11:15:34 --> 404 Page Not Found: /index
INFO - 2025-01-28 11:15:34 --> Config Class Initialized
INFO - 2025-01-28 11:15:34 --> Hooks Class Initialized
DEBUG - 2025-01-28 11:15:34 --> UTF-8 Support Enabled
INFO - 2025-01-28 11:15:34 --> Utf8 Class Initialized
INFO - 2025-01-28 11:15:34 --> URI Class Initialized
INFO - 2025-01-28 11:15:34 --> Router Class Initialized
INFO - 2025-01-28 11:15:34 --> Output Class Initialized
INFO - 2025-01-28 11:15:34 --> Security Class Initialized
DEBUG - 2025-01-28 11:15:34 --> Global POST, GET and COOKIE data sanitized
INFO - 2025-01-28 11:15:34 --> Input Class Initialized
INFO - 2025-01-28 11:15:34 --> Language Class Initialized
ERROR - 2025-01-28 11:15:34 --> 404 Page Not Found: /index
INFO - 2025-01-28 11:15:34 --> Config Class Initialized
INFO - 2025-01-28 11:15:34 --> Hooks Class Initialized
DEBUG - 2025-01-28 11:15:34 --> UTF-8 Support Enabled
INFO - 2025-01-28 11:15:34 --> Utf8 Class Initialized
INFO - 2025-01-28 11:15:34 --> URI Class Initialized
INFO - 2025-01-28 11:15:34 --> Router Class Initialized
INFO - 2025-01-28 11:15:34 --> Output Class Initialized
INFO - 2025-01-28 11:15:34 --> Security Class Initialized
DEBUG - 2025-01-28 11:15:34 --> Global POST, GET and COOKIE data sanitized
INFO - 2025-01-28 11:15:34 --> Input Class Initialized
INFO - 2025-01-28 11:15:34 --> Language Class Initialized
ERROR - 2025-01-28 11:15:34 --> 404 Page Not Found: /index
INFO - 2025-01-28 11:15:34 --> Config Class Initialized
INFO - 2025-01-28 11:15:34 --> Hooks Class Initialized
DEBUG - 2025-01-28 11:15:34 --> UTF-8 Support Enabled
INFO - 2025-01-28 11:15:34 --> Utf8 Class Initialized
INFO - 2025-01-28 11:15:34 --> URI Class Initialized
INFO - 2025-01-28 11:15:34 --> Router Class Initialized
INFO - 2025-01-28 11:15:34 --> Output Class Initialized
INFO - 2025-01-28 11:15:34 --> Security Class Initialized
DEBUG - 2025-01-28 11:15:34 --> Global POST, GET and COOKIE data sanitized
INFO - 2025-01-28 11:15:34 --> Input Class Initialized
INFO - 2025-01-28 11:15:34 --> Language Class Initialized
ERROR - 2025-01-28 11:15:34 --> 404 Page Not Found: /index
INFO - 2025-01-28 11:15:34 --> Config Class Initialized
INFO - 2025-01-28 11:15:34 --> Hooks Class Initialized
DEBUG - 2025-01-28 11:15:34 --> UTF-8 Support Enabled
INFO - 2025-01-28 11:15:34 --> Utf8 Class Initialized
INFO - 2025-01-28 11:15:34 --> URI Class Initialized
INFO - 2025-01-28 11:15:34 --> Router Class Initialized
INFO - 2025-01-28 11:15:34 --> Output Class Initialized
INFO - 2025-01-28 11:15:34 --> Security Class Initialized
DEBUG - 2025-01-28 11:15:34 --> Global POST, GET and COOKIE data sanitized
INFO - 2025-01-28 11:15:34 --> Input Class Initialized
INFO - 2025-01-28 11:15:34 --> Language Class Initialized
ERROR - 2025-01-28 11:15:34 --> 404 Page Not Found: /index
INFO - 2025-01-28 11:15:34 --> Config Class Initialized
INFO - 2025-01-28 11:15:34 --> Hooks Class Initialized
DEBUG - 2025-01-28 11:15:34 --> UTF-8 Support Enabled
INFO - 2025-01-28 11:15:34 --> Utf8 Class Initialized
INFO - 2025-01-28 11:15:34 --> URI Class Initialized
INFO - 2025-01-28 11:15:34 --> Router Class Initialized
INFO - 2025-01-28 11:15:34 --> Output Class Initialized
INFO - 2025-01-28 11:15:34 --> Security Class Initialized
DEBUG - 2025-01-28 11:15:34 --> Global POST, GET and COOKIE data sanitized
INFO - 2025-01-28 11:15:34 --> Input Class Initialized
INFO - 2025-01-28 11:15:34 --> Language Class Initialized
ERROR - 2025-01-28 11:15:34 --> 404 Page Not Found: /index
INFO - 2025-01-28 11:15:34 --> Config Class Initialized
INFO - 2025-01-28 11:15:34 --> Hooks Class Initialized
DEBUG - 2025-01-28 11:15:34 --> UTF-8 Support Enabled
INFO - 2025-01-28 11:15:34 --> Utf8 Class Initialized
INFO - 2025-01-28 11:15:34 --> URI Class Initialized
INFO - 2025-01-28 11:15:34 --> Router Class Initialized
INFO - 2025-01-28 11:15:34 --> Output Class Initialized
INFO - 2025-01-28 11:15:34 --> Security Class Initialized
DEBUG - 2025-01-28 11:15:34 --> Global POST, GET and COOKIE data sanitized
INFO - 2025-01-28 11:15:34 --> Input Class Initialized
INFO - 2025-01-28 11:15:34 --> Language Class Initialized
ERROR - 2025-01-28 11:15:34 --> 404 Page Not Found: /index
INFO - 2025-01-28 11:15:34 --> Config Class Initialized
INFO - 2025-01-28 11:15:34 --> Hooks Class Initialized
DEBUG - 2025-01-28 11:15:34 --> UTF-8 Support Enabled
INFO - 2025-01-28 11:15:34 --> Utf8 Class Initialized
INFO - 2025-01-28 11:15:34 --> URI Class Initialized
INFO - 2025-01-28 11:15:34 --> Router Class Initialized
INFO - 2025-01-28 11:15:34 --> Output Class Initialized
INFO - 2025-01-28 11:15:34 --> Security Class Initialized
DEBUG - 2025-01-28 11:15:34 --> Global POST, GET and COOKIE data sanitized
INFO - 2025-01-28 11:15:34 --> Input Class Initialized
INFO - 2025-01-28 11:15:34 --> Language Class Initialized
ERROR - 2025-01-28 11:15:34 --> 404 Page Not Found: /index
INFO - 2025-01-28 11:15:34 --> Config Class Initialized
INFO - 2025-01-28 11:15:34 --> Hooks Class Initialized
DEBUG - 2025-01-28 11:15:34 --> UTF-8 Support Enabled
INFO - 2025-01-28 11:15:34 --> Utf8 Class Initialized
INFO - 2025-01-28 11:15:34 --> URI Class Initialized
INFO - 2025-01-28 11:15:34 --> Router Class Initialized
INFO - 2025-01-28 11:15:34 --> Output Class Initialized
INFO - 2025-01-28 11:15:34 --> Security Class Initialized
DEBUG - 2025-01-28 11:15:34 --> Global POST, GET and COOKIE data sanitized
INFO - 2025-01-28 11:15:34 --> Input Class Initialized
INFO - 2025-01-28 11:15:34 --> Language Class Initialized
ERROR - 2025-01-28 11:15:34 --> 404 Page Not Found: /index
INFO - 2025-01-28 11:15:34 --> Config Class Initialized
INFO - 2025-01-28 11:15:34 --> Hooks Class Initialized
DEBUG - 2025-01-28 11:15:34 --> UTF-8 Support Enabled
INFO - 2025-01-28 11:15:34 --> Utf8 Class Initialized
INFO - 2025-01-28 11:15:34 --> URI Class Initialized
INFO - 2025-01-28 11:15:34 --> Router Class Initialized
INFO - 2025-01-28 11:15:34 --> Config Class Initialized
INFO - 2025-01-28 11:15:34 --> Hooks Class Initialized
INFO - 2025-01-28 11:15:34 --> Output Class Initialized
DEBUG - 2025-01-28 11:15:34 --> UTF-8 Support Enabled
INFO - 2025-01-28 11:15:34 --> Utf8 Class Initialized
INFO - 2025-01-28 11:15:34 --> Security Class Initialized
INFO - 2025-01-28 11:15:34 --> URI Class Initialized
DEBUG - 2025-01-28 11:15:34 --> Global POST, GET and COOKIE data sanitized
INFO - 2025-01-28 11:15:34 --> Input Class Initialized
INFO - 2025-01-28 11:15:34 --> Language Class Initialized
INFO - 2025-01-28 11:15:34 --> Router Class Initialized
ERROR - 2025-01-28 11:15:34 --> 404 Page Not Found: /index
INFO - 2025-01-28 11:15:34 --> Output Class Initialized
INFO - 2025-01-28 11:15:34 --> Security Class Initialized
DEBUG - 2025-01-28 11:15:34 --> Global POST, GET and COOKIE data sanitized
INFO - 2025-01-28 11:15:34 --> Input Class Initialized
INFO - 2025-01-28 11:15:34 --> Language Class Initialized
ERROR - 2025-01-28 11:15:34 --> 404 Page Not Found: /index
INFO - 2025-01-28 11:15:34 --> Config Class Initialized
INFO - 2025-01-28 11:15:34 --> Hooks Class Initialized
DEBUG - 2025-01-28 11:15:34 --> UTF-8 Support Enabled
INFO - 2025-01-28 11:15:34 --> Utf8 Class Initialized
INFO - 2025-01-28 11:15:34 --> URI Class Initialized
INFO - 2025-01-28 11:15:34 --> Router Class Initialized
INFO - 2025-01-28 11:15:34 --> Output Class Initialized
INFO - 2025-01-28 11:15:34 --> Security Class Initialized
DEBUG - 2025-01-28 11:15:34 --> Global POST, GET and COOKIE data sanitized
INFO - 2025-01-28 11:15:34 --> Input Class Initialized
INFO - 2025-01-28 11:15:34 --> Language Class Initialized
ERROR - 2025-01-28 11:15:34 --> 404 Page Not Found: /index
INFO - 2025-01-28 11:15:34 --> Config Class Initialized
INFO - 2025-01-28 11:15:34 --> Hooks Class Initialized
DEBUG - 2025-01-28 11:15:34 --> UTF-8 Support Enabled
INFO - 2025-01-28 11:15:34 --> Utf8 Class Initialized
INFO - 2025-01-28 11:15:34 --> URI Class Initialized
INFO - 2025-01-28 11:15:34 --> Router Class Initialized
INFO - 2025-01-28 11:15:34 --> Output Class Initialized
INFO - 2025-01-28 11:15:34 --> Security Class Initialized
DEBUG - 2025-01-28 11:15:34 --> Global POST, GET and COOKIE data sanitized
INFO - 2025-01-28 11:15:34 --> Input Class Initialized
INFO - 2025-01-28 11:15:34 --> Language Class Initialized
ERROR - 2025-01-28 11:15:34 --> 404 Page Not Found: /index
INFO - 2025-01-28 11:15:35 --> Config Class Initialized
INFO - 2025-01-28 11:15:35 --> Hooks Class Initialized
DEBUG - 2025-01-28 11:15:35 --> UTF-8 Support Enabled
INFO - 2025-01-28 11:15:35 --> Utf8 Class Initialized
INFO - 2025-01-28 11:15:35 --> URI Class Initialized
INFO - 2025-01-28 11:15:35 --> Router Class Initialized
INFO - 2025-01-28 11:15:35 --> Output Class Initialized
INFO - 2025-01-28 11:15:35 --> Security Class Initialized
DEBUG - 2025-01-28 11:15:35 --> Global POST, GET and COOKIE data sanitized
INFO - 2025-01-28 11:15:35 --> Input Class Initialized
INFO - 2025-01-28 11:15:35 --> Language Class Initialized
ERROR - 2025-01-28 11:15:35 --> 404 Page Not Found: /index
