INFO - 2025-04-11 02:24:27 --> Config Class Initialized
INFO - 2025-04-11 02:24:27 --> Hooks Class Initialized
DEBUG - 2025-04-11 02:24:27 --> UTF-8 Support Enabled
INFO - 2025-04-11 02:24:27 --> Utf8 Class Initialized
INFO - 2025-04-11 02:24:27 --> URI Class Initialized
DEBUG - 2025-04-11 02:24:27 --> No URI present. Default controller set.
INFO - 2025-04-11 02:24:27 --> Router Class Initialized
INFO - 2025-04-11 02:24:27 --> Output Class Initialized
INFO - 2025-04-11 02:24:27 --> Security Class Initialized
DEBUG - 2025-04-11 02:24:27 --> Global POST, GET and COOKIE data sanitized
INFO - 2025-04-11 02:24:27 --> Input Class Initialized
INFO - 2025-04-11 02:24:27 --> Language Class Initialized
INFO - 2025-04-11 02:24:27 --> Language Class Initialized
INFO - 2025-04-11 02:24:27 --> Config Class Initialized
INFO - 2025-04-11 02:24:27 --> Loader Class Initialized
INFO - 2025-04-11 02:24:27 --> Helper loaded: url_helper
INFO - 2025-04-11 02:24:27 --> Helper loaded: easyui_helper
INFO - 2025-04-11 02:24:27 --> Helper loaded: param_helper
INFO - 2025-04-11 02:24:27 --> Helper loaded: credential_helper
INFO - 2025-04-11 02:24:27 --> Helper loaded: template_helper
INFO - 2025-04-11 02:24:27 --> Helper loaded: rest_helper
INFO - 2025-04-11 02:24:27 --> Database Driver Class Initialized
DEBUG - 2025-04-11 02:24:27 --> Idgenerator class already loaded. Second attempt ignored.
INFO - 2025-04-11 02:24:27 --> Controller Class Initialized
DEBUG - 2025-04-11 02:24:27 --> File loaded: /apps/web-drc/application/modules/app_auth/views/login_lte_template.php
DEBUG - 2025-04-11 02:24:27 --> File loaded: /apps/web-drc/application/views/template_login_lte/header.php
DEBUG - 2025-04-11 02:24:27 --> File loaded: /apps/web-drc/application/views/template_login_lte/contents.php
DEBUG - 2025-04-11 02:24:27 --> File loaded: /apps/web-drc/application/views/template_login_lte/default.php
INFO - 2025-04-11 02:24:27 --> Final output sent to browser
DEBUG - 2025-04-11 02:24:27 --> Total execution time: 0.0710
