INFO - 2025-05-21 02:24:09 --> Config Class Initialized
INFO - 2025-05-21 02:24:09 --> Hooks Class Initialized
DEBUG - 2025-05-21 02:24:09 --> UTF-8 Support Enabled
INFO - 2025-05-21 02:24:09 --> Utf8 Class Initialized
INFO - 2025-05-21 02:24:09 --> URI Class Initialized
INFO - 2025-05-21 02:24:09 --> Router Class Initialized
INFO - 2025-05-21 02:24:09 --> Output Class Initialized
INFO - 2025-05-21 02:24:09 --> Security Class Initialized
DEBUG - 2025-05-21 02:24:09 --> Global POST, GET and COOKIE data sanitized
INFO - 2025-05-21 02:24:09 --> Input Class Initialized
INFO - 2025-05-21 02:24:09 --> Language Class Initialized
ERROR - 2025-05-21 02:24:09 --> 404 Page Not Found: /index
INFO - 2025-05-21 09:03:32 --> Config Class Initialized
INFO - 2025-05-21 09:03:32 --> Hooks Class Initialized
DEBUG - 2025-05-21 09:03:32 --> UTF-8 Support Enabled
INFO - 2025-05-21 09:03:32 --> Utf8 Class Initialized
INFO - 2025-05-21 09:03:32 --> URI Class Initialized
DEBUG - 2025-05-21 09:03:32 --> No URI present. Default controller set.
INFO - 2025-05-21 09:03:32 --> Router Class Initialized
INFO - 2025-05-21 09:03:32 --> Output Class Initialized
INFO - 2025-05-21 09:03:32 --> Security Class Initialized
DEBUG - 2025-05-21 09:03:32 --> Global POST, GET and COOKIE data sanitized
INFO - 2025-05-21 09:03:32 --> Input Class Initialized
INFO - 2025-05-21 09:03:32 --> Language Class Initialized
INFO - 2025-05-21 09:03:32 --> Language Class Initialized
INFO - 2025-05-21 09:03:32 --> Config Class Initialized
INFO - 2025-05-21 09:03:32 --> Loader Class Initialized
INFO - 2025-05-21 09:03:32 --> Helper loaded: url_helper
INFO - 2025-05-21 09:03:32 --> Helper loaded: easyui_helper
INFO - 2025-05-21 09:03:32 --> Helper loaded: param_helper
INFO - 2025-05-21 09:03:32 --> Helper loaded: credential_helper
INFO - 2025-05-21 09:03:32 --> Helper loaded: template_helper
INFO - 2025-05-21 09:03:32 --> Helper loaded: rest_helper
INFO - 2025-05-21 09:03:32 --> Database Driver Class Initialized
DEBUG - 2025-05-21 09:03:32 --> Idgenerator class already loaded. Second attempt ignored.
INFO - 2025-05-21 09:03:32 --> Controller Class Initialized
DEBUG - 2025-05-21 09:03:32 --> File loaded: /apps/web-drc/application/modules/app_auth/views/login_lte_template.php
DEBUG - 2025-05-21 09:03:32 --> File loaded: /apps/web-drc/application/views/template_login_lte/header.php
DEBUG - 2025-05-21 09:03:32 --> File loaded: /apps/web-drc/application/views/template_login_lte/contents.php
DEBUG - 2025-05-21 09:03:32 --> File loaded: /apps/web-drc/application/views/template_login_lte/default.php
INFO - 2025-05-21 09:03:32 --> Final output sent to browser
DEBUG - 2025-05-21 09:03:32 --> Total execution time: 0.0699
INFO - 2025-05-21 09:03:37 --> Config Class Initialized
INFO - 2025-05-21 09:03:37 --> Hooks Class Initialized
DEBUG - 2025-05-21 09:03:37 --> UTF-8 Support Enabled
INFO - 2025-05-21 09:03:37 --> Utf8 Class Initialized
INFO - 2025-05-21 09:03:37 --> URI Class Initialized
INFO - 2025-05-21 09:03:37 --> Router Class Initialized
INFO - 2025-05-21 09:03:37 --> Output Class Initialized
INFO - 2025-05-21 09:03:37 --> Security Class Initialized
DEBUG - 2025-05-21 09:03:37 --> Global POST, GET and COOKIE data sanitized
INFO - 2025-05-21 09:03:37 --> Input Class Initialized
INFO - 2025-05-21 09:03:37 --> Language Class Initialized
INFO - 2025-05-21 09:03:37 --> Language Class Initialized
INFO - 2025-05-21 09:03:37 --> Config Class Initialized
INFO - 2025-05-21 09:03:37 --> Loader Class Initialized
INFO - 2025-05-21 09:03:37 --> Helper loaded: url_helper
INFO - 2025-05-21 09:03:37 --> Helper loaded: easyui_helper
INFO - 2025-05-21 09:03:37 --> Helper loaded: param_helper
INFO - 2025-05-21 09:03:37 --> Helper loaded: credential_helper
INFO - 2025-05-21 09:03:37 --> Helper loaded: template_helper
INFO - 2025-05-21 09:03:37 --> Helper loaded: rest_helper
INFO - 2025-05-21 09:03:37 --> Database Driver Class Initialized
DEBUG - 2025-05-21 09:03:37 --> Idgenerator class already loaded. Second attempt ignored.
INFO - 2025-05-21 09:03:37 --> Controller Class Initialized
INFO - 2025-05-21 09:03:37 --> Final output sent to browser
DEBUG - 2025-05-21 09:03:37 --> Total execution time: 0.0276
INFO - 2025-05-21 09:03:37 --> Config Class Initialized
INFO - 2025-05-21 09:03:37 --> Hooks Class Initialized
DEBUG - 2025-05-21 09:03:37 --> UTF-8 Support Enabled
INFO - 2025-05-21 09:03:37 --> Utf8 Class Initialized
INFO - 2025-05-21 09:03:37 --> URI Class Initialized
INFO - 2025-05-21 09:03:37 --> Router Class Initialized
INFO - 2025-05-21 09:03:37 --> Output Class Initialized
INFO - 2025-05-21 09:03:37 --> Security Class Initialized
DEBUG - 2025-05-21 09:03:37 --> Global POST, GET and COOKIE data sanitized
INFO - 2025-05-21 09:03:37 --> Input Class Initialized
INFO - 2025-05-21 09:03:37 --> Language Class Initialized
INFO - 2025-05-21 09:03:37 --> Language Class Initialized
INFO - 2025-05-21 09:03:37 --> Config Class Initialized
INFO - 2025-05-21 09:03:37 --> Loader Class Initialized
INFO - 2025-05-21 09:03:37 --> Helper loaded: url_helper
INFO - 2025-05-21 09:03:37 --> Helper loaded: easyui_helper
INFO - 2025-05-21 09:03:37 --> Helper loaded: param_helper
INFO - 2025-05-21 09:03:37 --> Helper loaded: credential_helper
INFO - 2025-05-21 09:03:37 --> Helper loaded: template_helper
INFO - 2025-05-21 09:03:37 --> Helper loaded: rest_helper
INFO - 2025-05-21 09:03:37 --> Database Driver Class Initialized
DEBUG - 2025-05-21 09:03:37 --> Idgenerator class already loaded. Second attempt ignored.
INFO - 2025-05-21 09:03:37 --> Controller Class Initialized
INFO - 2025-05-21 09:03:37 --> Model Class Initialized
DEBUG - 2025-05-21 09:03:37 --> File loaded: /apps/web-drc/application/modules/app_dashboard/models/App_dashboard_model.php
INFO - 2025-05-21 09:03:37 --> Model Class Initialized
DEBUG - 2025-05-21 09:03:37 --> File loaded: /apps/web-drc/application/modules/app_dashboard/views/content.php
DEBUG - 2025-05-21 09:03:37 --> File loaded: /apps/web-drc/application/views/templates/header.php
DEBUG - 2025-05-21 09:03:37 --> File loaded: /apps/web-drc/application/views/templates/toolbar.php
DEBUG - 2025-05-21 09:03:37 --> File loaded: /apps/web-drc/application/views/templates/sidebar.php
DEBUG - 2025-05-21 09:03:37 --> File loaded: /apps/web-drc/application/views/templates/contents.php
DEBUG - 2025-05-21 09:03:37 --> File loaded: /apps/web-drc/application/views/templates/content_footer.php
DEBUG - 2025-05-21 09:03:37 --> File loaded: /apps/web-drc/application/views/templates/footer.php
DEBUG - 2025-05-21 09:03:37 --> File loaded: /apps/web-drc/application/views/templates/default.php
INFO - 2025-05-21 09:03:37 --> Final output sent to browser
DEBUG - 2025-05-21 09:03:37 --> Total execution time: 0.0303
INFO - 2025-05-21 09:03:38 --> Config Class Initialized
INFO - 2025-05-21 09:03:38 --> Hooks Class Initialized
DEBUG - 2025-05-21 09:03:38 --> UTF-8 Support Enabled
INFO - 2025-05-21 09:03:38 --> Utf8 Class Initialized
INFO - 2025-05-21 09:03:38 --> URI Class Initialized
INFO - 2025-05-21 09:03:38 --> Router Class Initialized
INFO - 2025-05-21 09:03:38 --> Output Class Initialized
INFO - 2025-05-21 09:03:38 --> Security Class Initialized
DEBUG - 2025-05-21 09:03:38 --> Global POST, GET and COOKIE data sanitized
INFO - 2025-05-21 09:03:38 --> Input Class Initialized
INFO - 2025-05-21 09:03:38 --> Language Class Initialized
INFO - 2025-05-21 09:03:38 --> Language Class Initialized
INFO - 2025-05-21 09:03:38 --> Config Class Initialized
INFO - 2025-05-21 09:03:38 --> Loader Class Initialized
INFO - 2025-05-21 09:03:38 --> Helper loaded: url_helper
INFO - 2025-05-21 09:03:38 --> Helper loaded: easyui_helper
INFO - 2025-05-21 09:03:38 --> Helper loaded: param_helper
INFO - 2025-05-21 09:03:38 --> Helper loaded: credential_helper
INFO - 2025-05-21 09:03:38 --> Helper loaded: template_helper
INFO - 2025-05-21 09:03:38 --> Helper loaded: rest_helper
INFO - 2025-05-21 09:03:38 --> Database Driver Class Initialized
DEBUG - 2025-05-21 09:03:38 --> Idgenerator class already loaded. Second attempt ignored.
INFO - 2025-05-21 09:03:38 --> Controller Class Initialized
INFO - 2025-05-21 09:03:38 --> Model Class Initialized
DEBUG - 2025-05-21 09:03:38 --> File loaded: /apps/web-drc/application/modules/app_dashboard/models/App_dashboard_model.php
INFO - 2025-05-21 09:03:38 --> Model Class Initialized
INFO - 2025-05-21 09:03:38 --> Final output sent to browser
DEBUG - 2025-05-21 09:03:38 --> Total execution time: 0.0518
INFO - 2025-05-21 09:03:38 --> Config Class Initialized
INFO - 2025-05-21 09:03:38 --> Hooks Class Initialized
DEBUG - 2025-05-21 09:03:38 --> UTF-8 Support Enabled
INFO - 2025-05-21 09:03:38 --> Utf8 Class Initialized
INFO - 2025-05-21 09:03:38 --> URI Class Initialized
INFO - 2025-05-21 09:03:38 --> Router Class Initialized
INFO - 2025-05-21 09:03:38 --> Output Class Initialized
INFO - 2025-05-21 09:03:38 --> Security Class Initialized
DEBUG - 2025-05-21 09:03:38 --> Global POST, GET and COOKIE data sanitized
INFO - 2025-05-21 09:03:38 --> Input Class Initialized
INFO - 2025-05-21 09:03:38 --> Language Class Initialized
INFO - 2025-05-21 09:03:38 --> Language Class Initialized
INFO - 2025-05-21 09:03:38 --> Config Class Initialized
INFO - 2025-05-21 09:03:38 --> Loader Class Initialized
INFO - 2025-05-21 09:03:38 --> Helper loaded: url_helper
INFO - 2025-05-21 09:03:38 --> Helper loaded: easyui_helper
INFO - 2025-05-21 09:03:38 --> Helper loaded: param_helper
INFO - 2025-05-21 09:03:38 --> Helper loaded: credential_helper
INFO - 2025-05-21 09:03:38 --> Helper loaded: template_helper
INFO - 2025-05-21 09:03:38 --> Helper loaded: rest_helper
INFO - 2025-05-21 09:03:38 --> Database Driver Class Initialized
DEBUG - 2025-05-21 09:03:38 --> Idgenerator class already loaded. Second attempt ignored.
INFO - 2025-05-21 09:03:38 --> Controller Class Initialized
INFO - 2025-05-21 09:03:38 --> Model Class Initialized
DEBUG - 2025-05-21 09:03:38 --> File loaded: /apps/web-drc/application/modules/api_v1/models/Api_v1_model.php
INFO - 2025-05-21 09:03:38 --> Model Class Initialized
INFO - 2025-05-21 09:03:38 --> Final output sent to browser
DEBUG - 2025-05-21 09:03:38 --> Total execution time: 0.0137
INFO - 2025-05-21 09:04:20 --> Config Class Initialized
INFO - 2025-05-21 09:04:20 --> Hooks Class Initialized
DEBUG - 2025-05-21 09:04:20 --> UTF-8 Support Enabled
INFO - 2025-05-21 09:04:20 --> Utf8 Class Initialized
INFO - 2025-05-21 09:04:20 --> URI Class Initialized
INFO - 2025-05-21 09:04:20 --> Router Class Initialized
INFO - 2025-05-21 09:04:20 --> Output Class Initialized
INFO - 2025-05-21 09:04:20 --> Security Class Initialized
DEBUG - 2025-05-21 09:04:20 --> Global POST, GET and COOKIE data sanitized
INFO - 2025-05-21 09:04:20 --> Input Class Initialized
INFO - 2025-05-21 09:04:20 --> Language Class Initialized
INFO - 2025-05-21 09:04:20 --> Language Class Initialized
INFO - 2025-05-21 09:04:20 --> Config Class Initialized
INFO - 2025-05-21 09:04:20 --> Loader Class Initialized
INFO - 2025-05-21 09:04:20 --> Helper loaded: url_helper
INFO - 2025-05-21 09:04:20 --> Helper loaded: easyui_helper
INFO - 2025-05-21 09:04:20 --> Helper loaded: param_helper
INFO - 2025-05-21 09:04:20 --> Helper loaded: credential_helper
INFO - 2025-05-21 09:04:20 --> Helper loaded: template_helper
INFO - 2025-05-21 09:04:20 --> Helper loaded: rest_helper
INFO - 2025-05-21 09:04:20 --> Database Driver Class Initialized
DEBUG - 2025-05-21 09:04:20 --> Idgenerator class already loaded. Second attempt ignored.
INFO - 2025-05-21 09:04:20 --> Controller Class Initialized
INFO - 2025-05-21 09:04:20 --> Model Class Initialized
DEBUG - 2025-05-21 09:04:20 --> File loaded: /apps/web-drc/application/modules/app_dashboard/models/App_dashboard_model.php
INFO - 2025-05-21 09:04:20 --> Model Class Initialized
INFO - 2025-05-21 09:04:20 --> Final output sent to browser
DEBUG - 2025-05-21 09:04:20 --> Total execution time: 0.1754
INFO - 2025-05-21 09:14:39 --> Config Class Initialized
INFO - 2025-05-21 09:14:39 --> Hooks Class Initialized
DEBUG - 2025-05-21 09:14:39 --> UTF-8 Support Enabled
INFO - 2025-05-21 09:14:39 --> Utf8 Class Initialized
INFO - 2025-05-21 09:14:39 --> URI Class Initialized
INFO - 2025-05-21 09:14:39 --> Router Class Initialized
INFO - 2025-05-21 09:14:39 --> Output Class Initialized
INFO - 2025-05-21 09:14:39 --> Security Class Initialized
DEBUG - 2025-05-21 09:14:39 --> Global POST, GET and COOKIE data sanitized
INFO - 2025-05-21 09:14:39 --> Input Class Initialized
INFO - 2025-05-21 09:14:39 --> Language Class Initialized
INFO - 2025-05-21 09:14:39 --> Language Class Initialized
INFO - 2025-05-21 09:14:39 --> Config Class Initialized
INFO - 2025-05-21 09:14:39 --> Loader Class Initialized
INFO - 2025-05-21 09:14:39 --> Helper loaded: url_helper
INFO - 2025-05-21 09:14:39 --> Helper loaded: easyui_helper
INFO - 2025-05-21 09:14:39 --> Helper loaded: param_helper
INFO - 2025-05-21 09:14:39 --> Helper loaded: credential_helper
INFO - 2025-05-21 09:14:39 --> Helper loaded: template_helper
INFO - 2025-05-21 09:14:39 --> Helper loaded: rest_helper
INFO - 2025-05-21 09:14:39 --> Database Driver Class Initialized
DEBUG - 2025-05-21 09:14:39 --> Idgenerator class already loaded. Second attempt ignored.
INFO - 2025-05-21 09:14:39 --> Controller Class Initialized
INFO - 2025-05-21 09:14:39 --> Model Class Initialized
DEBUG - 2025-05-21 09:14:39 --> File loaded: /apps/web-drc/application/modules/drc_dashboard/models/Drc_dashboard_model.php
INFO - 2025-05-21 09:14:39 --> Model Class Initialized
DEBUG - 2025-05-21 09:14:39 --> File loaded: /apps/web-drc/application/modules/drc_dashboard/views/form.php
DEBUG - 2025-05-21 09:14:39 --> File loaded: /apps/web-drc/application/views/templates/header.php
DEBUG - 2025-05-21 09:14:39 --> File loaded: /apps/web-drc/application/views/templates/toolbar.php
DEBUG - 2025-05-21 09:14:39 --> File loaded: /apps/web-drc/application/views/templates/sidebar.php
DEBUG - 2025-05-21 09:14:39 --> File loaded: /apps/web-drc/application/views/templates/contents.php
DEBUG - 2025-05-21 09:14:39 --> File loaded: /apps/web-drc/application/views/templates/content_footer.php
DEBUG - 2025-05-21 09:14:39 --> File loaded: /apps/web-drc/application/views/templates/footer.php
DEBUG - 2025-05-21 09:14:39 --> File loaded: /apps/web-drc/application/views/templates/default.php
INFO - 2025-05-21 09:14:39 --> Final output sent to browser
DEBUG - 2025-05-21 09:14:39 --> Total execution time: 0.0355
INFO - 2025-05-21 09:14:52 --> Config Class Initialized
INFO - 2025-05-21 09:14:52 --> Hooks Class Initialized
DEBUG - 2025-05-21 09:14:52 --> UTF-8 Support Enabled
INFO - 2025-05-21 09:14:52 --> Utf8 Class Initialized
INFO - 2025-05-21 09:14:52 --> URI Class Initialized
INFO - 2025-05-21 09:14:52 --> Router Class Initialized
INFO - 2025-05-21 09:14:52 --> Output Class Initialized
INFO - 2025-05-21 09:14:52 --> Security Class Initialized
DEBUG - 2025-05-21 09:14:52 --> Global POST, GET and COOKIE data sanitized
INFO - 2025-05-21 09:14:52 --> Input Class Initialized
INFO - 2025-05-21 09:14:52 --> Language Class Initialized
INFO - 2025-05-21 09:14:52 --> Language Class Initialized
INFO - 2025-05-21 09:14:52 --> Config Class Initialized
INFO - 2025-05-21 09:14:52 --> Loader Class Initialized
INFO - 2025-05-21 09:14:52 --> Helper loaded: url_helper
INFO - 2025-05-21 09:14:52 --> Helper loaded: easyui_helper
INFO - 2025-05-21 09:14:52 --> Helper loaded: param_helper
INFO - 2025-05-21 09:14:52 --> Helper loaded: credential_helper
INFO - 2025-05-21 09:14:52 --> Helper loaded: template_helper
INFO - 2025-05-21 09:14:52 --> Helper loaded: rest_helper
INFO - 2025-05-21 09:14:52 --> Database Driver Class Initialized
DEBUG - 2025-05-21 09:14:52 --> Idgenerator class already loaded. Second attempt ignored.
INFO - 2025-05-21 09:14:52 --> Controller Class Initialized
INFO - 2025-05-21 09:14:52 --> Model Class Initialized
DEBUG - 2025-05-21 09:14:52 --> File loaded: /apps/web-drc/application/modules/drc_dashboard/models/Drc_dashboard_model.php
INFO - 2025-05-21 09:14:52 --> Model Class Initialized
INFO - 2025-05-21 09:14:52 --> Final output sent to browser
DEBUG - 2025-05-21 09:14:52 --> Total execution time: 0.3154
INFO - 2025-05-21 09:14:59 --> Config Class Initialized
INFO - 2025-05-21 09:14:59 --> Hooks Class Initialized
DEBUG - 2025-05-21 09:14:59 --> UTF-8 Support Enabled
INFO - 2025-05-21 09:14:59 --> Utf8 Class Initialized
INFO - 2025-05-21 09:14:59 --> URI Class Initialized
INFO - 2025-05-21 09:14:59 --> Router Class Initialized
INFO - 2025-05-21 09:14:59 --> Output Class Initialized
INFO - 2025-05-21 09:14:59 --> Security Class Initialized
DEBUG - 2025-05-21 09:14:59 --> Global POST, GET and COOKIE data sanitized
INFO - 2025-05-21 09:14:59 --> Input Class Initialized
INFO - 2025-05-21 09:14:59 --> Language Class Initialized
INFO - 2025-05-21 09:14:59 --> Language Class Initialized
INFO - 2025-05-21 09:14:59 --> Config Class Initialized
INFO - 2025-05-21 09:14:59 --> Loader Class Initialized
INFO - 2025-05-21 09:14:59 --> Helper loaded: url_helper
INFO - 2025-05-21 09:14:59 --> Helper loaded: easyui_helper
INFO - 2025-05-21 09:14:59 --> Helper loaded: param_helper
INFO - 2025-05-21 09:14:59 --> Helper loaded: credential_helper
INFO - 2025-05-21 09:14:59 --> Helper loaded: template_helper
INFO - 2025-05-21 09:14:59 --> Helper loaded: rest_helper
INFO - 2025-05-21 09:14:59 --> Database Driver Class Initialized
DEBUG - 2025-05-21 09:14:59 --> Idgenerator class already loaded. Second attempt ignored.
INFO - 2025-05-21 09:14:59 --> Controller Class Initialized
INFO - 2025-05-21 09:14:59 --> Model Class Initialized
DEBUG - 2025-05-21 09:14:59 --> File loaded: /apps/web-drc/application/modules/api_v1/models/Api_v1_model.php
INFO - 2025-05-21 09:14:59 --> Model Class Initialized
INFO - 2025-05-21 09:14:59 --> Final output sent to browser
DEBUG - 2025-05-21 09:14:59 --> Total execution time: 0.0070
INFO - 2025-05-21 09:14:59 --> Config Class Initialized
INFO - 2025-05-21 09:14:59 --> Hooks Class Initialized
DEBUG - 2025-05-21 09:14:59 --> UTF-8 Support Enabled
INFO - 2025-05-21 09:14:59 --> Utf8 Class Initialized
INFO - 2025-05-21 09:14:59 --> URI Class Initialized
INFO - 2025-05-21 09:14:59 --> Router Class Initialized
INFO - 2025-05-21 09:14:59 --> Output Class Initialized
INFO - 2025-05-21 09:14:59 --> Security Class Initialized
DEBUG - 2025-05-21 09:14:59 --> Global POST, GET and COOKIE data sanitized
INFO - 2025-05-21 09:14:59 --> Input Class Initialized
INFO - 2025-05-21 09:14:59 --> Language Class Initialized
INFO - 2025-05-21 09:14:59 --> Language Class Initialized
INFO - 2025-05-21 09:14:59 --> Config Class Initialized
INFO - 2025-05-21 09:14:59 --> Loader Class Initialized
INFO - 2025-05-21 09:14:59 --> Helper loaded: url_helper
INFO - 2025-05-21 09:14:59 --> Helper loaded: easyui_helper
INFO - 2025-05-21 09:14:59 --> Helper loaded: param_helper
INFO - 2025-05-21 09:14:59 --> Helper loaded: credential_helper
INFO - 2025-05-21 09:14:59 --> Helper loaded: template_helper
INFO - 2025-05-21 09:14:59 --> Helper loaded: rest_helper
INFO - 2025-05-21 09:14:59 --> Database Driver Class Initialized
DEBUG - 2025-05-21 09:14:59 --> Idgenerator class already loaded. Second attempt ignored.
INFO - 2025-05-21 09:14:59 --> Controller Class Initialized
INFO - 2025-05-21 09:14:59 --> Model Class Initialized
DEBUG - 2025-05-21 09:14:59 --> File loaded: /apps/web-drc/application/modules/ref_customer_class/models/Customer_class_model.php
INFO - 2025-05-21 09:14:59 --> Model Class Initialized
INFO - 2025-05-21 09:14:59 --> Final output sent to browser
DEBUG - 2025-05-21 09:14:59 --> Total execution time: 0.0154
INFO - 2025-05-21 09:15:05 --> Config Class Initialized
INFO - 2025-05-21 09:15:05 --> Hooks Class Initialized
DEBUG - 2025-05-21 09:15:05 --> UTF-8 Support Enabled
INFO - 2025-05-21 09:15:05 --> Utf8 Class Initialized
INFO - 2025-05-21 09:15:05 --> URI Class Initialized
INFO - 2025-05-21 09:15:05 --> Router Class Initialized
INFO - 2025-05-21 09:15:05 --> Output Class Initialized
INFO - 2025-05-21 09:15:05 --> Security Class Initialized
DEBUG - 2025-05-21 09:15:05 --> Global POST, GET and COOKIE data sanitized
INFO - 2025-05-21 09:15:05 --> Input Class Initialized
INFO - 2025-05-21 09:15:05 --> Language Class Initialized
INFO - 2025-05-21 09:15:05 --> Language Class Initialized
INFO - 2025-05-21 09:15:05 --> Config Class Initialized
INFO - 2025-05-21 09:15:05 --> Loader Class Initialized
INFO - 2025-05-21 09:15:05 --> Helper loaded: url_helper
INFO - 2025-05-21 09:15:05 --> Helper loaded: easyui_helper
INFO - 2025-05-21 09:15:05 --> Helper loaded: param_helper
INFO - 2025-05-21 09:15:05 --> Helper loaded: credential_helper
INFO - 2025-05-21 09:15:05 --> Helper loaded: template_helper
INFO - 2025-05-21 09:15:05 --> Helper loaded: rest_helper
INFO - 2025-05-21 09:15:05 --> Database Driver Class Initialized
DEBUG - 2025-05-21 09:15:05 --> Idgenerator class already loaded. Second attempt ignored.
INFO - 2025-05-21 09:15:05 --> Controller Class Initialized
INFO - 2025-05-21 09:15:05 --> Model Class Initialized
DEBUG - 2025-05-21 09:15:05 --> File loaded: /apps/web-drc/application/modules/drc_dashboard/models/Drc_dashboard_model.php
INFO - 2025-05-21 09:15:05 --> Model Class Initialized
INFO - 2025-05-21 09:15:05 --> Final output sent to browser
DEBUG - 2025-05-21 09:15:05 --> Total execution time: 0.0149
INFO - 2025-05-21 09:15:10 --> Config Class Initialized
INFO - 2025-05-21 09:15:10 --> Hooks Class Initialized
DEBUG - 2025-05-21 09:15:10 --> UTF-8 Support Enabled
INFO - 2025-05-21 09:15:10 --> Utf8 Class Initialized
INFO - 2025-05-21 09:15:10 --> URI Class Initialized
INFO - 2025-05-21 09:15:10 --> Router Class Initialized
INFO - 2025-05-21 09:15:10 --> Output Class Initialized
INFO - 2025-05-21 09:15:10 --> Security Class Initialized
DEBUG - 2025-05-21 09:15:10 --> Global POST, GET and COOKIE data sanitized
INFO - 2025-05-21 09:15:10 --> Input Class Initialized
INFO - 2025-05-21 09:15:10 --> Language Class Initialized
INFO - 2025-05-21 09:15:10 --> Language Class Initialized
INFO - 2025-05-21 09:15:10 --> Config Class Initialized
INFO - 2025-05-21 09:15:10 --> Loader Class Initialized
INFO - 2025-05-21 09:15:10 --> Helper loaded: url_helper
INFO - 2025-05-21 09:15:10 --> Helper loaded: easyui_helper
INFO - 2025-05-21 09:15:10 --> Helper loaded: param_helper
INFO - 2025-05-21 09:15:10 --> Helper loaded: credential_helper
INFO - 2025-05-21 09:15:10 --> Helper loaded: template_helper
INFO - 2025-05-21 09:15:10 --> Helper loaded: rest_helper
INFO - 2025-05-21 09:15:10 --> Database Driver Class Initialized
DEBUG - 2025-05-21 09:15:10 --> Idgenerator class already loaded. Second attempt ignored.
INFO - 2025-05-21 09:15:10 --> Controller Class Initialized
INFO - 2025-05-21 09:15:10 --> Model Class Initialized
DEBUG - 2025-05-21 09:15:10 --> File loaded: /apps/web-drc/application/modules/drc_dashboard/models/Drc_dashboard_model.php
INFO - 2025-05-21 09:15:10 --> Model Class Initialized
INFO - 2025-05-21 09:15:10 --> Final output sent to browser
DEBUG - 2025-05-21 09:15:10 --> Total execution time: 0.0107
INFO - 2025-05-21 09:15:23 --> Config Class Initialized
INFO - 2025-05-21 09:15:23 --> Hooks Class Initialized
DEBUG - 2025-05-21 09:15:23 --> UTF-8 Support Enabled
INFO - 2025-05-21 09:15:23 --> Utf8 Class Initialized
INFO - 2025-05-21 09:15:23 --> URI Class Initialized
INFO - 2025-05-21 09:15:23 --> Router Class Initialized
INFO - 2025-05-21 09:15:23 --> Output Class Initialized
INFO - 2025-05-21 09:15:23 --> Security Class Initialized
DEBUG - 2025-05-21 09:15:23 --> Global POST, GET and COOKIE data sanitized
INFO - 2025-05-21 09:15:23 --> Input Class Initialized
INFO - 2025-05-21 09:15:23 --> Language Class Initialized
INFO - 2025-05-21 09:15:23 --> Language Class Initialized
INFO - 2025-05-21 09:15:23 --> Config Class Initialized
INFO - 2025-05-21 09:15:23 --> Loader Class Initialized
INFO - 2025-05-21 09:15:23 --> Helper loaded: url_helper
INFO - 2025-05-21 09:15:23 --> Helper loaded: easyui_helper
INFO - 2025-05-21 09:15:23 --> Helper loaded: param_helper
INFO - 2025-05-21 09:15:23 --> Helper loaded: credential_helper
INFO - 2025-05-21 09:15:23 --> Helper loaded: template_helper
INFO - 2025-05-21 09:15:23 --> Helper loaded: rest_helper
INFO - 2025-05-21 09:15:23 --> Database Driver Class Initialized
DEBUG - 2025-05-21 09:15:23 --> Idgenerator class already loaded. Second attempt ignored.
INFO - 2025-05-21 09:15:23 --> Controller Class Initialized
INFO - 2025-05-21 09:15:23 --> Model Class Initialized
DEBUG - 2025-05-21 09:15:23 --> File loaded: /apps/web-drc/application/modules/drc_dashboard/models/Drc_dashboard_model.php
INFO - 2025-05-21 09:15:23 --> Model Class Initialized
INFO - 2025-05-21 09:16:09 --> Final output sent to browser
DEBUG - 2025-05-21 09:16:09 --> Total execution time: 46.1029
INFO - 2025-05-21 09:16:09 --> Config Class Initialized
INFO - 2025-05-21 09:16:09 --> Hooks Class Initialized
DEBUG - 2025-05-21 09:16:09 --> UTF-8 Support Enabled
INFO - 2025-05-21 09:16:09 --> Utf8 Class Initialized
INFO - 2025-05-21 09:16:09 --> URI Class Initialized
INFO - 2025-05-21 09:16:09 --> Router Class Initialized
INFO - 2025-05-21 09:16:09 --> Output Class Initialized
INFO - 2025-05-21 09:16:09 --> Security Class Initialized
DEBUG - 2025-05-21 09:16:09 --> Global POST, GET and COOKIE data sanitized
INFO - 2025-05-21 09:16:09 --> Input Class Initialized
INFO - 2025-05-21 09:16:09 --> Language Class Initialized
INFO - 2025-05-21 09:16:09 --> Language Class Initialized
INFO - 2025-05-21 09:16:09 --> Config Class Initialized
INFO - 2025-05-21 09:16:09 --> Loader Class Initialized
INFO - 2025-05-21 09:16:09 --> Helper loaded: url_helper
INFO - 2025-05-21 09:16:09 --> Helper loaded: easyui_helper
INFO - 2025-05-21 09:16:09 --> Helper loaded: param_helper
INFO - 2025-05-21 09:16:09 --> Helper loaded: credential_helper
INFO - 2025-05-21 09:16:09 --> Helper loaded: template_helper
INFO - 2025-05-21 09:16:09 --> Helper loaded: rest_helper
INFO - 2025-05-21 09:16:09 --> Database Driver Class Initialized
DEBUG - 2025-05-21 09:16:09 --> Idgenerator class already loaded. Second attempt ignored.
INFO - 2025-05-21 09:16:09 --> Controller Class Initialized
INFO - 2025-05-21 09:16:09 --> Model Class Initialized
DEBUG - 2025-05-21 09:16:09 --> File loaded: /apps/web-drc/application/modules/app_dashboard/models/App_dashboard_model.php
INFO - 2025-05-21 09:16:09 --> Model Class Initialized
INFO - 2025-05-21 09:16:09 --> Final output sent to browser
DEBUG - 2025-05-21 09:16:09 --> Total execution time: 0.0060
INFO - 2025-05-21 09:16:19 --> Config Class Initialized
INFO - 2025-05-21 09:16:19 --> Hooks Class Initialized
DEBUG - 2025-05-21 09:16:19 --> UTF-8 Support Enabled
INFO - 2025-05-21 09:16:19 --> Utf8 Class Initialized
INFO - 2025-05-21 09:16:19 --> URI Class Initialized
INFO - 2025-05-21 09:16:19 --> Router Class Initialized
INFO - 2025-05-21 09:16:19 --> Output Class Initialized
INFO - 2025-05-21 09:16:19 --> Security Class Initialized
DEBUG - 2025-05-21 09:16:19 --> Global POST, GET and COOKIE data sanitized
INFO - 2025-05-21 09:16:19 --> Input Class Initialized
INFO - 2025-05-21 09:16:19 --> Language Class Initialized
INFO - 2025-05-21 09:16:19 --> Language Class Initialized
INFO - 2025-05-21 09:16:19 --> Config Class Initialized
INFO - 2025-05-21 09:16:19 --> Loader Class Initialized
INFO - 2025-05-21 09:16:19 --> Helper loaded: url_helper
INFO - 2025-05-21 09:16:19 --> Helper loaded: easyui_helper
INFO - 2025-05-21 09:16:19 --> Helper loaded: param_helper
INFO - 2025-05-21 09:16:19 --> Helper loaded: credential_helper
INFO - 2025-05-21 09:16:19 --> Helper loaded: template_helper
INFO - 2025-05-21 09:16:19 --> Helper loaded: rest_helper
INFO - 2025-05-21 09:16:19 --> Database Driver Class Initialized
DEBUG - 2025-05-21 09:16:19 --> Idgenerator class already loaded. Second attempt ignored.
INFO - 2025-05-21 09:16:19 --> Controller Class Initialized
INFO - 2025-05-21 09:16:19 --> Model Class Initialized
DEBUG - 2025-05-21 09:16:19 --> File loaded: /apps/web-drc/application/modules/app_dashboard/models/App_dashboard_model.php
INFO - 2025-05-21 09:16:19 --> Model Class Initialized
INFO - 2025-05-21 09:16:19 --> Final output sent to browser
DEBUG - 2025-05-21 09:16:19 --> Total execution time: 0.0072
INFO - 2025-05-21 09:16:22 --> Config Class Initialized
INFO - 2025-05-21 09:16:22 --> Hooks Class Initialized
DEBUG - 2025-05-21 09:16:22 --> UTF-8 Support Enabled
INFO - 2025-05-21 09:16:22 --> Utf8 Class Initialized
INFO - 2025-05-21 09:16:22 --> URI Class Initialized
INFO - 2025-05-21 09:16:22 --> Router Class Initialized
INFO - 2025-05-21 09:16:22 --> Output Class Initialized
INFO - 2025-05-21 09:16:22 --> Security Class Initialized
DEBUG - 2025-05-21 09:16:22 --> Global POST, GET and COOKIE data sanitized
INFO - 2025-05-21 09:16:22 --> Input Class Initialized
INFO - 2025-05-21 09:16:22 --> Language Class Initialized
INFO - 2025-05-21 09:16:22 --> Language Class Initialized
INFO - 2025-05-21 09:16:22 --> Config Class Initialized
INFO - 2025-05-21 09:16:22 --> Loader Class Initialized
INFO - 2025-05-21 09:16:22 --> Helper loaded: url_helper
INFO - 2025-05-21 09:16:22 --> Helper loaded: easyui_helper
INFO - 2025-05-21 09:16:22 --> Helper loaded: param_helper
INFO - 2025-05-21 09:16:22 --> Helper loaded: credential_helper
INFO - 2025-05-21 09:16:22 --> Helper loaded: template_helper
INFO - 2025-05-21 09:16:22 --> Helper loaded: rest_helper
INFO - 2025-05-21 09:16:22 --> Database Driver Class Initialized
DEBUG - 2025-05-21 09:16:22 --> Idgenerator class already loaded. Second attempt ignored.
INFO - 2025-05-21 09:16:22 --> Controller Class Initialized
INFO - 2025-05-21 09:16:22 --> Model Class Initialized
DEBUG - 2025-05-21 09:16:22 --> File loaded: /apps/web-drc/application/modules/app_dashboard/models/App_dashboard_model.php
INFO - 2025-05-21 09:16:22 --> Model Class Initialized
INFO - 2025-05-21 09:16:22 --> Final output sent to browser
DEBUG - 2025-05-21 09:16:22 --> Total execution time: 0.6508
INFO - 2025-05-21 09:35:19 --> Config Class Initialized
INFO - 2025-05-21 09:35:19 --> Hooks Class Initialized
DEBUG - 2025-05-21 09:35:19 --> UTF-8 Support Enabled
INFO - 2025-05-21 09:35:19 --> Utf8 Class Initialized
INFO - 2025-05-21 09:35:19 --> URI Class Initialized
INFO - 2025-05-21 09:35:19 --> Router Class Initialized
INFO - 2025-05-21 09:35:19 --> Output Class Initialized
INFO - 2025-05-21 09:35:19 --> Security Class Initialized
DEBUG - 2025-05-21 09:35:19 --> Global POST, GET and COOKIE data sanitized
INFO - 2025-05-21 09:35:19 --> Input Class Initialized
INFO - 2025-05-21 09:35:19 --> Language Class Initialized
INFO - 2025-05-21 09:35:19 --> Language Class Initialized
INFO - 2025-05-21 09:35:19 --> Config Class Initialized
INFO - 2025-05-21 09:35:19 --> Loader Class Initialized
INFO - 2025-05-21 09:35:19 --> Helper loaded: url_helper
INFO - 2025-05-21 09:35:19 --> Helper loaded: easyui_helper
INFO - 2025-05-21 09:35:19 --> Helper loaded: param_helper
INFO - 2025-05-21 09:35:19 --> Helper loaded: credential_helper
INFO - 2025-05-21 09:35:19 --> Helper loaded: template_helper
INFO - 2025-05-21 09:35:19 --> Helper loaded: rest_helper
INFO - 2025-05-21 09:35:19 --> Database Driver Class Initialized
DEBUG - 2025-05-21 09:35:19 --> Idgenerator class already loaded. Second attempt ignored.
INFO - 2025-05-21 09:35:19 --> Controller Class Initialized
INFO - 2025-05-21 09:35:19 --> Model Class Initialized
DEBUG - 2025-05-21 09:35:19 --> File loaded: /apps/web-drc/application/modules/ref_request_new_outlet/models/Request_new_outlet_model.php
INFO - 2025-05-21 09:35:19 --> Model Class Initialized
DEBUG - 2025-05-21 09:35:19 --> File loaded: /apps/web-drc/application/modules/ref_request_new_outlet/views/content.php
DEBUG - 2025-05-21 09:35:19 --> File loaded: /apps/web-drc/application/views/templates/header.php
DEBUG - 2025-05-21 09:35:19 --> File loaded: /apps/web-drc/application/views/templates/toolbar.php
DEBUG - 2025-05-21 09:35:19 --> File loaded: /apps/web-drc/application/views/templates/sidebar.php
DEBUG - 2025-05-21 09:35:19 --> File loaded: /apps/web-drc/application/views/templates/contents.php
DEBUG - 2025-05-21 09:35:19 --> File loaded: /apps/web-drc/application/views/templates/content_footer.php
DEBUG - 2025-05-21 09:35:19 --> File loaded: /apps/web-drc/application/views/templates/footer.php
DEBUG - 2025-05-21 09:35:19 --> File loaded: /apps/web-drc/application/views/templates/default.php
INFO - 2025-05-21 09:35:19 --> Final output sent to browser
DEBUG - 2025-05-21 09:35:19 --> Total execution time: 0.0172
INFO - 2025-05-21 09:35:19 --> Config Class Initialized
INFO - 2025-05-21 09:35:19 --> Hooks Class Initialized
DEBUG - 2025-05-21 09:35:19 --> UTF-8 Support Enabled
INFO - 2025-05-21 09:35:19 --> Utf8 Class Initialized
INFO - 2025-05-21 09:35:19 --> URI Class Initialized
INFO - 2025-05-21 09:35:19 --> Router Class Initialized
INFO - 2025-05-21 09:35:19 --> Output Class Initialized
INFO - 2025-05-21 09:35:19 --> Security Class Initialized
DEBUG - 2025-05-21 09:35:19 --> Global POST, GET and COOKIE data sanitized
INFO - 2025-05-21 09:35:19 --> Input Class Initialized
INFO - 2025-05-21 09:35:19 --> Language Class Initialized
INFO - 2025-05-21 09:35:19 --> Language Class Initialized
INFO - 2025-05-21 09:35:19 --> Config Class Initialized
INFO - 2025-05-21 09:35:19 --> Loader Class Initialized
INFO - 2025-05-21 09:35:19 --> Helper loaded: url_helper
INFO - 2025-05-21 09:35:19 --> Helper loaded: easyui_helper
INFO - 2025-05-21 09:35:19 --> Helper loaded: param_helper
INFO - 2025-05-21 09:35:19 --> Helper loaded: credential_helper
INFO - 2025-05-21 09:35:19 --> Helper loaded: template_helper
INFO - 2025-05-21 09:35:19 --> Helper loaded: rest_helper
INFO - 2025-05-21 09:35:19 --> Database Driver Class Initialized
DEBUG - 2025-05-21 09:35:19 --> Idgenerator class already loaded. Second attempt ignored.
INFO - 2025-05-21 09:35:19 --> Controller Class Initialized
INFO - 2025-05-21 09:35:19 --> Model Class Initialized
DEBUG - 2025-05-21 09:35:19 --> File loaded: /apps/web-drc/application/modules/ref_request_new_outlet/models/Request_new_outlet_model.php
INFO - 2025-05-21 09:35:19 --> Model Class Initialized
INFO - 2025-05-21 09:35:20 --> Final output sent to browser
DEBUG - 2025-05-21 09:35:20 --> Total execution time: 0.2886
INFO - 2025-05-21 09:35:22 --> Config Class Initialized
INFO - 2025-05-21 09:35:22 --> Hooks Class Initialized
DEBUG - 2025-05-21 09:35:22 --> UTF-8 Support Enabled
INFO - 2025-05-21 09:35:22 --> Utf8 Class Initialized
INFO - 2025-05-21 09:35:22 --> URI Class Initialized
INFO - 2025-05-21 09:35:22 --> Router Class Initialized
INFO - 2025-05-21 09:35:22 --> Output Class Initialized
INFO - 2025-05-21 09:35:22 --> Security Class Initialized
DEBUG - 2025-05-21 09:35:22 --> Global POST, GET and COOKIE data sanitized
INFO - 2025-05-21 09:35:22 --> Input Class Initialized
INFO - 2025-05-21 09:35:22 --> Language Class Initialized
INFO - 2025-05-21 09:35:22 --> Language Class Initialized
INFO - 2025-05-21 09:35:22 --> Config Class Initialized
INFO - 2025-05-21 09:35:22 --> Loader Class Initialized
INFO - 2025-05-21 09:35:22 --> Helper loaded: url_helper
INFO - 2025-05-21 09:35:22 --> Helper loaded: easyui_helper
INFO - 2025-05-21 09:35:22 --> Helper loaded: param_helper
INFO - 2025-05-21 09:35:22 --> Helper loaded: credential_helper
INFO - 2025-05-21 09:35:22 --> Helper loaded: template_helper
INFO - 2025-05-21 09:35:22 --> Helper loaded: rest_helper
INFO - 2025-05-21 09:35:22 --> Database Driver Class Initialized
DEBUG - 2025-05-21 09:35:22 --> Idgenerator class already loaded. Second attempt ignored.
INFO - 2025-05-21 09:35:22 --> Controller Class Initialized
INFO - 2025-05-21 09:35:22 --> Model Class Initialized
DEBUG - 2025-05-21 09:35:22 --> File loaded: /apps/web-drc/application/modules/ref_request_new_outlet/models/Request_new_outlet_model.php
INFO - 2025-05-21 09:35:22 --> Model Class Initialized
DEBUG - 2025-05-21 09:35:22 --> File loaded: /apps/web-drc/application/modules/ref_request_new_outlet/views/form.php
DEBUG - 2025-05-21 09:35:22 --> File loaded: /apps/web-drc/application/views/templates/header.php
DEBUG - 2025-05-21 09:35:22 --> File loaded: /apps/web-drc/application/views/templates/toolbar.php
DEBUG - 2025-05-21 09:35:22 --> File loaded: /apps/web-drc/application/views/templates/sidebar.php
DEBUG - 2025-05-21 09:35:22 --> File loaded: /apps/web-drc/application/views/templates/contents.php
DEBUG - 2025-05-21 09:35:22 --> File loaded: /apps/web-drc/application/views/templates/content_footer.php
DEBUG - 2025-05-21 09:35:22 --> File loaded: /apps/web-drc/application/views/templates/footer.php
DEBUG - 2025-05-21 09:35:22 --> File loaded: /apps/web-drc/application/views/templates/default.php
INFO - 2025-05-21 09:35:22 --> Final output sent to browser
DEBUG - 2025-05-21 09:35:22 --> Total execution time: 0.0100
INFO - 2025-05-21 09:35:22 --> Config Class Initialized
INFO - 2025-05-21 09:35:22 --> Hooks Class Initialized
DEBUG - 2025-05-21 09:35:22 --> UTF-8 Support Enabled
INFO - 2025-05-21 09:35:22 --> Utf8 Class Initialized
INFO - 2025-05-21 09:35:22 --> URI Class Initialized
INFO - 2025-05-21 09:35:22 --> Router Class Initialized
INFO - 2025-05-21 09:35:22 --> Output Class Initialized
INFO - 2025-05-21 09:35:22 --> Security Class Initialized
DEBUG - 2025-05-21 09:35:22 --> Global POST, GET and COOKIE data sanitized
INFO - 2025-05-21 09:35:22 --> Input Class Initialized
INFO - 2025-05-21 09:35:22 --> Language Class Initialized
INFO - 2025-05-21 09:35:22 --> Language Class Initialized
INFO - 2025-05-21 09:35:22 --> Config Class Initialized
INFO - 2025-05-21 09:35:22 --> Loader Class Initialized
INFO - 2025-05-21 09:35:22 --> Helper loaded: url_helper
INFO - 2025-05-21 09:35:22 --> Helper loaded: easyui_helper
INFO - 2025-05-21 09:35:22 --> Helper loaded: param_helper
INFO - 2025-05-21 09:35:22 --> Helper loaded: credential_helper
INFO - 2025-05-21 09:35:22 --> Helper loaded: template_helper
INFO - 2025-05-21 09:35:22 --> Helper loaded: rest_helper
INFO - 2025-05-21 09:35:22 --> Database Driver Class Initialized
DEBUG - 2025-05-21 09:35:22 --> Idgenerator class already loaded. Second attempt ignored.
INFO - 2025-05-21 09:35:22 --> Controller Class Initialized
INFO - 2025-05-21 09:35:22 --> Model Class Initialized
DEBUG - 2025-05-21 09:35:22 --> File loaded: /apps/web-drc/application/modules/ref_customer_segment/models/Customer_segment_model.php
INFO - 2025-05-21 09:35:22 --> Model Class Initialized
INFO - 2025-05-21 09:35:22 --> Final output sent to browser
DEBUG - 2025-05-21 09:35:22 --> Total execution time: 0.0083
INFO - 2025-05-21 09:35:22 --> Config Class Initialized
INFO - 2025-05-21 09:35:22 --> Hooks Class Initialized
DEBUG - 2025-05-21 09:35:22 --> UTF-8 Support Enabled
INFO - 2025-05-21 09:35:22 --> Utf8 Class Initialized
INFO - 2025-05-21 09:35:22 --> URI Class Initialized
INFO - 2025-05-21 09:35:22 --> Router Class Initialized
INFO - 2025-05-21 09:35:22 --> Output Class Initialized
INFO - 2025-05-21 09:35:22 --> Security Class Initialized
DEBUG - 2025-05-21 09:35:22 --> Global POST, GET and COOKIE data sanitized
INFO - 2025-05-21 09:35:22 --> Input Class Initialized
INFO - 2025-05-21 09:35:22 --> Language Class Initialized
INFO - 2025-05-21 09:35:22 --> Language Class Initialized
INFO - 2025-05-21 09:35:22 --> Config Class Initialized
INFO - 2025-05-21 09:35:22 --> Loader Class Initialized
INFO - 2025-05-21 09:35:22 --> Helper loaded: url_helper
INFO - 2025-05-21 09:35:22 --> Helper loaded: easyui_helper
INFO - 2025-05-21 09:35:22 --> Helper loaded: param_helper
INFO - 2025-05-21 09:35:22 --> Helper loaded: credential_helper
INFO - 2025-05-21 09:35:22 --> Helper loaded: template_helper
INFO - 2025-05-21 09:35:22 --> Helper loaded: rest_helper
INFO - 2025-05-21 09:35:22 --> Database Driver Class Initialized
DEBUG - 2025-05-21 09:35:22 --> Idgenerator class already loaded. Second attempt ignored.
INFO - 2025-05-21 09:35:22 --> Controller Class Initialized
INFO - 2025-05-21 09:35:22 --> Model Class Initialized
DEBUG - 2025-05-21 09:35:22 --> File loaded: /apps/web-drc/application/modules/ref_customer_type/models/Customer_type_model.php
INFO - 2025-05-21 09:35:22 --> Model Class Initialized
INFO - 2025-05-21 09:35:22 --> Final output sent to browser
DEBUG - 2025-05-21 09:35:22 --> Total execution time: 0.0093
INFO - 2025-05-21 09:35:22 --> Config Class Initialized
INFO - 2025-05-21 09:35:22 --> Hooks Class Initialized
DEBUG - 2025-05-21 09:35:22 --> UTF-8 Support Enabled
INFO - 2025-05-21 09:35:22 --> Utf8 Class Initialized
INFO - 2025-05-21 09:35:22 --> URI Class Initialized
INFO - 2025-05-21 09:35:22 --> Router Class Initialized
INFO - 2025-05-21 09:35:22 --> Output Class Initialized
INFO - 2025-05-21 09:35:22 --> Security Class Initialized
DEBUG - 2025-05-21 09:35:22 --> Global POST, GET and COOKIE data sanitized
INFO - 2025-05-21 09:35:22 --> Input Class Initialized
INFO - 2025-05-21 09:35:22 --> Language Class Initialized
INFO - 2025-05-21 09:35:22 --> Language Class Initialized
INFO - 2025-05-21 09:35:22 --> Config Class Initialized
INFO - 2025-05-21 09:35:22 --> Loader Class Initialized
INFO - 2025-05-21 09:35:22 --> Helper loaded: url_helper
INFO - 2025-05-21 09:35:22 --> Helper loaded: easyui_helper
INFO - 2025-05-21 09:35:22 --> Helper loaded: param_helper
INFO - 2025-05-21 09:35:22 --> Helper loaded: credential_helper
INFO - 2025-05-21 09:35:22 --> Helper loaded: template_helper
INFO - 2025-05-21 09:35:22 --> Helper loaded: rest_helper
INFO - 2025-05-21 09:35:22 --> Database Driver Class Initialized
DEBUG - 2025-05-21 09:35:22 --> Idgenerator class already loaded. Second attempt ignored.
INFO - 2025-05-21 09:35:22 --> Controller Class Initialized
INFO - 2025-05-21 09:35:22 --> Model Class Initialized
DEBUG - 2025-05-21 09:35:22 --> File loaded: /apps/web-drc/application/modules/ref_customer_class/models/Customer_class_model.php
INFO - 2025-05-21 09:35:22 --> Model Class Initialized
INFO - 2025-05-21 09:35:22 --> Final output sent to browser
DEBUG - 2025-05-21 09:35:22 --> Total execution time: 0.0037
INFO - 2025-05-21 09:35:22 --> Config Class Initialized
INFO - 2025-05-21 09:35:22 --> Hooks Class Initialized
DEBUG - 2025-05-21 09:35:22 --> UTF-8 Support Enabled
INFO - 2025-05-21 09:35:22 --> Utf8 Class Initialized
INFO - 2025-05-21 09:35:22 --> URI Class Initialized
INFO - 2025-05-21 09:35:22 --> Router Class Initialized
INFO - 2025-05-21 09:35:22 --> Output Class Initialized
INFO - 2025-05-21 09:35:22 --> Security Class Initialized
DEBUG - 2025-05-21 09:35:22 --> Global POST, GET and COOKIE data sanitized
INFO - 2025-05-21 09:35:22 --> Input Class Initialized
INFO - 2025-05-21 09:35:22 --> Language Class Initialized
INFO - 2025-05-21 09:35:22 --> Language Class Initialized
INFO - 2025-05-21 09:35:22 --> Config Class Initialized
INFO - 2025-05-21 09:35:22 --> Loader Class Initialized
INFO - 2025-05-21 09:35:22 --> Helper loaded: url_helper
INFO - 2025-05-21 09:35:22 --> Helper loaded: easyui_helper
INFO - 2025-05-21 09:35:22 --> Helper loaded: param_helper
INFO - 2025-05-21 09:35:22 --> Helper loaded: credential_helper
INFO - 2025-05-21 09:35:22 --> Helper loaded: template_helper
INFO - 2025-05-21 09:35:22 --> Helper loaded: rest_helper
INFO - 2025-05-21 09:35:22 --> Database Driver Class Initialized
DEBUG - 2025-05-21 09:35:22 --> Idgenerator class already loaded. Second attempt ignored.
INFO - 2025-05-21 09:35:22 --> Controller Class Initialized
INFO - 2025-05-21 09:35:22 --> Model Class Initialized
DEBUG - 2025-05-21 09:35:22 --> File loaded: /apps/web-drc/application/modules/api_v1/models/Api_v1_model.php
INFO - 2025-05-21 09:35:22 --> Model Class Initialized
INFO - 2025-05-21 09:35:22 --> Final output sent to browser
DEBUG - 2025-05-21 09:35:22 --> Total execution time: 0.0042
INFO - 2025-05-21 09:35:22 --> Config Class Initialized
INFO - 2025-05-21 09:35:22 --> Hooks Class Initialized
DEBUG - 2025-05-21 09:35:22 --> UTF-8 Support Enabled
INFO - 2025-05-21 09:35:22 --> Utf8 Class Initialized
INFO - 2025-05-21 09:35:22 --> URI Class Initialized
INFO - 2025-05-21 09:35:22 --> Router Class Initialized
INFO - 2025-05-21 09:35:22 --> Output Class Initialized
INFO - 2025-05-21 09:35:22 --> Security Class Initialized
DEBUG - 2025-05-21 09:35:22 --> Global POST, GET and COOKIE data sanitized
INFO - 2025-05-21 09:35:22 --> Input Class Initialized
INFO - 2025-05-21 09:35:22 --> Language Class Initialized
INFO - 2025-05-21 09:35:22 --> Language Class Initialized
INFO - 2025-05-21 09:35:22 --> Config Class Initialized
INFO - 2025-05-21 09:35:22 --> Loader Class Initialized
INFO - 2025-05-21 09:35:22 --> Helper loaded: url_helper
INFO - 2025-05-21 09:35:22 --> Helper loaded: easyui_helper
INFO - 2025-05-21 09:35:22 --> Helper loaded: param_helper
INFO - 2025-05-21 09:35:22 --> Helper loaded: credential_helper
INFO - 2025-05-21 09:35:22 --> Helper loaded: template_helper
INFO - 2025-05-21 09:35:22 --> Helper loaded: rest_helper
INFO - 2025-05-21 09:35:22 --> Database Driver Class Initialized
DEBUG - 2025-05-21 09:35:22 --> Idgenerator class already loaded. Second attempt ignored.
INFO - 2025-05-21 09:35:22 --> Controller Class Initialized
INFO - 2025-05-21 09:35:22 --> Model Class Initialized
DEBUG - 2025-05-21 09:35:22 --> File loaded: /apps/web-drc/application/modules/api_v1/models/Api_v1_model.php
INFO - 2025-05-21 09:35:22 --> Model Class Initialized
INFO - 2025-05-21 09:35:22 --> Final output sent to browser
DEBUG - 2025-05-21 09:35:22 --> Total execution time: 0.0063
INFO - 2025-05-21 09:35:22 --> Config Class Initialized
INFO - 2025-05-21 09:35:22 --> Hooks Class Initialized
DEBUG - 2025-05-21 09:35:22 --> UTF-8 Support Enabled
INFO - 2025-05-21 09:35:22 --> Utf8 Class Initialized
INFO - 2025-05-21 09:35:22 --> URI Class Initialized
INFO - 2025-05-21 09:35:22 --> Router Class Initialized
INFO - 2025-05-21 09:35:22 --> Output Class Initialized
INFO - 2025-05-21 09:35:22 --> Security Class Initialized
DEBUG - 2025-05-21 09:35:22 --> Global POST, GET and COOKIE data sanitized
INFO - 2025-05-21 09:35:22 --> Input Class Initialized
INFO - 2025-05-21 09:35:22 --> Language Class Initialized
INFO - 2025-05-21 09:35:22 --> Language Class Initialized
INFO - 2025-05-21 09:35:22 --> Config Class Initialized
INFO - 2025-05-21 09:35:22 --> Loader Class Initialized
INFO - 2025-05-21 09:35:22 --> Helper loaded: url_helper
INFO - 2025-05-21 09:35:22 --> Helper loaded: easyui_helper
INFO - 2025-05-21 09:35:22 --> Helper loaded: param_helper
INFO - 2025-05-21 09:35:22 --> Helper loaded: credential_helper
INFO - 2025-05-21 09:35:22 --> Helper loaded: template_helper
INFO - 2025-05-21 09:35:22 --> Helper loaded: rest_helper
INFO - 2025-05-21 09:35:22 --> Database Driver Class Initialized
DEBUG - 2025-05-21 09:35:22 --> Idgenerator class already loaded. Second attempt ignored.
INFO - 2025-05-21 09:35:22 --> Controller Class Initialized
INFO - 2025-05-21 09:35:22 --> Model Class Initialized
DEBUG - 2025-05-21 09:35:22 --> File loaded: /apps/web-drc/application/modules/api_v1/models/Api_v1_model.php
INFO - 2025-05-21 09:35:22 --> Model Class Initialized
INFO - 2025-05-21 09:35:22 --> Final output sent to browser
DEBUG - 2025-05-21 09:35:22 --> Total execution time: 0.0084
INFO - 2025-05-21 09:35:22 --> Config Class Initialized
INFO - 2025-05-21 09:35:22 --> Hooks Class Initialized
DEBUG - 2025-05-21 09:35:22 --> UTF-8 Support Enabled
INFO - 2025-05-21 09:35:22 --> Utf8 Class Initialized
INFO - 2025-05-21 09:35:22 --> URI Class Initialized
INFO - 2025-05-21 09:35:22 --> Router Class Initialized
INFO - 2025-05-21 09:35:22 --> Output Class Initialized
INFO - 2025-05-21 09:35:22 --> Security Class Initialized
DEBUG - 2025-05-21 09:35:22 --> Global POST, GET and COOKIE data sanitized
INFO - 2025-05-21 09:35:22 --> Input Class Initialized
INFO - 2025-05-21 09:35:22 --> Language Class Initialized
INFO - 2025-05-21 09:35:22 --> Language Class Initialized
INFO - 2025-05-21 09:35:22 --> Config Class Initialized
INFO - 2025-05-21 09:35:22 --> Loader Class Initialized
INFO - 2025-05-21 09:35:22 --> Helper loaded: url_helper
INFO - 2025-05-21 09:35:22 --> Helper loaded: easyui_helper
INFO - 2025-05-21 09:35:22 --> Helper loaded: param_helper
INFO - 2025-05-21 09:35:22 --> Helper loaded: credential_helper
INFO - 2025-05-21 09:35:22 --> Helper loaded: template_helper
INFO - 2025-05-21 09:35:22 --> Helper loaded: rest_helper
INFO - 2025-05-21 09:35:22 --> Database Driver Class Initialized
DEBUG - 2025-05-21 09:35:22 --> Idgenerator class already loaded. Second attempt ignored.
INFO - 2025-05-21 09:35:22 --> Controller Class Initialized
INFO - 2025-05-21 09:35:22 --> Model Class Initialized
DEBUG - 2025-05-21 09:35:22 --> File loaded: /apps/web-drc/application/modules/api_v1/models/Api_v1_model.php
INFO - 2025-05-21 09:35:22 --> Model Class Initialized
INFO - 2025-05-21 09:35:22 --> Final output sent to browser
DEBUG - 2025-05-21 09:35:22 --> Total execution time: 0.0059
INFO - 2025-05-21 09:35:22 --> Config Class Initialized
INFO - 2025-05-21 09:35:22 --> Hooks Class Initialized
DEBUG - 2025-05-21 09:35:22 --> UTF-8 Support Enabled
INFO - 2025-05-21 09:35:22 --> Utf8 Class Initialized
INFO - 2025-05-21 09:35:22 --> URI Class Initialized
INFO - 2025-05-21 09:35:22 --> Router Class Initialized
INFO - 2025-05-21 09:35:22 --> Output Class Initialized
INFO - 2025-05-21 09:35:22 --> Security Class Initialized
DEBUG - 2025-05-21 09:35:22 --> Global POST, GET and COOKIE data sanitized
INFO - 2025-05-21 09:35:22 --> Input Class Initialized
INFO - 2025-05-21 09:35:22 --> Language Class Initialized
INFO - 2025-05-21 09:35:22 --> Language Class Initialized
INFO - 2025-05-21 09:35:22 --> Config Class Initialized
INFO - 2025-05-21 09:35:22 --> Loader Class Initialized
INFO - 2025-05-21 09:35:22 --> Helper loaded: url_helper
INFO - 2025-05-21 09:35:22 --> Helper loaded: easyui_helper
INFO - 2025-05-21 09:35:22 --> Helper loaded: param_helper
INFO - 2025-05-21 09:35:22 --> Helper loaded: credential_helper
INFO - 2025-05-21 09:35:22 --> Helper loaded: template_helper
INFO - 2025-05-21 09:35:22 --> Helper loaded: rest_helper
INFO - 2025-05-21 09:35:22 --> Database Driver Class Initialized
DEBUG - 2025-05-21 09:35:22 --> Idgenerator class already loaded. Second attempt ignored.
INFO - 2025-05-21 09:35:22 --> Controller Class Initialized
INFO - 2025-05-21 09:35:22 --> Model Class Initialized
DEBUG - 2025-05-21 09:35:22 --> File loaded: /apps/web-drc/application/modules/api_v1/models/Api_v1_model.php
INFO - 2025-05-21 09:35:22 --> Model Class Initialized
INFO - 2025-05-21 09:35:22 --> Final output sent to browser
DEBUG - 2025-05-21 09:35:22 --> Total execution time: 0.0091
INFO - 2025-05-21 09:35:22 --> Config Class Initialized
INFO - 2025-05-21 09:35:22 --> Hooks Class Initialized
DEBUG - 2025-05-21 09:35:22 --> UTF-8 Support Enabled
INFO - 2025-05-21 09:35:22 --> Utf8 Class Initialized
INFO - 2025-05-21 09:35:22 --> URI Class Initialized
INFO - 2025-05-21 09:35:22 --> Router Class Initialized
INFO - 2025-05-21 09:35:22 --> Output Class Initialized
INFO - 2025-05-21 09:35:22 --> Security Class Initialized
DEBUG - 2025-05-21 09:35:22 --> Global POST, GET and COOKIE data sanitized
INFO - 2025-05-21 09:35:22 --> Input Class Initialized
INFO - 2025-05-21 09:35:22 --> Language Class Initialized
INFO - 2025-05-21 09:35:22 --> Language Class Initialized
INFO - 2025-05-21 09:35:22 --> Config Class Initialized
INFO - 2025-05-21 09:35:22 --> Loader Class Initialized
INFO - 2025-05-21 09:35:22 --> Helper loaded: url_helper
INFO - 2025-05-21 09:35:22 --> Helper loaded: easyui_helper
INFO - 2025-05-21 09:35:22 --> Helper loaded: param_helper
INFO - 2025-05-21 09:35:22 --> Helper loaded: credential_helper
INFO - 2025-05-21 09:35:22 --> Helper loaded: template_helper
INFO - 2025-05-21 09:35:22 --> Helper loaded: rest_helper
INFO - 2025-05-21 09:35:22 --> Database Driver Class Initialized
DEBUG - 2025-05-21 09:35:22 --> Idgenerator class already loaded. Second attempt ignored.
INFO - 2025-05-21 09:35:22 --> Controller Class Initialized
INFO - 2025-05-21 09:35:22 --> Model Class Initialized
DEBUG - 2025-05-21 09:35:22 --> File loaded: /apps/web-drc/application/modules/api_v1/models/Api_v1_model.php
INFO - 2025-05-21 09:35:22 --> Model Class Initialized
INFO - 2025-05-21 09:35:22 --> Final output sent to browser
DEBUG - 2025-05-21 09:35:22 --> Total execution time: 0.0043
INFO - 2025-05-21 09:35:23 --> Config Class Initialized
INFO - 2025-05-21 09:35:23 --> Hooks Class Initialized
DEBUG - 2025-05-21 09:35:23 --> UTF-8 Support Enabled
INFO - 2025-05-21 09:35:23 --> Utf8 Class Initialized
INFO - 2025-05-21 09:35:23 --> URI Class Initialized
INFO - 2025-05-21 09:35:23 --> Router Class Initialized
INFO - 2025-05-21 09:35:23 --> Output Class Initialized
INFO - 2025-05-21 09:35:23 --> Security Class Initialized
DEBUG - 2025-05-21 09:35:23 --> Global POST, GET and COOKIE data sanitized
INFO - 2025-05-21 09:35:23 --> Input Class Initialized
INFO - 2025-05-21 09:35:23 --> Language Class Initialized
INFO - 2025-05-21 09:35:23 --> Language Class Initialized
INFO - 2025-05-21 09:35:23 --> Config Class Initialized
INFO - 2025-05-21 09:35:23 --> Loader Class Initialized
INFO - 2025-05-21 09:35:23 --> Helper loaded: url_helper
INFO - 2025-05-21 09:35:23 --> Helper loaded: easyui_helper
INFO - 2025-05-21 09:35:23 --> Helper loaded: param_helper
INFO - 2025-05-21 09:35:23 --> Helper loaded: credential_helper
INFO - 2025-05-21 09:35:23 --> Helper loaded: template_helper
INFO - 2025-05-21 09:35:23 --> Helper loaded: rest_helper
INFO - 2025-05-21 09:35:23 --> Database Driver Class Initialized
DEBUG - 2025-05-21 09:35:23 --> Idgenerator class already loaded. Second attempt ignored.
INFO - 2025-05-21 09:35:23 --> Controller Class Initialized
INFO - 2025-05-21 09:35:23 --> Model Class Initialized
DEBUG - 2025-05-21 09:35:23 --> File loaded: /apps/web-drc/application/modules/api_v1/models/Api_v1_model.php
INFO - 2025-05-21 09:35:23 --> Model Class Initialized
INFO - 2025-05-21 09:35:23 --> Final output sent to browser
DEBUG - 2025-05-21 09:35:23 --> Total execution time: 0.0073
INFO - 2025-05-21 09:35:23 --> Config Class Initialized
INFO - 2025-05-21 09:35:23 --> Hooks Class Initialized
DEBUG - 2025-05-21 09:35:23 --> UTF-8 Support Enabled
INFO - 2025-05-21 09:35:23 --> Utf8 Class Initialized
INFO - 2025-05-21 09:35:23 --> URI Class Initialized
INFO - 2025-05-21 09:35:23 --> Router Class Initialized
INFO - 2025-05-21 09:35:23 --> Output Class Initialized
INFO - 2025-05-21 09:35:23 --> Security Class Initialized
DEBUG - 2025-05-21 09:35:23 --> Global POST, GET and COOKIE data sanitized
INFO - 2025-05-21 09:35:23 --> Input Class Initialized
INFO - 2025-05-21 09:35:23 --> Language Class Initialized
INFO - 2025-05-21 09:35:23 --> Language Class Initialized
INFO - 2025-05-21 09:35:23 --> Config Class Initialized
INFO - 2025-05-21 09:35:23 --> Loader Class Initialized
INFO - 2025-05-21 09:35:23 --> Helper loaded: url_helper
INFO - 2025-05-21 09:35:23 --> Helper loaded: easyui_helper
INFO - 2025-05-21 09:35:23 --> Helper loaded: param_helper
INFO - 2025-05-21 09:35:23 --> Helper loaded: credential_helper
INFO - 2025-05-21 09:35:23 --> Helper loaded: template_helper
INFO - 2025-05-21 09:35:23 --> Helper loaded: rest_helper
INFO - 2025-05-21 09:35:23 --> Database Driver Class Initialized
DEBUG - 2025-05-21 09:35:23 --> Idgenerator class already loaded. Second attempt ignored.
INFO - 2025-05-21 09:35:23 --> Controller Class Initialized
INFO - 2025-05-21 09:35:23 --> Model Class Initialized
DEBUG - 2025-05-21 09:35:23 --> File loaded: /apps/web-drc/application/modules/api_v1/models/Api_v1_model.php
INFO - 2025-05-21 09:35:23 --> Model Class Initialized
INFO - 2025-05-21 09:35:23 --> Final output sent to browser
DEBUG - 2025-05-21 09:35:23 --> Total execution time: 0.0103
INFO - 2025-05-21 09:35:23 --> Config Class Initialized
INFO - 2025-05-21 09:35:23 --> Hooks Class Initialized
DEBUG - 2025-05-21 09:35:23 --> UTF-8 Support Enabled
INFO - 2025-05-21 09:35:23 --> Utf8 Class Initialized
INFO - 2025-05-21 09:35:23 --> URI Class Initialized
INFO - 2025-05-21 09:35:23 --> Router Class Initialized
INFO - 2025-05-21 09:35:23 --> Output Class Initialized
INFO - 2025-05-21 09:35:23 --> Security Class Initialized
DEBUG - 2025-05-21 09:35:23 --> Global POST, GET and COOKIE data sanitized
INFO - 2025-05-21 09:35:23 --> Input Class Initialized
INFO - 2025-05-21 09:35:23 --> Language Class Initialized
INFO - 2025-05-21 09:35:23 --> Language Class Initialized
INFO - 2025-05-21 09:35:23 --> Config Class Initialized
INFO - 2025-05-21 09:35:23 --> Loader Class Initialized
INFO - 2025-05-21 09:35:23 --> Helper loaded: url_helper
INFO - 2025-05-21 09:35:23 --> Helper loaded: easyui_helper
INFO - 2025-05-21 09:35:23 --> Helper loaded: param_helper
INFO - 2025-05-21 09:35:23 --> Helper loaded: credential_helper
INFO - 2025-05-21 09:35:23 --> Helper loaded: template_helper
INFO - 2025-05-21 09:35:23 --> Helper loaded: rest_helper
INFO - 2025-05-21 09:35:23 --> Database Driver Class Initialized
DEBUG - 2025-05-21 09:35:23 --> Idgenerator class already loaded. Second attempt ignored.
INFO - 2025-05-21 09:35:23 --> Controller Class Initialized
INFO - 2025-05-21 09:35:23 --> Model Class Initialized
DEBUG - 2025-05-21 09:35:23 --> File loaded: /apps/web-drc/application/modules/api_v1/models/Api_v1_model.php
INFO - 2025-05-21 09:35:23 --> Model Class Initialized
INFO - 2025-05-21 09:35:23 --> Final output sent to browser
DEBUG - 2025-05-21 09:35:23 --> Total execution time: 0.0069
INFO - 2025-05-21 09:35:23 --> Config Class Initialized
INFO - 2025-05-21 09:35:23 --> Hooks Class Initialized
DEBUG - 2025-05-21 09:35:23 --> UTF-8 Support Enabled
INFO - 2025-05-21 09:35:23 --> Utf8 Class Initialized
INFO - 2025-05-21 09:35:23 --> URI Class Initialized
INFO - 2025-05-21 09:35:23 --> Router Class Initialized
INFO - 2025-05-21 09:35:23 --> Output Class Initialized
INFO - 2025-05-21 09:35:23 --> Security Class Initialized
DEBUG - 2025-05-21 09:35:23 --> Global POST, GET and COOKIE data sanitized
INFO - 2025-05-21 09:35:23 --> Input Class Initialized
INFO - 2025-05-21 09:35:23 --> Language Class Initialized
INFO - 2025-05-21 09:35:23 --> Language Class Initialized
INFO - 2025-05-21 09:35:23 --> Config Class Initialized
INFO - 2025-05-21 09:35:23 --> Loader Class Initialized
INFO - 2025-05-21 09:35:23 --> Helper loaded: url_helper
INFO - 2025-05-21 09:35:23 --> Helper loaded: easyui_helper
INFO - 2025-05-21 09:35:23 --> Helper loaded: param_helper
INFO - 2025-05-21 09:35:23 --> Helper loaded: credential_helper
INFO - 2025-05-21 09:35:23 --> Helper loaded: template_helper
INFO - 2025-05-21 09:35:23 --> Helper loaded: rest_helper
INFO - 2025-05-21 09:35:23 --> Database Driver Class Initialized
DEBUG - 2025-05-21 09:35:23 --> Idgenerator class already loaded. Second attempt ignored.
INFO - 2025-05-21 09:35:23 --> Controller Class Initialized
INFO - 2025-05-21 09:35:23 --> Model Class Initialized
DEBUG - 2025-05-21 09:35:23 --> File loaded: /apps/web-drc/application/modules/api_v1/models/Api_v1_model.php
INFO - 2025-05-21 09:35:23 --> Model Class Initialized
INFO - 2025-05-21 09:35:23 --> Final output sent to browser
DEBUG - 2025-05-21 09:35:23 --> Total execution time: 0.0051
INFO - 2025-05-21 09:35:23 --> Config Class Initialized
INFO - 2025-05-21 09:35:23 --> Hooks Class Initialized
DEBUG - 2025-05-21 09:35:23 --> UTF-8 Support Enabled
INFO - 2025-05-21 09:35:23 --> Utf8 Class Initialized
INFO - 2025-05-21 09:35:23 --> URI Class Initialized
INFO - 2025-05-21 09:35:23 --> Router Class Initialized
INFO - 2025-05-21 09:35:23 --> Output Class Initialized
INFO - 2025-05-21 09:35:23 --> Security Class Initialized
DEBUG - 2025-05-21 09:35:23 --> Global POST, GET and COOKIE data sanitized
INFO - 2025-05-21 09:35:23 --> Input Class Initialized
INFO - 2025-05-21 09:35:23 --> Language Class Initialized
INFO - 2025-05-21 09:35:23 --> Language Class Initialized
INFO - 2025-05-21 09:35:23 --> Config Class Initialized
INFO - 2025-05-21 09:35:23 --> Loader Class Initialized
INFO - 2025-05-21 09:35:23 --> Helper loaded: url_helper
INFO - 2025-05-21 09:35:23 --> Helper loaded: easyui_helper
INFO - 2025-05-21 09:35:23 --> Helper loaded: param_helper
INFO - 2025-05-21 09:35:23 --> Helper loaded: credential_helper
INFO - 2025-05-21 09:35:23 --> Helper loaded: template_helper
INFO - 2025-05-21 09:35:23 --> Helper loaded: rest_helper
INFO - 2025-05-21 09:35:23 --> Database Driver Class Initialized
DEBUG - 2025-05-21 09:35:23 --> Idgenerator class already loaded. Second attempt ignored.
INFO - 2025-05-21 09:35:23 --> Controller Class Initialized
INFO - 2025-05-21 09:35:23 --> Model Class Initialized
DEBUG - 2025-05-21 09:35:23 --> File loaded: /apps/web-drc/application/modules/api_v1/models/Api_v1_model.php
INFO - 2025-05-21 09:35:23 --> Model Class Initialized
INFO - 2025-05-21 09:35:23 --> Final output sent to browser
DEBUG - 2025-05-21 09:35:23 --> Total execution time: 0.0082
INFO - 2025-05-21 09:35:23 --> Config Class Initialized
INFO - 2025-05-21 09:35:23 --> Hooks Class Initialized
DEBUG - 2025-05-21 09:35:23 --> UTF-8 Support Enabled
INFO - 2025-05-21 09:35:23 --> Utf8 Class Initialized
INFO - 2025-05-21 09:35:23 --> URI Class Initialized
INFO - 2025-05-21 09:35:23 --> Router Class Initialized
INFO - 2025-05-21 09:35:23 --> Output Class Initialized
INFO - 2025-05-21 09:35:23 --> Security Class Initialized
DEBUG - 2025-05-21 09:35:23 --> Global POST, GET and COOKIE data sanitized
INFO - 2025-05-21 09:35:23 --> Input Class Initialized
INFO - 2025-05-21 09:35:23 --> Language Class Initialized
INFO - 2025-05-21 09:35:23 --> Language Class Initialized
INFO - 2025-05-21 09:35:23 --> Config Class Initialized
INFO - 2025-05-21 09:35:23 --> Loader Class Initialized
INFO - 2025-05-21 09:35:23 --> Helper loaded: url_helper
INFO - 2025-05-21 09:35:23 --> Helper loaded: easyui_helper
INFO - 2025-05-21 09:35:23 --> Helper loaded: param_helper
INFO - 2025-05-21 09:35:23 --> Helper loaded: credential_helper
INFO - 2025-05-21 09:35:23 --> Helper loaded: template_helper
INFO - 2025-05-21 09:35:23 --> Helper loaded: rest_helper
INFO - 2025-05-21 09:35:23 --> Database Driver Class Initialized
DEBUG - 2025-05-21 09:35:23 --> Idgenerator class already loaded. Second attempt ignored.
INFO - 2025-05-21 09:35:23 --> Controller Class Initialized
INFO - 2025-05-21 09:35:23 --> Model Class Initialized
DEBUG - 2025-05-21 09:35:23 --> File loaded: /apps/web-drc/application/modules/api_v1/models/Api_v1_model.php
INFO - 2025-05-21 09:35:23 --> Model Class Initialized
INFO - 2025-05-21 09:35:23 --> Final output sent to browser
DEBUG - 2025-05-21 09:35:23 --> Total execution time: 0.0053
INFO - 2025-05-21 09:35:23 --> Config Class Initialized
INFO - 2025-05-21 09:35:23 --> Hooks Class Initialized
DEBUG - 2025-05-21 09:35:23 --> UTF-8 Support Enabled
INFO - 2025-05-21 09:35:23 --> Utf8 Class Initialized
INFO - 2025-05-21 09:35:23 --> URI Class Initialized
INFO - 2025-05-21 09:35:23 --> Router Class Initialized
INFO - 2025-05-21 09:35:23 --> Output Class Initialized
INFO - 2025-05-21 09:35:23 --> Security Class Initialized
DEBUG - 2025-05-21 09:35:23 --> Global POST, GET and COOKIE data sanitized
INFO - 2025-05-21 09:35:23 --> Input Class Initialized
INFO - 2025-05-21 09:35:23 --> Language Class Initialized
INFO - 2025-05-21 09:35:23 --> Language Class Initialized
INFO - 2025-05-21 09:35:23 --> Config Class Initialized
INFO - 2025-05-21 09:35:23 --> Loader Class Initialized
INFO - 2025-05-21 09:35:23 --> Helper loaded: url_helper
INFO - 2025-05-21 09:35:23 --> Helper loaded: easyui_helper
INFO - 2025-05-21 09:35:23 --> Helper loaded: param_helper
INFO - 2025-05-21 09:35:23 --> Helper loaded: credential_helper
INFO - 2025-05-21 09:35:23 --> Helper loaded: template_helper
INFO - 2025-05-21 09:35:23 --> Helper loaded: rest_helper
INFO - 2025-05-21 09:35:23 --> Database Driver Class Initialized
DEBUG - 2025-05-21 09:35:23 --> Idgenerator class already loaded. Second attempt ignored.
INFO - 2025-05-21 09:35:23 --> Controller Class Initialized
INFO - 2025-05-21 09:35:23 --> Model Class Initialized
DEBUG - 2025-05-21 09:35:23 --> File loaded: /apps/web-drc/application/modules/api_v1/models/Api_v1_model.php
INFO - 2025-05-21 09:35:23 --> Model Class Initialized
INFO - 2025-05-21 09:35:23 --> Final output sent to browser
DEBUG - 2025-05-21 09:35:23 --> Total execution time: 0.0078
INFO - 2025-05-21 09:35:32 --> Config Class Initialized
INFO - 2025-05-21 09:35:32 --> Hooks Class Initialized
DEBUG - 2025-05-21 09:35:32 --> UTF-8 Support Enabled
INFO - 2025-05-21 09:35:32 --> Utf8 Class Initialized
INFO - 2025-05-21 09:35:32 --> URI Class Initialized
INFO - 2025-05-21 09:35:32 --> Router Class Initialized
INFO - 2025-05-21 09:35:32 --> Output Class Initialized
INFO - 2025-05-21 09:35:32 --> Security Class Initialized
DEBUG - 2025-05-21 09:35:32 --> Global POST, GET and COOKIE data sanitized
INFO - 2025-05-21 09:35:32 --> Input Class Initialized
INFO - 2025-05-21 09:35:32 --> Language Class Initialized
INFO - 2025-05-21 09:35:32 --> Language Class Initialized
INFO - 2025-05-21 09:35:32 --> Config Class Initialized
INFO - 2025-05-21 09:35:32 --> Loader Class Initialized
INFO - 2025-05-21 09:35:32 --> Helper loaded: url_helper
INFO - 2025-05-21 09:35:32 --> Helper loaded: easyui_helper
INFO - 2025-05-21 09:35:32 --> Helper loaded: param_helper
INFO - 2025-05-21 09:35:32 --> Helper loaded: credential_helper
INFO - 2025-05-21 09:35:32 --> Helper loaded: template_helper
INFO - 2025-05-21 09:35:32 --> Helper loaded: rest_helper
INFO - 2025-05-21 09:35:32 --> Database Driver Class Initialized
DEBUG - 2025-05-21 09:35:32 --> Idgenerator class already loaded. Second attempt ignored.
INFO - 2025-05-21 09:35:32 --> Controller Class Initialized
INFO - 2025-05-21 09:35:32 --> Model Class Initialized
DEBUG - 2025-05-21 09:35:32 --> File loaded: /apps/web-drc/application/modules/ref_request_new_outlet/models/Request_new_outlet_model.php
INFO - 2025-05-21 09:35:32 --> Model Class Initialized
DEBUG - 2025-05-21 09:35:32 --> File loaded: /apps/web-drc/application/modules/ref_request_new_outlet/views/content.php
DEBUG - 2025-05-21 09:35:32 --> File loaded: /apps/web-drc/application/views/templates/header.php
DEBUG - 2025-05-21 09:35:32 --> File loaded: /apps/web-drc/application/views/templates/toolbar.php
DEBUG - 2025-05-21 09:35:32 --> File loaded: /apps/web-drc/application/views/templates/sidebar.php
DEBUG - 2025-05-21 09:35:32 --> File loaded: /apps/web-drc/application/views/templates/contents.php
DEBUG - 2025-05-21 09:35:32 --> File loaded: /apps/web-drc/application/views/templates/content_footer.php
DEBUG - 2025-05-21 09:35:32 --> File loaded: /apps/web-drc/application/views/templates/footer.php
DEBUG - 2025-05-21 09:35:32 --> File loaded: /apps/web-drc/application/views/templates/default.php
INFO - 2025-05-21 09:35:32 --> Final output sent to browser
DEBUG - 2025-05-21 09:35:32 --> Total execution time: 0.0103
INFO - 2025-05-21 09:35:33 --> Config Class Initialized
INFO - 2025-05-21 09:35:33 --> Hooks Class Initialized
DEBUG - 2025-05-21 09:35:33 --> UTF-8 Support Enabled
INFO - 2025-05-21 09:35:33 --> Utf8 Class Initialized
INFO - 2025-05-21 09:35:33 --> URI Class Initialized
INFO - 2025-05-21 09:35:33 --> Router Class Initialized
INFO - 2025-05-21 09:35:33 --> Output Class Initialized
INFO - 2025-05-21 09:35:33 --> Security Class Initialized
DEBUG - 2025-05-21 09:35:33 --> Global POST, GET and COOKIE data sanitized
INFO - 2025-05-21 09:35:33 --> Input Class Initialized
INFO - 2025-05-21 09:35:33 --> Language Class Initialized
INFO - 2025-05-21 09:35:33 --> Language Class Initialized
INFO - 2025-05-21 09:35:33 --> Config Class Initialized
INFO - 2025-05-21 09:35:33 --> Loader Class Initialized
INFO - 2025-05-21 09:35:33 --> Helper loaded: url_helper
INFO - 2025-05-21 09:35:33 --> Helper loaded: easyui_helper
INFO - 2025-05-21 09:35:33 --> Helper loaded: param_helper
INFO - 2025-05-21 09:35:33 --> Helper loaded: credential_helper
INFO - 2025-05-21 09:35:33 --> Helper loaded: template_helper
INFO - 2025-05-21 09:35:33 --> Helper loaded: rest_helper
INFO - 2025-05-21 09:35:33 --> Database Driver Class Initialized
DEBUG - 2025-05-21 09:35:33 --> Idgenerator class already loaded. Second attempt ignored.
INFO - 2025-05-21 09:35:33 --> Controller Class Initialized
INFO - 2025-05-21 09:35:33 --> Model Class Initialized
DEBUG - 2025-05-21 09:35:33 --> File loaded: /apps/web-drc/application/modules/ref_request_new_outlet/models/Request_new_outlet_model.php
INFO - 2025-05-21 09:35:33 --> Model Class Initialized
INFO - 2025-05-21 09:35:33 --> Final output sent to browser
DEBUG - 2025-05-21 09:35:33 --> Total execution time: 0.2906
