INFO - 2025-06-20 02:40:05 --> Config Class Initialized
INFO - 2025-06-20 02:40:05 --> Hooks Class Initialized
DEBUG - 2025-06-20 02:40:05 --> UTF-8 Support Enabled
INFO - 2025-06-20 02:40:05 --> Utf8 Class Initialized
INFO - 2025-06-20 02:40:05 --> URI Class Initialized
DEBUG - 2025-06-20 02:40:05 --> No URI present. Default controller set.
INFO - 2025-06-20 02:40:05 --> Router Class Initialized
INFO - 2025-06-20 02:40:05 --> Output Class Initialized
INFO - 2025-06-20 02:40:05 --> Security Class Initialized
DEBUG - 2025-06-20 02:40:05 --> Global POST, GET and COOKIE data sanitized
INFO - 2025-06-20 02:40:05 --> Input Class Initialized
INFO - 2025-06-20 02:40:05 --> Language Class Initialized
INFO - 2025-06-20 02:40:05 --> Language Class Initialized
INFO - 2025-06-20 02:40:05 --> Config Class Initialized
INFO - 2025-06-20 02:40:05 --> Loader Class Initialized
INFO - 2025-06-20 02:40:05 --> Helper loaded: url_helper
INFO - 2025-06-20 02:40:05 --> Helper loaded: easyui_helper
INFO - 2025-06-20 02:40:05 --> Helper loaded: param_helper
INFO - 2025-06-20 02:40:05 --> Helper loaded: credential_helper
INFO - 2025-06-20 02:40:05 --> Helper loaded: template_helper
INFO - 2025-06-20 02:40:05 --> Helper loaded: rest_helper
INFO - 2025-06-20 02:40:05 --> Database Driver Class Initialized
DEBUG - 2025-06-20 02:40:05 --> Idgenerator class already loaded. Second attempt ignored.
INFO - 2025-06-20 02:40:05 --> Controller Class Initialized
DEBUG - 2025-06-20 02:40:05 --> File loaded: /apps/par-web/application/modules/app_auth/views/login_lte_template.php
DEBUG - 2025-06-20 02:40:05 --> File loaded: /apps/par-web/application/views/template_login_lte/header.php
DEBUG - 2025-06-20 02:40:05 --> File loaded: /apps/par-web/application/views/template_login_lte/contents.php
DEBUG - 2025-06-20 02:40:05 --> File loaded: /apps/par-web/application/views/template_login_lte/default.php
INFO - 2025-06-20 02:40:05 --> Final output sent to browser
DEBUG - 2025-06-20 02:40:05 --> Total execution time: 0.1294
INFO - 2025-06-20 02:40:10 --> Config Class Initialized
INFO - 2025-06-20 02:40:10 --> Hooks Class Initialized
DEBUG - 2025-06-20 02:40:10 --> UTF-8 Support Enabled
INFO - 2025-06-20 02:40:10 --> Utf8 Class Initialized
INFO - 2025-06-20 02:40:10 --> URI Class Initialized
INFO - 2025-06-20 02:40:10 --> Router Class Initialized
INFO - 2025-06-20 02:40:10 --> Output Class Initialized
INFO - 2025-06-20 02:40:10 --> Security Class Initialized
DEBUG - 2025-06-20 02:40:10 --> Global POST, GET and COOKIE data sanitized
INFO - 2025-06-20 02:40:10 --> Input Class Initialized
INFO - 2025-06-20 02:40:10 --> Language Class Initialized
ERROR - 2025-06-20 02:40:10 --> 404 Page Not Found: /index
