INFO - 2024-12-22 03:14:08 --> Config Class Initialized
INFO - 2024-12-22 03:14:08 --> Hooks Class Initialized
DEBUG - 2024-12-22 03:14:08 --> UTF-8 Support Enabled
INFO - 2024-12-22 03:14:08 --> Utf8 Class Initialized
INFO - 2024-12-22 03:14:08 --> URI Class Initialized
DEBUG - 2024-12-22 03:14:08 --> No URI present. Default controller set.
INFO - 2024-12-22 03:14:08 --> Router Class Initialized
INFO - 2024-12-22 03:14:08 --> Output Class Initialized
INFO - 2024-12-22 03:14:08 --> Security Class Initialized
DEBUG - 2024-12-22 03:14:08 --> Global POST, GET and COOKIE data sanitized
INFO - 2024-12-22 03:14:08 --> Input Class Initialized
INFO - 2024-12-22 03:14:08 --> Language Class Initialized
INFO - 2024-12-22 03:14:08 --> Language Class Initialized
INFO - 2024-12-22 03:14:08 --> Config Class Initialized
INFO - 2024-12-22 03:14:08 --> Loader Class Initialized
INFO - 2024-12-22 03:14:08 --> Helper loaded: url_helper
INFO - 2024-12-22 03:14:08 --> Helper loaded: easyui_helper
INFO - 2024-12-22 03:14:08 --> Helper loaded: param_helper
INFO - 2024-12-22 03:14:08 --> Helper loaded: credential_helper
INFO - 2024-12-22 03:14:08 --> Helper loaded: template_helper
INFO - 2024-12-22 03:14:08 --> Helper loaded: rest_helper
INFO - 2024-12-22 03:14:08 --> Database Driver Class Initialized
DEBUG - 2024-12-22 03:14:08 --> Idgenerator class already loaded. Second attempt ignored.
INFO - 2024-12-22 03:14:08 --> Controller Class Initialized
DEBUG - 2024-12-22 03:14:08 --> File loaded: /apps/web-drc/application/modules/app_auth/views/login_lte_template.php
DEBUG - 2024-12-22 03:14:08 --> File loaded: /apps/web-drc/application/views/template_login_lte/header.php
DEBUG - 2024-12-22 03:14:08 --> File loaded: /apps/web-drc/application/views/template_login_lte/contents.php
DEBUG - 2024-12-22 03:14:08 --> File loaded: /apps/web-drc/application/views/template_login_lte/default.php
INFO - 2024-12-22 03:14:08 --> Final output sent to browser
DEBUG - 2024-12-22 03:14:08 --> Total execution time: 0.0615
INFO - 2024-12-22 03:14:17 --> Config Class Initialized
INFO - 2024-12-22 03:14:17 --> Hooks Class Initialized
DEBUG - 2024-12-22 03:14:17 --> UTF-8 Support Enabled
INFO - 2024-12-22 03:14:17 --> Utf8 Class Initialized
INFO - 2024-12-22 03:14:17 --> URI Class Initialized
INFO - 2024-12-22 03:14:17 --> Router Class Initialized
INFO - 2024-12-22 03:14:17 --> Output Class Initialized
INFO - 2024-12-22 03:14:17 --> Security Class Initialized
DEBUG - 2024-12-22 03:14:17 --> Global POST, GET and COOKIE data sanitized
INFO - 2024-12-22 03:14:17 --> Input Class Initialized
INFO - 2024-12-22 03:14:17 --> Language Class Initialized
ERROR - 2024-12-22 03:14:17 --> 404 Page Not Found: /index
